cargo : warning: `-C inline-threshold`: this option is deprecated and does nothing (consider using 
`-Cllvm-args=--inline-threshold=...`)
At line:1 char:1
+ cargo test --workspace --no-fail-fast 2>&1 | Out-File -FilePath test_ ...
+ ~~~~~~~~~~~~~~~~~~~~~~~~~~~~~~~~~~~~~~~~~~
    + CategoryInfo          : NotSpecified: (warning: `-C in...threshold=...`):String) [], RemoteException
    + FullyQualifiedErrorId : NativeCommandError
 

warning: `fem-io-hdf5-parallel` (lib) generated 1 warning
warning: `fem-io-hdf5-parallel` (lib test) generated 1 warning (1 duplicate)
   Compiling pyo3-build-config v0.23.5
warning: `fem-core` (lib) generated 1 warning (1 duplicate)
warning: `fem-core` (lib test) generated 1 warning (1 duplicate)
warning: unused variable: `dpn`
   --> crates\element\src\quadrature.rs:198:13
    |
198 |         let dpn = if (1.0 - x * x).abs() < 1e-30 {
    |             ^^^ help: if this is intentional, prefix it with an underscore: `_dpn`
    |
    = note: `#[warn(unused_variables)]` (part of `#[warn(unused)]`) on by default

warning: unused variable: `g_j1`
   --> crates\linalg\src\complex_csr.rs:493:17
    |
493 |             let g_j1 = g_j_norm * (s_r * s_r + s_i * s_i).sqrt();
    |                 ^^^^ help: if this is intentional, prefix it with an underscore: `_g_j1`
    |
    = note: `#[warn(unused_variables)]` (part of `#[warn(unused)]`) on by default

warning: `fem-element` (lib) generated 2 warnings (1 duplicate) (run `cargo fix --lib -p fem-element` to apply 1 
suggestion)
warning: `fem-linalg` (lib) generated 2 warnings (1 duplicate) (run `cargo fix --lib -p fem-linalg` to apply 1 
suggestion)
warning: `fem-element` (lib test) generated 2 warnings (2 duplicates)
warning: `fem-linalg` (lib test) generated 2 warnings (2 duplicates)
warning: unused import: `ElemType`
   --> crates\mesh\src\curved.rs:300:56
    |
300 |         use fem_element::lagrange::factory::{ref_elem, ElemType};
    |                                                        ^^^^^^^^
    |
    = note: `#[warn(unused_imports)]` (part of `#[warn(unused)]`) on by default

warning: unused import: `ElemType`
   --> crates\mesh\src\curved.rs:354:56
    |
354 |         use fem_element::lagrange::factory::{ref_elem, ElemType};
    |                                                        ^^^^^^^^

warning: unused import: `ElemType`
   --> crates\mesh\src\curved.rs:362:56
    |
362 |         use fem_element::lagrange::factory::{ref_elem, ElemType};
    |                                                        ^^^^^^^^

warning: unused import: `std::collections::HashSet`
  --> crates\mesh\src\tmop.rs:23:5
   |
23 | use std::collections::HashSet;
   |     ^^^^^^^^^^^^^^^^^^^^^^^^^

warning: unused imports: `Matrix3`, `Vector2`, and `Vector3`
  --> crates\mesh\src\tmop.rs:24:25
   |
24 | use nalgebra::{Matrix2, Matrix3, Vector2, Vector3};
   |                         ^^^^^^^  ^^^^^^^  ^^^^^^^

warning: unused variable: `base`
   --> crates\mesh\src\curved.rs:128:17
    |
128 |             let base = e as usize * npe_new;
    |                 ^^^^ help: if this is intentional, prefix it with an underscore: `_base`
    |
    = note: `#[warn(unused_variables)]` (part of `#[warn(unused)]`) on by default

warning: unused variable: `n_vol`
   --> crates\mesh\src\curved.rs:218:25
    |
218 |                     let n_vol = (p - 1) * (p - 2) * (p - 3) / 6;
    |                         ^^^^^ help: if this is intentional, prefix it with an underscore: `_n_vol`

warning: unused variable: `det_w`
  --> crates\mesh\src\tmop.rs:69:9
   |
69 |     let det_w = w.determinant().abs().max(1e-30);
   |         ^^^^^ help: if this is intentional, prefix it with an underscore: `_det_w`

warning: field `elem_tags` is never read
   --> crates\mesh\src\tmop.rs:142:5
    |
138 | pub struct TmopObjective2d {
    |            --------------- field in this struct
...
142 |     elem_tags: Option<Vec<i32>>,
    |     ^^^^^^^^^
    |
    = note: `#[warn(dead_code)]` (part of `#[warn(unused)]`) on by default

warning: unused variable: `m1`
    --> crates\mesh\src\amr.rs:3437:14
     |
3437 |         let (m1, _, _) = ncq.refine(&mesh, &[0]);
     |              ^^ help: if this is intentional, prefix it with an underscore: `_m1`
     |
     = note: `#[warn(unused_variables)]` (part of `#[warn(unused)]`) on by default

warning: unused variable: `base`
   --> crates\mesh\src\curved.rs:128:17
    |
128 |             let base = e as usize * npe_new;
    |                 ^^^^ help: if this is intentional, prefix it with an underscore: `_base`

warning: `fem-mesh` (lib) generated 10 warnings (1 duplicate) (run `cargo fix --lib -p fem-mesh` to apply 8 
suggestions)
warning: `fem-mesh` (lib test) generated 11 warnings (9 duplicates) (run `cargo fix --lib -p fem-mesh --tests` to 
apply 2 suggestions)
warning: `fem-element` (test "element_tests") generated 1 warning (1 duplicate)
warning: `fem-linalg` (test "linalg_tests") generated 1 warning (1 duplicate)
warning: unused variable: `li`
   --> crates\space\src\hdiv.rs:384:54
    |
384 |     fn compute_sign_2d_quad(mesh: &M, verts: &[u32], li: usize, gi: u32, gj: u32) -> f64 {
    |                                                      ^^ help: if this is intentional, prefix it with an 
underscore: `_li`
    |
    = note: `#[warn(unused_variables)]` (part of `#[warn(unused)]`) on by default

warning: unused variable: `face_edges`
   --> crates\space\src\p_refine.rs:814:21
    |
814 |                 let face_edges = vec![
    |                     ^^^^^^^^^^ help: if this is intentional, prefix it with an underscore: `_face_edges`

warning: unused variable: `n_1d`
   --> crates\space\src\p_refine.rs:839:25
    |
839 |                     let n_1d = (p_e as usize) + 1;
    |                         ^^^^ help: if this is intentional, prefix it with an underscore: `_n_1d`

warning: unused variable: `n_faces`
  --> crates\space\src\skeleton.rs:64:13
   |
64 |         let n_faces  = n_bfaces; // MeshTopology only exposes boundary faces directly;
   |             ^^^^^^^ help: if this is intentional, prefix it with an underscore: `_n_faces`

warning: field `elem_type` is never read
  --> crates\space\src\hdiv.rs:89:5
   |
80 | pub struct HDivSpace<M: MeshTopology> {
   |            --------- field in this struct
...
89 |     elem_type: ElementType,
   |     ^^^^^^^^^
   |
   = note: `#[warn(dead_code)]` (part of `#[warn(unused)]`) on by default

warning: field `patch_elem_ranges` is never read
   --> crates\space\src\iga_fe_space.rs:337:5
    |
329 | pub struct IgaMultiPatchMesh2D {
    |            ------------------- field in this struct
...
337 |     patch_elem_ranges: Vec<(usize, usize)>,
    |     ^^^^^^^^^^^^^^^^^
    |
    = note: `IgaMultiPatchMesh2D` has derived impls for the traits `Clone` and `Debug`, but these are intentionally 
ignored during dead code analysis

warning: field `include_boundary` is never read
  --> crates\space\src\skeleton.rs:45:5
   |
35 | pub struct SkeletonSpace<M: MeshTopology> {
   |            ------------- field in this struct
...
45 |     include_boundary: bool,
   |     ^^^^^^^^^^^^^^^^

   Compiling fem-io v0.1.0 (C:\Users\lilu\works\fem-rs\crates\io)
warning: `fem-linalg-gpu` (lib) generated 1 warning (1 duplicate)
warning: `fem-space` (lib) generated 8 warnings (1 duplicate) (run `cargo fix --lib -p fem-space` to apply 4 
suggestions)
warning: `fem-rmetis` (lib) generated 1 warning (1 duplicate)
warning: `fem-io` (lib) generated 1 warning (1 duplicate)
warning: `fem-rmetis` (lib test) generated 1 warning (1 duplicate)
warning: `fem-space` (lib test) generated 8 warnings (8 duplicates)
warning: `fem-linalg-gpu` (lib test) generated 1 warning (1 duplicate)
warning: `fem-mesh` (test "mesh_tests") generated 1 warning (1 duplicate)
warning: unused imports: `BdfConfig` and `NordsieckState`
  --> crates\solver\src\dae.rs:11:18
   |
11 | use crate::bdf::{NordsieckState, BdfStats, BdfConfig};
   |                  ^^^^^^^^^^^^^^            ^^^^^^^^^
   |
   = note: `#[warn(unused_imports)]` (part of `#[warn(unused)]`) on by default

warning: unused import: `build_identity_minus_dt_jac_scaled`
  --> crates\solver\src\dae.rs:12:18
   |
12 | use crate::bdf::{build_identity_minus_dt_jac_scaled, BDF_ALPHA, L_COEFFS, ERROR_WEIGHTS, pascal_coeff};
   |                  ^^^^^^^^^^^^^^^^^^^^^^^^^^^^^^^^^^

warning: unused variable: `b3`
   --> crates\solver\src\butcher.rs:374:9
    |
374 |     let b3 = 1767732205903.0 / 4055673282236.0;
    |         ^^ help: if this is intentional, prefix it with an underscore: `_b3`
    |
    = note: `#[warn(unused_variables)]` (part of `#[warn(unused)]`) on by default

warning: unused variable: `e4`
   --> crates\solver\src\butcher.rs:378:9
    |
378 |     let e4 = 1767732205903.0 / 4055673282236.0;
    |         ^^ help: if this is intentional, prefix it with an underscore: `_e4`

warning: unused variable: `atol`
  --> crates\solver\src\adjoint.rs:64:5
   |
64 |     atol: f64,
   |     ^^^^ help: if this is intentional, prefix it with an underscore: `_atol`

warning: unused variable: `rtol`
  --> crates\solver\src\adjoint.rs:65:5
   |
65 |     rtol: f64,
   |     ^^^^ help: if this is intentional, prefix it with an underscore: `_rtol`

warning: variable `t` is assigned to, but never used
   --> crates\solver\src\adjoint.rs:105:9
    |
105 |     let mut t = t_end;
    |         ^^^^^
    |
    = note: consider using `_t` instead

warning: value assigned to `t` is never read
   --> crates\solver\src\adjoint.rs:166:9
    |
166 |         t = cp_prev.t;
    |         ^^^^^^^^^^^^^
    |
    = help: maybe it is overwritten before being read?
    = note: `#[warn(unused_assignments)]` (part of `#[warn(unused)]`) on by default

warning: unused variable: `yp_recon`
  --> crates\solver\src\dae.rs:87:13
   |
87 |         let yp_recon: Vec<f64> = (0..n).map(|d| beta * (y_pred[d] - y_pred[d])).collect();
   |             ^^^^^^^^ help: if this is intentional, prefix it with an underscore: `_yp_recon`

warning: unused variable: `iter`
  --> crates\solver\src\dae.rs:96:13
   |
96 |         for iter in 0..newton.max_iter {
   |             ^^^^ help: if this is intentional, prefix it with an underscore: `_iter`

warning: variable `prev_err` is assigned to, but never used
  --> crates\solver\src\events.rs:87:9
   |
87 |     let mut prev_err = 0.0;
   |         ^^^^^^^^^^^^
   |
   = note: consider using `_prev_err` instead

warning: value assigned to `t` is never read
   --> crates\solver\src\events.rs:178:25
    |
178 |                         t = event.t_event;
    |                         ^^^^^^^^^^^^^^^^^
    |
    = help: maybe it is overwritten before being read?

warning: value assigned to `prev_err` is never read
   --> crates\solver\src\events.rs:195:13
    |
195 |             prev_err = err;
    |             ^^^^^^^^^^^^^^
    |
    = help: maybe it is overwritten before being read?

warning: value assigned to `prev_err` is never read
   --> crates\solver\src\events.rs:191:13
    |
191 |             prev_err = err;
    |             ^^^^^^^^^^^^^^
    |
    = help: maybe it is overwritten before being read?

warning: variable does not need to be mutable
  --> crates\solver\src\mixed_precision.rs:63:13
   |
63 |         let mut b_f32: Vec<f32> = b.iter().map(|&v| v as f32).collect();
   |             ----^^^^^
   |             |
   |             help: remove this `mut`
   |
   = note: `#[warn(unused_mut)]` (part of `#[warn(unused)]`) on by default

warning: field `nordsieck_history` is never read
  --> crates\solver\src\bdf.rs:76:5
   |
68 | pub struct NordsieckState {
   |            -------------- field in this struct
...
76 |     nordsieck_history: Option<Vec<Vec<f64>>>,
   |     ^^^^^^^^^^^^^^^^^
   |
   = note: `#[warn(dead_code)]` (part of `#[warn(unused)]`) on by default

warning: field `b` is never read
  --> crates\solver\src\stokes_precond.rs:70:5
   |
67 | pub struct StokesPrecond {
   |            ------------- field in this struct
...
70 |     b: CsrMatrix<f64>,
   |     ^

warning: variable `A` should have a snake case name
   --> crates\solver\src\adjoint.rs:118:13
    |
118 |         let A = problem.jacobian(cp_curr.t, &cp_curr.u);
    |             ^ help: convert the identifier to snake case: `a`
    |
    = note: `#[warn(non_snake_case)]` (part of `#[warn(nonstandard_style)]`) on by default

warning: variable `At_lam` should have a snake case name
   --> crates\solver\src\adjoint.rs:152:25
    |
152 |                 let mut At_lam = vec![0.0; n];
    |                         ^^^^^^ help: convert the identifier to snake case: `at_lam`

warning: variable `F` should have a snake case name
   --> crates\solver\src\dae.rs:102:21
    |
102 |             let mut F = vec![0.0; n];
    |                     ^ help: convert the identifier to snake case (notice the capitalization): `f`

warning: variable `G` should have a snake case name
   --> crates\solver\src\dae.rs:106:21
    |
106 |             let mut G = vec![0.0; n];
    |                     ^ help: convert the identifier to snake case: `g`

   Compiling fem-space v0.1.0 (C:\Users\lilu\works\fem-rs\crates\space)
warning: `fem-solver` (lib) generated 22 warnings (1 duplicate) (run `cargo fix --lib -p fem-solver` to apply 9 
suggestions)
warning: `fem-linalg-gpu` (test "spmv_test") generated 1 warning (1 duplicate)
warning: `fem-linalg-gpu` (test "vector_ops_test") generated 1 warning (1 duplicate)
warning: `fem-amg` (lib) generated 1 warning (1 duplicate)
   Compiling fem-assembly v0.1.0 (C:\Users\lilu\works\fem-rs\crates\assembly)
error: failed to run custom build command for `pyo3-build-config v0.23.5`

Caused by:
  process didn't exit successfully: 
`C:\Users\lilu\works\fem-rs\target\debug\build\pyo3-build-config-31e8991682a97641\build-script-build` (exit code: 1)
  --- stdout
  cargo:rerun-if-env-changed=PYO3_CONFIG_FILE
  cargo:rerun-if-env-changed=PYO3_NO_PYTHON
  cargo:rerun-if-env-changed=PYO3_ENVIRONMENT_SIGNATURE
  cargo:rerun-if-env-changed=PYO3_PYTHON
  cargo:rerun-if-env-changed=VIRTUAL_ENV
  cargo:rerun-if-env-changed=CONDA_PREFIX
  cargo:rerun-if-env-changed=PATH

  --- stderr
  error: no Python 3.x interpreter found
warning: build failed, waiting for other jobs to finish...
warning: unused import: `element_type::ElementType`
  --> crates\assembly\src\contact.rs:33:40
   |
33 | use fem_mesh::{topology::MeshTopology, element_type::ElementType};
   |                                        ^^^^^^^^^^^^^^^^^^^^^^^^^
   |
   = note: `#[warn(unused_imports)]` (part of `#[warn(unused)]`) on by default

warning: unused import: `super::*`
   --> crates\assembly\src\grid_function.rs:437:9
    |
437 |     use super::*;
    |         ^^^^^^^^

warning: unused imports: `CsrMatrix` and `Vector`
  --> crates\assembly\src\dpg.rs:35:29
   |
35 | use fem_linalg::{CooMatrix, CsrMatrix, Vector};
   |                             ^^^^^^^^^  ^^^^^^

warning: unused import: `assemble_advection_boundary`
  --> crates\assembly\src\dg_cdr.rs:16:78
   |
16 | use crate::dg_advection::{DGAdvectionIntegrator, assemble_dg_interior_faces, assemble_advection_boundary};
   |                                                                              ^^^^^^^^^^^^^^^^^^^^^^^^^^^

warning: unused import: `fem_linalg::Vector`
   --> crates\assembly\src\error_estimate.rs:140:9
    |
140 |     use fem_linalg::Vector;
    |         ^^^^^^^^^^^^^^^^^^

warning: `fem-space` (test "space_tests") generated 1 warning (1 duplicate)
warning: `fem-io` (test "io_integration") generated 1 warning (1 duplicate)
warning: unused import: `topology::MeshTopology`
  --> crates\assembly\src\complex.rs:37:39
   |
37 | use fem_mesh::{ElementTransformation, topology::MeshTopology};
   |                                       ^^^^^^^^^^^^^^^^^^^^^^

warning: variable does not need to be mutable
   --> crates\assembly\src\contact.rs:195:13
    |
195 |         let mut jac = stiffness.add(&k_contact);
    |             ----^^^
    |             |
    |             help: remove this `mut`
    |
    = note: `#[warn(unused_mut)]` (part of `#[warn(unused)]`) on by default

warning: unused variable: `iter`
   --> crates\assembly\src\contact.rs:177:9
    |
177 |     for iter in 0..max_iter {
    |         ^^^^ help: if this is intentional, prefix it with an underscore: `_iter`
    |
    = note: `#[warn(unused_variables)]` (part of `#[warn(unused)]`) on by default

warning: unreachable pattern
   --> crates\assembly\src\complex.rs:565:42
    |
564 |                 (ElementType::Tri3, 1) | (ElementType::Tri3, _) => Box::new(TriP1),
    |                                          ---------------------- matches all the relevant values
565 |                 (ElementType::Tri6, _) | (ElementType::Tri3, 2) => Box::new(TriP2),
    |                                          ^^^^^^^^^^^^^^^^^^^^^^ no value can reach this
    |
    = note: `#[warn(unreachable_patterns)]` (part of `#[warn(unused)]`) on by default

warning: unused variable: `xm`
   --> crates\assembly\src\dpg.rs:214:13
    |
214 |         let xm = 0.5 * (x0 + x1);
    |             ^^ help: if this is intentional, prefix it with an underscore: `_xm`

warning: unused variable: `v`
   --> crates\assembly\src\dpg.rs:242:25
    |
242 |                     let v = (psi[i] * psi[j] + dpsi[i] * dpsi[j] / (jac * jac)) * w;
    |                         ^ help: if this is intentional, prefix it with an underscore: `_v`

warning: unused variable: `d_phi_j`
   --> crates\assembly\src\dpg.rs:253:25
    |
253 |                     let d_phi_j = dphi[j] / jac; // physical derivative
    |                         ^^^^^^^ help: if this is intentional, prefix it with an underscore: `_d_phi_j`

warning: unused variable: `phi_j`
   --> crates\assembly\src\dpg.rs:254:25
    |
254 |                     let phi_j = phi[j];
    |                         ^^^^^ help: if this is intentional, prefix it with an underscore: `_phi_j`

warning: unused variable: `x1`
   --> crates\assembly\src\dpg.rs:352:13
    |
352 |         let x1 = (e + 1) as f64 * h;
    |             ^^ help: if this is intentional, prefix it with an underscore: `_x1`

warning: unused variable: `div_i`
   --> crates\assembly\src\phasefield.rs:659:25
    |
659 |                     let div_i = grad_phys_u[ki * dim + ai];
    |                         ^^^^^ help: if this is intentional, prefix it with an underscore: `_div_i`

warning: function `make_p1` is never used
   --> crates\assembly\src\grid_function.rs:442:8
    |
442 |     fn make_p1(n: usize, f: &dyn Fn(&[f64]) -> f64) -> (H1Space<SimplexMesh<2>>, Vec<f64>) {
    |        ^^^^^^^
    |
    = note: `#[warn(dead_code)]` (part of `#[warn(unused)]`) on by default

warning: variable `I` should have a snake case name
  --> crates\assembly\src\nonlinear_hyperelasticity.rs:66:17
   |
66 |             for I in 0..dim {
   |                 ^ help: convert the identifier to snake case (notice the capitalization): `i`
   |
   = note: `#[warn(non_snake_case)]` (part of `#[warn(nonstandard_style)]`) on by default

warning: variable `I` should have a snake case name
  --> crates\assembly\src\nonlinear_hyperelasticity.rs:76:17
   |
76 |             for I in 0..dim {
   |                 ^ help: convert the identifier to snake case (notice the capitalization): `i`

warning: variable `J` should have a snake case name
  --> crates\assembly\src\nonlinear_hyperelasticity.rs:79:25
   |
79 |                     for J in 0..dim {
   |                         ^ help: convert the identifier to snake case: `j`

warning: structure field `C_plus` should have a snake case name
   --> crates\assembly\src\phasefield.rs:430:9
    |
430 |     pub C_plus: [[f64; 3]; 3],
    |         ^^^^^^ help: convert the identifier to snake case (notice the capitalization): `c_plus`

warning: structure field `C_minus` should have a snake case name
   --> crates\assembly\src\phasefield.rs:432:9
    |
432 |     pub C_minus: [[f64; 3]; 3],
    |         ^^^^^^^ help: convert the identifier to snake case (notice the capitalization): `c_minus`

warning: variable `eps_Voigt` should have a snake case name
   --> crates\assembly\src\phasefield.rs:446:23
    |
446 | pub fn miehe_split_2d(eps_Voigt: &[f64; 3], lambda: f64, mu: f64) -> MieheSplit2d {
    |                       ^^^^^^^^^ help: convert the identifier to snake case (notice the capitalization): 
`eps_voigt`

warning: variable `C_plus` should have a snake case name
   --> crates\assembly\src\phasefield.rs:506:13
    |
506 |     let mut C_plus = [[0.0; 3]; 3];
    |             ^^^^^^ help: convert the identifier to snake case (notice the capitalization): `c_plus`

warning: variable `C_minus` should have a snake case name
   --> crates\assembly\src\phasefield.rs:507:13
    |
507 |     let mut C_minus = [[0.0; 3]; 3];
    |             ^^^^^^^ help: convert the identifier to snake case (notice the capitalization): `c_minus`

warning: variable `C_row` should have a snake case name
   --> crates\assembly\src\phasefield.rs:695:41
    |
695 | ...                   let mut C_row = [0.0; 3];
    |                               ^^^^^ help: convert the identifier to snake case (notice the capitalization): 
`c_row`

warning: `fem-io` (lib test) generated 1 warning (1 duplicate)
warning: unused variable: `p2`
   --> crates\assembly\src\dpg.rs:465:17
    |
465 |             let p2 = x;
    |                 ^^ help: if this is intentional, prefix it with an underscore: `_p2`

warning: `fem-assembly` (lib) generated 25 warnings (1 duplicate) (run `cargo fix --lib -p fem-assembly` to apply 12 
suggestions)
warning: `fem-assembly` (lib test) generated 25 warnings (23 duplicates) (run `cargo fix --lib -p fem-assembly 
--tests` to apply 2 suggestions)
