Options used:
   --mesh data/fichera-mixed.mesh
   --order 1
   --refine 1
   --magnetic-cond 0.000001
  SubMesh: 40 elements, 34 nodes, 52 boundary faces
  SubMesh H1 DOFs: 34, RT DOFs: 110

Solving for electric potential using PCG with a Gauss-Seidel preconditioner
   Iteration :   0  (B r, r) = 0.940765
   Iteration :   1  (B r, r) = 0.143537
   Iteration :   2  (B r, r) = 0.0110042
   Iteration :   3  (B r, r) = 4.41914e-05
   Iteration :   4  (B r, r) = 4.5863e-07
   Iteration :   5  (B r, r) = 5.15107e-09
   Iteration :   6  (B r, r) = 6.92517e-12
   Iteration :   7  (B r, r) = 1.56871e-15
   Iteration :   8  (B r, r) = 3.78875e-18
   Iteration :   9  (B r, r) = 8.91445e-21
   Iteration :  10  (B r, r) = 7.98722e-25
Average reduction factor = 0.0625815

Solving for current density in H(Div) using diagonally scaled CG
Size of linear system: 110
    CG iter    1  (B r, r) = 5.204685369e-2
    CG iter    1  ‖r‖/‖b‖ = 2.611444e-1
    CG iter    2  (B r, r) = 1.261291582e-2
    CG iter    2  ‖r‖/‖b‖ = 1.285557e-1
    CG iter    3  (B r, r) = 2.073959072e-3
    CG iter    3  ‖r‖/‖b‖ = 5.212950e-2
    CG iter    4  (B r, r) = 3.217345378e-4
    CG iter    4  ‖r‖/‖b‖ = 2.053205e-2
    CG iter    5  (B r, r) = 7.286714693e-5
    CG iter    5  ‖r‖/‖b‖ = 9.771233e-3
    CG iter    6  (B r, r) = 4.198498371e-6
    CG iter    6  ‖r‖/‖b‖ = 2.345473e-3
    CG iter    7  (B r, r) = 7.451937913e-7
    CG iter    7  ‖r‖/‖b‖ = 9.881391e-4
    CG iter    8  (B r, r) = 1.111855369e-7
    CG iter    8  ‖r‖/‖b‖ = 3.816872e-4
    CG iter    9  (B r, r) = 2.236473796e-8
    CG iter    9  ‖r‖/‖b‖ = 1.711849e-4
    CG iter   10  (B r, r) = 1.513525532e-9
    CG iter   10  ‖r‖/‖b‖ = 4.453263e-5
    CG iter   11  (B r, r) = 3.053408510e-10
    CG iter   11  ‖r‖/‖b‖ = 2.000212e-5
    CG iter   12  (B r, r) = 3.407442097e-11
    CG iter   12  ‖r‖/‖b‖ = 6.681865e-6
    CG iter   13  (B r, r) = 2.590743838e-12
    CG iter   13  ‖r‖/‖b‖ = 1.842450e-6
    CG iter   14  (B r, r) = 5.776502007e-13
    CG iter   14  ‖r‖/‖b‖ = 8.699934e-7
    CG iter   15  (B r, r) = 7.318528971e-14
    CG iter   15  ‖r‖/‖b‖ = 3.096673e-7
    CG iter   16  (B r, r) = 5.692473879e-15
    CG iter   16  ‖r‖/‖b‖ = 8.636425e-8
    CG iter   17  (B r, r) = 1.636771679e-15
    CG iter   17  ‖r‖/‖b‖ = 4.631029e-8
    CG iter   18  (B r, r) = 2.046364015e-16
    CG iter   18  ‖r‖/‖b‖ = 1.637476e-8
    CG iter   19  (B r, r) = 2.411244391e-17
    CG iter   19  ‖r‖/‖b‖ = 5.620877e-9
    CG iter   20  (B r, r) = 4.678843396e-18
    CG iter   20  ‖r‖/‖b‖ = 2.476012e-9
    CG iter   21  (B r, r) = 3.176946565e-19
    CG iter   21  ‖r‖/‖b‖ = 6.451912e-10
    CG iter   22  (B r, r) = 2.728671996e-20
    CG iter   22  ‖r‖/‖b‖ = 1.890859e-10
    CG iter   23  (B r, r) = 3.474511119e-21
    CG iter   23  ‖r‖/‖b‖ = 6.747305e-11
    CG iter   24  (B r, r) = 4.373712408e-22
    CG iter   24  ‖r‖/‖b‖ = 2.393914e-11
    CG iter   25  (B r, r) = 2.195981173e-23
    CG iter   25  ‖r‖/‖b‖ = 5.364111e-12
    CG iter   26  (B r, r) = 2.003902577e-24
    CG iter   26  ‖r‖/‖b‖ = 1.620398e-12
    CG iter   27  (B r, r) = 4.231171172e-25
    CG iter   27  ‖r‖/‖b‖ = 7.445841e-13
  CG converged at iter 27  ‖r‖/‖b‖ = 7.446e-13

Full mesh ND DOFs: 335

Solving for magnetic vector potential using CG with a Gauss-Seidel preconditioner
Size of linear system: 335
   Iteration :   0  (B r, r) = 0.0227504
   Iteration :   1  (B r, r) = 0.0142699
   Iteration :   2  (B r, r) = 0.00496265
   Iteration :   3  (B r, r) = 0.000726221
   Iteration :   4  (B r, r) = 7.30517e-05
   Iteration :   5  (B r, r) = 0.000102968
   Iteration :   6  (B r, r) = 0.00109258
   Iteration :   7  (B r, r) = 0.0160416
   Iteration :   8  (B r, r) = 0.4087
   Iteration :   9  (B r, r) = 8.48613
   Iteration :  10  (B r, r) = 50.0859
   Iteration :  11  (B r, r) = 14.907
   Iteration :  12  (B r, r) = 1.79139
   Iteration :  13  (B r, r) = 0.0788639
   Iteration :  14  (B r, r) = 0.00267107
   Iteration :  15  (B r, r) = 6.71913e-05
   Iteration :  16  (B r, r) = 1.07181e-05
   Iteration :  17  (B r, r) = 1.39072e-05
   Iteration :  18  (B r, r) = 6.13303e-05
   Iteration :  19  (B r, r) = 0.00129188
   Iteration :  20  (B r, r) = 0.0481528
   Iteration :  21  (B r, r) = 2.27336
   Iteration :  22  (B r, r) = 9.16438
   Iteration :  23  (B r, r) = 0.30851
   Iteration :  24  (B r, r) = 0.00596571
   Iteration :  25  (B r, r) = 0.000179993
   Iteration :  26  (B r, r) = 6.36538e-06
   Iteration :  27  (B r, r) = 1.01651e-06
   Iteration :  28  (B r, r) = 3.36091e-06
   Iteration :  29  (B r, r) = 0.000151902
   Iteration :  30  (B r, r) = 0.00834832
   Iteration :  31  (B r, r) = 0.331536
   Iteration :  32  (B r, r) = 0.749214
   Iteration :  33  (B r, r) = 0.0589378
   Iteration :  34  (B r, r) = 0.0444009
   Iteration :  35  (B r, r) = 0.0065846
   Iteration :  36  (B r, r) = 0.000129329
   Iteration :  37  (B r, r) = 2.19457e-06
   Iteration :  38  (B r, r) = 1.83729e-07
   Iteration :  39  (B r, r) = 6.48526e-07
   Iteration :  40  (B r, r) = 2.54239e-05
   Iteration :  41  (B r, r) = 0.00050863
   Iteration :  42  (B r, r) = 0.00388811
   Iteration :  43  (B r, r) = 0.0831484
   Iteration :  44  (B r, r) = 0.15619
   Iteration :  45  (B r, r) = 0.0037856
   Iteration :  46  (B r, r) = 7.28928e-05
   Iteration :  47  (B r, r) = 5.69554e-06
   Iteration :  48  (B r, r) = 5.91211e-07
   Iteration :  49  (B r, r) = 3.40328e-08
   Iteration :  50  (B r, r) = 3.99101e-08
   Iteration :  51  (B r, r) = 2.90993e-07
   Iteration :  52  (B r, r) = 3.47909e-06
   Iteration :  53  (B r, r) = 0.000101489
   Iteration :  54  (B r, r) = 0.00130697
   Iteration :  55  (B r, r) = 0.0120593
   Iteration :  56  (B r, r) = 0.0104342
   Iteration :  57  (B r, r) = 0.00865463
   Iteration :  58  (B r, r) = 0.00347862
   Iteration :  59  (B r, r) = 4.83487e-05
   Iteration :  60  (B r, r) = 6.61982e-07
   Iteration :  61  (B r, r) = 1.4983e-08
   Iteration :  62  (B r, r) = 6.56866e-09
   Iteration :  63  (B r, r) = 1.12398e-07
   Iteration :  64  (B r, r) = 3.69208e-06
   Iteration :  65  (B r, r) = 8.12685e-05
   Iteration :  66  (B r, r) = 0.00328855
   Iteration :  67  (B r, r) = 0.00409727
   Iteration :  68  (B r, r) = 7.17191e-05
   Iteration :  69  (B r, r) = 1.14503e-06
   Iteration :  70  (B r, r) = 2.0022e-08
   Iteration :  71  (B r, r) = 1.41091e-09
   Iteration :  72  (B r, r) = 4.16188e-09
   Iteration :  73  (B r, r) = 1.86079e-07
   Iteration :  74  (B r, r) = 4.62735e-07
   Iteration :  75  (B r, r) = 1.64346e-06
   Iteration :  76  (B r, r) = 4.39543e-06
   Iteration :  77  (B r, r) = 0.000103832
   Iteration :  78  (B r, r) = 0.00216931
   Iteration :  79  (B r, r) = 0.000136112
   Iteration :  80  (B r, r) = 5.85888e-06
   Iteration :  81  (B r, r) = 1.40503e-07
   Iteration :  82  (B r, r) = 4.61756e-09
   Iteration :  83  (B r, r) = 6.35329e-10
   Iteration :  84  (B r, r) = 4.81391e-10
   Iteration :  85  (B r, r) = 2.15624e-09
   Iteration :  86  (B r, r) = 4.00828e-08
   Iteration :  87  (B r, r) = 1.2249e-06
   Iteration :  88  (B r, r) = 3.98181e-05
   Iteration :  89  (B r, r) = 0.000226503
   Iteration :  90  (B r, r) = 0.000183509
   Iteration :  91  (B r, r) = 4.12716e-06
   Iteration :  92  (B r, r) = 1.90193e-07
   Iteration :  93  (B r, r) = 1.34131e-08
   Iteration :  94  (B r, r) = 3.33612e-10
   Iteration :  95  (B r, r) = 1.08931e-10
   Iteration :  96  (B r, r) = 4.40272e-10
   Iteration :  97  (B r, r) = 2.91896e-10
   Iteration :  98  (B r, r) = 6.69928e-09
   Iteration :  99  (B r, r) = 5.44272e-07
   Iteration : 100  (B r, r) = 4.17907e-05
   Iteration : 101  (B r, r) = 5.2011e-05
   Iteration : 102  (B r, r) = 2.20466e-06
   Iteration : 103  (B r, r) = 2.17903e-08
   Iteration : 104  (B r, r) = 2.80921e-10
   Iteration : 105  (B r, r) = 1.13154e-11
   Iteration : 106  (B r, r) = 2.39601e-11
   Iteration : 107  (B r, r) = 6.83567e-10
   Iteration : 108  (B r, r) = 4.25094e-09
   Iteration : 109  (B r, r) = 1.39142e-07
   Iteration : 110  (B r, r) = 3.11818e-06
   Iteration : 111  (B r, r) = 1.05285e-05
   Iteration : 112  (B r, r) = 4.69833e-07
   Iteration : 113  (B r, r) = 8.49258e-09
   Iteration : 114  (B r, r) = 2.78024e-09
   Iteration : 115  (B r, r) = 1.60358e-09
   Iteration : 116  (B r, r) = 6.56977e-11
   Iteration : 117  (B r, r) = 2.1755e-12
   Iteration : 118  (B r, r) = 4.37827e-12
   Iteration : 119  (B r, r) = 4.02573e-11
   Iteration : 120  (B r, r) = 3.11569e-10
   Iteration : 121  (B r, r) = 1.58577e-08
   Iteration : 122  (B r, r) = 9.4347e-07
   Iteration : 123  (B r, r) = 1.68885e-06
   Iteration : 124  (B r, r) = 3.25411e-07
   Iteration : 125  (B r, r) = 1.95955e-08
   Iteration : 126  (B r, r) = 3.11334e-10
   Iteration : 127  (B r, r) = 4.09121e-12
   Iteration : 128  (B r, r) = 6.29512e-13
   Iteration : 129  (B r, r) = 3.20357e-13
   Iteration : 130  (B r, r) = 4.35356e-12
   Iteration : 131  (B r, r) = 1.21907e-09
   Iteration : 132  (B r, r) = 7.85609e-08
   Iteration : 133  (B r, r) = 2.41714e-07
   Iteration : 134  (B r, r) = 5.18731e-08
   Iteration : 135  (B r, r) = 6.35378e-08
   Iteration : 136  (B r, r) = 5.42327e-09
   Iteration : 137  (B r, r) = 1.42434e-10
   Iteration : 138  (B r, r) = 5.79922e-13
   Iteration : 139  (B r, r) = 2.93452e-14
   Iteration : 140  (B r, r) = 1.07416e-13
   Iteration : 141  (B r, r) = 6.05599e-13
   Iteration : 142  (B r, r) = 1.11374e-11
   Iteration : 143  (B r, r) = 5.03671e-10
   Iteration : 144  (B r, r) = 1.88911e-08
   Iteration : 145  (B r, r) = 1.99935e-08
   Iteration : 146  (B r, r) = 1.92595e-10
   Iteration : 147  (B r, r) = 1.42421e-12
   Iteration : 148  (B r, r) = 4.67137e-14
   Iteration : 149  (B r, r) = 4.03426e-15
   Iteration : 150  (B r, r) = 2.83279e-14
   Iteration : 151  (B r, r) = 1.3328e-13
   Iteration : 152  (B r, r) = 6.64656e-12
   Iteration : 153  (B r, r) = 1.22919e-11
   Iteration : 154  (B r, r) = 3.45665e-11
   Iteration : 155  (B r, r) = 2.30233e-10
   Iteration : 156  (B r, r) = 1.90482e-09
   Iteration : 157  (B r, r) = 3.24641e-09
   Iteration : 158  (B r, r) = 3.83691e-10
   Iteration : 159  (B r, r) = 8.31325e-13
   Iteration : 160  (B r, r) = 1.78291e-14
   Iteration : 161  (B r, r) = 7.66288e-16
   Iteration : 162  (B r, r) = 1.0795e-15
   Iteration : 163  (B r, r) = 5.05688e-14
   Iteration : 164  (B r, r) = 8.34893e-13
   Iteration : 165  (B r, r) = 1.36699e-11
   Iteration : 166  (B r, r) = 5.3146e-10
   Iteration : 167  (B r, r) = 2.21325e-10
   Iteration : 168  (B r, r) = 3.138e-12
   Iteration : 169  (B r, r) = 1.60657e-14
   Iteration : 170  (B r, r) = 2.77871e-16
   Iteration : 171  (B r, r) = 2.06219e-16
   Iteration : 172  (B r, r) = 1.43061e-16
   Iteration : 173  (B r, r) = 2.11875e-16
   Iteration : 174  (B r, r) = 3.60845e-16
   Iteration : 175  (B r, r) = 9.00091e-15
   Iteration : 176  (B r, r) = 6.72565e-13
   Iteration : 177  (B r, r) = 8.43026e-11
   Iteration : 178  (B r, r) = 6.78199e-12
   Iteration : 179  (B r, r) = 7.13635e-14
   Iteration : 180  (B r, r) = 1.69662e-15
   Iteration : 181  (B r, r) = 3.32043e-17
   Iteration : 182  (B r, r) = 1.1128e-17
   Iteration : 183  (B r, r) = 3.55731e-17
   Iteration : 184  (B r, r) = 2.88951e-15
   Iteration : 185  (B r, r) = 3.81558e-14
   Iteration : 186  (B r, r) = 1.13682e-12
   Iteration : 187  (B r, r) = 1.50428e-11
   Iteration : 188  (B r, r) = 9.11787e-13
   Iteration : 189  (B r, r) = 5.0913e-15
   Iteration : 190  (B r, r) = 3.36541e-15
   Iteration : 191  (B r, r) = 5.08923e-16
   Iteration : 192  (B r, r) = 4.45667e-18
   Iteration : 193  (B r, r) = 1.35521e-18
   Iteration : 194  (B r, r) = 1.89307e-17
   Iteration : 195  (B r, r) = 3.15368e-16
   Iteration : 196  (B r, r) = 1.58163e-14
   Iteration : 197  (B r, r) = 6.38404e-13
   Iteration : 198  (B r, r) = 1.61464e-12
   Iteration : 199  (B r, r) = 1.8166e-13
   Iteration : 200  (B r, r) = 8.11644e-15
   Iteration : 201  (B r, r) = 2.77148e-16
   Iteration : 202  (B r, r) = 1.12257e-17
   Iteration : 203  (B r, r) = 1.18228e-18
   Iteration : 204  (B r, r) = 2.03829e-19
   Iteration : 205  (B r, r) = 5.07427e-19
   Iteration : 206  (B r, r) = 1.12039e-17
   Iteration : 207  (B r, r) = 4.99974e-16
   Iteration : 208  (B r, r) = 6.67217e-14
   Iteration : 209  (B r, r) = 6.58767e-14
   Iteration : 210  (B r, r) = 6.38914e-14
   Iteration : 211  (B r, r) = 1.24645e-14
   Iteration : 212  (B r, r) = 1.52904e-16
   Iteration : 213  (B r, r) = 5.24131e-18
   Iteration : 214  (B r, r) = 6.48883e-19
   Iteration : 215  (B r, r) = 3.60466e-20
   Iteration : 216  (B r, r) = 6.07016e-20
   Iteration : 217  (B r, r) = 2.66772e-18
   Iteration : 218  (B r, r) = 1.58512e-17
   Iteration : 219  (B r, r) = 5.88351e-16
   Iteration : 220  (B r, r) = 2.64022e-14
   Iteration : 221  (B r, r) = 1.15131e-14
   Iteration : 222  (B r, r) = 5.85088e-16
   Iteration : 223  (B r, r) = 8.53706e-18
   Iteration : 224  (B r, r) = 1.09325e-19
   Iteration : 225  (B r, r) = 4.33634e-21
   Iteration : 226  (B r, r) = 2.07706e-21
   Iteration : 227  (B r, r) = 2.86348e-20
   Iteration : 228  (B r, r) = 1.41538e-18
   Iteration : 229  (B r, r) = 1.06265e-17
   Iteration : 230  (B r, r) = 1.6296e-17
   Iteration : 231  (B r, r) = 2.05328e-16
   Iteration : 232  (B r, r) = 1.84187e-15
   Iteration : 233  (B r, r) = 1.31435e-15
   Iteration : 234  (B r, r) = 6.31273e-17
   Iteration : 235  (B r, r) = 1.97523e-18
   Iteration : 236  (B r, r) = 2.59905e-19
   Iteration : 237  (B r, r) = 1.04561e-20
   Iteration : 238  (B r, r) = 3.16649e-22
   Iteration : 239  (B r, r) = 5.3538e-22
   Iteration : 240  (B r, r) = 3.39921e-20
   Iteration : 241  (B r, r) = 5.2945e-18
   Iteration : 242  (B r, r) = 1.53061e-16
   Iteration : 243  (B r, r) = 2.53828e-16
   Iteration : 244  (B r, r) = 1.40442e-17
   Iteration : 245  (B r, r) = 5.51987e-19
   Iteration : 246  (B r, r) = 2.53119e-20
   Iteration : 247  (B r, r) = 2.79349e-21
   Iteration : 248  (B r, r) = 7.34666e-23
   Iteration : 249  (B r, r) = 3.35951e-23
   Iteration : 250  (B r, r) = 4.46084e-22
   Iteration : 251  (B r, r) = 6.56836e-22
   Iteration : 252  (B r, r) = 3.26917e-21
   Iteration : 253  (B r, r) = 1.214e-20
   Iteration : 254  (B r, r) = 3.39533e-19
   Iteration : 255  (B r, r) = 1.80735e-17
   Iteration : 256  (B r, r) = 1.2662e-17
   Iteration : 257  (B r, r) = 3.88727e-19
   Iteration : 258  (B r, r) = 3.34323e-21
   Iteration : 259  (B r, r) = 7.6185e-23
   Iteration : 260  (B r, r) = 4.00266e-24
   Iteration : 261  (B r, r) = 7.03109e-24
   Iteration : 262  (B r, r) = 3.8952e-22
   Iteration : 263  (B r, r) = 7.77503e-21
   Iteration : 264  (B r, r) = 4.34872e-19
   Iteration : 265  (B r, r) = 2.66308e-18
   Iteration : 266  (B r, r) = 1.35566e-18
   Iteration : 267  (B r, r) = 9.28688e-20
   Iteration : 268  (B r, r) = 5.78048e-21
   Iteration : 269  (B r, r) = 7.76801e-22
   Iteration : 270  (B r, r) = 1.38594e-23
   Iteration : 271  (B r, r) = 3.47891e-24
   Iteration : 272  (B r, r) = 2.2868e-24
   Iteration : 273  (B r, r) = 5.18519e-25
   Iteration : 274  (B r, r) = 3.92789e-25
   Iteration : 275  (B r, r) = 8.3482e-24
   Iteration : 276  (B r, r) = 4.4812e-22
   Iteration : 277  (B r, r) = 2.98421e-20
   Iteration : 278  (B r, r) = 3.27626e-19
   Iteration : 279  (B r, r) = 7.46217e-21
   Iteration : 280  (B r, r) = 8.38339e-22
   Iteration : 281  (B r, r) = 5.1226e-23
   Iteration : 282  (B r, r) = 1.26593e-24
   Iteration : 283  (B r, r) = 1.62435e-26
Average reduction factor = 0.906439

Finished.
