Number of unknowns: 1170
Assembling: matrix ... 
  ess dofs (owned): 18
done.
Solving for eigenvalues using ParLOBPCG
  [ParLOBPCG] iter=1: bsize=5 lambda=[8.7084e2 2.3134e4 2.4462e4 2.7457e4 2.9930e4] max_rel_res=7.349e-1
  [ParLOBPCG] iter=10: bsize=5 lambda=[1.0240e-2 2.4002e-1 3.9943e-1 1.2836e0 3.3075e0] max_rel_res=4.163e0
  [ParLOBPCG] iter=20: bsize=5 lambda=[9.1278e-3 1.9852e-1 3.9899e-1 9.0010e-1 2.2200e0] max_rel_res=2.950e0
  [ParLOBPCG] iter=30: bsize=5 lambda=[8.4928e-3 1.4744e-1 3.9825e-1 6.1961e-1 1.8137e0] max_rel_res=1.628e0
  [ParLOBPCG] iter=40: bsize=5 lambda=[8.4080e-3 1.3830e-1 3.9804e-1 5.8896e-1 1.7749e0] max_rel_res=6.298e-1
  [ParLOBPCG] iter=50: bsize=5 lambda=[8.3982e-3 1.3727e-1 3.9801e-1 5.8554e-1 1.7698e0] max_rel_res=1.370e-1
  [ParLOBPCG] iter=60: bsize=5 lambda=[8.3977e-3 1.3723e-1 3.9801e-1 5.8537e-1 1.7695e0] max_rel_res=1.777e-2
  [ParLOBPCG] iter=70: bsize=5 lambda=[8.3977e-3 1.3722e-1 3.9801e-1 5.8537e-1 1.7695e0] max_rel_res=4.863e-3
  [ParLOBPCG] iter=80: bsize=5 lambda=[8.3977e-3 1.3722e-1 3.9801e-1 5.8537e-1 1.7695e0] max_rel_res=4.857e-3
  [ParLOBPCG] iter=90: bsize=5 lambda=[8.3977e-3 1.3722e-1 3.9801e-1 5.8537e-1 1.7695e0] max_rel_res=4.735e-3
  [ParLOBPCG] iter=100: bsize=5 lambda=[8.3977e-3 1.3722e-1 3.9801e-1 5.8537e-1 1.7695e0] max_rel_res=4.735e-3

  Computed eigenvalues:
  1            8.39773560219465e-3       1.458483e-2
  2            1.37224605312800e-1       5.895710e-2
  3            3.98009585517014e-1       1.004077e-1
  4            5.85370383049929e-1       1.217687e-1
  5             1.76946426401712e0       2.117098e-1
