***********************************************************
dim(R) = 41280
dim(W) = 20480
dim(R+W) = 61760
***********************************************************
    MINRES iter    1  ‖r‖/‖b‖ = 2.583573e0
    MINRES iter    2  ‖r‖/‖b‖ = 1.903162e0
    MINRES iter    3  ‖r‖/‖b‖ = 8.734830e-1
    MINRES iter    4  ‖r‖/‖b‖ = 8.711462e-1
    MINRES iter    5  ‖r‖/‖b‖ = 4.974943e-1
    MINRES iter    6  ‖r‖/‖b‖ = 4.752069e-1
    MINRES iter    7  ‖r‖/‖b‖ = 3.410135e-1
    MINRES iter    8  ‖r‖/‖b‖ = 2.926247e-1
    MINRES iter    9  ‖r‖/‖b‖ = 2.579415e-1
    MINRES iter   10  ‖r‖/‖b‖ = 2.012368e-1
    MINRES iter   11  ‖r‖/‖b‖ = 1.932588e-1
    MINRES iter   12  ‖r‖/‖b‖ = 1.507297e-1
    MINRES iter   13  ‖r‖/‖b‖ = 1.505824e-1
    MINRES iter   14  ‖r‖/‖b‖ = 1.212633e-1
    MINRES iter   15  ‖r‖/‖b‖ = 1.196081e-1
    MINRES iter   16  ‖r‖/‖b‖ = 1.048166e-1
    MINRES iter   17  ‖r‖/‖b‖ = 9.791982e-2
    MINRES iter   18  ‖r‖/‖b‖ = 9.348190e-2
    MINRES iter   19  ‖r‖/‖b‖ = 8.300103e-2
    MINRES iter   20  ‖r‖/‖b‖ = 8.298083e-2
    MINRES iter   21  ‖r‖/‖b‖ = 7.386174e-2
    MINRES iter   22  ‖r‖/‖b‖ = 7.180361e-2
    MINRES iter   23  ‖r‖/‖b‖ = 6.772208e-2
    MINRES iter   24  ‖r‖/‖b‖ = 6.211465e-2
    MINRES iter   25  ‖r‖/‖b‖ = 6.160809e-2
    MINRES iter   26  ‖r‖/‖b‖ = 5.549479e-2
    MINRES iter   27  ‖r‖/‖b‖ = 5.520644e-2
    MINRES iter   28  ‖r‖/‖b‖ = 5.157791e-2
    MINRES iter   29  ‖r‖/‖b‖ = 4.890886e-2
    MINRES iter   30  ‖r‖/‖b‖ = 4.790731e-2
    MINRES iter   31  ‖r‖/‖b‖ = 4.382283e-2
    MINRES iter   32  ‖r‖/‖b‖ = 4.381598e-2
    MINRES iter   33  ‖r‖/‖b‖ = 4.058364e-2
    MINRES iter   34  ‖r‖/‖b‖ = 3.963735e-2
    MINRES iter   35  ‖r‖/‖b‖ = 3.834588e-2
    MINRES iter   36  ‖r‖/‖b‖ = 3.600296e-2
    MINRES iter   37  ‖r‖/‖b‖ = 3.597386e-2
    MINRES iter   38  ‖r‖/‖b‖ = 3.340227e-2
    MINRES iter   39  ‖r‖/‖b‖ = 3.306832e-2
    MINRES iter   40  ‖r‖/‖b‖ = 3.153491e-2
    MINRES iter   41  ‖r‖/‖b‖ = 3.011890e-2
    MINRES iter   42  ‖r‖/‖b‖ = 2.985795e-2
    MINRES iter   43  ‖r‖/‖b‖ = 2.790743e-2
    MINRES iter   44  ‖r‖/‖b‖ = 2.785880e-2
    MINRES iter   45  ‖r‖/‖b‖ = 2.648005e-2
    MINRES iter   46  ‖r‖/‖b‖ = 2.565374e-2
    MINRES iter   47  ‖r‖/‖b‖ = 2.522701e-2
    MINRES iter   48  ‖r‖/‖b‖ = 2.377294e-2
    MINRES iter   49  ‖r‖/‖b‖ = 2.376959e-2
    MINRES iter   50  ‖r‖/‖b‖ = 2.234049e-2
    MINRES iter   51  ‖r‖/‖b‖ = 2.203324e-2
    MINRES iter   52  ‖r‖/‖b‖ = 2.142996e-2
    MINRES iter   53  ‖r‖/‖b‖ = 2.052855e-2
    MINRES iter   54  ‖r‖/‖b‖ = 2.047901e-2
    MINRES iter   55  ‖r‖/‖b‖ = 1.929800e-2
    MINRES iter   56  ‖r‖/‖b‖ = 1.922266e-2
    MINRES iter   57  ‖r‖/‖b‖ = 1.844768e-2
    MINRES iter   58  ‖r‖/‖b‖ = 1.793174e-2
    MINRES iter   59  ‖r‖/‖b‖ = 1.774162e-2
    MINRES iter   60  ‖r‖/‖b‖ = 1.682600e-2
    MINRES iter   61  ‖r‖/‖b‖ = 1.681792e-2
    MINRES iter   62  ‖r‖/‖b‖ = 1.605918e-2
    MINRES iter   63  ‖r‖/‖b‖ = 1.577148e-2
    MINRES iter   64  ‖r‖/‖b‖ = 1.545946e-2
    MINRES iter   65  ‖r‖/‖b‖ = 1.482866e-2
    MINRES iter   66  ‖r‖/‖b‖ = 1.481720e-2
    MINRES iter   67  ‖r‖/‖b‖ = 1.411142e-2
    MINRES iter   68  ‖r‖/‖b‖ = 1.399733e-2
    MINRES iter   69  ‖r‖/‖b‖ = 1.361491e-2
    MINRES iter   70  ‖r‖/‖b‖ = 1.317361e-2
    MINRES iter   71  ‖r‖/‖b‖ = 1.311616e-2
    MINRES iter   72  ‖r‖/‖b‖ = 1.251002e-2
    MINRES iter   73  ‖r‖/‖b‖ = 1.248634e-2
    MINRES iter   74  ‖r‖/‖b‖ = 1.206501e-2
    MINRES iter   75  ‖r‖/‖b‖ = 1.181758e-2
    MINRES iter   76  ‖r‖/‖b‖ = 1.168508e-2
    MINRES iter   77  ‖r‖/‖b‖ = 1.120092e-2
    MINRES iter   78  ‖r‖/‖b‖ = 1.120083e-2
    MINRES iter   79  ‖r‖/‖b‖ = 1.073611e-2
    MINRES iter   80  ‖r‖/‖b‖ = 1.061529e-2
    MINRES iter   81  ‖r‖/‖b‖ = 1.041525e-2
    MINRES iter   82  ‖r‖/‖b‖ = 1.008304e-2
    MINRES iter   83  ‖r‖/‖b‖ = 1.006840e-2
    MINRES iter   84  ‖r‖/‖b‖ = 9.623786e-3
    MINRES iter   85  ‖r‖/‖b‖ = 9.585356e-3
    MINRES iter   86  ‖r‖/‖b‖ = 9.337550e-3
    MINRES iter   87  ‖r‖/‖b‖ = 9.113240e-3
    MINRES iter   88  ‖r‖/‖b‖ = 9.059645e-3
    MINRES iter   89  ‖r‖/‖b‖ = 8.675415e-3
    MINRES iter   90  ‖r‖/‖b‖ = 8.672191e-3
    MINRES iter   91  ‖r‖/‖b‖ = 8.388033e-3
    MINRES iter   92  ‖r‖/‖b‖ = 8.267768e-3
    MINRES iter   93  ‖r‖/‖b‖ = 8.168777e-3
    MINRES iter   94  ‖r‖/‖b‖ = 7.877327e-3
    MINRES iter   95  ‖r‖/‖b‖ = 7.875459e-3
    MINRES iter   96  ‖r‖/‖b‖ = 7.576043e-3
    MINRES iter   97  ‖r‖/‖b‖ = 7.524538e-3
    MINRES iter   98  ‖r‖/‖b‖ = 7.370202e-3
    MINRES iter   99  ‖r‖/‖b‖ = 7.172483e-3
    MINRES iter  100  ‖r‖/‖b‖ = 7.152761e-3
    MINRES iter  101  ‖r‖/‖b‖ = 6.880378e-3
    MINRES iter  102  ‖r‖/‖b‖ = 6.866300e-3
    MINRES iter  103  ‖r‖/‖b‖ = 6.677591e-3
    MINRES iter  104  ‖r‖/‖b‖ = 6.557325e-3
    MINRES iter  105  ‖r‖/‖b‖ = 6.504195e-3
    MINRES iter  106  ‖r‖/‖b‖ = 6.280089e-3
    MINRES iter  107  ‖r‖/‖b‖ = 6.279942e-3
    MINRES iter  108  ‖r‖/‖b‖ = 6.079871e-3
    MINRES iter  109  ‖r‖/‖b‖ = 6.016659e-3
    MINRES iter  110  ‖r‖/‖b‖ = 5.929982e-3
    MINRES iter  111  ‖r‖/‖b‖ = 5.756487e-3
    MINRES iter  112  ‖r‖/‖b‖ = 5.749320e-3
    MINRES iter  113  ‖r‖/‖b‖ = 5.553492e-3
    MINRES iter  114  ‖r‖/‖b‖ = 5.531101e-3
    MINRES iter  115  ‖r‖/‖b‖ = 5.412247e-3
    MINRES iter  116  ‖r‖/‖b‖ = 5.294381e-3
    MINRES iter  117  ‖r‖/‖b‖ = 5.268205e-3
    MINRES iter  118  ‖r‖/‖b‖ = 5.091646e-3
    MINRES iter  119  ‖r‖/‖b‖ = 5.088179e-3
    MINRES iter  120  ‖r‖/‖b‖ = 4.948845e-3
    MINRES iter  121  ‖r‖/‖b‖ = 4.886158e-3
    MINRES iter  122  ‖r‖/‖b‖ = 4.833465e-3
    MINRES iter  123  ‖r‖/‖b‖ = 4.693052e-3
    MINRES iter  124  ‖r‖/‖b‖ = 4.692662e-3
    MINRES iter  125  ‖r‖/‖b‖ = 4.544216e-3
    MINRES iter  126  ‖r‖/‖b‖ = 4.515216e-3
    MINRES iter  127  ‖r‖/‖b‖ = 4.436350e-3
    MINRES iter  128  ‖r‖/‖b‖ = 4.333680e-3
    MINRES iter  129  ‖r‖/‖b‖ = 4.324786e-3
    MINRES iter  130  ‖r‖/‖b‖ = 4.187204e-3
    MINRES iter  131  ‖r‖/‖b‖ = 4.177734e-3
    MINRES iter  132  ‖r‖/‖b‖ = 4.082038e-3
    MINRES iter  133  ‖r‖/‖b‖ = 4.014356e-3
    MINRES iter  134  ‖r‖/‖b‖ = 3.989086e-3
    MINRES iter  135  ‖r‖/‖b‖ = 3.868464e-3
    MINRES iter  136  ‖r‖/‖b‖ = 3.868010e-3
    MINRES iter  137  ‖r‖/‖b‖ = 3.762347e-3
    MINRES iter  138  ‖r‖/‖b‖ = 3.725729e-3
    MINRES iter  139  ‖r‖/‖b‖ = 3.683400e-3
    MINRES iter  140  ‖r‖/‖b‖ = 3.591704e-3
    MINRES iter  141  ‖r‖/‖b‖ = 3.589048e-3
    MINRES iter  142  ‖r‖/‖b‖ = 3.485999e-3
    MINRES iter  143  ‖r‖/‖b‖ = 3.473346e-3
    MINRES iter  144  ‖r‖/‖b‖ = 3.412884e-3
    MINRES iter  145  ‖r‖/‖b‖ = 3.350405e-3
    MINRES iter  146  ‖r‖/‖b‖ = 3.335929e-3
    MINRES iter  147  ‖r‖/‖b‖ = 3.229527e-3
    MINRES iter  148  ‖r‖/‖b‖ = 3.227800e-3
    MINRES iter  149  ‖r‖/‖b‖ = 3.132073e-3
    MINRES iter  150  ‖r‖/‖b‖ = 3.088222e-3
    MINRES iter  151  ‖r‖/‖b‖ = 3.054514e-3
    MINRES iter  152  ‖r‖/‖b‖ = 2.948163e-3
    MINRES iter  153  ‖r‖/‖b‖ = 2.948107e-3
    MINRES iter  154  ‖r‖/‖b‖ = 2.841277e-3
    MINRES iter  155  ‖r‖/‖b‖ = 2.818514e-3
    MINRES iter  156  ‖r‖/‖b‖ = 2.770405e-3
    MINRES iter  157  ‖r‖/‖b‖ = 2.697098e-3
    MINRES iter  158  ‖r‖/‖b‖ = 2.691713e-3
    MINRES iter  159  ‖r‖/‖b‖ = 2.594205e-3
    MINRES iter  160  ‖r‖/‖b‖ = 2.587187e-3
    MINRES iter  161  ‖r‖/‖b‖ = 2.523898e-3
    MINRES iter  162  ‖r‖/‖b‖ = 2.474568e-3
    MINRES iter  163  ‖r‖/‖b‖ = 2.459569e-3
    MINRES iter  164  ‖r‖/‖b‖ = 2.377214e-3
    MINRES iter  165  ‖r‖/‖b‖ = 2.376239e-3
    MINRES iter  166  ‖r‖/‖b‖ = 2.306803e-3
    MINRES iter  167  ‖r‖/‖b‖ = 2.280931e-3
    MINRES iter  168  ‖r‖/‖b‖ = 2.252233e-3
    MINRES iter  169  ‖r‖/‖b‖ = 2.186609e-3
    MINRES iter  170  ‖r‖/‖b‖ = 2.185810e-3
    MINRES iter  171  ‖r‖/‖b‖ = 2.112468e-3
    MINRES iter  172  ‖r‖/‖b‖ = 2.101520e-3
    MINRES iter  173  ‖r‖/‖b‖ = 2.060572e-3
    MINRES iter  174  ‖r‖/‖b‖ = 2.014205e-3
    MINRES iter  175  ‖r‖/‖b‖ = 2.007313e-3
    MINRES iter  176  ‖r‖/‖b‖ = 1.937950e-3
    MINRES iter  177  ‖r‖/‖b‖ = 1.935308e-3
    MINRES iter  178  ‖r‖/‖b‖ = 1.884549e-3
    MINRES iter  179  ‖r‖/‖b‖ = 1.855129e-3
    MINRES iter  180  ‖r‖/‖b‖ = 1.839362e-3
    MINRES iter  181  ‖r‖/‖b‖ = 1.778460e-3
    MINRES iter  182  ‖r‖/‖b‖ = 1.778460e-3
    MINRES iter  183  ‖r‖/‖b‖ = 1.718591e-3
    MINRES iter  184  ‖r‖/‖b‖ = 1.703326e-3
    MINRES iter  185  ‖r‖/‖b‖ = 1.676395e-3
    MINRES iter  186  ‖r‖/‖b‖ = 1.628854e-3
    MINRES iter  187  ‖r‖/‖b‖ = 1.626144e-3
    MINRES iter  188  ‖r‖/‖b‖ = 1.564874e-3
    MINRES iter  189  ‖r‖/‖b‖ = 1.560040e-3
    MINRES iter  190  ‖r‖/‖b‖ = 1.521297e-3
    MINRES iter  191  ‖r‖/‖b‖ = 1.487807e-3
    MINRES iter  192  ‖r‖/‖b‖ = 1.478527e-3
    MINRES iter  193  ‖r‖/‖b‖ = 1.422329e-3
    MINRES iter  194  ‖r‖/‖b‖ = 1.421855e-3
    MINRES iter  195  ‖r‖/‖b‖ = 1.373856e-3
    MINRES iter  196  ‖r‖/‖b‖ = 1.354464e-3
    MINRES iter  197  ‖r‖/‖b‖ = 1.334376e-3
    MINRES iter  198  ‖r‖/‖b‖ = 1.287125e-3
    MINRES iter  199  ‖r‖/‖b‖ = 1.286612e-3
    MINRES iter  200  ‖r‖/‖b‖ = 1.233661e-3
    MINRES iter  201  ‖r‖/‖b‖ = 1.224892e-3
    MINRES iter  202  ‖r‖/‖b‖ = 1.195141e-3
    MINRES iter  203  ‖r‖/‖b‖ = 1.158628e-3
    MINRES iter  204  ‖r‖/‖b‖ = 1.153870e-3
    MINRES iter  205  ‖r‖/‖b‖ = 1.100631e-3
    MINRES iter  206  ‖r‖/‖b‖ = 1.098424e-3
    MINRES iter  207  ‖r‖/‖b‖ = 1.059235e-3
    MINRES iter  208  ‖r‖/‖b‖ = 1.034029e-3
    MINRES iter  209  ‖r‖/‖b‖ = 1.022263e-3
    MINRES iter  210  ‖r‖/‖b‖ = 9.747833e-4
    MINRES iter  211  ‖r‖/‖b‖ = 9.747699e-4
    MINRES iter  212  ‖r‖/‖b‖ = 9.309746e-4
    MINRES iter  213  ‖r‖/‖b‖ = 9.175749e-4
    MINRES iter  214  ‖r‖/‖b‖ = 8.975712e-4
    MINRES iter  215  ‖r‖/‖b‖ = 8.615196e-4
    MINRES iter  216  ‖r‖/‖b‖ = 8.603318e-4
    MINRES iter  217  ‖r‖/‖b‖ = 8.177269e-4
    MINRES iter  218  ‖r‖/‖b‖ = 8.127458e-4
    MINRES iter  219  ‖r‖/‖b‖ = 7.870146e-4
    MINRES iter  220  ‖r‖/‖b‖ = 7.638047e-4
    MINRES iter  221  ‖r‖/‖b‖ = 7.589055e-4
    MINRES iter  222  ‖r‖/‖b‖ = 7.218872e-4
    MINRES iter  223  ‖r‖/‖b‖ = 7.210135e-4
    MINRES iter  224  ‖r‖/‖b‖ = 6.922402e-4
    MINRES iter  225  ‖r‖/‖b‖ = 6.790448e-4
    MINRES iter  226  ‖r‖/‖b‖ = 6.696332e-4
    MINRES iter  227  ‖r‖/‖b‖ = 6.413501e-4
    MINRES iter  228  ‖r‖/‖b‖ = 6.412949e-4
    MINRES iter  229  ‖r‖/‖b‖ = 6.130984e-4
    MINRES iter  230  ‖r‖/‖b‖ = 6.070232e-4
    MINRES iter  231  ‖r‖/‖b‖ = 5.937652e-4
    MINRES iter  232  ‖r‖/‖b‖ = 5.742567e-4
    MINRES iter  233  ‖r‖/‖b‖ = 5.728166e-4
    MINRES iter  234  ‖r‖/‖b‖ = 5.482186e-4
    MINRES iter  235  ‖r‖/‖b‖ = 5.465139e-4
    MINRES iter  236  ‖r‖/‖b‖ = 5.309609e-4
    MINRES iter  237  ‖r‖/‖b‖ = 5.199220e-4
    MINRES iter  238  ‖r‖/‖b‖ = 5.158780e-4
    MINRES iter  239  ‖r‖/‖b‖ = 4.964125e-4
    MINRES iter  240  ‖r‖/‖b‖ = 4.963460e-4
    MINRES iter  241  ‖r‖/‖b‖ = 4.792088e-4
    MINRES iter  242  ‖r‖/‖b‖ = 4.738776e-4
    MINRES iter  243  ‖r‖/‖b‖ = 4.666528e-4
    MINRES iter  244  ‖r‖/‖b‖ = 4.521741e-4
    MINRES iter  245  ‖r‖/‖b‖ = 4.517609e-4
    MINRES iter  246  ‖r‖/‖b‖ = 4.344986e-4
    MINRES iter  247  ‖r‖/‖b‖ = 4.322264e-4
    MINRES iter  248  ‖r‖/‖b‖ = 4.225391e-4
    MINRES iter  249  ‖r‖/‖b‖ = 4.120328e-4
    MINRES iter  250  ‖r‖/‖b‖ = 4.105386e-4
    MINRES iter  251  ‖r‖/‖b‖ = 3.950340e-4
    MINRES iter  252  ‖r‖/‖b‖ = 3.943416e-4
    MINRES iter  253  ‖r‖/‖b‖ = 3.829379e-4
    MINRES iter  254  ‖r‖/‖b‖ = 3.758626e-4
    MINRES iter  255  ‖r‖/‖b‖ = 3.724443e-4
    MINRES iter  256  ‖r‖/‖b‖ = 3.585713e-4
    MINRES iter  257  ‖r‖/‖b‖ = 3.585699e-4
    MINRES iter  258  ‖r‖/‖b‖ = 3.452008e-4
    MINRES iter  259  ‖r‖/‖b‖ = 3.416501e-4
    MINRES iter  260  ‖r‖/‖b‖ = 3.353395e-4
    MINRES iter  261  ‖r‖/‖b‖ = 3.252208e-4
    MINRES iter  262  ‖r‖/‖b‖ = 3.245949e-4
    MINRES iter  263  ‖r‖/‖b‖ = 3.117395e-4
    MINRES iter  264  ‖r‖/‖b‖ = 3.106057e-4
    MINRES iter  265  ‖r‖/‖b‖ = 3.020857e-4
    MINRES iter  266  ‖r‖/‖b‖ = 2.955595e-4
    MINRES iter  267  ‖r‖/‖b‖ = 2.934111e-4
    MINRES iter  268  ‖r‖/‖b‖ = 2.819019e-4
    MINRES iter  269  ‖r‖/‖b‖ = 2.817793e-4
    MINRES iter  270  ‖r‖/‖b‖ = 2.717512e-4
    MINRES iter  271  ‖r‖/‖b‖ = 2.679294e-4
    MINRES iter  272  ‖r‖/‖b‖ = 2.640778e-4
    MINRES iter  273  ‖r‖/‖b‖ = 2.548508e-4
    MINRES iter  274  ‖r‖/‖b‖ = 2.547133e-4
    MINRES iter  275  ‖r‖/‖b‖ = 2.444993e-4
    MINRES iter  276  ‖r‖/‖b‖ = 2.428919e-4
    MINRES iter  277  ‖r‖/‖b‖ = 2.373424e-4
    MINRES iter  278  ‖r‖/‖b‖ = 2.307981e-4
    MINRES iter  279  ‖r‖/‖b‖ = 2.298939e-4
    MINRES iter  280  ‖r‖/‖b‖ = 2.204800e-4
    MINRES iter  281  ‖r‖/‖b‖ = 2.201171e-4
    MINRES iter  282  ‖r‖/‖b‖ = 2.128966e-4
    MINRES iter  283  ‖r‖/‖b‖ = 2.088863e-4
    MINRES iter  284  ‖r‖/‖b‖ = 2.065579e-4
    MINRES iter  285  ‖r‖/‖b‖ = 1.983708e-4
    MINRES iter  286  ‖r‖/‖b‖ = 1.983706e-4
    MINRES iter  287  ‖r‖/‖b‖ = 1.904167e-4
    MINRES iter  288  ‖r‖/‖b‖ = 1.884590e-4
    MINRES iter  289  ‖r‖/‖b‖ = 1.849509e-4
    MINRES iter  290  ‖r‖/‖b‖ = 1.792301e-4
    MINRES iter  291  ‖r‖/‖b‖ = 1.789954e-4
    MINRES iter  292  ‖r‖/‖b‖ = 1.718825e-4
    MINRES iter  293  ‖r‖/‖b‖ = 1.712589e-4
    MINRES iter  294  ‖r‖/‖b‖ = 1.667666e-4
    MINRES iter  295  ‖r‖/‖b‖ = 1.633864e-4
    MINRES iter  296  ‖r‖/‖b‖ = 1.622416e-4
    MINRES iter  297  ‖r‖/‖b‖ = 1.558904e-4
    MINRES iter  298  ‖r‖/‖b‖ = 1.558606e-4
    MINRES iter  299  ‖r‖/‖b‖ = 1.490313e-4
    MINRES iter  300  ‖r‖/‖b‖ = 1.466045e-4
    MINRES iter  301  ‖r‖/‖b‖ = 1.432532e-4
    MINRES iter  302  ‖r‖/‖b‖ = 1.356625e-4
    MINRES iter  303  ‖r‖/‖b‖ = 1.355910e-4
    MINRES iter  304  ‖r‖/‖b‖ = 1.269783e-4
    MINRES iter  305  ‖r‖/‖b‖ = 1.253880e-4
    MINRES iter  306  ‖r‖/‖b‖ = 1.212787e-4
    MINRES iter  307  ‖r‖/‖b‖ = 1.159073e-4
    MINRES iter  308  ‖r‖/‖b‖ = 1.153857e-4
    MINRES iter  309  ‖r‖/‖b‖ = 1.080618e-4
    MINRES iter  310  ‖r‖/‖b‖ = 1.076618e-4
    MINRES iter  311  ‖r‖/‖b‖ = 1.025762e-4
    MINRES iter  312  ‖r‖/‖b‖ = 9.897188e-5
    MINRES iter  313  ‖r‖/‖b‖ = 9.768632e-5
    MINRES iter  314  ‖r‖/‖b‖ = 9.138591e-5
    MINRES iter  315  ‖r‖/‖b‖ = 9.135693e-5
    MINRES iter  316  ‖r‖/‖b‖ = 8.633811e-5
    MINRES iter  317  ‖r‖/‖b‖ = 8.469053e-5
    MINRES iter  318  ‖r‖/‖b‖ = 8.274917e-5
    MINRES iter  319  ‖r‖/‖b‖ = 7.868305e-5
    MINRES iter  320  ‖r‖/‖b‖ = 7.857910e-5
    MINRES iter  321  ‖r‖/‖b‖ = 7.374065e-5
    MINRES iter  322  ‖r‖/‖b‖ = 7.308117e-5
    MINRES iter  323  ‖r‖/‖b‖ = 7.031872e-5
    MINRES iter  324  ‖r‖/‖b‖ = 6.742681e-5
    MINRES iter  325  ‖r‖/‖b‖ = 6.696709e-5
    MINRES iter  326  ‖r‖/‖b‖ = 6.290964e-5
    MINRES iter  327  ‖r‖/‖b‖ = 6.276520e-5
    MINRES iter  328  ‖r‖/‖b‖ = 5.977164e-5
    MINRES iter  329  ‖r‖/‖b‖ = 5.811686e-5
    MINRES iter  330  ‖r‖/‖b‖ = 5.705791e-5
    MINRES iter  331  ‖r‖/‖b‖ = 5.371251e-5
    MINRES iter  332  ‖r‖/‖b‖ = 5.371068e-5
    MINRES iter  333  ‖r‖/‖b‖ = 5.047242e-5
    MINRES iter  334  ‖r‖/‖b‖ = 4.967889e-5
    MINRES iter  335  ‖r‖/‖b‖ = 4.812562e-5
    MINRES iter  336  ‖r‖/‖b‖ = 4.567898e-5
    MINRES iter  337  ‖r‖/‖b‖ = 4.551708e-5
    MINRES iter  338  ‖r‖/‖b‖ = 4.241768e-5
    MINRES iter  339  ‖r‖/‖b‖ = 4.217640e-5
    MINRES iter  340  ‖r‖/‖b‖ = 4.024225e-5
    MINRES iter  341  ‖r‖/‖b‖ = 3.864194e-5
    MINRES iter  342  ‖r‖/‖b‖ = 3.817596e-5
    MINRES iter  343  ‖r‖/‖b‖ = 3.549650e-5
    MINRES iter  344  ‖r‖/‖b‖ = 3.548440e-5
    MINRES iter  345  ‖r‖/‖b‖ = 3.327217e-5
    MINRES iter  346  ‖r‖/‖b‖ = 3.242168e-5
    MINRES iter  347  ‖r‖/‖b‖ = 3.162239e-5
    MINRES iter  348  ‖r‖/‖b‖ = 2.957769e-5
    MINRES iter  349  ‖r‖/‖b‖ = 2.955208e-5
    MINRES iter  350  ‖r‖/‖b‖ = 2.738468e-5
    MINRES iter  351  ‖r‖/‖b‖ = 2.706003e-5
    MINRES iter  352  ‖r‖/‖b‖ = 2.588593e-5
    MINRES iter  353  ‖r‖/‖b‖ = 2.444060e-5
    MINRES iter  354  ‖r‖/‖b‖ = 2.429338e-5
    MINRES iter  355  ‖r‖/‖b‖ = 2.234814e-5
    MINRES iter  356  ‖r‖/‖b‖ = 2.225138e-5
    MINRES iter  357  ‖r‖/‖b‖ = 2.089431e-5
    MINRES iter  358  ‖r‖/‖b‖ = 2.009339e-5
    MINRES iter  359  ‖r‖/‖b‖ = 1.969392e-5
    MINRES iter  360  ‖r‖/‖b‖ = 1.816750e-5
    MINRES iter  361  ‖r‖/‖b‖ = 1.816532e-5
    MINRES iter  362  ‖r‖/‖b‖ = 1.679085e-5
    MINRES iter  363  ‖r‖/‖b‖ = 1.639497e-5
    MINRES iter  364  ‖r‖/‖b‖ = 1.580813e-5
    MINRES iter  365  ‖r‖/‖b‖ = 1.477540e-5
    MINRES iter  366  ‖r‖/‖b‖ = 1.473646e-5
    MINRES iter  367  ‖r‖/‖b‖ = 1.352192e-5
    MINRES iter  368  ‖r‖/‖b‖ = 1.338113e-5
    MINRES iter  369  ‖r‖/‖b‖ = 1.269527e-5
    MINRES iter  370  ‖r‖/‖b‖ = 1.205805e-5
    MINRES iter  371  ‖r‖/‖b‖ = 1.191596e-5
    MINRES iter  372  ‖r‖/‖b‖ = 1.092181e-5
    MINRES iter  373  ‖r‖/‖b‖ = 1.089995e-5
    MINRES iter  374  ‖r‖/‖b‖ = 1.011472e-5
    MINRES iter  375  ‖r‖/‖b‖ = 9.729823e-6
    MINRES iter  376  ‖r‖/‖b‖ = 9.483681e-6
    MINRES iter  377  ‖r‖/‖b‖ = 8.699097e-6
    MINRES iter  378  ‖r‖/‖b‖ = 8.698580e-6
    MINRES iter  379  ‖r‖/‖b‖ = 7.960850e-6
    MINRES iter  380  ‖r‖/‖b‖ = 7.786876e-6
    MINRES iter  381  ‖r‖/‖b‖ = 7.452538e-6
    MINRES iter  382  ‖r‖/‖b‖ = 6.938291e-6
    MINRES iter  383  ‖r‖/‖b‖ = 6.911191e-6
    MINRES iter  384  ‖r‖/‖b‖ = 6.289453e-6
    MINRES iter  385  ‖r‖/‖b‖ = 6.235948e-6
    MINRES iter  386  ‖r‖/‖b‖ = 5.842419e-6
    MINRES iter  387  ‖r‖/‖b‖ = 5.534776e-6
    MINRES iter  388  ‖r‖/‖b‖ = 5.452645e-6
    MINRES iter  389  ‖r‖/‖b‖ = 4.953843e-6
    MINRES iter  390  ‖r‖/‖b‖ = 4.947897e-6
    MINRES iter  391  ‖r‖/‖b‖ = 4.538738e-6
    MINRES iter  392  ‖r‖/‖b‖ = 4.376595e-6
    MINRES iter  393  ‖r‖/‖b‖ = 4.237685e-6
    MINRES iter  394  ‖r‖/‖b‖ = 3.864939e-6
    MINRES iter  395  ‖r‖/‖b‖ = 3.863539e-6
    MINRES iter  396  ‖r‖/‖b‖ = 3.502269e-6
    MINRES iter  397  ‖r‖/‖b‖ = 3.435122e-6
    MINRES iter  398  ‖r‖/‖b‖ = 3.264922e-6
    MINRES iter  399  ‖r‖/‖b‖ = 3.035952e-6
    MINRES iter  400  ‖r‖/‖b‖ = 3.016919e-6
    MINRES iter  401  ‖r‖/‖b‖ = 2.719972e-6
    MINRES iter  402  ‖r‖/‖b‖ = 2.699175e-6
    MINRES iter  403  ‖r‖/‖b‖ = 2.510879e-6
    MINRES iter  404  ‖r‖/‖b‖ = 2.376809e-6
    MINRES iter  405  ‖r‖/‖b‖ = 2.332144e-6
    MINRES iter  406  ‖r‖/‖b‖ = 2.103238e-6
    MINRES iter  407  ‖r‖/‖b‖ = 2.101459e-6
    MINRES iter  408  ‖r‖/‖b‖ = 1.921444e-6
    MINRES iter  409  ‖r‖/‖b‖ = 1.854994e-6
    MINRES iter  410  ‖r‖/‖b‖ = 1.790297e-6
    MINRES iter  411  ‖r‖/‖b‖ = 1.636147e-6
    MINRES iter  412  ‖r‖/‖b‖ = 1.634264e-6
    MINRES iter  413  ‖r‖/‖b‖ = 1.474660e-6
    MINRES iter  414  ‖r‖/‖b‖ = 1.448194e-6
    MINRES iter  415  ‖r‖/‖b‖ = 1.372253e-6
    MINRES iter  416  ‖r‖/‖b‖ = 1.279523e-6
    MINRES iter  417  ‖r‖/‖b‖ = 1.268872e-6
    MINRES iter  418  ‖r‖/‖b‖ = 1.150385e-6
    MINRES iter  419  ‖r‖/‖b‖ = 1.144127e-6
    MINRES iter  420  ‖r‖/‖b‖ = 1.068209e-6
    MINRES iter  421  ‖r‖/‖b‖ = 1.020071e-6
    MINRES iter  422  ‖r‖/‖b‖ = 1.001233e-6
    MINRES iter  423  ‖r‖/‖b‖ = 9.239525e-7
  MINRES converged iter 423  ‖r‖/‖b‖=9.240e-7

MINRES converged in 423 iterations with a residual norm of 9.240e-7.
MINRES solver took 1.7348s.
|| u_h - u_ex || / || u_ex || = 1.211582e0
|| p_h - p_ex || / || p_ex || = 1.858395e-5
  Wrote ex5.mesh, sol_u.gf, sol_p.gf
