Number of unknowns: 81920
   Iteration :   0  (B r, r) = 0.000121033
   Iteration :   1  (B r, r) = 0.00246357
   Iteration :   2  (B r, r) = 0.00600283
   Iteration :   3  (B r, r) = 0.00516546
   Iteration :   4  (B r, r) = 0.00511174
   Iteration :   5  (B r, r) = 0.00507605
   Iteration :   6  (B r, r) = 0.00477903
   Iteration :   7  (B r, r) = 0.00476753
   Iteration :   8  (B r, r) = 0.00465872
   Iteration :   9  (B r, r) = 0.00451043
   Iteration :  10  (B r, r) = 0.00449938
   Iteration :  11  (B r, r) = 0.00401053
   Iteration :  12  (B r, r) = 0.00414563
   Iteration :  13  (B r, r) = 0.00413978
   Iteration :  14  (B r, r) = 0.00379397
   Iteration :  15  (B r, r) = 0.00389921
   Iteration :  16  (B r, r) = 0.00369326
   Iteration :  17  (B r, r) = 0.00351499
   Iteration :  18  (B r, r) = 0.00348337
   Iteration :  19  (B r, r) = 0.00337992
   Iteration :  20  (B r, r) = 0.00337366
   Iteration :  21  (B r, r) = 0.00300304
   Iteration :  22  (B r, r) = 0.00316098
   Iteration :  23  (B r, r) = 0.00290811
   Iteration :  24  (B r, r) = 0.0028823
   Iteration :  25  (B r, r) = 0.00299725
   Iteration :  26  (B r, r) = 0.00275508
   Iteration :  27  (B r, r) = 0.00273038
   Iteration :  28  (B r, r) = 0.00261458
   Iteration :  29  (B r, r) = 0.00245773
   Iteration :  30  (B r, r) = 0.00244437
   Iteration :  31  (B r, r) = 0.00244936
   Iteration :  32  (B r, r) = 0.0022937
   Iteration :  33  (B r, r) = 0.00222296
   Iteration :  34  (B r, r) = 0.00214165
   Iteration :  35  (B r, r) = 0.00209119
   Iteration :  36  (B r, r) = 0.00203167
   Iteration :  37  (B r, r) = 0.00199863
   Iteration :  38  (B r, r) = 0.0019812
   Iteration :  39  (B r, r) = 0.00182039
   Iteration :  40  (B r, r) = 0.00180312
   Iteration :  41  (B r, r) = 0.00176066
   Iteration :  42  (B r, r) = 0.00162429
   Iteration :  43  (B r, r) = 0.00168508
   Iteration :  44  (B r, r) = 0.00159055
   Iteration :  45  (B r, r) = 0.00150024
   Iteration :  46  (B r, r) = 0.00154683
   Iteration :  47  (B r, r) = 0.0014266
   Iteration :  48  (B r, r) = 0.00135042
   Iteration :  49  (B r, r) = 0.00142145
   Iteration :  50  (B r, r) = 0.00131274
   Iteration :  51  (B r, r) = 0.00123831
   Iteration :  52  (B r, r) = 0.00125964
   Iteration :  53  (B r, r) = 0.00114832
   Iteration :  54  (B r, r) = 0.00110955
   Iteration :  55  (B r, r) = 0.00108765
   Iteration :  56  (B r, r) = 0.000995551
   Iteration :  57  (B r, r) = 0.000974006
   Iteration :  58  (B r, r) = 0.00095274
   Iteration :  59  (B r, r) = 0.000870096
   Iteration :  60  (B r, r) = 0.00082329
   Iteration :  61  (B r, r) = 0.000805516
   Iteration :  62  (B r, r) = 0.000734556
   Iteration :  63  (B r, r) = 0.000708996
   Iteration :  64  (B r, r) = 0.000687383
   Iteration :  65  (B r, r) = 0.000637932
   Iteration :  66  (B r, r) = 0.000600293
   Iteration :  67  (B r, r) = 0.000573937
   Iteration :  68  (B r, r) = 0.000529861
   Iteration :  69  (B r, r) = 0.000510408
   Iteration :  70  (B r, r) = 0.000489899
   Iteration :  71  (B r, r) = 0.00044118
   Iteration :  72  (B r, r) = 0.000401276
   Iteration :  73  (B r, r) = 0.000390902
   Iteration :  74  (B r, r) = 0.00034799
   Iteration :  75  (B r, r) = 0.000330605
   Iteration :  76  (B r, r) = 0.000317494
   Iteration :  77  (B r, r) = 0.000281982
   Iteration :  78  (B r, r) = 0.000260553
   Iteration :  79  (B r, r) = 0.000241768
   Iteration :  80  (B r, r) = 0.000213714
   Iteration :  81  (B r, r) = 0.000201328
   Iteration :  82  (B r, r) = 0.000187814
   Iteration :  83  (B r, r) = 0.00016205
   Iteration :  84  (B r, r) = 0.000144816
   Iteration :  85  (B r, r) = 0.000131337
   Iteration :  86  (B r, r) = 0.000112472
   Iteration :  87  (B r, r) = 0.00010271
   Iteration :  88  (B r, r) = 9.18022e-05
   Iteration :  89  (B r, r) = 7.4837e-05
   Iteration :  90  (B r, r) = 6.37124e-05
   Iteration :  91  (B r, r) = 5.96313e-05
   Iteration :  92  (B r, r) = 4.91824e-05
   Iteration :  93  (B r, r) = 2.84448e-05
   Iteration :  94  (B r, r) = 1.97513e-05
   Iteration :  95  (B r, r) = 2.93324e-05
   Iteration :  96  (B r, r) = 5.0182e-05
   Iteration :  97  (B r, r) = 5.05871e-05
   Iteration :  98  (B r, r) = 5.43006e-05
   Iteration :  99  (B r, r) = 4.90956e-05
   Iteration : 100  (B r, r) = 4.15717e-05
   Iteration : 101  (B r, r) = 3.92488e-05
   Iteration : 102  (B r, r) = 3.08333e-05
   Iteration : 103  (B r, r) = 2.96313e-05
   Iteration : 104  (B r, r) = 2.3882e-05
   Iteration : 105  (B r, r) = 2.03434e-05
   Iteration : 106  (B r, r) = 1.7479e-05
   Iteration : 107  (B r, r) = 1.47585e-05
   Iteration : 108  (B r, r) = 1.37832e-05
   Iteration : 109  (B r, r) = 1.14775e-05
   Iteration : 110  (B r, r) = 1.0606e-05
   Iteration : 111  (B r, r) = 8.34363e-06
   Iteration : 112  (B r, r) = 7.75649e-06
   Iteration : 113  (B r, r) = 6.60709e-06
   Iteration : 114  (B r, r) = 5.73643e-06
   Iteration : 115  (B r, r) = 4.76866e-06
   Iteration : 116  (B r, r) = 4.04225e-06
   Iteration : 117  (B r, r) = 3.33597e-06
   Iteration : 118  (B r, r) = 2.96648e-06
   Iteration : 119  (B r, r) = 2.45596e-06
   Iteration : 120  (B r, r) = 2.18267e-06
   Iteration : 121  (B r, r) = 1.67919e-06
   Iteration : 122  (B r, r) = 1.41181e-06
   Iteration : 123  (B r, r) = 1.11174e-06
   Iteration : 124  (B r, r) = 9.09981e-07
   Iteration : 125  (B r, r) = 6.93775e-07
   Iteration : 126  (B r, r) = 5.71575e-07
   Iteration : 127  (B r, r) = 4.17512e-07
   Iteration : 128  (B r, r) = 3.25368e-07
   Iteration : 129  (B r, r) = 2.60711e-07
   Iteration : 130  (B r, r) = 2.20885e-07
   Iteration : 131  (B r, r) = 1.87718e-07
   Iteration : 132  (B r, r) = 1.62638e-07
   Iteration : 133  (B r, r) = 1.35204e-07
   Iteration : 134  (B r, r) = 1.13093e-07
   Iteration : 135  (B r, r) = 9.89153e-08
   Iteration : 136  (B r, r) = 8.46941e-08
   Iteration : 137  (B r, r) = 6.92807e-08
   Iteration : 138  (B r, r) = 5.92351e-08
   Iteration : 139  (B r, r) = 5.10186e-08
   Iteration : 140  (B r, r) = 4.59625e-08
   Iteration : 141  (B r, r) = 4.06288e-08
   Iteration : 142  (B r, r) = 3.52508e-08
   Iteration : 143  (B r, r) = 2.9848e-08
   Iteration : 144  (B r, r) = 2.62691e-08
   Iteration : 145  (B r, r) = 2.34801e-08
   Iteration : 146  (B r, r) = 2.0937e-08
   Iteration : 147  (B r, r) = 2.04046e-08
   Iteration : 148  (B r, r) = 1.98845e-08
   Iteration : 149  (B r, r) = 1.8669e-08
   Iteration : 150  (B r, r) = 1.84614e-08
   Iteration : 151  (B r, r) = 1.6903e-08
   Iteration : 152  (B r, r) = 1.4541e-08
   Iteration : 153  (B r, r) = 1.11455e-08
   Iteration : 154  (B r, r) = 8.01684e-09
   Iteration : 155  (B r, r) = 7.19151e-09
   Iteration : 156  (B r, r) = 6.8687e-09
   Iteration : 157  (B r, r) = 5.67534e-09
   Iteration : 158  (B r, r) = 4.73885e-09
   Iteration : 159  (B r, r) = 4.14682e-09
   Iteration : 160  (B r, r) = 3.52675e-09
   Iteration : 161  (B r, r) = 2.78493e-09
   Iteration : 162  (B r, r) = 2.37054e-09
   Iteration : 163  (B r, r) = 1.95672e-09
   Iteration : 164  (B r, r) = 1.55312e-09
   Iteration : 165  (B r, r) = 1.27942e-09
   Iteration : 166  (B r, r) = 1.01105e-09
   Iteration : 167  (B r, r) = 8.02315e-10
   Iteration : 168  (B r, r) = 6.61881e-10
   Iteration : 169  (B r, r) = 5.47177e-10
   Iteration : 170  (B r, r) = 4.40512e-10
   Iteration : 171  (B r, r) = 3.55118e-10
   Iteration : 172  (B r, r) = 2.86717e-10
   Iteration : 173  (B r, r) = 2.33248e-10
   Iteration : 174  (B r, r) = 1.88696e-10
   Iteration : 175  (B r, r) = 1.59662e-10
   Iteration : 176  (B r, r) = 1.24278e-10
   Iteration : 177  (B r, r) = 1.01113e-10
   Iteration : 178  (B r, r) = 8.31613e-11
   Iteration : 179  (B r, r) = 6.65709e-11
   Iteration : 180  (B r, r) = 5.46424e-11
   Iteration : 181  (B r, r) = 4.84e-11
   Iteration : 182  (B r, r) = 4.20568e-11
   Iteration : 183  (B r, r) = 3.56752e-11
   Iteration : 184  (B r, r) = 3.23401e-11
   Iteration : 185  (B r, r) = 2.67173e-11
   Iteration : 186  (B r, r) = 1.88988e-11
   Iteration : 187  (B r, r) = 1.6255e-11
   Iteration : 188  (B r, r) = 1.73532e-11
   Iteration : 189  (B r, r) = 1.67395e-11
   Iteration : 190  (B r, r) = 1.41576e-11
   Iteration : 191  (B r, r) = 1.26294e-11
   Iteration : 192  (B r, r) = 1.02193e-11
   Iteration : 193  (B r, r) = 7.92765e-12
   Iteration : 194  (B r, r) = 5.86358e-12
   Iteration : 195  (B r, r) = 4.40811e-12
   Iteration : 196  (B r, r) = 3.41206e-12
   Iteration : 197  (B r, r) = 2.66428e-12
   Iteration : 198  (B r, r) = 2.19477e-12
   Iteration : 199  (B r, r) = 1.92585e-12
   Iteration : 200  (B r, r) = 1.57386e-12
   Iteration : 201  (B r, r) = 1.31126e-12
   Iteration : 202  (B r, r) = 1.02908e-12
   Iteration : 203  (B r, r) = 7.9248e-13
   Iteration : 204  (B r, r) = 6.29746e-13
   Iteration : 205  (B r, r) = 4.66578e-13
   Iteration : 206  (B r, r) = 3.62844e-13
   Iteration : 207  (B r, r) = 2.86228e-13
   Iteration : 208  (B r, r) = 2.38709e-13
   Iteration : 209  (B r, r) = 1.92275e-13
   Iteration : 210  (B r, r) = 1.53115e-13
   Iteration : 211  (B r, r) = 1.28421e-13
   Iteration : 212  (B r, r) = 1.14904e-13
   Iteration : 213  (B r, r) = 1.09923e-13
   Iteration : 214  (B r, r) = 1.04202e-13
   Iteration : 215  (B r, r) = 1.04658e-13
   Iteration : 216  (B r, r) = 1.09707e-13
   Iteration : 217  (B r, r) = 1.2586e-13
   Iteration : 218  (B r, r) = 1.44902e-13
   Iteration : 219  (B r, r) = 1.73938e-13
   Iteration : 220  (B r, r) = 2.10554e-13
   Iteration : 221  (B r, r) = 2.46853e-13
   Iteration : 222  (B r, r) = 2.83813e-13
   Iteration : 223  (B r, r) = 3.07029e-13
   Iteration : 224  (B r, r) = 3.23988e-13
   Iteration : 225  (B r, r) = 3.34893e-13
   Iteration : 226  (B r, r) = 3.11662e-13
   Iteration : 227  (B r, r) = 2.84905e-13
   Iteration : 228  (B r, r) = 2.65087e-13
   Iteration : 229  (B r, r) = 2.50617e-13
   Iteration : 230  (B r, r) = 2.5024e-13
   Iteration : 231  (B r, r) = 2.56213e-13
   Iteration : 232  (B r, r) = 2.56173e-13
   Iteration : 233  (B r, r) = 2.80113e-13
   Iteration : 234  (B r, r) = 2.74308e-13
   Iteration : 235  (B r, r) = 2.25117e-13
   Iteration : 236  (B r, r) = 1.91145e-13
   Iteration : 237  (B r, r) = 1.73009e-13
   Iteration : 238  (B r, r) = 1.48605e-13
   Iteration : 239  (B r, r) = 1.35723e-13
   Iteration : 240  (B r, r) = 1.18496e-13
   Iteration : 241  (B r, r) = 1.04203e-13
   Iteration : 242  (B r, r) = 8.82118e-14
   Iteration : 243  (B r, r) = 6.95711e-14
   Iteration : 244  (B r, r) = 5.77921e-14
   Iteration : 245  (B r, r) = 5.50896e-14
   Iteration : 246  (B r, r) = 5.26932e-14
   Iteration : 247  (B r, r) = 4.72933e-14
   Iteration : 248  (B r, r) = 4.10947e-14
   Iteration : 249  (B r, r) = 3.52197e-14
   Iteration : 250  (B r, r) = 3.16081e-14
   Iteration : 251  (B r, r) = 2.73275e-14
   Iteration : 252  (B r, r) = 2.39792e-14
   Iteration : 253  (B r, r) = 2.14387e-14
   Iteration : 254  (B r, r) = 1.881e-14
   Iteration : 255  (B r, r) = 1.63973e-14
   Iteration : 256  (B r, r) = 1.48741e-14
   Iteration : 257  (B r, r) = 1.33329e-14
   Iteration : 258  (B r, r) = 1.19585e-14
   Iteration : 259  (B r, r) = 1.17303e-14
   Iteration : 260  (B r, r) = 1.13284e-14
   Iteration : 261  (B r, r) = 1.12933e-14
   Iteration : 262  (B r, r) = 1.16991e-14
   Iteration : 263  (B r, r) = 1.1818e-14
   Iteration : 264  (B r, r) = 1.11693e-14
   Iteration : 265  (B r, r) = 1.10276e-14
   Iteration : 266  (B r, r) = 1.0811e-14
   Iteration : 267  (B r, r) = 9.69532e-15
   Iteration : 268  (B r, r) = 8.47725e-15
   Iteration : 269  (B r, r) = 6.88776e-15
   Iteration : 270  (B r, r) = 5.58854e-15
   Iteration : 271  (B r, r) = 4.5507e-15
   Iteration : 272  (B r, r) = 3.26297e-15
   Iteration : 273  (B r, r) = 2.52994e-15
   Iteration : 274  (B r, r) = 1.9245e-15
   Iteration : 275  (B r, r) = 1.46054e-15
   Iteration : 276  (B r, r) = 1.31899e-15
   Iteration : 277  (B r, r) = 1.19292e-15
   Iteration : 278  (B r, r) = 1.08107e-15
   Iteration : 279  (B r, r) = 9.78364e-16
   Iteration : 280  (B r, r) = 9.18676e-16
   Iteration : 281  (B r, r) = 7.93026e-16
   Iteration : 282  (B r, r) = 6.16632e-16
   Iteration : 283  (B r, r) = 4.67626e-16
   Iteration : 284  (B r, r) = 3.89931e-16
   Iteration : 285  (B r, r) = 3.44942e-16
   Iteration : 286  (B r, r) = 3.04702e-16
   Iteration : 287  (B r, r) = 2.78973e-16
   Iteration : 288  (B r, r) = 2.44488e-16
   Iteration : 289  (B r, r) = 2.42907e-16
   Iteration : 290  (B r, r) = 2.32563e-16
   Iteration : 291  (B r, r) = 2.24633e-16
   Iteration : 292  (B r, r) = 2.32623e-16
   Iteration : 293  (B r, r) = 2.47822e-16
   Iteration : 294  (B r, r) = 2.67785e-16
   Iteration : 295  (B r, r) = 3.03085e-16
   Iteration : 296  (B r, r) = 3.21957e-16
   Iteration : 297  (B r, r) = 3.40383e-16
   Iteration : 298  (B r, r) = 3.58711e-16
   Iteration : 299  (B r, r) = 3.70772e-16
   Iteration : 300  (B r, r) = 3.79236e-16
   Iteration : 301  (B r, r) = 3.74767e-16
   Iteration : 302  (B r, r) = 3.52678e-16
   Iteration : 303  (B r, r) = 3.1214e-16
   Iteration : 304  (B r, r) = 2.67049e-16
   Iteration : 305  (B r, r) = 2.11358e-16
   Iteration : 306  (B r, r) = 1.68107e-16
   Iteration : 307  (B r, r) = 1.35084e-16
   Iteration : 308  (B r, r) = 1.14104e-16
   Iteration : 309  (B r, r) = 9.44828e-17
   Iteration : 310  (B r, r) = 7.70849e-17
   Iteration : 311  (B r, r) = 6.68339e-17
   Iteration : 312  (B r, r) = 5.46483e-17
   Iteration : 313  (B r, r) = 4.78754e-17
   Iteration : 314  (B r, r) = 4.12861e-17
   Iteration : 315  (B r, r) = 3.53461e-17
   Iteration : 316  (B r, r) = 3.01352e-17
   Iteration : 317  (B r, r) = 2.77654e-17
   Iteration : 318  (B r, r) = 2.55534e-17
   Iteration : 319  (B r, r) = 2.39421e-17
   Iteration : 320  (B r, r) = 2.19905e-17
   Iteration : 321  (B r, r) = 1.97218e-17
   Iteration : 322  (B r, r) = 1.67066e-17
   Iteration : 323  (B r, r) = 1.40365e-17
   Iteration : 324  (B r, r) = 1.16981e-17
   Iteration : 325  (B r, r) = 1.12943e-17
   Iteration : 326  (B r, r) = 1.18295e-17
   Iteration : 327  (B r, r) = 1.35084e-17
   Iteration : 328  (B r, r) = 1.46154e-17
   Iteration : 329  (B r, r) = 1.49694e-17
   Iteration : 330  (B r, r) = 1.45889e-17
   Iteration : 331  (B r, r) = 1.42697e-17
   Iteration : 332  (B r, r) = 1.31384e-17
   Iteration : 333  (B r, r) = 1.28053e-17
   Iteration : 334  (B r, r) = 1.08394e-17
   Iteration : 335  (B r, r) = 8.9022e-18
   Iteration : 336  (B r, r) = 7.50191e-18
   Iteration : 337  (B r, r) = 6.66902e-18
   Iteration : 338  (B r, r) = 6.26803e-18
   Iteration : 339  (B r, r) = 5.86196e-18
   Iteration : 340  (B r, r) = 4.9504e-18
   Iteration : 341  (B r, r) = 4.5171e-18
   Iteration : 342  (B r, r) = 4.4572e-18
   Iteration : 343  (B r, r) = 4.77712e-18
   Iteration : 344  (B r, r) = 5.13928e-18
   Iteration : 345  (B r, r) = 5.51495e-18
   Iteration : 346  (B r, r) = 6.17333e-18
   Iteration : 347  (B r, r) = 6.78908e-18
   Iteration : 348  (B r, r) = 7.40448e-18
   Iteration : 349  (B r, r) = 7.79403e-18
   Iteration : 350  (B r, r) = 7.45801e-18
   Iteration : 351  (B r, r) = 6.87206e-18
   Iteration : 352  (B r, r) = 6.13679e-18
   Iteration : 353  (B r, r) = 4.77356e-18
   Iteration : 354  (B r, r) = 3.46234e-18
   Iteration : 355  (B r, r) = 2.41034e-18
   Iteration : 356  (B r, r) = 1.71996e-18
   Iteration : 357  (B r, r) = 1.26602e-18
   Iteration : 358  (B r, r) = 9.46431e-19
   Iteration : 359  (B r, r) = 7.12431e-19
   Iteration : 360  (B r, r) = 5.55814e-19
   Iteration : 361  (B r, r) = 4.40653e-19
   Iteration : 362  (B r, r) = 3.49692e-19
   Iteration : 363  (B r, r) = 2.68783e-19
   Iteration : 364  (B r, r) = 2.17076e-19
   Iteration : 365  (B r, r) = 1.73031e-19
   Iteration : 366  (B r, r) = 1.41766e-19
   Iteration : 367  (B r, r) = 1.14487e-19
   Iteration : 368  (B r, r) = 9.03557e-20
   Iteration : 369  (B r, r) = 7.30361e-20
   Iteration : 370  (B r, r) = 5.87863e-20
   Iteration : 371  (B r, r) = 4.78921e-20
   Iteration : 372  (B r, r) = 4.69974e-20
   Iteration : 373  (B r, r) = 5.17711e-20
   Iteration : 374  (B r, r) = 5.27789e-20
   Iteration : 375  (B r, r) = 4.95701e-20
   Iteration : 376  (B r, r) = 4.37589e-20
   Iteration : 377  (B r, r) = 3.85235e-20
   Iteration : 378  (B r, r) = 3.2245e-20
   Iteration : 379  (B r, r) = 2.55315e-20
   Iteration : 380  (B r, r) = 2.07644e-20
   Iteration : 381  (B r, r) = 1.64493e-20
   Iteration : 382  (B r, r) = 1.35027e-20
   Iteration : 383  (B r, r) = 1.32882e-20
   Iteration : 384  (B r, r) = 1.49944e-20
   Iteration : 385  (B r, r) = 1.75432e-20
   Iteration : 386  (B r, r) = 1.80683e-20
   Iteration : 387  (B r, r) = 1.6821e-20
   Iteration : 388  (B r, r) = 1.44902e-20
   Iteration : 389  (B r, r) = 1.37924e-20
   Iteration : 390  (B r, r) = 1.45866e-20
   Iteration : 391  (B r, r) = 1.43551e-20
   Iteration : 392  (B r, r) = 1.25154e-20
   Iteration : 393  (B r, r) = 1.10778e-20
   Iteration : 394  (B r, r) = 1.01018e-20
   Iteration : 395  (B r, r) = 8.54143e-21
   Iteration : 396  (B r, r) = 7.71862e-21
   Iteration : 397  (B r, r) = 7.503e-21
   Iteration : 398  (B r, r) = 6.06865e-21
   Iteration : 399  (B r, r) = 4.38551e-21
   Iteration : 400  (B r, r) = 3.05656e-21
   Iteration : 401  (B r, r) = 2.23373e-21
   Iteration : 402  (B r, r) = 1.66811e-21
   Iteration : 403  (B r, r) = 1.24742e-21
   Iteration : 404  (B r, r) = 8.95081e-22
   Iteration : 405  (B r, r) = 6.76539e-22
   Iteration : 406  (B r, r) = 5.56502e-22
   Iteration : 407  (B r, r) = 4.52313e-22
   Iteration : 408  (B r, r) = 3.55992e-22
   Iteration : 409  (B r, r) = 2.9467e-22
   Iteration : 410  (B r, r) = 2.46699e-22
   Iteration : 411  (B r, r) = 2.06157e-22
   Iteration : 412  (B r, r) = 1.78595e-22
   Iteration : 413  (B r, r) = 1.63224e-22
   Iteration : 414  (B r, r) = 1.6433e-22
   Iteration : 415  (B r, r) = 1.62005e-22
   Iteration : 416  (B r, r) = 1.63662e-22
   Iteration : 417  (B r, r) = 1.63133e-22
   Iteration : 418  (B r, r) = 1.66624e-22
   Iteration : 419  (B r, r) = 1.63456e-22
   Iteration : 420  (B r, r) = 1.38467e-22
   Iteration : 421  (B r, r) = 1.1508e-22
   Iteration : 422  (B r, r) = 9.97048e-23
   Iteration : 423  (B r, r) = 8.43284e-23
   Iteration : 424  (B r, r) = 7.10766e-23
   Iteration : 425  (B r, r) = 6.63922e-23
   Iteration : 426  (B r, r) = 6.03495e-23
   Iteration : 427  (B r, r) = 5.22512e-23
   Iteration : 428  (B r, r) = 4.33769e-23
   Iteration : 429  (B r, r) = 3.46592e-23
   Iteration : 430  (B r, r) = 2.71977e-23
   Iteration : 431  (B r, r) = 2.38356e-23
   Iteration : 432  (B r, r) = 2.2382e-23
   Iteration : 433  (B r, r) = 2.06003e-23
   Iteration : 434  (B r, r) = 2.04131e-23
   Iteration : 435  (B r, r) = 2.28187e-23
   Iteration : 436  (B r, r) = 2.62705e-23
   Iteration : 437  (B r, r) = 2.91774e-23
   Iteration : 438  (B r, r) = 2.84592e-23
   Iteration : 439  (B r, r) = 2.71783e-23
   Iteration : 440  (B r, r) = 2.36892e-23
   Iteration : 441  (B r, r) = 1.93292e-23
   Iteration : 442  (B r, r) = 1.53291e-23
   Iteration : 443  (B r, r) = 1.25715e-23
   Iteration : 444  (B r, r) = 1.11528e-23
   Iteration : 445  (B r, r) = 1.00864e-23
   Iteration : 446  (B r, r) = 8.88891e-24
   Iteration : 447  (B r, r) = 7.68828e-24
   Iteration : 448  (B r, r) = 7.08465e-24
   Iteration : 449  (B r, r) = 6.47529e-24
   Iteration : 450  (B r, r) = 5.65002e-24
   Iteration : 451  (B r, r) = 4.89013e-24
   Iteration : 452  (B r, r) = 4.44424e-24
   Iteration : 453  (B r, r) = 4.01643e-24
   Iteration : 454  (B r, r) = 3.7747e-24
   Iteration : 455  (B r, r) = 3.86107e-24
   Iteration : 456  (B r, r) = 3.91588e-24
   Iteration : 457  (B r, r) = 4.23044e-24
   Iteration : 458  (B r, r) = 4.75488e-24
   Iteration : 459  (B r, r) = 4.81337e-24
   Iteration : 460  (B r, r) = 4.36503e-24
   Iteration : 461  (B r, r) = 3.58811e-24
   Iteration : 462  (B r, r) = 2.87324e-24
   Iteration : 463  (B r, r) = 2.32756e-24
   Iteration : 464  (B r, r) = 1.9218e-24
   Iteration : 465  (B r, r) = 1.58206e-24
   Iteration : 466  (B r, r) = 1.24996e-24
   Iteration : 467  (B r, r) = 9.02173e-25
   Iteration : 468  (B r, r) = 5.74285e-25
   Iteration : 469  (B r, r) = 3.55049e-25
   Iteration : 470  (B r, r) = 2.6464e-25
   Iteration : 471  (B r, r) = 2.08051e-25
   Iteration : 472  (B r, r) = 1.98478e-25
   Iteration : 473  (B r, r) = 1.94831e-25
   Iteration : 474  (B r, r) = 1.73008e-25
   Iteration : 475  (B r, r) = 1.38098e-25
   Iteration : 476  (B r, r) = 9.52235e-26
   Iteration : 477  (B r, r) = 6.27574e-26
   Iteration : 478  (B r, r) = 4.74177e-26
   Iteration : 479  (B r, r) = 3.8287e-26
   Iteration : 480  (B r, r) = 3.81336e-26
   Iteration : 481  (B r, r) = 3.751e-26
   Iteration : 482  (B r, r) = 3.29611e-26
   Iteration : 483  (B r, r) = 3.01935e-26
   Iteration : 484  (B r, r) = 2.92726e-26
   Iteration : 485  (B r, r) = 2.72421e-26
   Iteration : 486  (B r, r) = 2.17769e-26
   Iteration : 487  (B r, r) = 1.65091e-26
   Iteration : 488  (B r, r) = 1.37064e-26
   Iteration : 489  (B r, r) = 1.23857e-26
   Iteration : 490  (B r, r) = 1.24827e-26
   Iteration : 491  (B r, r) = 1.35178e-26
   Iteration : 492  (B r, r) = 1.44592e-26
   Iteration : 493  (B r, r) = 1.44048e-26
   Iteration : 494  (B r, r) = 1.39007e-26
   Iteration : 495  (B r, r) = 1.39535e-26
   Iteration : 496  (B r, r) = 1.35979e-26
   Iteration : 497  (B r, r) = 1.16583e-26
   Iteration : 498  (B r, r) = 9.59088e-27
   Iteration : 499  (B r, r) = 8.09937e-27
   Iteration : 500  (B r, r) = 6.94469e-27
PCG: Number of iterations: 500
Average reduction factor = 0.950077
PCG: No convergence!
