Options used:
   --mesh data/beam-tri.mesh
   --order 1
   --no-static-condensation
   --no-visualization
Number of finite element unknowns: 4386
Assembling: r.h.s. ... matrix ... done.
Size of linear system: 4386
   Iteration :   0  (B r, r) = 3.24161e-06
   Iteration :   1  (B r, r) = 2.11966e-06
   Iteration :   2  (B r, r) = 1.92232e-06
   Iteration :   3  (B r, r) = 3.10704e-06
   Iteration :   4  (B r, r) = 2.71949e-06
   Iteration :   5  (B r, r) = 3.50171e-06
   Iteration :   6  (B r, r) = 3.64329e-06
   Iteration :   7  (B r, r) = 4.79969e-06
   Iteration :   8  (B r, r) = 5.28938e-06
   Iteration :   9  (B r, r) = 8.04512e-06
   Iteration :  10  (B r, r) = 7.55903e-06
   Iteration :  11  (B r, r) = 7.91767e-06
   Iteration :  12  (B r, r) = 7.2967e-06
   Iteration :  13  (B r, r) = 7.65732e-06
   Iteration :  14  (B r, r) = 7.61296e-06
   Iteration :  15  (B r, r) = 9.03536e-06
   Iteration :  16  (B r, r) = 8.08739e-06
   Iteration :  17  (B r, r) = 6.93385e-06
   Iteration :  18  (B r, r) = 7.33255e-06
   Iteration :  19  (B r, r) = 7.68049e-06
   Iteration :  20  (B r, r) = 8.50973e-06
   Iteration :  21  (B r, r) = 9.31221e-06
   Iteration :  22  (B r, r) = 9.41836e-06
   Iteration :  23  (B r, r) = 9.4291e-06
   Iteration :  24  (B r, r) = 9.88183e-06
   Iteration :  25  (B r, r) = 1.14885e-05
   Iteration :  26  (B r, r) = 1.23264e-05
   Iteration :  27  (B r, r) = 1.18995e-05
   Iteration :  28  (B r, r) = 1.05113e-05
   Iteration :  29  (B r, r) = 1.03368e-05
   Iteration :  30  (B r, r) = 1.05493e-05
   Iteration :  31  (B r, r) = 1.20478e-05
   Iteration :  32  (B r, r) = 1.1576e-05
   Iteration :  33  (B r, r) = 1.04675e-05
   Iteration :  34  (B r, r) = 1.06361e-05
   Iteration :  35  (B r, r) = 1.07981e-05
   Iteration :  36  (B r, r) = 1.18755e-05
   Iteration :  37  (B r, r) = 1.26817e-05
   Iteration :  38  (B r, r) = 1.32129e-05
   Iteration :  39  (B r, r) = 1.34733e-05
   Iteration :  40  (B r, r) = 1.27961e-05
   Iteration :  41  (B r, r) = 1.33565e-05
   Iteration :  42  (B r, r) = 1.45197e-05
   Iteration :  43  (B r, r) = 1.37819e-05
   Iteration :  44  (B r, r) = 1.26804e-05
   Iteration :  45  (B r, r) = 1.24094e-05
   Iteration :  46  (B r, r) = 1.21693e-05
   Iteration :  47  (B r, r) = 1.29139e-05
   Iteration :  48  (B r, r) = 1.23241e-05
   Iteration :  49  (B r, r) = 1.17724e-05
   Iteration :  50  (B r, r) = 1.19161e-05
   Iteration :  51  (B r, r) = 1.33094e-05
   Iteration :  52  (B r, r) = 1.52406e-05
   Iteration :  53  (B r, r) = 1.79117e-05
   Iteration :  54  (B r, r) = 1.9368e-05
   Iteration :  55  (B r, r) = 1.66573e-05
   Iteration :  56  (B r, r) = 1.12213e-05
   Iteration :  57  (B r, r) = 6.98144e-06
   Iteration :  58  (B r, r) = 4.75433e-06
   Iteration :  59  (B r, r) = 3.21018e-06
   Iteration :  60  (B r, r) = 3.45599e-06
   Iteration :  61  (B r, r) = 6.04599e-06
   Iteration :  62  (B r, r) = 9.71738e-06
   Iteration :  63  (B r, r) = 9.26658e-06
   Iteration :  64  (B r, r) = 7.81872e-06
   Iteration :  65  (B r, r) = 9.81956e-06
   Iteration :  66  (B r, r) = 1.52202e-05
   Iteration :  67  (B r, r) = 1.69458e-05
   Iteration :  68  (B r, r) = 2.20628e-05
   Iteration :  69  (B r, r) = 4.02115e-05
   Iteration :  70  (B r, r) = 6.10213e-05
   Iteration :  71  (B r, r) = 7.1058e-05
   Iteration :  72  (B r, r) = 7.47532e-05
   Iteration :  73  (B r, r) = 5.84603e-05
   Iteration :  74  (B r, r) = 5.88881e-05
   Iteration :  75  (B r, r) = 6.11664e-05
   Iteration :  76  (B r, r) = 5.99345e-05
   Iteration :  77  (B r, r) = 5.87451e-05
   Iteration :  78  (B r, r) = 4.29941e-05
   Iteration :  79  (B r, r) = 3.99757e-05
   Iteration :  80  (B r, r) = 4.38901e-05
   Iteration :  81  (B r, r) = 4.14529e-05
   Iteration :  82  (B r, r) = 4.06175e-05
   Iteration :  83  (B r, r) = 4.08e-05
   Iteration :  84  (B r, r) = 3.81582e-05
   Iteration :  85  (B r, r) = 4.0703e-05
   Iteration :  86  (B r, r) = 4.91512e-05
   Iteration :  87  (B r, r) = 5.18735e-05
   Iteration :  88  (B r, r) = 4.53146e-05
   Iteration :  89  (B r, r) = 3.51325e-05
   Iteration :  90  (B r, r) = 2.99257e-05
   Iteration :  91  (B r, r) = 2.71288e-05
   Iteration :  92  (B r, r) = 2.73691e-05
   Iteration :  93  (B r, r) = 2.54554e-05
   Iteration :  94  (B r, r) = 2.26127e-05
   Iteration :  95  (B r, r) = 2.3174e-05
   Iteration :  96  (B r, r) = 2.55993e-05
   Iteration :  97  (B r, r) = 2.73759e-05
   Iteration :  98  (B r, r) = 2.5748e-05
   Iteration :  99  (B r, r) = 2.0387e-05
   Iteration : 100  (B r, r) = 1.66987e-05
   Iteration : 101  (B r, r) = 1.46878e-05
   Iteration : 102  (B r, r) = 1.55551e-05
   Iteration : 103  (B r, r) = 1.66339e-05
   Iteration : 104  (B r, r) = 1.55025e-05
   Iteration : 105  (B r, r) = 1.2587e-05
   Iteration : 106  (B r, r) = 1.28543e-05
   Iteration : 107  (B r, r) = 1.54748e-05
   Iteration : 108  (B r, r) = 1.94841e-05
   Iteration : 109  (B r, r) = 1.82465e-05
   Iteration : 110  (B r, r) = 1.39229e-05
   Iteration : 111  (B r, r) = 8.91656e-06
   Iteration : 112  (B r, r) = 7.32564e-06
   Iteration : 113  (B r, r) = 7.06521e-06
   Iteration : 114  (B r, r) = 6.15092e-06
   Iteration : 115  (B r, r) = 5.92458e-06
   Iteration : 116  (B r, r) = 6.22211e-06
   Iteration : 117  (B r, r) = 5.86314e-06
   Iteration : 118  (B r, r) = 5.81905e-06
   Iteration : 119  (B r, r) = 6.30474e-06
   Iteration : 120  (B r, r) = 7.70475e-06
   Iteration : 121  (B r, r) = 6.08572e-06
   Iteration : 122  (B r, r) = 4.32394e-06
   Iteration : 123  (B r, r) = 3.42373e-06
   Iteration : 124  (B r, r) = 3.89048e-06
   Iteration : 125  (B r, r) = 6.06832e-06
   Iteration : 126  (B r, r) = 9.46488e-06
   Iteration : 127  (B r, r) = 1.18073e-05
   Iteration : 128  (B r, r) = 1.53117e-05
   Iteration : 129  (B r, r) = 1.56067e-05
   Iteration : 130  (B r, r) = 1.79426e-05
   Iteration : 131  (B r, r) = 2.0195e-05
   Iteration : 132  (B r, r) = 2.13816e-05
   Iteration : 133  (B r, r) = 2.08054e-05
   Iteration : 134  (B r, r) = 1.97676e-05
   Iteration : 135  (B r, r) = 1.58421e-05
   Iteration : 136  (B r, r) = 1.23852e-05
   Iteration : 137  (B r, r) = 9.39959e-06
   Iteration : 138  (B r, r) = 6.44215e-06
   Iteration : 139  (B r, r) = 3.7036e-06
   Iteration : 140  (B r, r) = 2.02492e-06
   Iteration : 141  (B r, r) = 1.38667e-06
   Iteration : 142  (B r, r) = 1.01982e-06
   Iteration : 143  (B r, r) = 7.90311e-07
   Iteration : 144  (B r, r) = 5.68882e-07
   Iteration : 145  (B r, r) = 4.05811e-07
   Iteration : 146  (B r, r) = 3.15227e-07
   Iteration : 147  (B r, r) = 2.25298e-07
   Iteration : 148  (B r, r) = 1.54364e-07
   Iteration : 149  (B r, r) = 1.16648e-07
   Iteration : 150  (B r, r) = 1.13335e-07
   Iteration : 151  (B r, r) = 1.48779e-07
   Iteration : 152  (B r, r) = 1.8616e-07
   Iteration : 153  (B r, r) = 2.97934e-07
   Iteration : 154  (B r, r) = 4.62948e-07
   Iteration : 155  (B r, r) = 6.68682e-07
   Iteration : 156  (B r, r) = 1.00513e-06
   Iteration : 157  (B r, r) = 1.6139e-06
   Iteration : 158  (B r, r) = 2.69352e-06
   Iteration : 159  (B r, r) = 5.47932e-06
   Iteration : 160  (B r, r) = 1.0098e-05
   Iteration : 161  (B r, r) = 1.49282e-05
   Iteration : 162  (B r, r) = 1.80593e-05
   Iteration : 163  (B r, r) = 2.162e-05
   Iteration : 164  (B r, r) = 2.34282e-05
   Iteration : 165  (B r, r) = 2.4479e-05
   Iteration : 166  (B r, r) = 2.7642e-05
   Iteration : 167  (B r, r) = 3.45617e-05
   Iteration : 168  (B r, r) = 3.92179e-05
   Iteration : 169  (B r, r) = 3.74401e-05
   Iteration : 170  (B r, r) = 2.60008e-05
   Iteration : 171  (B r, r) = 1.24179e-05
   Iteration : 172  (B r, r) = 5.35951e-06
   Iteration : 173  (B r, r) = 2.87958e-06
   Iteration : 174  (B r, r) = 1.96792e-06
   Iteration : 175  (B r, r) = 1.5443e-06
   Iteration : 176  (B r, r) = 1.52882e-06
   Iteration : 177  (B r, r) = 1.19539e-06
   Iteration : 178  (B r, r) = 7.29449e-07
   Iteration : 179  (B r, r) = 4.29049e-07
   Iteration : 180  (B r, r) = 3.78226e-07
   Iteration : 181  (B r, r) = 3.12936e-07
   Iteration : 182  (B r, r) = 2.62467e-07
   Iteration : 183  (B r, r) = 3.34864e-07
   Iteration : 184  (B r, r) = 4.06918e-07
   Iteration : 185  (B r, r) = 4.03683e-07
   Iteration : 186  (B r, r) = 4.37126e-07
   Iteration : 187  (B r, r) = 4.36476e-07
   Iteration : 188  (B r, r) = 4.52495e-07
   Iteration : 189  (B r, r) = 4.47439e-07
   Iteration : 190  (B r, r) = 4.58197e-07
   Iteration : 191  (B r, r) = 5.39232e-07
   Iteration : 192  (B r, r) = 7.03131e-07
   Iteration : 193  (B r, r) = 8.77804e-07
   Iteration : 194  (B r, r) = 1.02039e-06
   Iteration : 195  (B r, r) = 9.57392e-07
   Iteration : 196  (B r, r) = 7.45439e-07
   Iteration : 197  (B r, r) = 5.55442e-07
   Iteration : 198  (B r, r) = 3.82481e-07
   Iteration : 199  (B r, r) = 2.68815e-07
   Iteration : 200  (B r, r) = 2.162e-07
   Iteration : 201  (B r, r) = 2.20393e-07
   Iteration : 202  (B r, r) = 2.95272e-07
   Iteration : 203  (B r, r) = 3.63818e-07
   Iteration : 204  (B r, r) = 3.892e-07
   Iteration : 205  (B r, r) = 3.90444e-07
   Iteration : 206  (B r, r) = 3.42014e-07
   Iteration : 207  (B r, r) = 2.45271e-07
   Iteration : 208  (B r, r) = 1.61711e-07
   Iteration : 209  (B r, r) = 1.15085e-07
   Iteration : 210  (B r, r) = 7.66285e-08
   Iteration : 211  (B r, r) = 4.87747e-08
   Iteration : 212  (B r, r) = 2.62029e-08
   Iteration : 213  (B r, r) = 1.58752e-08
   Iteration : 214  (B r, r) = 9.77463e-09
   Iteration : 215  (B r, r) = 5.46812e-09
   Iteration : 216  (B r, r) = 3.47947e-09
   Iteration : 217  (B r, r) = 2.55319e-09
   Iteration : 218  (B r, r) = 3.02403e-09
   Iteration : 219  (B r, r) = 3.31841e-09
   Iteration : 220  (B r, r) = 3.56619e-09
   Iteration : 221  (B r, r) = 3.86287e-09
   Iteration : 222  (B r, r) = 4.15046e-09
   Iteration : 223  (B r, r) = 4.88208e-09
   Iteration : 224  (B r, r) = 6.75488e-09
   Iteration : 225  (B r, r) = 8.0338e-09
   Iteration : 226  (B r, r) = 8.64943e-09
   Iteration : 227  (B r, r) = 1.24286e-08
   Iteration : 228  (B r, r) = 1.33322e-08
   Iteration : 229  (B r, r) = 1.11214e-08
   Iteration : 230  (B r, r) = 1.02991e-08
   Iteration : 231  (B r, r) = 9.58818e-09
   Iteration : 232  (B r, r) = 9.68791e-09
   Iteration : 233  (B r, r) = 1.22936e-08
   Iteration : 234  (B r, r) = 1.03228e-08
   Iteration : 235  (B r, r) = 7.9574e-09
   Iteration : 236  (B r, r) = 5.74022e-09
   Iteration : 237  (B r, r) = 4.28231e-09
   Iteration : 238  (B r, r) = 3.68261e-09
   Iteration : 239  (B r, r) = 2.99488e-09
   Iteration : 240  (B r, r) = 2.38454e-09
   Iteration : 241  (B r, r) = 1.84664e-09
   Iteration : 242  (B r, r) = 1.65411e-09
   Iteration : 243  (B r, r) = 1.3069e-09
   Iteration : 244  (B r, r) = 1.12803e-09
   Iteration : 245  (B r, r) = 9.40758e-10
   Iteration : 246  (B r, r) = 9.07586e-10
   Iteration : 247  (B r, r) = 8.86477e-10
   Iteration : 248  (B r, r) = 8.74543e-10
   Iteration : 249  (B r, r) = 9.21356e-10
   Iteration : 250  (B r, r) = 8.02545e-10
   Iteration : 251  (B r, r) = 5.03324e-10
   Iteration : 252  (B r, r) = 4.41168e-10
   Iteration : 253  (B r, r) = 2.92081e-10
   Iteration : 254  (B r, r) = 1.48927e-10
   Iteration : 255  (B r, r) = 6.92729e-11
   Iteration : 256  (B r, r) = 4.15935e-11
   Iteration : 257  (B r, r) = 2.2431e-11
   Iteration : 258  (B r, r) = 1.05314e-11
   Iteration : 259  (B r, r) = 6.47584e-12
   Iteration : 260  (B r, r) = 3.799e-12
   Iteration : 261  (B r, r) = 2.36337e-12
   Iteration : 262  (B r, r) = 1.09158e-12
   Iteration : 263  (B r, r) = 4.85633e-13
   Iteration : 264  (B r, r) = 2.45453e-13
   Iteration : 265  (B r, r) = 1.22935e-13
   Iteration : 266  (B r, r) = 6.67206e-14
   Iteration : 267  (B r, r) = 3.60204e-14
   Iteration : 268  (B r, r) = 1.8739e-14
Average reduction factor = 0.965229
  Wrote displaced.mesh and sol.gf
