
AMR iteration 0
Number of unknowns: 31
   Iteration :   0  (B r, r) = 0.441629
   Iteration :   1  (B r, r) = 0.00864066
   Iteration :   2  (B r, r) = 2.48721e-06
   Iteration :   3  (B r, r) = 1.90288e-09
   Iteration :   4  (B r, r) = 4.92533e-14
   Iteration :   5  (B r, r) = 2.88328e-17
   Iteration :   6  (B r, r) = 2.60367e-21
   Iteration :   7  (B r, r) = 4.61249e-40
Average reduction factor = 0.00164299

AMR iteration 1
Number of unknowns: 86
   Iteration :   0  (B r, r) = 0.19366
   Iteration :   1  (B r, r) = 0.11192
   Iteration :   2  (B r, r) = 0.00341142
   Iteration :   3  (B r, r) = 4.03724e-06
   Iteration :   4  (B r, r) = 1.28683e-07
   Iteration :   5  (B r, r) = 1.2574e-09
   Iteration :   6  (B r, r) = 1.73899e-11
   Iteration :   7  (B r, r) = 1.47026e-13
   Iteration :   8  (B r, r) = 1.7334e-16
   Iteration :   9  (B r, r) = 2.09148e-19
   Iteration :  10  (B r, r) = 3.85394e-21
   Iteration :  11  (B r, r) = 2.14474e-22
   Iteration :  12  (B r, r) = 3.95161e-24
   Iteration :  13  (B r, r) = 1.4772e-26
Average reduction factor = 0.108128

AMR iteration 2
Number of unknowns: 131
   Iteration :   0  (B r, r) = 0.190806
   Iteration :   1  (B r, r) = 0.114751
   Iteration :   2  (B r, r) = 0.00300518
   Iteration :   3  (B r, r) = 3.05352e-05
   Iteration :   4  (B r, r) = 2.22985e-07
   Iteration :   5  (B r, r) = 1.73894e-08
   Iteration :   6  (B r, r) = 5.72417e-11
   Iteration :   7  (B r, r) = 1.03174e-12
   Iteration :   8  (B r, r) = 3.62414e-15
   Iteration :   9  (B r, r) = 1.07972e-17
   Iteration :  10  (B r, r) = 1.01193e-19
   Iteration :  11  (B r, r) = 3.69638e-22
   Iteration :  12  (B r, r) = 3.54491e-23
   Iteration :  13  (B r, r) = 2.77863e-25
   Iteration :  14  (B r, r) = 8.58531e-27
Average reduction factor = 0.124382

AMR iteration 3
Number of unknowns: 301
   Iteration :   0  (B r, r) = 0.0978515
   Iteration :   1  (B r, r) = 0.074768
   Iteration :   2  (B r, r) = 0.0406731
   Iteration :   3  (B r, r) = 0.0141952
   Iteration :   4  (B r, r) = 0.000945266
   Iteration :   5  (B r, r) = 1.34643e-05
   Iteration :   6  (B r, r) = 1.46554e-07
   Iteration :   7  (B r, r) = 8.91447e-08
   Iteration :   8  (B r, r) = 5.43227e-09
   Iteration :   9  (B r, r) = 1.70038e-10
   Iteration :  10  (B r, r) = 1.94865e-11
   Iteration :  11  (B r, r) = 2.3319e-12
   Iteration :  12  (B r, r) = 1.73451e-13
   Iteration :  13  (B r, r) = 4.68098e-15
   Iteration :  14  (B r, r) = 2.39225e-16
   Iteration :  15  (B r, r) = 3.71414e-17
   Iteration :  16  (B r, r) = 1.82651e-17
   Iteration :  17  (B r, r) = 3.94096e-19
   Iteration :  18  (B r, r) = 1.26083e-20
   Iteration :  19  (B r, r) = 3.14324e-22
   Iteration :  20  (B r, r) = 7.83131e-23
   Iteration :  21  (B r, r) = 1.31814e-24
   Iteration :  22  (B r, r) = 2.24413e-26
Average reduction factor = 0.27543

AMR iteration 4
Number of unknowns: 316
   Iteration :   0  (B r, r) = 0.0800764
   Iteration :   1  (B r, r) = 0.0714476
   Iteration :   2  (B r, r) = 0.0460239
   Iteration :   3  (B r, r) = 0.0142586
   Iteration :   4  (B r, r) = 0.00251987
   Iteration :   5  (B r, r) = 4.44606e-05
   Iteration :   6  (B r, r) = 2.03001e-07
   Iteration :   7  (B r, r) = 6.5734e-08
   Iteration :   8  (B r, r) = 3.20656e-08
   Iteration :   9  (B r, r) = 8.84159e-10
   Iteration :  10  (B r, r) = 7.58417e-11
   Iteration :  11  (B r, r) = 1.1427e-11
   Iteration :  12  (B r, r) = 1.5636e-12
   Iteration :  13  (B r, r) = 9.74028e-14
   Iteration :  14  (B r, r) = 3.39433e-15
   Iteration :  15  (B r, r) = 2.07878e-16
   Iteration :  16  (B r, r) = 3.28331e-17
   Iteration :  17  (B r, r) = 1.06078e-17
   Iteration :  18  (B r, r) = 3.57075e-18
   Iteration :  19  (B r, r) = 2.13903e-19
   Iteration :  20  (B r, r) = 8.52174e-21
   Iteration :  21  (B r, r) = 2.81007e-22
   Iteration :  22  (B r, r) = 3.65748e-23
   Iteration :  23  (B r, r) = 5.67763e-24
   Iteration :  24  (B r, r) = 2.94188e-25
   Iteration :  25  (B r, r) = 4.47752e-27
Average reduction factor = 0.312572

AMR iteration 5
Number of unknowns: 361
   Iteration :   0  (B r, r) = 0.0685057
   Iteration :   1  (B r, r) = 0.0844078
   Iteration :   2  (B r, r) = 0.034868
   Iteration :   3  (B r, r) = 0.0102013
   Iteration :   4  (B r, r) = 0.00173895
   Iteration :   5  (B r, r) = 7.92616e-05
   Iteration :   6  (B r, r) = 1.33978e-06
   Iteration :   7  (B r, r) = 7.30587e-08
   Iteration :   8  (B r, r) = 2.61105e-08
   Iteration :   9  (B r, r) = 4.5172e-09
   Iteration :  10  (B r, r) = 9.72051e-11
   Iteration :  11  (B r, r) = 2.30592e-11
   Iteration :  12  (B r, r) = 2.51853e-12
   Iteration :  13  (B r, r) = 4.5599e-13
   Iteration :  14  (B r, r) = 4.72228e-14
   Iteration :  15  (B r, r) = 1.99004e-15
   Iteration :  16  (B r, r) = 7.01163e-17
   Iteration :  17  (B r, r) = 7.7903e-18
   Iteration :  18  (B r, r) = 4.43254e-18
   Iteration :  19  (B r, r) = 5.28815e-19
   Iteration :  20  (B r, r) = 7.98474e-20
   Iteration :  21  (B r, r) = 4.03939e-21
   Iteration :  22  (B r, r) = 1.40158e-22
   Iteration :  23  (B r, r) = 8.64418e-24
   Iteration :  24  (B r, r) = 2.57475e-24
   Iteration :  25  (B r, r) = 1.56031e-25
   Iteration :  26  (B r, r) = 5.02143e-27
Average reduction factor = 0.328577

AMR iteration 6
Number of unknowns: 551
   Iteration :   0  (B r, r) = 0.0562747
   Iteration :   1  (B r, r) = 0.0697208
   Iteration :   2  (B r, r) = 0.0440802
   Iteration :   3  (B r, r) = 0.0207946
   Iteration :   4  (B r, r) = 0.000949222
   Iteration :   5  (B r, r) = 0.000196551
   Iteration :   6  (B r, r) = 3.22231e-05
   Iteration :   7  (B r, r) = 2.3323e-06
   Iteration :   8  (B r, r) = 1.76863e-07
   Iteration :   9  (B r, r) = 5.72599e-09
   Iteration :  10  (B r, r) = 1.40079e-09
   Iteration :  11  (B r, r) = 1.25937e-09
   Iteration :  12  (B r, r) = 1.00853e-10
   Iteration :  13  (B r, r) = 1.82332e-11
   Iteration :  14  (B r, r) = 9.26228e-12
   Iteration :  15  (B r, r) = 1.37319e-12
   Iteration :  16  (B r, r) = 2.28685e-13
   Iteration :  17  (B r, r) = 1.42063e-14
   Iteration :  18  (B r, r) = 8.10051e-16
   Iteration :  19  (B r, r) = 2.13887e-16
   Iteration :  20  (B r, r) = 1.60695e-17
   Iteration :  21  (B r, r) = 9.38302e-19
   Iteration :  22  (B r, r) = 1.17036e-19
   Iteration :  23  (B r, r) = 1.47123e-20
   Iteration :  24  (B r, r) = 1.37526e-21
   Iteration :  25  (B r, r) = 3.28643e-22
   Iteration :  26  (B r, r) = 2.59828e-22
   Iteration :  27  (B r, r) = 4.89721e-23
   Iteration :  28  (B r, r) = 1.80267e-24
   Iteration :  29  (B r, r) = 5.2855e-25
   Iteration :  30  (B r, r) = 1.54066e-25
   Iteration :  31  (B r, r) = 3.19347e-26
Average reduction factor = 0.406382

AMR iteration 7
Number of unknowns: 906
   Iteration :   0  (B r, r) = 0.0351757
   Iteration :   1  (B r, r) = 0.0405868
   Iteration :   2  (B r, r) = 0.0261337
   Iteration :   3  (B r, r) = 0.0374394
   Iteration :   4  (B r, r) = 0.0227074
   Iteration :   5  (B r, r) = 0.0137105
   Iteration :   6  (B r, r) = 0.00915543
   Iteration :   7  (B r, r) = 0.00170989
   Iteration :   8  (B r, r) = 0.000132193
   Iteration :   9  (B r, r) = 1.4274e-05
   Iteration :  10  (B r, r) = 8.65894e-07
   Iteration :  11  (B r, r) = 1.10048e-07
   Iteration :  12  (B r, r) = 2.51709e-08
   Iteration :  13  (B r, r) = 2.46634e-08
   Iteration :  14  (B r, r) = 1.28153e-08
   Iteration :  15  (B r, r) = 4.59755e-09
   Iteration :  16  (B r, r) = 1.85171e-09
   Iteration :  17  (B r, r) = 6.20563e-10
   Iteration :  18  (B r, r) = 1.35119e-10
   Iteration :  19  (B r, r) = 4.41577e-11
   Iteration :  20  (B r, r) = 2.11181e-11
   Iteration :  21  (B r, r) = 5.70413e-12
   Iteration :  22  (B r, r) = 9.0893e-13
   Iteration :  23  (B r, r) = 1.7347e-13
   Iteration :  24  (B r, r) = 3.13134e-14
   Iteration :  25  (B r, r) = 4.46328e-15
   Iteration :  26  (B r, r) = 8.83868e-16
   Iteration :  27  (B r, r) = 2.38638e-16
   Iteration :  28  (B r, r) = 7.45899e-17
   Iteration :  29  (B r, r) = 4.7468e-17
   Iteration :  30  (B r, r) = 2.95784e-17
   Iteration :  31  (B r, r) = 1.75827e-17
   Iteration :  32  (B r, r) = 4.62685e-18
   Iteration :  33  (B r, r) = 1.65849e-19
   Iteration :  34  (B r, r) = 4.20328e-20
   Iteration :  35  (B r, r) = 2.16339e-20
   Iteration :  36  (B r, r) = 8.41727e-21
   Iteration :  37  (B r, r) = 1.75734e-21
   Iteration :  38  (B r, r) = 2.96401e-22
   Iteration :  39  (B r, r) = 6.73286e-23
   Iteration :  40  (B r, r) = 1.75162e-23
   Iteration :  41  (B r, r) = 4.65282e-24
   Iteration :  42  (B r, r) = 5.34498e-25
   Iteration :  43  (B r, r) = 4.46969e-26
   Iteration :  44  (B r, r) = 3.49276e-27
Average reduction factor = 0.519845

AMR iteration 8
Number of unknowns: 1161
   Iteration :   0  (B r, r) = 0.0224201
   Iteration :   1  (B r, r) = 0.0331424
   Iteration :   2  (B r, r) = 0.0313064
   Iteration :   3  (B r, r) = 0.0461453
   Iteration :   4  (B r, r) = 0.0240764
   Iteration :   5  (B r, r) = 0.0123054
   Iteration :   6  (B r, r) = 0.00450148
   Iteration :   7  (B r, r) = 0.00282883
   Iteration :   8  (B r, r) = 0.00135535
   Iteration :   9  (B r, r) = 0.000436024
   Iteration :  10  (B r, r) = 4.78252e-05
   Iteration :  11  (B r, r) = 1.74783e-05
   Iteration :  12  (B r, r) = 5.17515e-06
   Iteration :  13  (B r, r) = 4.3584e-07
   Iteration :  14  (B r, r) = 4.0569e-08
   Iteration :  15  (B r, r) = 3.74843e-09
   Iteration :  16  (B r, r) = 1.06066e-09
   Iteration :  17  (B r, r) = 8.50374e-10
   Iteration :  18  (B r, r) = 5.4822e-10
   Iteration :  19  (B r, r) = 3.30954e-10
   Iteration :  20  (B r, r) = 9.26025e-11
   Iteration :  21  (B r, r) = 1.02432e-10
   Iteration :  22  (B r, r) = 2.93608e-11
   Iteration :  23  (B r, r) = 5.94296e-12
   Iteration :  24  (B r, r) = 2.60218e-12
   Iteration :  25  (B r, r) = 1.53385e-12
   Iteration :  26  (B r, r) = 4.29642e-13
   Iteration :  27  (B r, r) = 1.8218e-13
   Iteration :  28  (B r, r) = 9.2806e-14
   Iteration :  29  (B r, r) = 3.32699e-14
   Iteration :  30  (B r, r) = 1.23894e-14
   Iteration :  31  (B r, r) = 3.10787e-15
   Iteration :  32  (B r, r) = 6.26661e-16
   Iteration :  33  (B r, r) = 1.271e-16
   Iteration :  34  (B r, r) = 4.96286e-17
   Iteration :  35  (B r, r) = 1.73853e-17
   Iteration :  36  (B r, r) = 2.48366e-18
   Iteration :  37  (B r, r) = 1.25899e-18
   Iteration :  38  (B r, r) = 3.01288e-19
   Iteration :  39  (B r, r) = 1.58355e-19
   Iteration :  40  (B r, r) = 1.82398e-19
   Iteration :  41  (B r, r) = 1.1626e-19
   Iteration :  42  (B r, r) = 3.43447e-20
   Iteration :  43  (B r, r) = 8.50857e-21
   Iteration :  44  (B r, r) = 1.47364e-21
   Iteration :  45  (B r, r) = 3.77781e-22
   Iteration :  46  (B r, r) = 1.88095e-22
   Iteration :  47  (B r, r) = 1.11416e-22
   Iteration :  48  (B r, r) = 5.41357e-23
   Iteration :  49  (B r, r) = 1.76232e-23
   Iteration :  50  (B r, r) = 4.46949e-24
   Iteration :  51  (B r, r) = 1.08478e-24
   Iteration :  52  (B r, r) = 1.52254e-25
   Iteration :  53  (B r, r) = 9.6256e-26
   Iteration :  54  (B r, r) = 3.54143e-26
   Iteration :  55  (B r, r) = 9.45743e-27
Average reduction factor = 0.600358

AMR iteration 9
Number of unknowns: 1636
   Iteration :   0  (B r, r) = 0.0162912
   Iteration :   1  (B r, r) = 0.0282893
   Iteration :   2  (B r, r) = 0.0256952
   Iteration :   3  (B r, r) = 0.0259039
   Iteration :   4  (B r, r) = 0.0437994
   Iteration :   5  (B r, r) = 0.0216613
   Iteration :   6  (B r, r) = 0.00793439
   Iteration :   7  (B r, r) = 0.00194779
   Iteration :   8  (B r, r) = 0.000474231
   Iteration :   9  (B r, r) = 0.000131924
   Iteration :  10  (B r, r) = 5.89212e-05
   Iteration :  11  (B r, r) = 3.05679e-05
   Iteration :  12  (B r, r) = 1.20093e-05
   Iteration :  13  (B r, r) = 5.60185e-06
   Iteration :  14  (B r, r) = 2.79179e-06
   Iteration :  15  (B r, r) = 1.06097e-06
   Iteration :  16  (B r, r) = 3.21343e-07
   Iteration :  17  (B r, r) = 8.52998e-08
   Iteration :  18  (B r, r) = 1.59464e-08
   Iteration :  19  (B r, r) = 6.78024e-09
   Iteration :  20  (B r, r) = 7.98924e-09
   Iteration :  21  (B r, r) = 9.57726e-09
   Iteration :  22  (B r, r) = 4.25933e-09
   Iteration :  23  (B r, r) = 8.62747e-10
   Iteration :  24  (B r, r) = 4.97078e-10
   Iteration :  25  (B r, r) = 4.15758e-10
   Iteration :  26  (B r, r) = 1.45136e-10
   Iteration :  27  (B r, r) = 1.02748e-10
   Iteration :  28  (B r, r) = 1.04414e-10
   Iteration :  29  (B r, r) = 3.33269e-11
   Iteration :  30  (B r, r) = 1.45813e-11
   Iteration :  31  (B r, r) = 5.2573e-12
   Iteration :  32  (B r, r) = 3.43933e-12
   Iteration :  33  (B r, r) = 9.9279e-13
   Iteration :  34  (B r, r) = 3.94342e-13
   Iteration :  35  (B r, r) = 1.49354e-13
   Iteration :  36  (B r, r) = 3.09788e-14
   Iteration :  37  (B r, r) = 1.52607e-14
   Iteration :  38  (B r, r) = 8.2253e-15
   Iteration :  39  (B r, r) = 2.47948e-15
   Iteration :  40  (B r, r) = 9.01255e-16
   Iteration :  41  (B r, r) = 4.59244e-16
   Iteration :  42  (B r, r) = 8.64372e-17
   Iteration :  43  (B r, r) = 1.46699e-17
   Iteration :  44  (B r, r) = 5.15996e-18
   Iteration :  45  (B r, r) = 1.6968e-18
   Iteration :  46  (B r, r) = 9.71548e-19
   Iteration :  47  (B r, r) = 4.85524e-19
   Iteration :  48  (B r, r) = 3.49815e-19
   Iteration :  49  (B r, r) = 3.16662e-19
   Iteration :  50  (B r, r) = 2.25747e-19
   Iteration :  51  (B r, r) = 1.48975e-19
   Iteration :  52  (B r, r) = 6.37746e-20
   Iteration :  53  (B r, r) = 2.25316e-20
   Iteration :  54  (B r, r) = 4.04053e-21
   Iteration :  55  (B r, r) = 2.17386e-21
   Iteration :  56  (B r, r) = 1.16926e-21
   Iteration :  57  (B r, r) = 7.98173e-22
   Iteration :  58  (B r, r) = 6.08079e-22
   Iteration :  59  (B r, r) = 3.11638e-22
   Iteration :  60  (B r, r) = 1.27986e-22
   Iteration :  61  (B r, r) = 3.46801e-23
   Iteration :  62  (B r, r) = 1.27323e-23
   Iteration :  63  (B r, r) = 4.05453e-24
   Iteration :  64  (B r, r) = 1.52043e-24
   Iteration :  65  (B r, r) = 3.57223e-25
   Iteration :  66  (B r, r) = 1.58166e-25
   Iteration :  67  (B r, r) = 9.54945e-26
   Iteration :  68  (B r, r) = 3.29388e-26
   Iteration :  69  (B r, r) = 1.30925e-26
Average reduction factor = 0.668958

AMR iteration 10
Number of unknowns: 2511
   Iteration :   0  (B r, r) = 0.010942
   Iteration :   1  (B r, r) = 0.017043
   Iteration :   2  (B r, r) = 0.0186447
   Iteration :   3  (B r, r) = 0.0305296
   Iteration :   4  (B r, r) = 0.0217649
   Iteration :   5  (B r, r) = 0.0173312
   Iteration :   6  (B r, r) = 0.0160462
   Iteration :   7  (B r, r) = 0.011698
   Iteration :   8  (B r, r) = 0.00885686
   Iteration :   9  (B r, r) = 0.00555871
   Iteration :  10  (B r, r) = 0.0037371
   Iteration :  11  (B r, r) = 0.00567256
   Iteration :  12  (B r, r) = 0.00333476
   Iteration :  13  (B r, r) = 0.000959441
   Iteration :  14  (B r, r) = 0.000277148
   Iteration :  15  (B r, r) = 0.000155758
   Iteration :  16  (B r, r) = 7.57994e-05
   Iteration :  17  (B r, r) = 3.23933e-05
   Iteration :  18  (B r, r) = 7.49376e-06
   Iteration :  19  (B r, r) = 3.15514e-06
   Iteration :  20  (B r, r) = 7.43027e-07
   Iteration :  21  (B r, r) = 1.22929e-07
   Iteration :  22  (B r, r) = 2.62485e-08
   Iteration :  23  (B r, r) = 1.20773e-08
   Iteration :  24  (B r, r) = 4.30068e-09
   Iteration :  25  (B r, r) = 2.66781e-09
   Iteration :  26  (B r, r) = 1.85832e-09
   Iteration :  27  (B r, r) = 1.7631e-09
   Iteration :  28  (B r, r) = 1.19427e-09
   Iteration :  29  (B r, r) = 5.25568e-10
   Iteration :  30  (B r, r) = 2.05223e-10
   Iteration :  31  (B r, r) = 1.68263e-10
   Iteration :  32  (B r, r) = 1.59722e-10
   Iteration :  33  (B r, r) = 1.23113e-10
   Iteration :  34  (B r, r) = 5.80805e-11
   Iteration :  35  (B r, r) = 2.59766e-11
   Iteration :  36  (B r, r) = 1.60319e-11
   Iteration :  37  (B r, r) = 1.62775e-11
   Iteration :  38  (B r, r) = 1.01655e-11
   Iteration :  39  (B r, r) = 5.55667e-12
   Iteration :  40  (B r, r) = 2.49399e-12
   Iteration :  41  (B r, r) = 1.74139e-12
   Iteration :  42  (B r, r) = 1.01911e-12
   Iteration :  43  (B r, r) = 4.10059e-13
   Iteration :  44  (B r, r) = 3.89848e-13
   Iteration :  45  (B r, r) = 1.96003e-13
   Iteration :  46  (B r, r) = 3.88559e-14
   Iteration :  47  (B r, r) = 1.25609e-14
   Iteration :  48  (B r, r) = 9.12895e-15
   Iteration :  49  (B r, r) = 4.82153e-15
   Iteration :  50  (B r, r) = 1.35468e-15
   Iteration :  51  (B r, r) = 5.87642e-16
   Iteration :  52  (B r, r) = 3.52137e-16
   Iteration :  53  (B r, r) = 1.16857e-16
   Iteration :  54  (B r, r) = 5.67343e-17
   Iteration :  55  (B r, r) = 1.45676e-17
   Iteration :  56  (B r, r) = 3.85341e-18
   Iteration :  57  (B r, r) = 2.01287e-18
   Iteration :  58  (B r, r) = 1.44545e-18
   Iteration :  59  (B r, r) = 7.79076e-19
   Iteration :  60  (B r, r) = 3.76082e-19
   Iteration :  61  (B r, r) = 1.8725e-19
   Iteration :  62  (B r, r) = 1.77833e-19
   Iteration :  63  (B r, r) = 1.39507e-19
   Iteration :  64  (B r, r) = 7.08053e-20
   Iteration :  65  (B r, r) = 5.48097e-20
   Iteration :  66  (B r, r) = 3.81184e-20
   Iteration :  67  (B r, r) = 4.22732e-20
   Iteration :  68  (B r, r) = 2.63277e-20
   Iteration :  69  (B r, r) = 6.78034e-21
   Iteration :  70  (B r, r) = 2.83902e-21
   Iteration :  71  (B r, r) = 8.71409e-22
   Iteration :  72  (B r, r) = 2.96192e-22
   Iteration :  73  (B r, r) = 1.23988e-22
   Iteration :  74  (B r, r) = 4.99816e-23
   Iteration :  75  (B r, r) = 2.65204e-23
   Iteration :  76  (B r, r) = 6.9517e-24
   Iteration :  77  (B r, r) = 3.35685e-24
   Iteration :  78  (B r, r) = 2.46077e-24
   Iteration :  79  (B r, r) = 2.12329e-24
   Iteration :  80  (B r, r) = 9.46954e-25
   Iteration :  81  (B r, r) = 6.90438e-25
   Iteration :  82  (B r, r) = 4.45902e-25
   Iteration :  83  (B r, r) = 2.38402e-25
   Iteration :  84  (B r, r) = 7.8042e-26
   Iteration :  85  (B r, r) = 2.84475e-26
   Iteration :  86  (B r, r) = 6.55392e-27
Average reduction factor = 0.723054

AMR iteration 11
Number of unknowns: 3771
   Iteration :   0  (B r, r) = 0.00663347
   Iteration :   1  (B r, r) = 0.0143668
   Iteration :   2  (B r, r) = 0.0196325
   Iteration :   3  (B r, r) = 0.0164978
   Iteration :   4  (B r, r) = 0.0177657
   Iteration :   5  (B r, r) = 0.0230211
   Iteration :   6  (B r, r) = 0.0190395
   Iteration :   7  (B r, r) = 0.0135923
   Iteration :   8  (B r, r) = 0.0117683
   Iteration :   9  (B r, r) = 0.00810042
   Iteration :  10  (B r, r) = 0.00621029
   Iteration :  11  (B r, r) = 0.00434655
   Iteration :  12  (B r, r) = 0.00263483
   Iteration :  13  (B r, r) = 0.00237847
   Iteration :  14  (B r, r) = 0.00207108
   Iteration :  15  (B r, r) = 0.00101507
   Iteration :  16  (B r, r) = 0.000575798
   Iteration :  17  (B r, r) = 0.000292947
   Iteration :  18  (B r, r) = 0.000107724
   Iteration :  19  (B r, r) = 3.38143e-05
   Iteration :  20  (B r, r) = 7.70389e-06
   Iteration :  21  (B r, r) = 2.7106e-06
   Iteration :  22  (B r, r) = 2.30304e-06
   Iteration :  23  (B r, r) = 1.7033e-06
   Iteration :  24  (B r, r) = 7.95932e-07
   Iteration :  25  (B r, r) = 1.67066e-07
   Iteration :  26  (B r, r) = 3.91178e-08
   Iteration :  27  (B r, r) = 9.66679e-09
   Iteration :  28  (B r, r) = 4.00717e-09
   Iteration :  29  (B r, r) = 1.13105e-09
   Iteration :  30  (B r, r) = 4.31008e-10
   Iteration :  31  (B r, r) = 1.94686e-10
   Iteration :  32  (B r, r) = 1.5825e-10
   Iteration :  33  (B r, r) = 1.07275e-10
   Iteration :  34  (B r, r) = 1.01199e-10
   Iteration :  35  (B r, r) = 8.63267e-11
   Iteration :  36  (B r, r) = 5.27239e-11
   Iteration :  37  (B r, r) = 2.4103e-11
   Iteration :  38  (B r, r) = 1.03552e-11
   Iteration :  39  (B r, r) = 7.47888e-12
   Iteration :  40  (B r, r) = 1.21312e-11
   Iteration :  41  (B r, r) = 9.36073e-12
   Iteration :  42  (B r, r) = 5.59161e-12
   Iteration :  43  (B r, r) = 3.05661e-12
   Iteration :  44  (B r, r) = 2.4003e-12
   Iteration :  45  (B r, r) = 1.28622e-12
   Iteration :  46  (B r, r) = 5.0041e-13
   Iteration :  47  (B r, r) = 4.85813e-13
   Iteration :  48  (B r, r) = 6.4112e-13
   Iteration :  49  (B r, r) = 3.33106e-13
   Iteration :  50  (B r, r) = 1.63082e-13
   Iteration :  51  (B r, r) = 1.21889e-13
   Iteration :  52  (B r, r) = 5.36811e-14
   Iteration :  53  (B r, r) = 3.7411e-14
   Iteration :  54  (B r, r) = 3.0263e-14
   Iteration :  55  (B r, r) = 1.23183e-14
   Iteration :  56  (B r, r) = 6.24474e-15
   Iteration :  57  (B r, r) = 3.46944e-15
   Iteration :  58  (B r, r) = 1.7391e-15
   Iteration :  59  (B r, r) = 9.54203e-16
   Iteration :  60  (B r, r) = 6.38658e-16
   Iteration :  61  (B r, r) = 2.22679e-16
   Iteration :  62  (B r, r) = 6.23338e-17
   Iteration :  63  (B r, r) = 2.32303e-17
   Iteration :  64  (B r, r) = 1.10328e-17
   Iteration :  65  (B r, r) = 8.11013e-18
   Iteration :  66  (B r, r) = 6.20501e-18
   Iteration :  67  (B r, r) = 3.00205e-18
   Iteration :  68  (B r, r) = 1.60165e-18
   Iteration :  69  (B r, r) = 4.53234e-19
   Iteration :  70  (B r, r) = 2.14852e-19
   Iteration :  71  (B r, r) = 1.67376e-19
   Iteration :  72  (B r, r) = 6.67658e-20
   Iteration :  73  (B r, r) = 2.69482e-20
   Iteration :  74  (B r, r) = 9.76169e-21
   Iteration :  75  (B r, r) = 5.01658e-21
   Iteration :  76  (B r, r) = 4.4676e-21
   Iteration :  77  (B r, r) = 3.11256e-21
   Iteration :  78  (B r, r) = 2.35429e-21
   Iteration :  79  (B r, r) = 1.74763e-21
   Iteration :  80  (B r, r) = 1.74246e-21
   Iteration :  81  (B r, r) = 1.5208e-21
   Iteration :  82  (B r, r) = 1.52322e-21
   Iteration :  83  (B r, r) = 1.12933e-21
   Iteration :  84  (B r, r) = 3.76342e-22
   Iteration :  85  (B r, r) = 1.62306e-22
   Iteration :  86  (B r, r) = 1.10429e-22
   Iteration :  87  (B r, r) = 5.07647e-23
   Iteration :  88  (B r, r) = 2.51033e-23
   Iteration :  89  (B r, r) = 9.97143e-24
   Iteration :  90  (B r, r) = 5.6645e-24
   Iteration :  91  (B r, r) = 4.82481e-24
   Iteration :  92  (B r, r) = 3.78104e-24
   Iteration :  93  (B r, r) = 3.56226e-24
   Iteration :  94  (B r, r) = 2.30682e-24
   Iteration :  95  (B r, r) = 1.43398e-24
   Iteration :  96  (B r, r) = 6.08116e-25
   Iteration :  97  (B r, r) = 2.14641e-25
   Iteration :  98  (B r, r) = 1.21033e-25
   Iteration :  99  (B r, r) = 4.65149e-26
   Iteration : 100  (B r, r) = 2.15377e-26
   Iteration : 101  (B r, r) = 1.23902e-26
   Iteration : 102  (B r, r) = 4.99933e-27
Average reduction factor = 0.761642

AMR iteration 12
Number of unknowns: 4796
   Iteration :   0  (B r, r) = 0.00525469
   Iteration :   1  (B r, r) = 0.0123626
   Iteration :   2  (B r, r) = 0.0185835
   Iteration :   3  (B r, r) = 0.0255372
   Iteration :   4  (B r, r) = 0.0181993
   Iteration :   5  (B r, r) = 0.0168654
   Iteration :   6  (B r, r) = 0.0140359
   Iteration :   7  (B r, r) = 0.0149698
   Iteration :   8  (B r, r) = 0.0152735
   Iteration :   9  (B r, r) = 0.0109669
   Iteration :  10  (B r, r) = 0.00737128
   Iteration :  11  (B r, r) = 0.00395705
   Iteration :  12  (B r, r) = 0.00205048
   Iteration :  13  (B r, r) = 0.00100679
   Iteration :  14  (B r, r) = 0.000646244
   Iteration :  15  (B r, r) = 0.000461553
   Iteration :  16  (B r, r) = 0.000277745
   Iteration :  17  (B r, r) = 0.000214904
   Iteration :  18  (B r, r) = 0.000181181
   Iteration :  19  (B r, r) = 0.000158502
   Iteration :  20  (B r, r) = 7.52996e-05
   Iteration :  21  (B r, r) = 3.03081e-05
   Iteration :  22  (B r, r) = 1.99568e-05
   Iteration :  23  (B r, r) = 1.8215e-05
   Iteration :  24  (B r, r) = 1.13837e-05
   Iteration :  25  (B r, r) = 3.51279e-06
   Iteration :  26  (B r, r) = 1.15746e-06
   Iteration :  27  (B r, r) = 5.08721e-07
   Iteration :  28  (B r, r) = 2.19738e-07
   Iteration :  29  (B r, r) = 7.54767e-08
   Iteration :  30  (B r, r) = 1.81082e-08
   Iteration :  31  (B r, r) = 4.86792e-09
   Iteration :  32  (B r, r) = 1.46346e-09
   Iteration :  33  (B r, r) = 6.80146e-10
   Iteration :  34  (B r, r) = 7.475e-10
   Iteration :  35  (B r, r) = 8.11762e-10
   Iteration :  36  (B r, r) = 6.81605e-10
   Iteration :  37  (B r, r) = 4.41327e-10
   Iteration :  38  (B r, r) = 3.07229e-10
   Iteration :  39  (B r, r) = 2.78626e-10
   Iteration :  40  (B r, r) = 2.32458e-10
   Iteration :  41  (B r, r) = 2.16956e-10
   Iteration :  42  (B r, r) = 1.16065e-10
   Iteration :  43  (B r, r) = 6.31337e-11
   Iteration :  44  (B r, r) = 6.92238e-11
   Iteration :  45  (B r, r) = 4.90531e-11
   Iteration :  46  (B r, r) = 2.40454e-11
   Iteration :  47  (B r, r) = 1.49954e-11
   Iteration :  48  (B r, r) = 7.9465e-12
   Iteration :  49  (B r, r) = 5.90665e-12
   Iteration :  50  (B r, r) = 5.23398e-12
   Iteration :  51  (B r, r) = 2.59319e-12
   Iteration :  52  (B r, r) = 9.567e-13
   Iteration :  53  (B r, r) = 3.45059e-13
   Iteration :  54  (B r, r) = 1.60926e-13
   Iteration :  55  (B r, r) = 1.12228e-13
   Iteration :  56  (B r, r) = 1.07802e-13
   Iteration :  57  (B r, r) = 1.42851e-13
   Iteration :  58  (B r, r) = 9.21985e-14
   Iteration :  59  (B r, r) = 3.06731e-14
   Iteration :  60  (B r, r) = 1.57849e-14
   Iteration :  61  (B r, r) = 8.85949e-15
   Iteration :  62  (B r, r) = 5.06629e-15
   Iteration :  63  (B r, r) = 3.79462e-15
   Iteration :  64  (B r, r) = 4.35954e-15
   Iteration :  65  (B r, r) = 3.06312e-15
   Iteration :  66  (B r, r) = 1.42507e-15
   Iteration :  67  (B r, r) = 1.43518e-15
   Iteration :  68  (B r, r) = 7.23198e-16
   Iteration :  69  (B r, r) = 2.91149e-16
   Iteration :  70  (B r, r) = 1.21033e-16
   Iteration :  71  (B r, r) = 5.75046e-17
   Iteration :  72  (B r, r) = 3.56197e-17
   Iteration :  73  (B r, r) = 2.13593e-17
   Iteration :  74  (B r, r) = 7.49223e-18
   Iteration :  75  (B r, r) = 3.10273e-18
   Iteration :  76  (B r, r) = 2.28822e-18
   Iteration :  77  (B r, r) = 1.73439e-18
   Iteration :  78  (B r, r) = 1.18484e-18
   Iteration :  79  (B r, r) = 6.1311e-19
   Iteration :  80  (B r, r) = 1.95255e-19
   Iteration :  81  (B r, r) = 8.14782e-20
   Iteration :  82  (B r, r) = 5.28641e-20
   Iteration :  83  (B r, r) = 2.30408e-20
   Iteration :  84  (B r, r) = 1.41753e-20
   Iteration :  85  (B r, r) = 8.8431e-21
   Iteration :  86  (B r, r) = 6.67011e-21
   Iteration :  87  (B r, r) = 5.54467e-21
   Iteration :  88  (B r, r) = 4.56346e-21
   Iteration :  89  (B r, r) = 4.65037e-21
   Iteration :  90  (B r, r) = 6.60526e-21
   Iteration :  91  (B r, r) = 5.17916e-21
   Iteration :  92  (B r, r) = 2.40513e-21
   Iteration :  93  (B r, r) = 1.36234e-21
   Iteration :  94  (B r, r) = 7.2473e-22
   Iteration :  95  (B r, r) = 2.21734e-22
   Iteration :  96  (B r, r) = 9.57028e-23
   Iteration :  97  (B r, r) = 5.05115e-23
   Iteration :  98  (B r, r) = 3.55092e-23
   Iteration :  99  (B r, r) = 1.44796e-23
   Iteration : 100  (B r, r) = 6.66106e-24
   Iteration : 101  (B r, r) = 6.75398e-24
   Iteration : 102  (B r, r) = 4.76691e-24
   Iteration : 103  (B r, r) = 2.61057e-24
   Iteration : 104  (B r, r) = 2.3789e-24
   Iteration : 105  (B r, r) = 2.43697e-24
   Iteration : 106  (B r, r) = 1.85665e-24
   Iteration : 107  (B r, r) = 1.04921e-24
   Iteration : 108  (B r, r) = 5.90914e-25
   Iteration : 109  (B r, r) = 3.43475e-25
   Iteration : 110  (B r, r) = 1.66888e-25
   Iteration : 111  (B r, r) = 7.18682e-26
   Iteration : 112  (B r, r) = 2.83984e-26
   Iteration : 113  (B r, r) = 1.21065e-26
   Iteration : 114  (B r, r) = 6.36773e-27
   Iteration : 115  (B r, r) = 3.28014e-27
Average reduction factor = 0.784806

AMR iteration 13
Number of unknowns: 6556
   Iteration :   0  (B r, r) = 0.00400623
   Iteration :   1  (B r, r) = 0.0102872
   Iteration :   2  (B r, r) = 0.0167462
   Iteration :   3  (B r, r) = 0.0141035
   Iteration :   4  (B r, r) = 0.0123119
   Iteration :   5  (B r, r) = 0.0130807
   Iteration :   6  (B r, r) = 0.0191807
   Iteration :   7  (B r, r) = 0.0195507
   Iteration :   8  (B r, r) = 0.0172834
   Iteration :   9  (B r, r) = 0.0124799
   Iteration :  10  (B r, r) = 0.00904101
   Iteration :  11  (B r, r) = 0.00749216
   Iteration :  12  (B r, r) = 0.00486047
   Iteration :  13  (B r, r) = 0.00286068
   Iteration :  14  (B r, r) = 0.00151772
   Iteration :  15  (B r, r) = 0.000761589
   Iteration :  16  (B r, r) = 0.000305893
   Iteration :  17  (B r, r) = 0.000117953
   Iteration :  18  (B r, r) = 6.67742e-05
   Iteration :  19  (B r, r) = 4.16236e-05
   Iteration :  20  (B r, r) = 2.12031e-05
   Iteration :  21  (B r, r) = 1.29326e-05
   Iteration :  22  (B r, r) = 1.04974e-05
   Iteration :  23  (B r, r) = 6.66525e-06
   Iteration :  24  (B r, r) = 2.80599e-06
   Iteration :  25  (B r, r) = 1.70037e-06
   Iteration :  26  (B r, r) = 1.28951e-06
   Iteration :  27  (B r, r) = 7.92779e-07
   Iteration :  28  (B r, r) = 6.71495e-07
   Iteration :  29  (B r, r) = 5.83491e-07
   Iteration :  30  (B r, r) = 4.95536e-07
   Iteration :  31  (B r, r) = 2.78019e-07
   Iteration :  32  (B r, r) = 1.92362e-07
   Iteration :  33  (B r, r) = 1.0619e-07
   Iteration :  34  (B r, r) = 5.79524e-08
   Iteration :  35  (B r, r) = 2.74345e-08
   Iteration :  36  (B r, r) = 1.51661e-08
   Iteration :  37  (B r, r) = 5.45333e-09
   Iteration :  38  (B r, r) = 2.08998e-09
   Iteration :  39  (B r, r) = 1.48675e-09
   Iteration :  40  (B r, r) = 1.13779e-09
   Iteration :  41  (B r, r) = 1.24036e-09
   Iteration :  42  (B r, r) = 1.54588e-09
   Iteration :  43  (B r, r) = 2.04087e-09
   Iteration :  44  (B r, r) = 1.59565e-09
   Iteration :  45  (B r, r) = 1.30521e-09
   Iteration :  46  (B r, r) = 1.10574e-09
   Iteration :  47  (B r, r) = 4.42933e-10
   Iteration :  48  (B r, r) = 1.41143e-10
   Iteration :  49  (B r, r) = 6.74393e-11
   Iteration :  50  (B r, r) = 3.99149e-11
   Iteration :  51  (B r, r) = 3.77557e-11
   Iteration :  52  (B r, r) = 5.23332e-11
   Iteration :  53  (B r, r) = 5.81029e-11
   Iteration :  54  (B r, r) = 5.00232e-11
   Iteration :  55  (B r, r) = 4.22553e-11
   Iteration :  56  (B r, r) = 2.61271e-11
   Iteration :  57  (B r, r) = 1.36746e-11
   Iteration :  58  (B r, r) = 7.2359e-12
   Iteration :  59  (B r, r) = 5.10813e-12
   Iteration :  60  (B r, r) = 4.09446e-12
   Iteration :  61  (B r, r) = 4.13819e-12
   Iteration :  62  (B r, r) = 4.06673e-12
   Iteration :  63  (B r, r) = 2.56924e-12
   Iteration :  64  (B r, r) = 9.79857e-13
   Iteration :  65  (B r, r) = 3.87509e-13
   Iteration :  66  (B r, r) = 2.169e-13
   Iteration :  67  (B r, r) = 2.09486e-13
   Iteration :  68  (B r, r) = 1.37329e-13
   Iteration :  69  (B r, r) = 7.70121e-14
   Iteration :  70  (B r, r) = 3.59344e-14
   Iteration :  71  (B r, r) = 1.49096e-14
   Iteration :  72  (B r, r) = 8.4042e-15
   Iteration :  73  (B r, r) = 5.99414e-15
   Iteration :  74  (B r, r) = 4.10623e-15
   Iteration :  75  (B r, r) = 2.81534e-15
   Iteration :  76  (B r, r) = 1.64041e-15
   Iteration :  77  (B r, r) = 1.07069e-15
   Iteration :  78  (B r, r) = 4.89074e-16
   Iteration :  79  (B r, r) = 2.44023e-16
   Iteration :  80  (B r, r) = 2.09813e-16
   Iteration :  81  (B r, r) = 1.43035e-16
   Iteration :  82  (B r, r) = 7.22423e-17
   Iteration :  83  (B r, r) = 3.8506e-17
   Iteration :  84  (B r, r) = 3.40507e-17
   Iteration :  85  (B r, r) = 3.23068e-17
   Iteration :  86  (B r, r) = 1.90131e-17
   Iteration :  87  (B r, r) = 9.56125e-18
   Iteration :  88  (B r, r) = 5.76754e-18
   Iteration :  89  (B r, r) = 4.63042e-18
   Iteration :  90  (B r, r) = 4.06602e-18
   Iteration :  91  (B r, r) = 2.98228e-18
   Iteration :  92  (B r, r) = 1.59302e-18
   Iteration :  93  (B r, r) = 7.60332e-19
   Iteration :  94  (B r, r) = 2.98158e-19
   Iteration :  95  (B r, r) = 1.97624e-19
   Iteration :  96  (B r, r) = 1.59245e-19
   Iteration :  97  (B r, r) = 9.30986e-20
   Iteration :  98  (B r, r) = 4.59537e-20
   Iteration :  99  (B r, r) = 2.1472e-20
   Iteration : 100  (B r, r) = 1.12959e-20
   Iteration : 101  (B r, r) = 7.21938e-21
   Iteration : 102  (B r, r) = 2.80051e-21
   Iteration : 103  (B r, r) = 1.27554e-21
   Iteration : 104  (B r, r) = 1.40705e-21
   Iteration : 105  (B r, r) = 1.37144e-21
   Iteration : 106  (B r, r) = 8.27506e-22
   Iteration : 107  (B r, r) = 5.04157e-22
   Iteration : 108  (B r, r) = 4.0018e-22
   Iteration : 109  (B r, r) = 3.52037e-22
   Iteration : 110  (B r, r) = 3.59457e-22
   Iteration : 111  (B r, r) = 4.32908e-22
   Iteration : 112  (B r, r) = 3.15098e-22
   Iteration : 113  (B r, r) = 2.29603e-22
   Iteration : 114  (B r, r) = 2.37806e-22
   Iteration : 115  (B r, r) = 2.24822e-22
   Iteration : 116  (B r, r) = 1.44021e-22
   Iteration : 117  (B r, r) = 1.15283e-22
   Iteration : 118  (B r, r) = 6.47011e-23
   Iteration : 119  (B r, r) = 2.48054e-23
   Iteration : 120  (B r, r) = 1.3349e-23
   Iteration : 121  (B r, r) = 6.52481e-24
   Iteration : 122  (B r, r) = 4.56687e-24
   Iteration : 123  (B r, r) = 3.00856e-24
   Iteration : 124  (B r, r) = 1.17076e-24
   Iteration : 125  (B r, r) = 6.80438e-25
   Iteration : 126  (B r, r) = 6.36036e-25
   Iteration : 127  (B r, r) = 5.0726e-25
   Iteration : 128  (B r, r) = 4.37148e-25
   Iteration : 129  (B r, r) = 3.35271e-25
   Iteration : 130  (B r, r) = 4.06865e-25
   Iteration : 131  (B r, r) = 4.55641e-25
   Iteration : 132  (B r, r) = 3.32003e-25
   Iteration : 133  (B r, r) = 1.35725e-25
   Iteration : 134  (B r, r) = 7.61653e-26
   Iteration : 135  (B r, r) = 4.01751e-26
   Iteration : 136  (B r, r) = 2.06329e-26
   Iteration : 137  (B r, r) = 6.86413e-27
   Iteration : 138  (B r, r) = 2.82444e-27
Average reduction factor = 0.817511

AMR iteration 14
Number of unknowns: 11441
   Iteration :   0  (B r, r) = 0.00236432
   Iteration :   1  (B r, r) = 0.00591095
   Iteration :   2  (B r, r) = 0.00734534
   Iteration :   3  (B r, r) = 0.0105215
   Iteration :   4  (B r, r) = 0.0129399
   Iteration :   5  (B r, r) = 0.0115494
   Iteration :   6  (B r, r) = 0.0105385
   Iteration :   7  (B r, r) = 0.00830188
   Iteration :   8  (B r, r) = 0.00747268
   Iteration :   9  (B r, r) = 0.00825974
   Iteration :  10  (B r, r) = 0.00825804
   Iteration :  11  (B r, r) = 0.00866828
   Iteration :  12  (B r, r) = 0.00824979
   Iteration :  13  (B r, r) = 0.00744659
   Iteration :  14  (B r, r) = 0.0071878
   Iteration :  15  (B r, r) = 0.00717135
   Iteration :  16  (B r, r) = 0.00677286
   Iteration :  17  (B r, r) = 0.00515921
   Iteration :  18  (B r, r) = 0.00321049
   Iteration :  19  (B r, r) = 0.00291946
   Iteration :  20  (B r, r) = 0.00313996
   Iteration :  21  (B r, r) = 0.00282599
   Iteration :  22  (B r, r) = 0.00263959
   Iteration :  23  (B r, r) = 0.00231737
   Iteration :  24  (B r, r) = 0.00306243
   Iteration :  25  (B r, r) = 0.0022732
   Iteration :  26  (B r, r) = 0.00116014
   Iteration :  27  (B r, r) = 0.000581205
   Iteration :  28  (B r, r) = 0.000373373
   Iteration :  29  (B r, r) = 0.00022331
   Iteration :  30  (B r, r) = 0.000164663
   Iteration :  31  (B r, r) = 0.000121032
   Iteration :  32  (B r, r) = 8.65052e-05
   Iteration :  33  (B r, r) = 5.77495e-05
   Iteration :  34  (B r, r) = 3.84224e-05
   Iteration :  35  (B r, r) = 2.31389e-05
   Iteration :  36  (B r, r) = 1.79267e-05
   Iteration :  37  (B r, r) = 1.14558e-05
   Iteration :  38  (B r, r) = 8.08221e-06
   Iteration :  39  (B r, r) = 5.62092e-06
   Iteration :  40  (B r, r) = 2.86731e-06
   Iteration :  41  (B r, r) = 1.22834e-06
   Iteration :  42  (B r, r) = 6.68498e-07
   Iteration :  43  (B r, r) = 3.63047e-07
   Iteration :  44  (B r, r) = 1.90382e-07
   Iteration :  45  (B r, r) = 9.25931e-08
   Iteration :  46  (B r, r) = 4.89866e-08
   Iteration :  47  (B r, r) = 3.7802e-08
   Iteration :  48  (B r, r) = 2.2082e-08
   Iteration :  49  (B r, r) = 8.5253e-09
   Iteration :  50  (B r, r) = 2.91753e-09
   Iteration :  51  (B r, r) = 1.24111e-09
   Iteration :  52  (B r, r) = 7.44758e-10
   Iteration :  53  (B r, r) = 6.10748e-10
   Iteration :  54  (B r, r) = 5.04599e-10
   Iteration :  55  (B r, r) = 3.60343e-10
   Iteration :  56  (B r, r) = 2.60717e-10
   Iteration :  57  (B r, r) = 2.156e-10
   Iteration :  58  (B r, r) = 1.67569e-10
   Iteration :  59  (B r, r) = 2.05086e-10
   Iteration :  60  (B r, r) = 2.51634e-10
   Iteration :  61  (B r, r) = 2.48094e-10
   Iteration :  62  (B r, r) = 1.92272e-10
   Iteration :  63  (B r, r) = 1.59358e-10
   Iteration :  64  (B r, r) = 1.10848e-10
   Iteration :  65  (B r, r) = 8.03679e-11
   Iteration :  66  (B r, r) = 5.35363e-11
   Iteration :  67  (B r, r) = 3.53087e-11
   Iteration :  68  (B r, r) = 2.20292e-11
   Iteration :  69  (B r, r) = 1.36367e-11
   Iteration :  70  (B r, r) = 1.706e-11
   Iteration :  71  (B r, r) = 2.18859e-11
   Iteration :  72  (B r, r) = 2.43712e-11
   Iteration :  73  (B r, r) = 2.138e-11
   Iteration :  74  (B r, r) = 1.55043e-11
   Iteration :  75  (B r, r) = 1.1403e-11
   Iteration :  76  (B r, r) = 9.87788e-12
   Iteration :  77  (B r, r) = 7.01583e-12
   Iteration :  78  (B r, r) = 3.05306e-12
   Iteration :  79  (B r, r) = 1.6242e-12
   Iteration :  80  (B r, r) = 1.27588e-12
   Iteration :  81  (B r, r) = 1.64318e-12
   Iteration :  82  (B r, r) = 2.06011e-12
   Iteration :  83  (B r, r) = 2.04449e-12
   Iteration :  84  (B r, r) = 1.54675e-12
   Iteration :  85  (B r, r) = 9.73006e-13
   Iteration :  86  (B r, r) = 4.65502e-13
   Iteration :  87  (B r, r) = 2.44012e-13
   Iteration :  88  (B r, r) = 1.76535e-13
   Iteration :  89  (B r, r) = 1.63476e-13
   Iteration :  90  (B r, r) = 1.54008e-13
   Iteration :  91  (B r, r) = 1.81025e-13
   Iteration :  92  (B r, r) = 1.04631e-13
   Iteration :  93  (B r, r) = 4.77389e-14
   Iteration :  94  (B r, r) = 2.71283e-14
   Iteration :  95  (B r, r) = 1.49148e-14
   Iteration :  96  (B r, r) = 9.74069e-15
   Iteration :  97  (B r, r) = 7.78434e-15
   Iteration :  98  (B r, r) = 4.44521e-15
   Iteration :  99  (B r, r) = 2.57574e-15
   Iteration : 100  (B r, r) = 1.95377e-15
   Iteration : 101  (B r, r) = 1.81667e-15
   Iteration : 102  (B r, r) = 1.27883e-15
   Iteration : 103  (B r, r) = 7.21142e-16
   Iteration : 104  (B r, r) = 3.56531e-16
   Iteration : 105  (B r, r) = 1.74873e-16
   Iteration : 106  (B r, r) = 1.11394e-16
   Iteration : 107  (B r, r) = 8.21081e-17
   Iteration : 108  (B r, r) = 6.55285e-17
   Iteration : 109  (B r, r) = 4.51458e-17
   Iteration : 110  (B r, r) = 3.13541e-17
   Iteration : 111  (B r, r) = 2.38219e-17
   Iteration : 112  (B r, r) = 1.64386e-17
   Iteration : 113  (B r, r) = 1.0287e-17
   Iteration : 114  (B r, r) = 5.39998e-18
   Iteration : 115  (B r, r) = 2.68412e-18
   Iteration : 116  (B r, r) = 1.87126e-18
   Iteration : 117  (B r, r) = 1.74326e-18
   Iteration : 118  (B r, r) = 1.48387e-18
   Iteration : 119  (B r, r) = 9.6015e-19
   Iteration : 120  (B r, r) = 4.82477e-19
   Iteration : 121  (B r, r) = 2.277e-19
   Iteration : 122  (B r, r) = 1.42384e-19
   Iteration : 123  (B r, r) = 8.89188e-20
   Iteration : 124  (B r, r) = 6.87785e-20
   Iteration : 125  (B r, r) = 6.96117e-20
   Iteration : 126  (B r, r) = 6.32117e-20
   Iteration : 127  (B r, r) = 4.40872e-20
   Iteration : 128  (B r, r) = 3.03043e-20
   Iteration : 129  (B r, r) = 2.31121e-20
   Iteration : 130  (B r, r) = 1.55697e-20
   Iteration : 131  (B r, r) = 9.75977e-21
   Iteration : 132  (B r, r) = 6.56527e-21
   Iteration : 133  (B r, r) = 4.20514e-21
   Iteration : 134  (B r, r) = 3.69972e-21
   Iteration : 135  (B r, r) = 3.76562e-21
   Iteration : 136  (B r, r) = 3.02703e-21
   Iteration : 137  (B r, r) = 1.96908e-21
   Iteration : 138  (B r, r) = 1.25672e-21
   Iteration : 139  (B r, r) = 9.85172e-22
   Iteration : 140  (B r, r) = 8.78302e-22
   Iteration : 141  (B r, r) = 7.89659e-22
   Iteration : 142  (B r, r) = 8.45549e-22
   Iteration : 143  (B r, r) = 8.24445e-22
   Iteration : 144  (B r, r) = 9.09432e-22
   Iteration : 145  (B r, r) = 9.51021e-22
   Iteration : 146  (B r, r) = 7.64521e-22
   Iteration : 147  (B r, r) = 6.63279e-22
   Iteration : 148  (B r, r) = 7.372e-22
   Iteration : 149  (B r, r) = 5.22807e-22
   Iteration : 150  (B r, r) = 3.32444e-22
   Iteration : 151  (B r, r) = 1.60928e-22
   Iteration : 152  (B r, r) = 7.67881e-23
   Iteration : 153  (B r, r) = 3.18228e-23
   Iteration : 154  (B r, r) = 1.87407e-23
   Iteration : 155  (B r, r) = 1.45592e-23
   Iteration : 156  (B r, r) = 1.05301e-23
   Iteration : 157  (B r, r) = 6.46713e-24
   Iteration : 158  (B r, r) = 3.38065e-24
   Iteration : 159  (B r, r) = 2.17514e-24
   Iteration : 160  (B r, r) = 1.77595e-24
   Iteration : 161  (B r, r) = 1.62925e-24
   Iteration : 162  (B r, r) = 1.29603e-24
   Iteration : 163  (B r, r) = 9.26593e-25
   Iteration : 164  (B r, r) = 6.56738e-25
   Iteration : 165  (B r, r) = 6.11484e-25
   Iteration : 166  (B r, r) = 4.58628e-25
   Iteration : 167  (B r, r) = 3.25097e-25
   Iteration : 168  (B r, r) = 2.85979e-25
   Iteration : 169  (B r, r) = 3.15573e-25
   Iteration : 170  (B r, r) = 2.39878e-25
   Iteration : 171  (B r, r) = 1.61982e-25
   Iteration : 172  (B r, r) = 1.12758e-25
   Iteration : 173  (B r, r) = 7.75378e-26
   Iteration : 174  (B r, r) = 5.75144e-26
   Iteration : 175  (B r, r) = 4.17104e-26
   Iteration : 176  (B r, r) = 3.78761e-26
   Iteration : 177  (B r, r) = 2.81496e-26
   Iteration : 178  (B r, r) = 2.09824e-26
   Iteration : 179  (B r, r) = 1.86082e-26
   Iteration : 180  (B r, r) = 1.13285e-26
   Iteration : 181  (B r, r) = 5.43716e-27
   Iteration : 182  (B r, r) = 3.32563e-27
   Iteration : 183  (B r, r) = 2.14827e-27
Average reduction factor = 0.859632

AMR iteration 15
Number of unknowns: 15076
   Iteration :   0  (B r, r) = 0.00168201
   Iteration :   1  (B r, r) = 0.00426737
   Iteration :   2  (B r, r) = 0.00866433
   Iteration :   3  (B r, r) = 0.0126011
   Iteration :   4  (B r, r) = 0.00890435
   Iteration :   5  (B r, r) = 0.00755703
   Iteration :   6  (B r, r) = 0.00847858
   Iteration :   7  (B r, r) = 0.0115056
   Iteration :   8  (B r, r) = 0.0105553
   Iteration :   9  (B r, r) = 0.0123566
   Iteration :  10  (B r, r) = 0.00978395
   Iteration :  11  (B r, r) = 0.00864989
   Iteration :  12  (B r, r) = 0.00826679
   Iteration :  13  (B r, r) = 0.00804427
   Iteration :  14  (B r, r) = 0.00676849
   Iteration :  15  (B r, r) = 0.00643035
   Iteration :  16  (B r, r) = 0.00621825
   Iteration :  17  (B r, r) = 0.00525096
   Iteration :  18  (B r, r) = 0.00424661
   Iteration :  19  (B r, r) = 0.00353974
   Iteration :  20  (B r, r) = 0.0028363
   Iteration :  21  (B r, r) = 0.00238089
   Iteration :  22  (B r, r) = 0.0019277
   Iteration :  23  (B r, r) = 0.00155514
   Iteration :  24  (B r, r) = 0.00131552
   Iteration :  25  (B r, r) = 0.000960228
   Iteration :  26  (B r, r) = 0.000782639
   Iteration :  27  (B r, r) = 0.000605876
   Iteration :  28  (B r, r) = 0.000644338
   Iteration :  29  (B r, r) = 0.000546566
   Iteration :  30  (B r, r) = 0.000526839
   Iteration :  31  (B r, r) = 0.000452308
   Iteration :  32  (B r, r) = 0.000347468
   Iteration :  33  (B r, r) = 0.000264553
   Iteration :  34  (B r, r) = 0.000188705
   Iteration :  35  (B r, r) = 0.000140686
   Iteration :  36  (B r, r) = 9.35322e-05
   Iteration :  37  (B r, r) = 6.57128e-05
   Iteration :  38  (B r, r) = 3.99046e-05
   Iteration :  39  (B r, r) = 1.79893e-05
   Iteration :  40  (B r, r) = 9.87614e-06
   Iteration :  41  (B r, r) = 7.21119e-06
   Iteration :  42  (B r, r) = 8.09252e-06
   Iteration :  43  (B r, r) = 9.35216e-06
   Iteration :  44  (B r, r) = 7.42341e-06
   Iteration :  45  (B r, r) = 4.45109e-06
   Iteration :  46  (B r, r) = 3.14307e-06
   Iteration :  47  (B r, r) = 1.91068e-06
   Iteration :  48  (B r, r) = 9.22089e-07
   Iteration :  49  (B r, r) = 4.23421e-07
   Iteration :  50  (B r, r) = 1.98622e-07
   Iteration :  51  (B r, r) = 1.09252e-07
   Iteration :  52  (B r, r) = 5.84471e-08
   Iteration :  53  (B r, r) = 3.36557e-08
   Iteration :  54  (B r, r) = 2.18961e-08
   Iteration :  55  (B r, r) = 1.10916e-08
   Iteration :  56  (B r, r) = 6.93061e-09
   Iteration :  57  (B r, r) = 3.64702e-09
   Iteration :  58  (B r, r) = 1.74234e-09
   Iteration :  59  (B r, r) = 1.04006e-09
   Iteration :  60  (B r, r) = 5.01997e-10
   Iteration :  61  (B r, r) = 3.09951e-10
   Iteration :  62  (B r, r) = 2.43404e-10
   Iteration :  63  (B r, r) = 2.18848e-10
   Iteration :  64  (B r, r) = 2.0051e-10
   Iteration :  65  (B r, r) = 1.4954e-10
   Iteration :  66  (B r, r) = 1.25627e-10
   Iteration :  67  (B r, r) = 9.93398e-11
   Iteration :  68  (B r, r) = 9.09674e-11
   Iteration :  69  (B r, r) = 8.02302e-11
   Iteration :  70  (B r, r) = 5.72041e-11
   Iteration :  71  (B r, r) = 4.60278e-11
   Iteration :  72  (B r, r) = 4.41469e-11
   Iteration :  73  (B r, r) = 4.65879e-11
   Iteration :  74  (B r, r) = 3.90229e-11
   Iteration :  75  (B r, r) = 2.39282e-11
   Iteration :  76  (B r, r) = 1.55144e-11
   Iteration :  77  (B r, r) = 1.00895e-11
   Iteration :  78  (B r, r) = 7.78701e-12
   Iteration :  79  (B r, r) = 7.24955e-12
   Iteration :  80  (B r, r) = 6.18632e-12
   Iteration :  81  (B r, r) = 7.38385e-12
   Iteration :  82  (B r, r) = 8.9343e-12
   Iteration :  83  (B r, r) = 7.73117e-12
   Iteration :  84  (B r, r) = 6.97086e-12
   Iteration :  85  (B r, r) = 5.1529e-12
   Iteration :  86  (B r, r) = 3.58236e-12
   Iteration :  87  (B r, r) = 2.27889e-12
   Iteration :  88  (B r, r) = 1.90518e-12
   Iteration :  89  (B r, r) = 2.4083e-12
   Iteration :  90  (B r, r) = 2.3456e-12
   Iteration :  91  (B r, r) = 2.22737e-12
   Iteration :  92  (B r, r) = 1.66823e-12
   Iteration :  93  (B r, r) = 1.05974e-12
   Iteration :  94  (B r, r) = 7.45237e-13
   Iteration :  95  (B r, r) = 7.77721e-13
   Iteration :  96  (B r, r) = 6.13118e-13
   Iteration :  97  (B r, r) = 3.76447e-13
   Iteration :  98  (B r, r) = 2.88736e-13
   Iteration :  99  (B r, r) = 1.89923e-13
   Iteration : 100  (B r, r) = 1.6102e-13
   Iteration : 101  (B r, r) = 1.51141e-13
   Iteration : 102  (B r, r) = 1.53401e-13
   Iteration : 103  (B r, r) = 1.57826e-13
   Iteration : 104  (B r, r) = 1.21366e-13
   Iteration : 105  (B r, r) = 1.13892e-13
   Iteration : 106  (B r, r) = 1.20809e-13
   Iteration : 107  (B r, r) = 9.99312e-14
   Iteration : 108  (B r, r) = 6.38734e-14
   Iteration : 109  (B r, r) = 3.64871e-14
   Iteration : 110  (B r, r) = 2.21069e-14
   Iteration : 111  (B r, r) = 1.55966e-14
   Iteration : 112  (B r, r) = 1.21908e-14
   Iteration : 113  (B r, r) = 1.0912e-14
   Iteration : 114  (B r, r) = 8.6374e-15
   Iteration : 115  (B r, r) = 5.53236e-15
   Iteration : 116  (B r, r) = 5.12545e-15
   Iteration : 117  (B r, r) = 4.99126e-15
   Iteration : 118  (B r, r) = 4.19347e-15
   Iteration : 119  (B r, r) = 4.22022e-15
   Iteration : 120  (B r, r) = 3.69891e-15
   Iteration : 121  (B r, r) = 2.61648e-15
   Iteration : 122  (B r, r) = 2.18413e-15
   Iteration : 123  (B r, r) = 1.67162e-15
   Iteration : 124  (B r, r) = 9.40402e-16
   Iteration : 125  (B r, r) = 4.19327e-16
   Iteration : 126  (B r, r) = 1.94437e-16
   Iteration : 127  (B r, r) = 9.43365e-17
   Iteration : 128  (B r, r) = 6.84325e-17
   Iteration : 129  (B r, r) = 5.14238e-17
   Iteration : 130  (B r, r) = 3.63177e-17
   Iteration : 131  (B r, r) = 2.83881e-17
   Iteration : 132  (B r, r) = 2.82823e-17
   Iteration : 133  (B r, r) = 2.44856e-17
   Iteration : 134  (B r, r) = 1.80637e-17
   Iteration : 135  (B r, r) = 1.3306e-17
   Iteration : 136  (B r, r) = 9.54325e-18
   Iteration : 137  (B r, r) = 6.60939e-18
   Iteration : 138  (B r, r) = 5.07895e-18
   Iteration : 139  (B r, r) = 2.96562e-18
   Iteration : 140  (B r, r) = 1.6004e-18
   Iteration : 141  (B r, r) = 1.27921e-18
   Iteration : 142  (B r, r) = 1.27274e-18
   Iteration : 143  (B r, r) = 1.24984e-18
   Iteration : 144  (B r, r) = 8.79877e-19
   Iteration : 145  (B r, r) = 4.84908e-19
   Iteration : 146  (B r, r) = 2.64635e-19
   Iteration : 147  (B r, r) = 1.57626e-19
   Iteration : 148  (B r, r) = 8.12564e-20
   Iteration : 149  (B r, r) = 4.05607e-20
   Iteration : 150  (B r, r) = 2.72695e-20
   Iteration : 151  (B r, r) = 1.70466e-20
   Iteration : 152  (B r, r) = 1.1623e-20
   Iteration : 153  (B r, r) = 7.68337e-21
   Iteration : 154  (B r, r) = 4.51272e-21
   Iteration : 155  (B r, r) = 3.28678e-21
   Iteration : 156  (B r, r) = 3.06383e-21
   Iteration : 157  (B r, r) = 2.7683e-21
   Iteration : 158  (B r, r) = 1.61156e-21
   Iteration : 159  (B r, r) = 1.07126e-21
   Iteration : 160  (B r, r) = 9.01836e-22
   Iteration : 161  (B r, r) = 8.02505e-22
   Iteration : 162  (B r, r) = 7.37908e-22
   Iteration : 163  (B r, r) = 7.34304e-22
   Iteration : 164  (B r, r) = 7.75e-22
   Iteration : 165  (B r, r) = 7.52355e-22
   Iteration : 166  (B r, r) = 5.80355e-22
   Iteration : 167  (B r, r) = 3.96737e-22
   Iteration : 168  (B r, r) = 3.92724e-22
   Iteration : 169  (B r, r) = 4.98276e-22
   Iteration : 170  (B r, r) = 5.45297e-22
   Iteration : 171  (B r, r) = 5.52242e-22
   Iteration : 172  (B r, r) = 4.0655e-22
   Iteration : 173  (B r, r) = 3.5132e-22
   Iteration : 174  (B r, r) = 3.00192e-22
   Iteration : 175  (B r, r) = 2.17671e-22
   Iteration : 176  (B r, r) = 1.56652e-22
   Iteration : 177  (B r, r) = 9.85096e-23
   Iteration : 178  (B r, r) = 5.33732e-23
   Iteration : 179  (B r, r) = 2.82675e-23
   Iteration : 180  (B r, r) = 2.31294e-23
   Iteration : 181  (B r, r) = 2.00029e-23
   Iteration : 182  (B r, r) = 1.42682e-23
   Iteration : 183  (B r, r) = 8.84434e-24
   Iteration : 184  (B r, r) = 4.61567e-24
   Iteration : 185  (B r, r) = 2.85547e-24
   Iteration : 186  (B r, r) = 2.19906e-24
   Iteration : 187  (B r, r) = 1.58606e-24
   Iteration : 188  (B r, r) = 1.1141e-24
   Iteration : 189  (B r, r) = 9.16461e-25
   Iteration : 190  (B r, r) = 6.77233e-25
   Iteration : 191  (B r, r) = 4.29362e-25
   Iteration : 192  (B r, r) = 3.13938e-25
   Iteration : 193  (B r, r) = 2.31925e-25
   Iteration : 194  (B r, r) = 1.6074e-25
   Iteration : 195  (B r, r) = 1.31146e-25
   Iteration : 196  (B r, r) = 1.6512e-25
   Iteration : 197  (B r, r) = 1.99768e-25
   Iteration : 198  (B r, r) = 1.81093e-25
   Iteration : 199  (B r, r) = 1.51298e-25
   Iteration : 200  (B r, r) = 1.29726e-25
PCG: Number of iterations: 200
Average reduction factor = 0.880477
PCG: No convergence!

AMR iteration 16
Number of unknowns: 19686
   Iteration :   0  (B r, r) = 0.00127372
   Iteration :   1  (B r, r) = 0.00363886
   Iteration :   2  (B r, r) = 0.00833293
   Iteration :   3  (B r, r) = 0.00967769
   Iteration :   4  (B r, r) = 0.0112615
   Iteration :   5  (B r, r) = 0.0106929
   Iteration :   6  (B r, r) = 0.00973829
   Iteration :   7  (B r, r) = 0.00880116
   Iteration :   8  (B r, r) = 0.00797712
   Iteration :   9  (B r, r) = 0.00709518
   Iteration :  10  (B r, r) = 0.00708123
   Iteration :  11  (B r, r) = 0.0079039
   Iteration :  12  (B r, r) = 0.00864686
   Iteration :  13  (B r, r) = 0.0084024
   Iteration :  14  (B r, r) = 0.00932978
   Iteration :  15  (B r, r) = 0.00881782
   Iteration :  16  (B r, r) = 0.00767349
   Iteration :  17  (B r, r) = 0.00689698
   Iteration :  18  (B r, r) = 0.00625478
   Iteration :  19  (B r, r) = 0.0050393
   Iteration :  20  (B r, r) = 0.00368155
   Iteration :  21  (B r, r) = 0.00271123
   Iteration :  22  (B r, r) = 0.00195645
   Iteration :  23  (B r, r) = 0.00162548
   Iteration :  24  (B r, r) = 0.00119111
   Iteration :  25  (B r, r) = 0.000920409
   Iteration :  26  (B r, r) = 0.000611418
   Iteration :  27  (B r, r) = 0.000395649
   Iteration :  28  (B r, r) = 0.000291552
   Iteration :  29  (B r, r) = 0.000193026
   Iteration :  30  (B r, r) = 0.000143045
   Iteration :  31  (B r, r) = 0.000105199
   Iteration :  32  (B r, r) = 8.37794e-05
   Iteration :  33  (B r, r) = 6.96536e-05
   Iteration :  34  (B r, r) = 6.47214e-05
   Iteration :  35  (B r, r) = 5.35172e-05
   Iteration :  36  (B r, r) = 4.8061e-05
   Iteration :  37  (B r, r) = 4.88934e-05
   Iteration :  38  (B r, r) = 5.01217e-05
   Iteration :  39  (B r, r) = 5.08231e-05
   Iteration :  40  (B r, r) = 3.56503e-05
   Iteration :  41  (B r, r) = 2.50283e-05
   Iteration :  42  (B r, r) = 1.78346e-05
   Iteration :  43  (B r, r) = 1.2463e-05
   Iteration :  44  (B r, r) = 1.07251e-05
   Iteration :  45  (B r, r) = 7.91825e-06
   Iteration :  46  (B r, r) = 6.48331e-06
   Iteration :  47  (B r, r) = 5.25836e-06
   Iteration :  48  (B r, r) = 4.26586e-06
   Iteration :  49  (B r, r) = 3.5992e-06
   Iteration :  50  (B r, r) = 2.30078e-06
   Iteration :  51  (B r, r) = 1.58189e-06
   Iteration :  52  (B r, r) = 1.291e-06
   Iteration :  53  (B r, r) = 1.20188e-06
   Iteration :  54  (B r, r) = 8.2687e-07
   Iteration :  55  (B r, r) = 4.326e-07
   Iteration :  56  (B r, r) = 3.42959e-07
   Iteration :  57  (B r, r) = 2.57515e-07
   Iteration :  58  (B r, r) = 1.57673e-07
   Iteration :  59  (B r, r) = 8.95931e-08
   Iteration :  60  (B r, r) = 5.7155e-08
   Iteration :  61  (B r, r) = 3.86035e-08
   Iteration :  62  (B r, r) = 2.65624e-08
   Iteration :  63  (B r, r) = 1.69534e-08
   Iteration :  64  (B r, r) = 1.08325e-08
   Iteration :  65  (B r, r) = 6.73574e-09
   Iteration :  66  (B r, r) = 4.31775e-09
   Iteration :  67  (B r, r) = 2.62841e-09
   Iteration :  68  (B r, r) = 1.57983e-09
   Iteration :  69  (B r, r) = 9.73869e-10
   Iteration :  70  (B r, r) = 6.60797e-10
   Iteration :  71  (B r, r) = 4.85821e-10
   Iteration :  72  (B r, r) = 3.72403e-10
   Iteration :  73  (B r, r) = 3.07589e-10
   Iteration :  74  (B r, r) = 2.43537e-10
   Iteration :  75  (B r, r) = 2.04817e-10
   Iteration :  76  (B r, r) = 1.42298e-10
   Iteration :  77  (B r, r) = 1.00605e-10
   Iteration :  78  (B r, r) = 7.46327e-11
   Iteration :  79  (B r, r) = 1.00156e-10
   Iteration :  80  (B r, r) = 1.60903e-10
   Iteration :  81  (B r, r) = 1.97936e-10
   Iteration :  82  (B r, r) = 1.75783e-10
   Iteration :  83  (B r, r) = 1.65974e-10
   Iteration :  84  (B r, r) = 1.63835e-10
   Iteration :  85  (B r, r) = 1.09131e-10
   Iteration :  86  (B r, r) = 7.46095e-11
   Iteration :  87  (B r, r) = 5.11614e-11
   Iteration :  88  (B r, r) = 4.55837e-11
   Iteration :  89  (B r, r) = 3.91135e-11
   Iteration :  90  (B r, r) = 2.93303e-11
   Iteration :  91  (B r, r) = 2.42312e-11
   Iteration :  92  (B r, r) = 2.31919e-11
   Iteration :  93  (B r, r) = 2.50884e-11
   Iteration :  94  (B r, r) = 2.2795e-11
   Iteration :  95  (B r, r) = 1.96489e-11
   Iteration :  96  (B r, r) = 1.6648e-11
   Iteration :  97  (B r, r) = 1.29344e-11
   Iteration :  98  (B r, r) = 7.49983e-12
   Iteration :  99  (B r, r) = 5.49806e-12
   Iteration : 100  (B r, r) = 4.10066e-12
   Iteration : 101  (B r, r) = 2.79936e-12
   Iteration : 102  (B r, r) = 1.91051e-12
   Iteration : 103  (B r, r) = 1.80785e-12
   Iteration : 104  (B r, r) = 1.60886e-12
   Iteration : 105  (B r, r) = 1.30555e-12
   Iteration : 106  (B r, r) = 1.16194e-12
   Iteration : 107  (B r, r) = 8.41937e-13
   Iteration : 108  (B r, r) = 7.6259e-13
   Iteration : 109  (B r, r) = 1.0188e-12
   Iteration : 110  (B r, r) = 1.38848e-12
   Iteration : 111  (B r, r) = 1.36333e-12
   Iteration : 112  (B r, r) = 9.01417e-13
   Iteration : 113  (B r, r) = 5.8726e-13
   Iteration : 114  (B r, r) = 3.92528e-13
   Iteration : 115  (B r, r) = 2.60623e-13
   Iteration : 116  (B r, r) = 1.81089e-13
   Iteration : 117  (B r, r) = 8.86351e-14
   Iteration : 118  (B r, r) = 6.10636e-14
   Iteration : 119  (B r, r) = 6.01323e-14
   Iteration : 120  (B r, r) = 6.70745e-14
   Iteration : 121  (B r, r) = 8.97067e-14
   Iteration : 122  (B r, r) = 1.08957e-13
   Iteration : 123  (B r, r) = 1.05732e-13
   Iteration : 124  (B r, r) = 8.07931e-14
   Iteration : 125  (B r, r) = 5.44045e-14
   Iteration : 126  (B r, r) = 3.13866e-14
   Iteration : 127  (B r, r) = 1.92659e-14
   Iteration : 128  (B r, r) = 1.19865e-14
   Iteration : 129  (B r, r) = 6.22003e-15
   Iteration : 130  (B r, r) = 3.16446e-15
   Iteration : 131  (B r, r) = 2.26594e-15
   Iteration : 132  (B r, r) = 2.00517e-15
   Iteration : 133  (B r, r) = 1.79701e-15
   Iteration : 134  (B r, r) = 1.78877e-15
   Iteration : 135  (B r, r) = 1.59552e-15
   Iteration : 136  (B r, r) = 1.37246e-15
   Iteration : 137  (B r, r) = 1.06312e-15
   Iteration : 138  (B r, r) = 8.72036e-16
   Iteration : 139  (B r, r) = 5.77883e-16
   Iteration : 140  (B r, r) = 4.09779e-16
   Iteration : 141  (B r, r) = 3.37519e-16
   Iteration : 142  (B r, r) = 2.51139e-16
   Iteration : 143  (B r, r) = 2.30066e-16
   Iteration : 144  (B r, r) = 2.24602e-16
   Iteration : 145  (B r, r) = 2.16119e-16
   Iteration : 146  (B r, r) = 1.64637e-16
   Iteration : 147  (B r, r) = 1.16539e-16
   Iteration : 148  (B r, r) = 6.57825e-17
   Iteration : 149  (B r, r) = 4.42053e-17
   Iteration : 150  (B r, r) = 3.6443e-17
   Iteration : 151  (B r, r) = 2.91537e-17
   Iteration : 152  (B r, r) = 2.22328e-17
   Iteration : 153  (B r, r) = 1.3158e-17
   Iteration : 154  (B r, r) = 8.53994e-18
   Iteration : 155  (B r, r) = 6.22638e-18
   Iteration : 156  (B r, r) = 4.2086e-18
   Iteration : 157  (B r, r) = 2.20394e-18
   Iteration : 158  (B r, r) = 1.31446e-18
   Iteration : 159  (B r, r) = 1.04431e-18
   Iteration : 160  (B r, r) = 9.03951e-19
   Iteration : 161  (B r, r) = 7.07698e-19
   Iteration : 162  (B r, r) = 5.21755e-19
   Iteration : 163  (B r, r) = 2.86014e-19
   Iteration : 164  (B r, r) = 1.50826e-19
   Iteration : 165  (B r, r) = 1.13696e-19
   Iteration : 166  (B r, r) = 1.09726e-19
   Iteration : 167  (B r, r) = 1.0897e-19
   Iteration : 168  (B r, r) = 1.26788e-19
   Iteration : 169  (B r, r) = 9.66929e-20
   Iteration : 170  (B r, r) = 5.50004e-20
   Iteration : 171  (B r, r) = 2.82663e-20
   Iteration : 172  (B r, r) = 1.46298e-20
   Iteration : 173  (B r, r) = 1.04974e-20
   Iteration : 174  (B r, r) = 1.10133e-20
   Iteration : 175  (B r, r) = 1.08825e-20
   Iteration : 176  (B r, r) = 8.98544e-21
   Iteration : 177  (B r, r) = 7.18557e-21
   Iteration : 178  (B r, r) = 4.77564e-21
   Iteration : 179  (B r, r) = 2.87572e-21
   Iteration : 180  (B r, r) = 1.69686e-21
   Iteration : 181  (B r, r) = 1.13563e-21
   Iteration : 182  (B r, r) = 8.53039e-22
   Iteration : 183  (B r, r) = 5.88484e-22
   Iteration : 184  (B r, r) = 4.12944e-22
   Iteration : 185  (B r, r) = 2.74869e-22
   Iteration : 186  (B r, r) = 1.73994e-22
   Iteration : 187  (B r, r) = 1.27096e-22
   Iteration : 188  (B r, r) = 1.10362e-22
   Iteration : 189  (B r, r) = 9.8588e-23
   Iteration : 190  (B r, r) = 7.6644e-23
   Iteration : 191  (B r, r) = 6.33947e-23
   Iteration : 192  (B r, r) = 6.86615e-23
   Iteration : 193  (B r, r) = 7.2239e-23
   Iteration : 194  (B r, r) = 6.48426e-23
   Iteration : 195  (B r, r) = 5.98931e-23
   Iteration : 196  (B r, r) = 4.8841e-23
   Iteration : 197  (B r, r) = 4.97917e-23
   Iteration : 198  (B r, r) = 4.37244e-23
   Iteration : 199  (B r, r) = 4.35175e-23
   Iteration : 200  (B r, r) = 5.14126e-23
PCG: Number of iterations: 200
Average reduction factor = 0.894365
PCG: No convergence!

AMR iteration 17
Number of unknowns: 25916
   Iteration :   0  (B r, r) = 0.00095382
   Iteration :   1  (B r, r) = 0.00319133
   Iteration :   2  (B r, r) = 0.00827085
   Iteration :   3  (B r, r) = 0.00985839
   Iteration :   4  (B r, r) = 0.00784058
   Iteration :   5  (B r, r) = 0.00663584
   Iteration :   6  (B r, r) = 0.00704698
   Iteration :   7  (B r, r) = 0.00629508
   Iteration :   8  (B r, r) = 0.00634844
   Iteration :   9  (B r, r) = 0.00759881
   Iteration :  10  (B r, r) = 0.0094445
   Iteration :  11  (B r, r) = 0.00984929
   Iteration :  12  (B r, r) = 0.0113309
   Iteration :  13  (B r, r) = 0.00906196
   Iteration :  14  (B r, r) = 0.00897467
   Iteration :  15  (B r, r) = 0.00821337
   Iteration :  16  (B r, r) = 0.00685151
   Iteration :  17  (B r, r) = 0.00586757
   Iteration :  18  (B r, r) = 0.00555134
   Iteration :  19  (B r, r) = 0.00521175
   Iteration :  20  (B r, r) = 0.00449189
   Iteration :  21  (B r, r) = 0.00368502
   Iteration :  22  (B r, r) = 0.00323899
   Iteration :  23  (B r, r) = 0.00266225
   Iteration :  24  (B r, r) = 0.00233504
   Iteration :  25  (B r, r) = 0.00183527
   Iteration :  26  (B r, r) = 0.00158531
   Iteration :  27  (B r, r) = 0.00123154
   Iteration :  28  (B r, r) = 0.000864833
   Iteration :  29  (B r, r) = 0.000675013
   Iteration :  30  (B r, r) = 0.000503988
   Iteration :  31  (B r, r) = 0.000386317
   Iteration :  32  (B r, r) = 0.000258572
   Iteration :  33  (B r, r) = 0.000170697
   Iteration :  34  (B r, r) = 0.000110593
   Iteration :  35  (B r, r) = 6.81833e-05
   Iteration :  36  (B r, r) = 4.61749e-05
   Iteration :  37  (B r, r) = 2.67551e-05
   Iteration :  38  (B r, r) = 1.72137e-05
   Iteration :  39  (B r, r) = 1.12087e-05
   Iteration :  40  (B r, r) = 8.88144e-06
   Iteration :  41  (B r, r) = 6.25069e-06
   Iteration :  42  (B r, r) = 4.47641e-06
   Iteration :  43  (B r, r) = 3.45381e-06
   Iteration :  44  (B r, r) = 2.93451e-06
   Iteration :  45  (B r, r) = 3.19526e-06
   Iteration :  46  (B r, r) = 2.90529e-06
   Iteration :  47  (B r, r) = 2.53781e-06
   Iteration :  48  (B r, r) = 1.77316e-06
   Iteration :  49  (B r, r) = 1.29554e-06
   Iteration :  50  (B r, r) = 9.70096e-07
   Iteration :  51  (B r, r) = 7.04337e-07
   Iteration :  52  (B r, r) = 5.0568e-07
   Iteration :  53  (B r, r) = 3.61325e-07
   Iteration :  54  (B r, r) = 2.71583e-07
   Iteration :  55  (B r, r) = 2.50128e-07
   Iteration :  56  (B r, r) = 2.02043e-07
   Iteration :  57  (B r, r) = 1.9011e-07
   Iteration :  58  (B r, r) = 1.71747e-07
   Iteration :  59  (B r, r) = 1.41689e-07
   Iteration :  60  (B r, r) = 1.60915e-07
   Iteration :  61  (B r, r) = 1.5029e-07
   Iteration :  62  (B r, r) = 1.56641e-07
   Iteration :  63  (B r, r) = 1.18522e-07
   Iteration :  64  (B r, r) = 7.99001e-08
   Iteration :  65  (B r, r) = 6.35495e-08
   Iteration :  66  (B r, r) = 4.71855e-08
   Iteration :  67  (B r, r) = 3.35673e-08
   Iteration :  68  (B r, r) = 2.56974e-08
   Iteration :  69  (B r, r) = 2.22688e-08
   Iteration :  70  (B r, r) = 1.74627e-08
   Iteration :  71  (B r, r) = 1.50323e-08
   Iteration :  72  (B r, r) = 1.16765e-08
   Iteration :  73  (B r, r) = 7.87324e-09
   Iteration :  74  (B r, r) = 5.37516e-09
   Iteration :  75  (B r, r) = 4.07402e-09
   Iteration :  76  (B r, r) = 2.45181e-09
   Iteration :  77  (B r, r) = 1.37571e-09
   Iteration :  78  (B r, r) = 7.95066e-10
   Iteration :  79  (B r, r) = 4.72022e-10
   Iteration :  80  (B r, r) = 3.25913e-10
   Iteration :  81  (B r, r) = 2.23517e-10
   Iteration :  82  (B r, r) = 1.73651e-10
   Iteration :  83  (B r, r) = 1.30564e-10
   Iteration :  84  (B r, r) = 1.13706e-10
   Iteration :  85  (B r, r) = 1.39026e-10
   Iteration :  86  (B r, r) = 1.82093e-10
   Iteration :  87  (B r, r) = 2.58192e-10
   Iteration :  88  (B r, r) = 2.90302e-10
   Iteration :  89  (B r, r) = 3.19575e-10
   Iteration :  90  (B r, r) = 2.9978e-10
   Iteration :  91  (B r, r) = 2.94681e-10
   Iteration :  92  (B r, r) = 2.6692e-10
   Iteration :  93  (B r, r) = 2.17312e-10
   Iteration :  94  (B r, r) = 1.50268e-10
   Iteration :  95  (B r, r) = 1.15962e-10
   Iteration :  96  (B r, r) = 9.05678e-11
   Iteration :  97  (B r, r) = 7.30088e-11
   Iteration :  98  (B r, r) = 5.46423e-11
   Iteration :  99  (B r, r) = 3.65995e-11
   Iteration : 100  (B r, r) = 2.35254e-11
   Iteration : 101  (B r, r) = 1.71456e-11
   Iteration : 102  (B r, r) = 1.1705e-11
   Iteration : 103  (B r, r) = 7.9665e-12
   Iteration : 104  (B r, r) = 6.31011e-12
   Iteration : 105  (B r, r) = 6.92192e-12
   Iteration : 106  (B r, r) = 8.79882e-12
   Iteration : 107  (B r, r) = 9.78114e-12
   Iteration : 108  (B r, r) = 9.91359e-12
   Iteration : 109  (B r, r) = 1.0439e-11
   Iteration : 110  (B r, r) = 9.01382e-12
   Iteration : 111  (B r, r) = 6.23274e-12
   Iteration : 112  (B r, r) = 4.66291e-12
   Iteration : 113  (B r, r) = 4.81358e-12
   Iteration : 114  (B r, r) = 5.10525e-12
   Iteration : 115  (B r, r) = 4.59788e-12
   Iteration : 116  (B r, r) = 4.44382e-12
   Iteration : 117  (B r, r) = 4.08723e-12
   Iteration : 118  (B r, r) = 3.11574e-12
   Iteration : 119  (B r, r) = 1.79341e-12
   Iteration : 120  (B r, r) = 1.10849e-12
   Iteration : 121  (B r, r) = 8.40306e-13
   Iteration : 122  (B r, r) = 7.48283e-13
   Iteration : 123  (B r, r) = 7.89209e-13
   Iteration : 124  (B r, r) = 1.08375e-12
   Iteration : 125  (B r, r) = 1.34378e-12
   Iteration : 126  (B r, r) = 1.23077e-12
   Iteration : 127  (B r, r) = 1.02761e-12
   Iteration : 128  (B r, r) = 7.63687e-13
   Iteration : 129  (B r, r) = 6.14292e-13
   Iteration : 130  (B r, r) = 5.34625e-13
   Iteration : 131  (B r, r) = 3.78501e-13
   Iteration : 132  (B r, r) = 2.24568e-13
   Iteration : 133  (B r, r) = 1.46361e-13
   Iteration : 134  (B r, r) = 1.12037e-13
   Iteration : 135  (B r, r) = 9.475e-14
   Iteration : 136  (B r, r) = 7.73895e-14
   Iteration : 137  (B r, r) = 5.23812e-14
   Iteration : 138  (B r, r) = 3.29967e-14
   Iteration : 139  (B r, r) = 2.55523e-14
   Iteration : 140  (B r, r) = 2.29665e-14
   Iteration : 141  (B r, r) = 2.09752e-14
   Iteration : 142  (B r, r) = 1.52007e-14
   Iteration : 143  (B r, r) = 1.08225e-14
   Iteration : 144  (B r, r) = 8.6719e-15
   Iteration : 145  (B r, r) = 7.60184e-15
   Iteration : 146  (B r, r) = 8.07374e-15
   Iteration : 147  (B r, r) = 8.05516e-15
   Iteration : 148  (B r, r) = 5.84874e-15
   Iteration : 149  (B r, r) = 4.19274e-15
   Iteration : 150  (B r, r) = 3.38444e-15
   Iteration : 151  (B r, r) = 2.50886e-15
   Iteration : 152  (B r, r) = 1.70412e-15
   Iteration : 153  (B r, r) = 1.28999e-15
   Iteration : 154  (B r, r) = 1.02193e-15
   Iteration : 155  (B r, r) = 8.68648e-16
   Iteration : 156  (B r, r) = 8.91968e-16
   Iteration : 157  (B r, r) = 8.00867e-16
   Iteration : 158  (B r, r) = 8.53643e-16
   Iteration : 159  (B r, r) = 8.8262e-16
   Iteration : 160  (B r, r) = 7.2903e-16
   Iteration : 161  (B r, r) = 5.23575e-16
   Iteration : 162  (B r, r) = 3.65578e-16
   Iteration : 163  (B r, r) = 2.45163e-16
   Iteration : 164  (B r, r) = 1.37473e-16
   Iteration : 165  (B r, r) = 1.03582e-16
   Iteration : 166  (B r, r) = 8.48339e-17
   Iteration : 167  (B r, r) = 7.5264e-17
   Iteration : 168  (B r, r) = 7.36455e-17
   Iteration : 169  (B r, r) = 6.00333e-17
   Iteration : 170  (B r, r) = 5.59756e-17
   Iteration : 171  (B r, r) = 4.84131e-17
   Iteration : 172  (B r, r) = 3.90289e-17
   Iteration : 173  (B r, r) = 3.23822e-17
   Iteration : 174  (B r, r) = 2.2834e-17
   Iteration : 175  (B r, r) = 1.48782e-17
   Iteration : 176  (B r, r) = 1.09962e-17
   Iteration : 177  (B r, r) = 8.89255e-18
   Iteration : 178  (B r, r) = 7.62163e-18
   Iteration : 179  (B r, r) = 5.92828e-18
   Iteration : 180  (B r, r) = 4.26658e-18
   Iteration : 181  (B r, r) = 3.30981e-18
   Iteration : 182  (B r, r) = 3.00195e-18
   Iteration : 183  (B r, r) = 2.74405e-18
   Iteration : 184  (B r, r) = 2.89804e-18
   Iteration : 185  (B r, r) = 2.64151e-18
   Iteration : 186  (B r, r) = 1.96042e-18
   Iteration : 187  (B r, r) = 1.4542e-18
   Iteration : 188  (B r, r) = 1.2472e-18
   Iteration : 189  (B r, r) = 1.07925e-18
   Iteration : 190  (B r, r) = 9.90898e-19
   Iteration : 191  (B r, r) = 7.65866e-19
   Iteration : 192  (B r, r) = 5.87264e-19
   Iteration : 193  (B r, r) = 4.23225e-19
   Iteration : 194  (B r, r) = 2.88343e-19
   Iteration : 195  (B r, r) = 2.11954e-19
   Iteration : 196  (B r, r) = 1.59695e-19
   Iteration : 197  (B r, r) = 1.27257e-19
   Iteration : 198  (B r, r) = 9.31762e-20
   Iteration : 199  (B r, r) = 6.96162e-20
   Iteration : 200  (B r, r) = 4.97287e-20
PCG: Number of iterations: 200
Average reduction factor = 0.910527
PCG: No convergence!

AMR iteration 18
Number of unknowns: 46269
   Iteration :   0  (B r, r) = 0.000577895
   Iteration :   1  (B r, r) = 0.00182493
   Iteration :   2  (B r, r) = 0.00408567
   Iteration :   3  (B r, r) = 0.00408292
   Iteration :   4  (B r, r) = 0.00354471
   Iteration :   5  (B r, r) = 0.00466756
   Iteration :   6  (B r, r) = 0.00654393
   Iteration :   7  (B r, r) = 0.00710369
   Iteration :   8  (B r, r) = 0.00570957
   Iteration :   9  (B r, r) = 0.0066339
   Iteration :  10  (B r, r) = 0.00531682
   Iteration :  11  (B r, r) = 0.00486666
   Iteration :  12  (B r, r) = 0.0041057
   Iteration :  13  (B r, r) = 0.00388434
   Iteration :  14  (B r, r) = 0.0034516
   Iteration :  15  (B r, r) = 0.00333536
   Iteration :  16  (B r, r) = 0.00392637
   Iteration :  17  (B r, r) = 0.00434141
   Iteration :  18  (B r, r) = 0.00426895
   Iteration :  19  (B r, r) = 0.00415037
   Iteration :  20  (B r, r) = 0.00432886
   Iteration :  21  (B r, r) = 0.00466222
   Iteration :  22  (B r, r) = 0.00507434
   Iteration :  23  (B r, r) = 0.00529155
   Iteration :  24  (B r, r) = 0.00460052
   Iteration :  25  (B r, r) = 0.00444252
   Iteration :  26  (B r, r) = 0.0039355
   Iteration :  27  (B r, r) = 0.00369362
   Iteration :  28  (B r, r) = 0.00346162
   Iteration :  29  (B r, r) = 0.00363515
   Iteration :  30  (B r, r) = 0.00314078
   Iteration :  31  (B r, r) = 0.00288962
   Iteration :  32  (B r, r) = 0.00275751
   Iteration :  33  (B r, r) = 0.00255156
   Iteration :  34  (B r, r) = 0.00248387
   Iteration :  35  (B r, r) = 0.00209325
   Iteration :  36  (B r, r) = 0.00178406
   Iteration :  37  (B r, r) = 0.0016194
   Iteration :  38  (B r, r) = 0.00149738
   Iteration :  39  (B r, r) = 0.00154282
   Iteration :  40  (B r, r) = 0.00152321
   Iteration :  41  (B r, r) = 0.00142706
   Iteration :  42  (B r, r) = 0.0013935
   Iteration :  43  (B r, r) = 0.00129529
   Iteration :  44  (B r, r) = 0.00117445
   Iteration :  45  (B r, r) = 0.00115413
   Iteration :  46  (B r, r) = 0.00116422
   Iteration :  47  (B r, r) = 0.00121422
   Iteration :  48  (B r, r) = 0.00115484
   Iteration :  49  (B r, r) = 0.00115465
   Iteration :  50  (B r, r) = 0.00110782
   Iteration :  51  (B r, r) = 0.000933723
   Iteration :  52  (B r, r) = 0.000718971
   Iteration :  53  (B r, r) = 0.000564404
   Iteration :  54  (B r, r) = 0.000408111
   Iteration :  55  (B r, r) = 0.000297669
   Iteration :  56  (B r, r) = 0.000241442
   Iteration :  57  (B r, r) = 0.00020375
   Iteration :  58  (B r, r) = 0.000173191
   Iteration :  59  (B r, r) = 0.000141465
   Iteration :  60  (B r, r) = 9.36398e-05
   Iteration :  61  (B r, r) = 7.20735e-05
   Iteration :  62  (B r, r) = 6.56913e-05
   Iteration :  63  (B r, r) = 5.03347e-05
   Iteration :  64  (B r, r) = 4.42322e-05
   Iteration :  65  (B r, r) = 4.24769e-05
   Iteration :  66  (B r, r) = 3.83943e-05
   Iteration :  67  (B r, r) = 2.90163e-05
   Iteration :  68  (B r, r) = 1.90571e-05
   Iteration :  69  (B r, r) = 1.27593e-05
   Iteration :  70  (B r, r) = 9.61845e-06
   Iteration :  71  (B r, r) = 7.709e-06
   Iteration :  72  (B r, r) = 7.07242e-06
   Iteration :  73  (B r, r) = 6.35984e-06
   Iteration :  74  (B r, r) = 5.47948e-06
   Iteration :  75  (B r, r) = 4.51703e-06
   Iteration :  76  (B r, r) = 3.66935e-06
   Iteration :  77  (B r, r) = 3.09242e-06
   Iteration :  78  (B r, r) = 2.9704e-06
   Iteration :  79  (B r, r) = 2.29467e-06
   Iteration :  80  (B r, r) = 1.76195e-06
   Iteration :  81  (B r, r) = 1.51072e-06
   Iteration :  82  (B r, r) = 1.14445e-06
   Iteration :  83  (B r, r) = 8.44476e-07
   Iteration :  84  (B r, r) = 6.87689e-07
   Iteration :  85  (B r, r) = 5.57508e-07
   Iteration :  86  (B r, r) = 4.57625e-07
   Iteration :  87  (B r, r) = 3.51944e-07
   Iteration :  88  (B r, r) = 2.4866e-07
   Iteration :  89  (B r, r) = 1.79224e-07
   Iteration :  90  (B r, r) = 1.39839e-07
   Iteration :  91  (B r, r) = 1.22404e-07
   Iteration :  92  (B r, r) = 1.06789e-07
   Iteration :  93  (B r, r) = 8.87754e-08
   Iteration :  94  (B r, r) = 6.93294e-08
   Iteration :  95  (B r, r) = 4.699e-08
   Iteration :  96  (B r, r) = 3.09853e-08
   Iteration :  97  (B r, r) = 2.12199e-08
   Iteration :  98  (B r, r) = 1.28207e-08
   Iteration :  99  (B r, r) = 8.21448e-09
   Iteration : 100  (B r, r) = 5.23413e-09
   Iteration : 101  (B r, r) = 3.1022e-09
   Iteration : 102  (B r, r) = 1.75468e-09
   Iteration : 103  (B r, r) = 1.20683e-09
   Iteration : 104  (B r, r) = 8.94297e-10
   Iteration : 105  (B r, r) = 6.79767e-10
   Iteration : 106  (B r, r) = 6.00416e-10
   Iteration : 107  (B r, r) = 4.97564e-10
   Iteration : 108  (B r, r) = 4.03863e-10
   Iteration : 109  (B r, r) = 3.05727e-10
   Iteration : 110  (B r, r) = 2.6594e-10
   Iteration : 111  (B r, r) = 2.32023e-10
   Iteration : 112  (B r, r) = 1.83738e-10
   Iteration : 113  (B r, r) = 1.3023e-10
   Iteration : 114  (B r, r) = 9.4652e-11
   Iteration : 115  (B r, r) = 8.00013e-11
   Iteration : 116  (B r, r) = 6.52799e-11
   Iteration : 117  (B r, r) = 4.23316e-11
   Iteration : 118  (B r, r) = 3.29844e-11
   Iteration : 119  (B r, r) = 2.86941e-11
   Iteration : 120  (B r, r) = 2.4427e-11
   Iteration : 121  (B r, r) = 2.57589e-11
   Iteration : 122  (B r, r) = 2.72687e-11
   Iteration : 123  (B r, r) = 2.66538e-11
   Iteration : 124  (B r, r) = 2.39573e-11
   Iteration : 125  (B r, r) = 2.26539e-11
   Iteration : 126  (B r, r) = 2.24409e-11
   Iteration : 127  (B r, r) = 2.26857e-11
   Iteration : 128  (B r, r) = 2.44436e-11
   Iteration : 129  (B r, r) = 2.81511e-11
   Iteration : 130  (B r, r) = 2.71438e-11
   Iteration : 131  (B r, r) = 2.55412e-11
   Iteration : 132  (B r, r) = 2.29232e-11
   Iteration : 133  (B r, r) = 1.95059e-11
   Iteration : 134  (B r, r) = 1.46145e-11
   Iteration : 135  (B r, r) = 1.10123e-11
   Iteration : 136  (B r, r) = 8.13901e-12
   Iteration : 137  (B r, r) = 6.4288e-12
   Iteration : 138  (B r, r) = 5.5522e-12
   Iteration : 139  (B r, r) = 4.78146e-12
   Iteration : 140  (B r, r) = 3.56899e-12
   Iteration : 141  (B r, r) = 2.78344e-12
   Iteration : 142  (B r, r) = 2.0221e-12
   Iteration : 143  (B r, r) = 1.5458e-12
   Iteration : 144  (B r, r) = 1.50745e-12
   Iteration : 145  (B r, r) = 1.3979e-12
   Iteration : 146  (B r, r) = 1.3468e-12
   Iteration : 147  (B r, r) = 1.35898e-12
   Iteration : 148  (B r, r) = 1.40573e-12
   Iteration : 149  (B r, r) = 1.4968e-12
   Iteration : 150  (B r, r) = 1.70472e-12
   Iteration : 151  (B r, r) = 1.98563e-12
   Iteration : 152  (B r, r) = 2.15826e-12
   Iteration : 153  (B r, r) = 2.1365e-12
   Iteration : 154  (B r, r) = 1.9592e-12
   Iteration : 155  (B r, r) = 1.86328e-12
   Iteration : 156  (B r, r) = 1.50041e-12
   Iteration : 157  (B r, r) = 1.11508e-12
   Iteration : 158  (B r, r) = 8.431e-13
   Iteration : 159  (B r, r) = 6.29689e-13
   Iteration : 160  (B r, r) = 5.07108e-13
   Iteration : 161  (B r, r) = 3.97455e-13
   Iteration : 162  (B r, r) = 2.82478e-13
   Iteration : 163  (B r, r) = 2.35658e-13
   Iteration : 164  (B r, r) = 1.91283e-13
   Iteration : 165  (B r, r) = 1.83254e-13
   Iteration : 166  (B r, r) = 1.76215e-13
   Iteration : 167  (B r, r) = 2.04245e-13
   Iteration : 168  (B r, r) = 2.26303e-13
   Iteration : 169  (B r, r) = 2.38768e-13
   Iteration : 170  (B r, r) = 2.56573e-13
   Iteration : 171  (B r, r) = 2.99276e-13
   Iteration : 172  (B r, r) = 3.68416e-13
   Iteration : 173  (B r, r) = 3.25987e-13
   Iteration : 174  (B r, r) = 2.41185e-13
   Iteration : 175  (B r, r) = 1.79858e-13
   Iteration : 176  (B r, r) = 1.40639e-13
   Iteration : 177  (B r, r) = 1.09673e-13
   Iteration : 178  (B r, r) = 8.91218e-14
   Iteration : 179  (B r, r) = 7.58816e-14
   Iteration : 180  (B r, r) = 6.16286e-14
   Iteration : 181  (B r, r) = 5.49231e-14
   Iteration : 182  (B r, r) = 5.2854e-14
   Iteration : 183  (B r, r) = 5.15838e-14
   Iteration : 184  (B r, r) = 5.26375e-14
   Iteration : 185  (B r, r) = 5.19191e-14
   Iteration : 186  (B r, r) = 5.13798e-14
   Iteration : 187  (B r, r) = 4.83088e-14
   Iteration : 188  (B r, r) = 4.21173e-14
   Iteration : 189  (B r, r) = 3.56104e-14
   Iteration : 190  (B r, r) = 2.67845e-14
   Iteration : 191  (B r, r) = 1.96338e-14
   Iteration : 192  (B r, r) = 1.38931e-14
   Iteration : 193  (B r, r) = 1.24217e-14
   Iteration : 194  (B r, r) = 1.06284e-14
   Iteration : 195  (B r, r) = 9.58353e-15
   Iteration : 196  (B r, r) = 7.18171e-15
   Iteration : 197  (B r, r) = 5.26745e-15
   Iteration : 198  (B r, r) = 4.02412e-15
   Iteration : 199  (B r, r) = 3.24724e-15
   Iteration : 200  (B r, r) = 2.44617e-15
PCG: Number of iterations: 200
Average reduction factor = 0.936627
PCG: No convergence!

AMR iteration 19
Number of unknowns: 59680
   Iteration :   0  (B r, r) = 0.000424742
   Iteration :   1  (B r, r) = 0.00134061
   Iteration :   2  (B r, r) = 0.00358006
   Iteration :   3  (B r, r) = 0.00467308
   Iteration :   4  (B r, r) = 0.0053546
   Iteration :   5  (B r, r) = 0.00510223
   Iteration :   6  (B r, r) = 0.00438342
   Iteration :   7  (B r, r) = 0.00448855
   Iteration :   8  (B r, r) = 0.00394854
   Iteration :   9  (B r, r) = 0.0040458
   Iteration :  10  (B r, r) = 0.00451029
   Iteration :  11  (B r, r) = 0.00481727
   Iteration :  12  (B r, r) = 0.00509866
   Iteration :  13  (B r, r) = 0.00582603
   Iteration :  14  (B r, r) = 0.0057403
   Iteration :  15  (B r, r) = 0.00529923
   Iteration :  16  (B r, r) = 0.00519971
   Iteration :  17  (B r, r) = 0.00518553
   Iteration :  18  (B r, r) = 0.00536018
   Iteration :  19  (B r, r) = 0.00500871
   Iteration :  20  (B r, r) = 0.00463487
   Iteration :  21  (B r, r) = 0.00450123
   Iteration :  22  (B r, r) = 0.00443065
   Iteration :  23  (B r, r) = 0.00419883
   Iteration :  24  (B r, r) = 0.004417
   Iteration :  25  (B r, r) = 0.00394936
   Iteration :  26  (B r, r) = 0.00368929
   Iteration :  27  (B r, r) = 0.00363333
   Iteration :  28  (B r, r) = 0.0038901
   Iteration :  29  (B r, r) = 0.00335796
   Iteration :  30  (B r, r) = 0.00323045
   Iteration :  31  (B r, r) = 0.00349458
   Iteration :  32  (B r, r) = 0.00315871
   Iteration :  33  (B r, r) = 0.0030913
   Iteration :  34  (B r, r) = 0.00289404
   Iteration :  35  (B r, r) = 0.00272557
   Iteration :  36  (B r, r) = 0.00224028
   Iteration :  37  (B r, r) = 0.00199319
   Iteration :  38  (B r, r) = 0.00185013
   Iteration :  39  (B r, r) = 0.00151728
   Iteration :  40  (B r, r) = 0.0013905
   Iteration :  41  (B r, r) = 0.0012696
   Iteration :  42  (B r, r) = 0.00100743
   Iteration :  43  (B r, r) = 0.000964849
   Iteration :  44  (B r, r) = 0.000867785
   Iteration :  45  (B r, r) = 0.000798363
   Iteration :  46  (B r, r) = 0.000747483
   Iteration :  47  (B r, r) = 0.000666077
   Iteration :  48  (B r, r) = 0.000599775
   Iteration :  49  (B r, r) = 0.000532016
   Iteration :  50  (B r, r) = 0.000451357
   Iteration :  51  (B r, r) = 0.000373664
   Iteration :  52  (B r, r) = 0.000313385
   Iteration :  53  (B r, r) = 0.000291834
   Iteration :  54  (B r, r) = 0.000273647
   Iteration :  55  (B r, r) = 0.000261438
   Iteration :  56  (B r, r) = 0.000245825
   Iteration :  57  (B r, r) = 0.000235838
   Iteration :  58  (B r, r) = 0.000217296
   Iteration :  59  (B r, r) = 0.000204212
   Iteration :  60  (B r, r) = 0.000197012
   Iteration :  61  (B r, r) = 0.000198218
   Iteration :  62  (B r, r) = 0.000201626
   Iteration :  63  (B r, r) = 0.000188019
   Iteration :  64  (B r, r) = 0.000170828
   Iteration :  65  (B r, r) = 0.00014615
   Iteration :  66  (B r, r) = 0.000120437
   Iteration :  67  (B r, r) = 0.00010784
   Iteration :  68  (B r, r) = 9.84519e-05
   Iteration :  69  (B r, r) = 8.95754e-05
   Iteration :  70  (B r, r) = 7.9448e-05
   Iteration :  71  (B r, r) = 6.41085e-05
   Iteration :  72  (B r, r) = 5.892e-05
   Iteration :  73  (B r, r) = 5.21308e-05
   Iteration :  74  (B r, r) = 4.16618e-05
   Iteration :  75  (B r, r) = 2.981e-05
   Iteration :  76  (B r, r) = 1.91601e-05
   Iteration :  77  (B r, r) = 1.44827e-05
   Iteration :  78  (B r, r) = 1.08814e-05
   Iteration :  79  (B r, r) = 7.70392e-06
   Iteration :  80  (B r, r) = 6.37951e-06
   Iteration :  81  (B r, r) = 5.43085e-06
   Iteration :  82  (B r, r) = 6.06207e-06
   Iteration :  83  (B r, r) = 7.71538e-06
   Iteration :  84  (B r, r) = 9.0533e-06
   Iteration :  85  (B r, r) = 9.17974e-06
   Iteration :  86  (B r, r) = 7.90879e-06
   Iteration :  87  (B r, r) = 6.11879e-06
   Iteration :  88  (B r, r) = 4.61114e-06
   Iteration :  89  (B r, r) = 4.12058e-06
   Iteration :  90  (B r, r) = 3.345e-06
   Iteration :  91  (B r, r) = 2.7283e-06
   Iteration :  92  (B r, r) = 2.16589e-06
   Iteration :  93  (B r, r) = 1.60275e-06
   Iteration :  94  (B r, r) = 1.06007e-06
   Iteration :  95  (B r, r) = 7.56444e-07
   Iteration :  96  (B r, r) = 5.39245e-07
   Iteration :  97  (B r, r) = 4.01548e-07
   Iteration :  98  (B r, r) = 2.49544e-07
   Iteration :  99  (B r, r) = 1.41399e-07
   Iteration : 100  (B r, r) = 9.11758e-08
   Iteration : 101  (B r, r) = 6.76351e-08
   Iteration : 102  (B r, r) = 5.39797e-08
   Iteration : 103  (B r, r) = 4.26817e-08
   Iteration : 104  (B r, r) = 3.17063e-08
   Iteration : 105  (B r, r) = 2.14902e-08
   Iteration : 106  (B r, r) = 1.51605e-08
   Iteration : 107  (B r, r) = 1.1875e-08
   Iteration : 108  (B r, r) = 9.18059e-09
   Iteration : 109  (B r, r) = 6.637e-09
   Iteration : 110  (B r, r) = 5.03873e-09
   Iteration : 111  (B r, r) = 3.78374e-09
   Iteration : 112  (B r, r) = 3.08042e-09
   Iteration : 113  (B r, r) = 2.28217e-09
   Iteration : 114  (B r, r) = 1.8493e-09
   Iteration : 115  (B r, r) = 1.40242e-09
   Iteration : 116  (B r, r) = 1.00865e-09
   Iteration : 117  (B r, r) = 7.51466e-10
   Iteration : 118  (B r, r) = 5.66023e-10
   Iteration : 119  (B r, r) = 4.38165e-10
   Iteration : 120  (B r, r) = 3.68575e-10
   Iteration : 121  (B r, r) = 3.29024e-10
   Iteration : 122  (B r, r) = 2.44589e-10
   Iteration : 123  (B r, r) = 1.93492e-10
   Iteration : 124  (B r, r) = 1.47992e-10
   Iteration : 125  (B r, r) = 1.2096e-10
   Iteration : 126  (B r, r) = 1.09326e-10
   Iteration : 127  (B r, r) = 9.09154e-11
   Iteration : 128  (B r, r) = 6.90272e-11
   Iteration : 129  (B r, r) = 5.40851e-11
   Iteration : 130  (B r, r) = 4.45655e-11
   Iteration : 131  (B r, r) = 3.65805e-11
   Iteration : 132  (B r, r) = 2.97488e-11
   Iteration : 133  (B r, r) = 2.48395e-11
   Iteration : 134  (B r, r) = 2.0692e-11
   Iteration : 135  (B r, r) = 1.79032e-11
   Iteration : 136  (B r, r) = 1.74087e-11
   Iteration : 137  (B r, r) = 1.71355e-11
   Iteration : 138  (B r, r) = 1.54159e-11
   Iteration : 139  (B r, r) = 1.34128e-11
   Iteration : 140  (B r, r) = 1.19467e-11
   Iteration : 141  (B r, r) = 1.06288e-11
   Iteration : 142  (B r, r) = 9.99167e-12
   Iteration : 143  (B r, r) = 1.05407e-11
   Iteration : 144  (B r, r) = 1.04841e-11
   Iteration : 145  (B r, r) = 1.09685e-11
   Iteration : 146  (B r, r) = 1.15789e-11
   Iteration : 147  (B r, r) = 1.27292e-11
   Iteration : 148  (B r, r) = 1.19625e-11
   Iteration : 149  (B r, r) = 1.05045e-11
   Iteration : 150  (B r, r) = 8.76668e-12
   Iteration : 151  (B r, r) = 7.27466e-12
   Iteration : 152  (B r, r) = 6.57423e-12
   Iteration : 153  (B r, r) = 5.43972e-12
   Iteration : 154  (B r, r) = 4.4788e-12
   Iteration : 155  (B r, r) = 3.68056e-12
   Iteration : 156  (B r, r) = 2.80862e-12
   Iteration : 157  (B r, r) = 2.23585e-12
   Iteration : 158  (B r, r) = 1.8997e-12
   Iteration : 159  (B r, r) = 1.68591e-12
   Iteration : 160  (B r, r) = 1.5335e-12
   Iteration : 161  (B r, r) = 1.40359e-12
   Iteration : 162  (B r, r) = 1.38286e-12
   Iteration : 163  (B r, r) = 1.62855e-12
   Iteration : 164  (B r, r) = 2.03639e-12
   Iteration : 165  (B r, r) = 2.32325e-12
   Iteration : 166  (B r, r) = 2.51334e-12
   Iteration : 167  (B r, r) = 2.38892e-12
   Iteration : 168  (B r, r) = 2.27511e-12
   Iteration : 169  (B r, r) = 2.09504e-12
   Iteration : 170  (B r, r) = 1.79492e-12
   Iteration : 171  (B r, r) = 1.39837e-12
   Iteration : 172  (B r, r) = 1.15645e-12
   Iteration : 173  (B r, r) = 9.2107e-13
   Iteration : 174  (B r, r) = 7.90849e-13
   Iteration : 175  (B r, r) = 6.93488e-13
   Iteration : 176  (B r, r) = 5.95404e-13
   Iteration : 177  (B r, r) = 5.4204e-13
   Iteration : 178  (B r, r) = 5.06543e-13
   Iteration : 179  (B r, r) = 5.38952e-13
   Iteration : 180  (B r, r) = 6.38118e-13
   Iteration : 181  (B r, r) = 7.08012e-13
   Iteration : 182  (B r, r) = 7.70736e-13
   Iteration : 183  (B r, r) = 7.80845e-13
   Iteration : 184  (B r, r) = 6.38221e-13
   Iteration : 185  (B r, r) = 5.2667e-13
   Iteration : 186  (B r, r) = 3.99533e-13
   Iteration : 187  (B r, r) = 3.08772e-13
   Iteration : 188  (B r, r) = 2.61068e-13
   Iteration : 189  (B r, r) = 2.26772e-13
   Iteration : 190  (B r, r) = 1.98537e-13
   Iteration : 191  (B r, r) = 1.91396e-13
   Iteration : 192  (B r, r) = 1.66447e-13
   Iteration : 193  (B r, r) = 1.59219e-13
   Iteration : 194  (B r, r) = 1.70175e-13
   Iteration : 195  (B r, r) = 1.78552e-13
   Iteration : 196  (B r, r) = 1.50945e-13
   Iteration : 197  (B r, r) = 1.09548e-13
   Iteration : 198  (B r, r) = 8.05814e-14
   Iteration : 199  (B r, r) = 6.45798e-14
   Iteration : 200  (B r, r) = 5.33129e-14
PCG: Number of iterations: 200
Average reduction factor = 0.944597
PCG: No convergence!
Reached the maximum number of dofs. Stop.

  Total time: 5.234s
  Done.
