Options used:
   --mesh data/star.mesh
   --order 1
   --impose-bc
   --frequency 1
   --no-static-condensation
   --no-hybridization
   --no-partial-assembly
   --no-element-assembly
   --device cpu
   --no-visualization
Device configuration: cpu
Memory configuration: host-std

Number of finite element unknowns: 41280
Size of linear system: 41280
   Iteration :   0  (B r, r) = 102.273
   Iteration :   1  (B r, r) = 14.0586
   Iteration :   2  (B r, r) = 5.57781
   Iteration :   3  (B r, r) = 3.15051
   Iteration :   4  (B r, r) = 2.66514
   Iteration :   5  (B r, r) = 2.13095
   Iteration :   6  (B r, r) = 1.91086
   Iteration :   7  (B r, r) = 1.44095
   Iteration :   8  (B r, r) = 1.23014
   Iteration :   9  (B r, r) = 0.962305
   Iteration :  10  (B r, r) = 0.744292
   Iteration :  11  (B r, r) = 0.559659
   Iteration :  12  (B r, r) = 0.422842
   Iteration :  13  (B r, r) = 0.340777
   Iteration :  14  (B r, r) = 0.260107
   Iteration :  15  (B r, r) = 0.207152
   Iteration :  16  (B r, r) = 0.140331
   Iteration :  17  (B r, r) = 0.112736
   Iteration :  18  (B r, r) = 0.0893901
   Iteration :  19  (B r, r) = 0.0605621
   Iteration :  20  (B r, r) = 0.0509105
   Iteration :  21  (B r, r) = 0.0469033
   Iteration :  22  (B r, r) = 0.0351249
   Iteration :  23  (B r, r) = 0.0334811
   Iteration :  24  (B r, r) = 0.0301054
   Iteration :  25  (B r, r) = 0.0303913
   Iteration :  26  (B r, r) = 0.0280722
   Iteration :  27  (B r, r) = 0.0243022
   Iteration :  28  (B r, r) = 0.0244739
   Iteration :  29  (B r, r) = 0.0206221
   Iteration :  30  (B r, r) = 0.0173684
   Iteration :  31  (B r, r) = 0.0136866
   Iteration :  32  (B r, r) = 0.0110748
   Iteration :  33  (B r, r) = 0.00967858
   Iteration :  34  (B r, r) = 0.00999052
   Iteration :  35  (B r, r) = 0.0103221
   Iteration :  36  (B r, r) = 0.00846817
   Iteration :  37  (B r, r) = 0.0072027
   Iteration :  38  (B r, r) = 0.00608947
   Iteration :  39  (B r, r) = 0.00471419
   Iteration :  40  (B r, r) = 0.00401609
   Iteration :  41  (B r, r) = 0.00338043
   Iteration :  42  (B r, r) = 0.00276942
   Iteration :  43  (B r, r) = 0.00261467
   Iteration :  44  (B r, r) = 0.0024939
   Iteration :  45  (B r, r) = 0.00231827
   Iteration :  46  (B r, r) = 0.00232162
   Iteration :  47  (B r, r) = 0.00237169
   Iteration :  48  (B r, r) = 0.00248709
   Iteration :  49  (B r, r) = 0.00269051
   Iteration :  50  (B r, r) = 0.00284388
   Iteration :  51  (B r, r) = 0.00290823
   Iteration :  52  (B r, r) = 0.00296962
   Iteration :  53  (B r, r) = 0.00288532
   Iteration :  54  (B r, r) = 0.00248894
   Iteration :  55  (B r, r) = 0.00206662
   Iteration :  56  (B r, r) = 0.00170895
   Iteration :  57  (B r, r) = 0.00129226
   Iteration :  58  (B r, r) = 0.000879272
   Iteration :  59  (B r, r) = 0.000673845
   Iteration :  60  (B r, r) = 0.000626349
   Iteration :  61  (B r, r) = 0.000640743
   Iteration :  62  (B r, r) = 0.000785116
   Iteration :  63  (B r, r) = 0.000938989
   Iteration :  64  (B r, r) = 0.000830318
   Iteration :  65  (B r, r) = 0.000704332
   Iteration :  66  (B r, r) = 0.000797835
   Iteration :  67  (B r, r) = 0.00116878
   Iteration :  68  (B r, r) = 0.00146018
   Iteration :  69  (B r, r) = 0.00124804
   Iteration :  70  (B r, r) = 0.00119765
   Iteration :  71  (B r, r) = 0.00157721
   Iteration :  72  (B r, r) = 0.00175256
   Iteration :  73  (B r, r) = 0.00140133
   Iteration :  74  (B r, r) = 0.00176468
   Iteration :  75  (B r, r) = 0.00219218
   Iteration :  76  (B r, r) = 0.00217412
   Iteration :  77  (B r, r) = 0.0020387
   Iteration :  78  (B r, r) = 0.00229931
   Iteration :  79  (B r, r) = 0.00174149
   Iteration :  80  (B r, r) = 0.00133946
   Iteration :  81  (B r, r) = 0.00115293
   Iteration :  82  (B r, r) = 0.000700893
   Iteration :  83  (B r, r) = 0.000543949
   Iteration :  84  (B r, r) = 0.000416657
   Iteration :  85  (B r, r) = 0.000273845
   Iteration :  86  (B r, r) = 0.000193387
   Iteration :  87  (B r, r) = 0.000181751
   Iteration :  88  (B r, r) = 0.000145421
   Iteration :  89  (B r, r) = 0.000155604
   Iteration :  90  (B r, r) = 0.000162104
   Iteration :  91  (B r, r) = 0.000164614
   Iteration :  92  (B r, r) = 0.000164596
   Iteration :  93  (B r, r) = 0.000111001
   Iteration :  94  (B r, r) = 9.22788e-05
   Iteration :  95  (B r, r) = 8.75542e-05
   Iteration :  96  (B r, r) = 9.16303e-05
   Iteration :  97  (B r, r) = 0.000133688
   Iteration :  98  (B r, r) = 0.000136668
   Iteration :  99  (B r, r) = 0.000119679
   Iteration : 100  (B r, r) = 0.000102467
   Iteration : 101  (B r, r) = 9.99649e-05
   Iteration : 102  (B r, r) = 0.000121564
   Iteration : 103  (B r, r) = 0.000111529
   Iteration : 104  (B r, r) = 0.000105944
   Iteration : 105  (B r, r) = 0.000103553
   Iteration : 106  (B r, r) = 0.00012508
   Iteration : 107  (B r, r) = 0.000120924
   Iteration : 108  (B r, r) = 0.000124384
   Iteration : 109  (B r, r) = 0.000145103
   Iteration : 110  (B r, r) = 0.000142377
   Iteration : 111  (B r, r) = 0.000142802
   Iteration : 112  (B r, r) = 0.00015063
   Iteration : 113  (B r, r) = 0.000179571
   Iteration : 114  (B r, r) = 0.000160907
   Iteration : 115  (B r, r) = 0.000153461
   Iteration : 116  (B r, r) = 0.000147543
   Iteration : 117  (B r, r) = 0.000117328
   Iteration : 118  (B r, r) = 9.59625e-05
   Iteration : 119  (B r, r) = 8.11391e-05
   Iteration : 120  (B r, r) = 6.83995e-05
   Iteration : 121  (B r, r) = 6.08394e-05
   Iteration : 122  (B r, r) = 5.83152e-05
   Iteration : 123  (B r, r) = 4.93252e-05
   Iteration : 124  (B r, r) = 4.01004e-05
   Iteration : 125  (B r, r) = 3.49199e-05
   Iteration : 126  (B r, r) = 3.28144e-05
   Iteration : 127  (B r, r) = 3.57722e-05
   Iteration : 128  (B r, r) = 4.39813e-05
   Iteration : 129  (B r, r) = 4.52945e-05
   Iteration : 130  (B r, r) = 3.30668e-05
   Iteration : 131  (B r, r) = 2.66192e-05
   Iteration : 132  (B r, r) = 2.36043e-05
   Iteration : 133  (B r, r) = 2.68078e-05
   Iteration : 134  (B r, r) = 2.6246e-05
   Iteration : 135  (B r, r) = 2.38698e-05
   Iteration : 136  (B r, r) = 2.41168e-05
   Iteration : 137  (B r, r) = 2.56226e-05
   Iteration : 138  (B r, r) = 3.22223e-05
   Iteration : 139  (B r, r) = 4.06899e-05
   Iteration : 140  (B r, r) = 4.73291e-05
   Iteration : 141  (B r, r) = 5.90228e-05
   Iteration : 142  (B r, r) = 6.66254e-05
   Iteration : 143  (B r, r) = 6.49707e-05
   Iteration : 144  (B r, r) = 6.49081e-05
   Iteration : 145  (B r, r) = 6.56545e-05
   Iteration : 146  (B r, r) = 6.48784e-05
   Iteration : 147  (B r, r) = 6.18679e-05
   Iteration : 148  (B r, r) = 5.6744e-05
   Iteration : 149  (B r, r) = 4.93657e-05
   Iteration : 150  (B r, r) = 3.32689e-05
   Iteration : 151  (B r, r) = 1.99481e-05
   Iteration : 152  (B r, r) = 1.13186e-05
   Iteration : 153  (B r, r) = 5.8839e-06
   Iteration : 154  (B r, r) = 3.27512e-06
   Iteration : 155  (B r, r) = 2.15341e-06
   Iteration : 156  (B r, r) = 1.64508e-06
   Iteration : 157  (B r, r) = 1.60662e-06
   Iteration : 158  (B r, r) = 1.90051e-06
   Iteration : 159  (B r, r) = 2.33625e-06
   Iteration : 160  (B r, r) = 3.1829e-06
   Iteration : 161  (B r, r) = 4.5525e-06
   Iteration : 162  (B r, r) = 5.91751e-06
   Iteration : 163  (B r, r) = 8.35651e-06
   Iteration : 164  (B r, r) = 1.23269e-05
   Iteration : 165  (B r, r) = 1.61714e-05
   Iteration : 166  (B r, r) = 1.63971e-05
   Iteration : 167  (B r, r) = 1.47947e-05
   Iteration : 168  (B r, r) = 1.28554e-05
   Iteration : 169  (B r, r) = 1.30427e-05
   Iteration : 170  (B r, r) = 1.26611e-05
   Iteration : 171  (B r, r) = 1.19329e-05
   Iteration : 172  (B r, r) = 1.02181e-05
   Iteration : 173  (B r, r) = 8.03661e-06
   Iteration : 174  (B r, r) = 7.65598e-06
   Iteration : 175  (B r, r) = 7.60395e-06
   Iteration : 176  (B r, r) = 6.16521e-06
   Iteration : 177  (B r, r) = 5.03839e-06
   Iteration : 178  (B r, r) = 4.17605e-06
   Iteration : 179  (B r, r) = 3.72979e-06
   Iteration : 180  (B r, r) = 3.46628e-06
   Iteration : 181  (B r, r) = 2.66212e-06
   Iteration : 182  (B r, r) = 2.22718e-06
   Iteration : 183  (B r, r) = 2.06506e-06
   Iteration : 184  (B r, r) = 1.81549e-06
   Iteration : 185  (B r, r) = 1.59158e-06
   Iteration : 186  (B r, r) = 1.21484e-06
   Iteration : 187  (B r, r) = 9.00648e-07
   Iteration : 188  (B r, r) = 8.15505e-07
   Iteration : 189  (B r, r) = 7.49981e-07
   Iteration : 190  (B r, r) = 8.66239e-07
   Iteration : 191  (B r, r) = 1.16838e-06
   Iteration : 192  (B r, r) = 1.49429e-06
   Iteration : 193  (B r, r) = 1.77722e-06
   Iteration : 194  (B r, r) = 1.75014e-06
   Iteration : 195  (B r, r) = 1.58512e-06
   Iteration : 196  (B r, r) = 1.45318e-06
   Iteration : 197  (B r, r) = 1.35375e-06
   Iteration : 198  (B r, r) = 1.23099e-06
   Iteration : 199  (B r, r) = 8.82691e-07
   Iteration : 200  (B r, r) = 6.09805e-07
   Iteration : 201  (B r, r) = 4.80994e-07
   Iteration : 202  (B r, r) = 4.38295e-07
   Iteration : 203  (B r, r) = 5.54366e-07
   Iteration : 204  (B r, r) = 5.49769e-07
   Iteration : 205  (B r, r) = 5.00843e-07
   Iteration : 206  (B r, r) = 5.00617e-07
   Iteration : 207  (B r, r) = 5.45258e-07
   Iteration : 208  (B r, r) = 5.43975e-07
   Iteration : 209  (B r, r) = 4.79909e-07
   Iteration : 210  (B r, r) = 5.39609e-07
   Iteration : 211  (B r, r) = 6.401e-07
   Iteration : 212  (B r, r) = 7.7573e-07
   Iteration : 213  (B r, r) = 7.89055e-07
   Iteration : 214  (B r, r) = 8.33408e-07
   Iteration : 215  (B r, r) = 8.99991e-07
   Iteration : 216  (B r, r) = 9.37108e-07
   Iteration : 217  (B r, r) = 8.93603e-07
   Iteration : 218  (B r, r) = 8.84236e-07
   Iteration : 219  (B r, r) = 7.36706e-07
   Iteration : 220  (B r, r) = 5.75869e-07
   Iteration : 221  (B r, r) = 4.68953e-07
   Iteration : 222  (B r, r) = 4.37672e-07
   Iteration : 223  (B r, r) = 4.30457e-07
   Iteration : 224  (B r, r) = 4.74177e-07
   Iteration : 225  (B r, r) = 5.69994e-07
   Iteration : 226  (B r, r) = 6.38649e-07
   Iteration : 227  (B r, r) = 6.78691e-07
   Iteration : 228  (B r, r) = 6.57341e-07
   Iteration : 229  (B r, r) = 6.5507e-07
   Iteration : 230  (B r, r) = 7.52616e-07
   Iteration : 231  (B r, r) = 8.71466e-07
   Iteration : 232  (B r, r) = 9.16843e-07
   Iteration : 233  (B r, r) = 8.39739e-07
   Iteration : 234  (B r, r) = 7.277e-07
   Iteration : 235  (B r, r) = 6.10761e-07
   Iteration : 236  (B r, r) = 5.60261e-07
   Iteration : 237  (B r, r) = 4.9881e-07
   Iteration : 238  (B r, r) = 3.76826e-07
   Iteration : 239  (B r, r) = 2.49464e-07
   Iteration : 240  (B r, r) = 1.74668e-07
   Iteration : 241  (B r, r) = 1.16734e-07
   Iteration : 242  (B r, r) = 8.62885e-08
   Iteration : 243  (B r, r) = 7.3735e-08
   Iteration : 244  (B r, r) = 6.25093e-08
   Iteration : 245  (B r, r) = 5.34241e-08
   Iteration : 246  (B r, r) = 4.61992e-08
   Iteration : 247  (B r, r) = 3.78053e-08
   Iteration : 248  (B r, r) = 3.32823e-08
   Iteration : 249  (B r, r) = 3.42847e-08
   Iteration : 250  (B r, r) = 3.80964e-08
   Iteration : 251  (B r, r) = 4.75286e-08
   Iteration : 252  (B r, r) = 5.95974e-08
   Iteration : 253  (B r, r) = 6.8942e-08
   Iteration : 254  (B r, r) = 8.16954e-08
   Iteration : 255  (B r, r) = 8.91493e-08
   Iteration : 256  (B r, r) = 8.93839e-08
   Iteration : 257  (B r, r) = 1.01737e-07
   Iteration : 258  (B r, r) = 1.28744e-07
   Iteration : 259  (B r, r) = 1.78107e-07
   Iteration : 260  (B r, r) = 2.41245e-07
   Iteration : 261  (B r, r) = 2.58917e-07
   Iteration : 262  (B r, r) = 2.4239e-07
   Iteration : 263  (B r, r) = 2.38373e-07
   Iteration : 264  (B r, r) = 2.15512e-07
   Iteration : 265  (B r, r) = 1.78365e-07
   Iteration : 266  (B r, r) = 1.6806e-07
   Iteration : 267  (B r, r) = 1.42837e-07
   Iteration : 268  (B r, r) = 1.28123e-07
   Iteration : 269  (B r, r) = 1.00447e-07
   Iteration : 270  (B r, r) = 7.28228e-08
   Iteration : 271  (B r, r) = 5.66064e-08
   Iteration : 272  (B r, r) = 4.33163e-08
   Iteration : 273  (B r, r) = 3.46818e-08
   Iteration : 274  (B r, r) = 3.07578e-08
   Iteration : 275  (B r, r) = 2.73699e-08
   Iteration : 276  (B r, r) = 2.4219e-08
   Iteration : 277  (B r, r) = 1.98216e-08
   Iteration : 278  (B r, r) = 1.73222e-08
   Iteration : 279  (B r, r) = 1.78971e-08
   Iteration : 280  (B r, r) = 1.97678e-08
   Iteration : 281  (B r, r) = 2.08144e-08
   Iteration : 282  (B r, r) = 1.84679e-08
   Iteration : 283  (B r, r) = 1.56555e-08
   Iteration : 284  (B r, r) = 1.49992e-08
   Iteration : 285  (B r, r) = 1.24746e-08
   Iteration : 286  (B r, r) = 8.05021e-09
Average reduction factor = 0.960143

|| F_h - F ||_{L^2} = 0.432497
