Number of unknowns: 2304
time step: 50, time: 0.500000, ||u|| = 1.135314e1, sum = 2.177512e2
time step: 100, time: 1.000000, ||u|| = 1.033741e1, sum = 2.177512e2
time step: 150, time: 1.500000, ||u|| = 9.570867e0, sum = 2.177512e2
time step: 200, time: 2.000000, ||u|| = 8.959110e0, sum = 2.177512e2
time step: 250, time: 2.500000, ||u|| = 8.454146e0, sum = 2.177512e2
time step: 300, time: 3.000000, ||u|| = 8.027492e0, sum = 2.177512e2
time step: 350, time: 3.500000, ||u|| = 7.660823e0, sum = 2.177512e2
time step: 400, time: 4.000000, ||u|| = 7.341662e0, sum = 2.177512e2
time step: 450, time: 4.500000, ||u|| = 7.061141e0, sum = 2.177512e2
time step: 500, time: 5.000000, ||u|| = 6.812742e0, sum = 2.177512e2
time step: 550, time: 5.500000, ||u|| = 6.591529e0, sum = 2.177512e2
time step: 600, time: 6.000000, ||u|| = 6.393667e0, sum = 2.177512e2
time step: 650, time: 6.500000, ||u|| = 6.216102e0, sum = 2.177512e2
time step: 700, time: 7.000000, ||u|| = 6.056353e0, sum = 2.177512e2
time step: 750, time: 7.500000, ||u|| = 5.912357e0, sum = 2.177512e2
time step: 800, time: 8.000000, ||u|| = 5.782378e0, sum = 2.177512e2
time step: 850, time: 8.500000, ||u|| = 5.664924e0, sum = 2.177512e2
time step: 900, time: 9.000000, ||u|| = 5.558705e0, sum = 2.177512e2
time step: 950, time: 9.500000, ||u|| = 5.462590e0, sum = 2.177512e2
time step: 1000, time: 10.000000, ||u|| = 5.375579e0, sum = 2.177512e2
[pex41] FINAL sol (first 10 owned dofs):
  u[0] = 1.1269944612e-1
  u[1] = 1.1299950466e-1
  u[2] = 1.1166051246e-1
  u[3] = 1.0974420445e-1
  u[4] = 1.2573383267e-1
  u[5] = 1.2609853754e-1
  u[6] = 1.2465080391e-1
  u[7] = 1.2253886250e-1
  u[8] = 1.4802555932e-1
  u[9] = 1.4850332803e-1
Completed: 1000 steps, final time 10.000000
