DOFs: H(Curl)=544  H1(z)=289  total=833
nelems=256 nverts=289 nedges=544
  BC DOFs: H(Curl)=64  H1(z)=64
   Iteration :   0  (B r, r) = 51.5796
   Iteration :   1  (B r, r) = 6.79239
   Iteration :   2  (B r, r) = 2.68119
   Iteration :   3  (B r, r) = 1.10529
   Iteration :   4  (B r, r) = 0.441033
   Iteration :   5  (B r, r) = 0.195297
   Iteration :   6  (B r, r) = 0.128737
   Iteration :   7  (B r, r) = 0.0588536
   Iteration :   8  (B r, r) = 0.0291021
   Iteration :   9  (B r, r) = 0.016796
   Iteration :  10  (B r, r) = 0.0163081
   Iteration :  11  (B r, r) = 0.0121428
   Iteration :  12  (B r, r) = 0.011916
   Iteration :  13  (B r, r) = 0.0132307
   Iteration :  14  (B r, r) = 0.00976679
   Iteration :  15  (B r, r) = 0.00779404
   Iteration :  16  (B r, r) = 0.00694082
   Iteration :  17  (B r, r) = 0.00262596
   Iteration :  18  (B r, r) = 0.000999259
   Iteration :  19  (B r, r) = 0.000784714
   Iteration :  20  (B r, r) = 0.00062469
   Iteration :  21  (B r, r) = 0.000739878
   Iteration :  22  (B r, r) = 0.00119603
   Iteration :  23  (B r, r) = 0.000815137
   Iteration :  24  (B r, r) = 0.000472471
   Iteration :  25  (B r, r) = 0.000516487
   Iteration :  26  (B r, r) = 0.000457034
   Iteration :  27  (B r, r) = 0.000166653
   Iteration :  28  (B r, r) = 8.93689e-05
   Iteration :  29  (B r, r) = 5.65723e-05
   Iteration :  30  (B r, r) = 5.4626e-05
   Iteration :  31  (B r, r) = 7.84801e-05
   Iteration :  32  (B r, r) = 9.25699e-05
   Iteration :  33  (B r, r) = 8.37856e-05
   Iteration :  34  (B r, r) = 8.13074e-05
   Iteration :  35  (B r, r) = 5.97973e-05
   Iteration :  36  (B r, r) = 1.52131e-05
   Iteration :  37  (B r, r) = 4.89345e-06
   Iteration :  38  (B r, r) = 4.66429e-06
   Iteration :  39  (B r, r) = 5.15082e-06
   Iteration :  40  (B r, r) = 1.02934e-05
   Iteration :  41  (B r, r) = 1.70277e-05
   Iteration :  42  (B r, r) = 7.0386e-06
   Iteration :  43  (B r, r) = 2.04815e-06
   Iteration :  44  (B r, r) = 4.40941e-07
   Iteration :  45  (B r, r) = 6.11853e-07
   Iteration :  46  (B r, r) = 3.08441e-06
   Iteration :  47  (B r, r) = 2.87738e-06
   Iteration :  48  (B r, r) = 6.76857e-07
   Iteration :  49  (B r, r) = 1.48299e-07
   Iteration :  50  (B r, r) = 7.87679e-08
   Iteration :  51  (B r, r) = 1.16981e-07
   Iteration :  52  (B r, r) = 2.18732e-07
   Iteration :  53  (B r, r) = 3.54845e-07
   Iteration :  54  (B r, r) = 1.95964e-07
   Iteration :  55  (B r, r) = 3.49165e-08
   Iteration :  56  (B r, r) = 1.07947e-08
   Iteration :  57  (B r, r) = 1.11575e-08
   Iteration :  58  (B r, r) = 3.02165e-08
   Iteration :  59  (B r, r) = 7.10947e-08
   Iteration :  60  (B r, r) = 1.56492e-08
   Iteration :  61  (B r, r) = 3.08474e-09
   Iteration :  62  (B r, r) = 9.87525e-10
   Iteration :  63  (B r, r) = 2.48496e-09
   Iteration :  64  (B r, r) = 8.48004e-09
   Iteration :  65  (B r, r) = 6.87709e-09
   Iteration :  66  (B r, r) = 9.26542e-10
   Iteration :  67  (B r, r) = 2.02858e-10
   Iteration :  68  (B r, r) = 2.48553e-10
   Iteration :  69  (B r, r) = 6.45486e-10
   Iteration :  70  (B r, r) = 1.58325e-09
   Iteration :  71  (B r, r) = 5.76991e-10
   Iteration :  72  (B r, r) = 1.19158e-10
   Iteration :  73  (B r, r) = 5.36226e-11
   Iteration :  74  (B r, r) = 4.6171e-11
Average reduction factor = 0.829075

|| E_h - E ||_{H(Curl)} = 0.181455

