Options used:
   --mesh data/compass.msh
   --order 1
   --source-attr-name Rose Even
   --ess-attr-name Boundary
Element Attribute Set Names:  "Base" "E Even" "E Odd" "N Even" "N Odd" "S Even" "S Odd" "W Even" "W Odd"
Boundary Attribute Set Names:  "ENE" "ESE" "NNE" "NNW" "SSE" "SSW" "WNW" "WSW"
Number of finite element unknowns: 33025
Size of linear system: 33025
   Iteration :   0  (B r, r) = 1.08175e-06
   Iteration :   1  (B r, r) = 5.45755e-06
   Iteration :   2  (B r, r) = 3.86128e-05
   Iteration :   3  (B r, r) = 0.000130659
   Iteration :   4  (B r, r) = 0.000218535
   Iteration :   5  (B r, r) = 0.000109005
   Iteration :   6  (B r, r) = 8.90187e-05
   Iteration :   7  (B r, r) = 0.000136409
   Iteration :   8  (B r, r) = 0.000117879
   Iteration :   9  (B r, r) = 8.88191e-05
   Iteration :  10  (B r, r) = 8.92146e-05
   Iteration :  11  (B r, r) = 0.00010723
   Iteration :  12  (B r, r) = 7.78496e-05
   Iteration :  13  (B r, r) = 7.70808e-05
   Iteration :  14  (B r, r) = 8.56767e-05
   Iteration :  15  (B r, r) = 7.71571e-05
   Iteration :  16  (B r, r) = 6.60433e-05
   Iteration :  17  (B r, r) = 6.9601e-05
   Iteration :  18  (B r, r) = 7.06282e-05
   Iteration :  19  (B r, r) = 6.00576e-05
   Iteration :  20  (B r, r) = 5.49531e-05
   Iteration :  21  (B r, r) = 5.77809e-05
   Iteration :  22  (B r, r) = 5.15529e-05
   Iteration :  23  (B r, r) = 4.81312e-05
   Iteration :  24  (B r, r) = 4.59343e-05
   Iteration :  25  (B r, r) = 4.383e-05
   Iteration :  26  (B r, r) = 4.59102e-05
   Iteration :  27  (B r, r) = 3.96458e-05
   Iteration :  28  (B r, r) = 4.06934e-05
   Iteration :  29  (B r, r) = 3.75881e-05
   Iteration :  30  (B r, r) = 3.33513e-05
   Iteration :  31  (B r, r) = 3.27463e-05
   Iteration :  32  (B r, r) = 3.34801e-05
   Iteration :  33  (B r, r) = 2.78342e-05
   Iteration :  34  (B r, r) = 2.18332e-05
   Iteration :  35  (B r, r) = 1.7471e-05
   Iteration :  36  (B r, r) = 1.53229e-05
   Iteration :  37  (B r, r) = 1.5973e-05
   Iteration :  38  (B r, r) = 1.71214e-05
   Iteration :  39  (B r, r) = 1.61294e-05
   Iteration :  40  (B r, r) = 1.50952e-05
   Iteration :  41  (B r, r) = 1.43376e-05
   Iteration :  42  (B r, r) = 1.39454e-05
   Iteration :  43  (B r, r) = 1.36979e-05
   Iteration :  44  (B r, r) = 1.30103e-05
   Iteration :  45  (B r, r) = 1.24346e-05
   Iteration :  46  (B r, r) = 1.29131e-05
   Iteration :  47  (B r, r) = 1.17823e-05
   Iteration :  48  (B r, r) = 1.13671e-05
   Iteration :  49  (B r, r) = 1.12859e-05
   Iteration :  50  (B r, r) = 1.10245e-05
   Iteration :  51  (B r, r) = 1.17483e-05
   Iteration :  52  (B r, r) = 1.27395e-05
   Iteration :  53  (B r, r) = 1.38548e-05
   Iteration :  54  (B r, r) = 1.63611e-05
   Iteration :  55  (B r, r) = 1.58544e-05
   Iteration :  56  (B r, r) = 1.58325e-05
   Iteration :  57  (B r, r) = 1.49179e-05
   Iteration :  58  (B r, r) = 1.21983e-05
   Iteration :  59  (B r, r) = 1.06997e-05
   Iteration :  60  (B r, r) = 9.46804e-06
   Iteration :  61  (B r, r) = 8.68666e-06
   Iteration :  62  (B r, r) = 7.81896e-06
   Iteration :  63  (B r, r) = 7.02688e-06
   Iteration :  64  (B r, r) = 5.35771e-06
   Iteration :  65  (B r, r) = 4.65664e-06
   Iteration :  66  (B r, r) = 3.96684e-06
   Iteration :  67  (B r, r) = 3.33945e-06
   Iteration :  68  (B r, r) = 3.39437e-06
   Iteration :  69  (B r, r) = 3.73587e-06
   Iteration :  70  (B r, r) = 4.44806e-06
   Iteration :  71  (B r, r) = 4.192e-06
   Iteration :  72  (B r, r) = 3.84243e-06
   Iteration :  73  (B r, r) = 3.19368e-06
   Iteration :  74  (B r, r) = 3.32535e-06
   Iteration :  75  (B r, r) = 3.75865e-06
   Iteration :  76  (B r, r) = 3.7014e-06
   Iteration :  77  (B r, r) = 3.46395e-06
   Iteration :  78  (B r, r) = 3.23774e-06
   Iteration :  79  (B r, r) = 3.08453e-06
   Iteration :  80  (B r, r) = 3.15335e-06
   Iteration :  81  (B r, r) = 2.79742e-06
   Iteration :  82  (B r, r) = 2.69652e-06
   Iteration :  83  (B r, r) = 2.7225e-06
   Iteration :  84  (B r, r) = 2.44697e-06
   Iteration :  85  (B r, r) = 2.23043e-06
   Iteration :  86  (B r, r) = 2.05267e-06
   Iteration :  87  (B r, r) = 1.96087e-06
   Iteration :  88  (B r, r) = 1.70228e-06
   Iteration :  89  (B r, r) = 1.55315e-06
   Iteration :  90  (B r, r) = 1.2863e-06
   Iteration :  91  (B r, r) = 1.06245e-06
   Iteration :  92  (B r, r) = 1.01928e-06
   Iteration :  93  (B r, r) = 1.05731e-06
   Iteration :  94  (B r, r) = 1.07545e-06
   Iteration :  95  (B r, r) = 1.04834e-06
   Iteration :  96  (B r, r) = 9.74832e-07
   Iteration :  97  (B r, r) = 9.68927e-07
   Iteration :  98  (B r, r) = 9.66355e-07
   Iteration :  99  (B r, r) = 9.2568e-07
   Iteration : 100  (B r, r) = 7.54553e-07
   Iteration : 101  (B r, r) = 5.48044e-07
   Iteration : 102  (B r, r) = 4.28201e-07
   Iteration : 103  (B r, r) = 3.48151e-07
   Iteration : 104  (B r, r) = 3.01316e-07
   Iteration : 105  (B r, r) = 3.38785e-07
   Iteration : 106  (B r, r) = 3.78197e-07
   Iteration : 107  (B r, r) = 4.31489e-07
   Iteration : 108  (B r, r) = 4.40458e-07
   Iteration : 109  (B r, r) = 4.1486e-07
   Iteration : 110  (B r, r) = 3.76106e-07
   Iteration : 111  (B r, r) = 3.48727e-07
   Iteration : 112  (B r, r) = 3.44243e-07
   Iteration : 113  (B r, r) = 2.95641e-07
   Iteration : 114  (B r, r) = 2.44924e-07
   Iteration : 115  (B r, r) = 2.37895e-07
   Iteration : 116  (B r, r) = 2.03993e-07
   Iteration : 117  (B r, r) = 1.84297e-07
   Iteration : 118  (B r, r) = 1.5037e-07
   Iteration : 119  (B r, r) = 1.36828e-07
   Iteration : 120  (B r, r) = 1.13231e-07
   Iteration : 121  (B r, r) = 9.63394e-08
   Iteration : 122  (B r, r) = 7.81573e-08
   Iteration : 123  (B r, r) = 7.09244e-08
   Iteration : 124  (B r, r) = 6.34489e-08
   Iteration : 125  (B r, r) = 6.00354e-08
   Iteration : 126  (B r, r) = 5.16233e-08
   Iteration : 127  (B r, r) = 4.11938e-08
   Iteration : 128  (B r, r) = 4.26373e-08
   Iteration : 129  (B r, r) = 4.17361e-08
   Iteration : 130  (B r, r) = 3.90997e-08
   Iteration : 131  (B r, r) = 3.52893e-08
   Iteration : 132  (B r, r) = 3.02843e-08
   Iteration : 133  (B r, r) = 2.66316e-08
   Iteration : 134  (B r, r) = 2.33195e-08
   Iteration : 135  (B r, r) = 2.12839e-08
   Iteration : 136  (B r, r) = 2.12898e-08
   Iteration : 137  (B r, r) = 1.85787e-08
   Iteration : 138  (B r, r) = 1.51959e-08
   Iteration : 139  (B r, r) = 1.22194e-08
   Iteration : 140  (B r, r) = 1.14623e-08
   Iteration : 141  (B r, r) = 1.26145e-08
   Iteration : 142  (B r, r) = 1.28057e-08
   Iteration : 143  (B r, r) = 1.23552e-08
   Iteration : 144  (B r, r) = 1.02219e-08
   Iteration : 145  (B r, r) = 8.8651e-09
   Iteration : 146  (B r, r) = 7.11411e-09
   Iteration : 147  (B r, r) = 5.21566e-09
   Iteration : 148  (B r, r) = 4.0544e-09
   Iteration : 149  (B r, r) = 3.42337e-09
   Iteration : 150  (B r, r) = 2.89462e-09
   Iteration : 151  (B r, r) = 2.07806e-09
   Iteration : 152  (B r, r) = 1.68722e-09
   Iteration : 153  (B r, r) = 1.41156e-09
   Iteration : 154  (B r, r) = 1.30222e-09
   Iteration : 155  (B r, r) = 1.18518e-09
   Iteration : 156  (B r, r) = 1.19451e-09
   Iteration : 157  (B r, r) = 1.03386e-09
   Iteration : 158  (B r, r) = 7.7058e-10
   Iteration : 159  (B r, r) = 6.17163e-10
   Iteration : 160  (B r, r) = 5.06402e-10
   Iteration : 161  (B r, r) = 4.79426e-10
   Iteration : 162  (B r, r) = 4.4258e-10
   Iteration : 163  (B r, r) = 4.04138e-10
   Iteration : 164  (B r, r) = 3.37807e-10
   Iteration : 165  (B r, r) = 2.54208e-10
   Iteration : 166  (B r, r) = 2.02669e-10
   Iteration : 167  (B r, r) = 1.65462e-10
   Iteration : 168  (B r, r) = 1.45932e-10
   Iteration : 169  (B r, r) = 1.2268e-10
   Iteration : 170  (B r, r) = 9.71534e-11
   Iteration : 171  (B r, r) = 8.67071e-11
   Iteration : 172  (B r, r) = 6.90889e-11
   Iteration : 173  (B r, r) = 6.04167e-11
   Iteration : 174  (B r, r) = 4.79943e-11
   Iteration : 175  (B r, r) = 4.07149e-11
   Iteration : 176  (B r, r) = 3.28641e-11
   Iteration : 177  (B r, r) = 3.05317e-11
   Iteration : 178  (B r, r) = 3.04582e-11
   Iteration : 179  (B r, r) = 3.09636e-11
   Iteration : 180  (B r, r) = 2.99372e-11
   Iteration : 181  (B r, r) = 2.82408e-11
   Iteration : 182  (B r, r) = 2.64848e-11
   Iteration : 183  (B r, r) = 2.61725e-11
   Iteration : 184  (B r, r) = 2.58258e-11
   Iteration : 185  (B r, r) = 2.41112e-11
   Iteration : 186  (B r, r) = 2.72102e-11
   Iteration : 187  (B r, r) = 3.12348e-11
   Iteration : 188  (B r, r) = 3.13831e-11
   Iteration : 189  (B r, r) = 3.55111e-11
   Iteration : 190  (B r, r) = 3.76868e-11
   Iteration : 191  (B r, r) = 4.00215e-11
   Iteration : 192  (B r, r) = 4.08961e-11
   Iteration : 193  (B r, r) = 4.38388e-11
   Iteration : 194  (B r, r) = 4.8935e-11
   Iteration : 195  (B r, r) = 5.26534e-11
   Iteration : 196  (B r, r) = 5.67095e-11
   Iteration : 197  (B r, r) = 5.78986e-11
   Iteration : 198  (B r, r) = 6.37665e-11
   Iteration : 199  (B r, r) = 7.08403e-11
   Iteration : 200  (B r, r) = 8.36546e-11
   Iteration : 201  (B r, r) = 8.15682e-11
   Iteration : 202  (B r, r) = 8.3413e-11
   Iteration : 203  (B r, r) = 9.45611e-11
   Iteration : 204  (B r, r) = 1.13027e-10
   Iteration : 205  (B r, r) = 1.268e-10
   Iteration : 206  (B r, r) = 1.47551e-10
   Iteration : 207  (B r, r) = 1.50217e-10
   Iteration : 208  (B r, r) = 1.57753e-10
   Iteration : 209  (B r, r) = 1.54558e-10
   Iteration : 210  (B r, r) = 1.3138e-10
   Iteration : 211  (B r, r) = 1.17688e-10
   Iteration : 212  (B r, r) = 1.04229e-10
   Iteration : 213  (B r, r) = 1.05696e-10
   Iteration : 214  (B r, r) = 1.0088e-10
   Iteration : 215  (B r, r) = 8.87723e-11
   Iteration : 216  (B r, r) = 7.21079e-11
   Iteration : 217  (B r, r) = 5.62224e-11
   Iteration : 218  (B r, r) = 5.0692e-11
   Iteration : 219  (B r, r) = 4.62119e-11
   Iteration : 220  (B r, r) = 3.83981e-11
   Iteration : 221  (B r, r) = 2.85109e-11
   Iteration : 222  (B r, r) = 2.42696e-11
   Iteration : 223  (B r, r) = 1.96588e-11
   Iteration : 224  (B r, r) = 1.65376e-11
   Iteration : 225  (B r, r) = 1.52577e-11
   Iteration : 226  (B r, r) = 1.34618e-11
   Iteration : 227  (B r, r) = 1.19754e-11
   Iteration : 228  (B r, r) = 1.03472e-11
   Iteration : 229  (B r, r) = 9.15481e-12
   Iteration : 230  (B r, r) = 7.39005e-12
   Iteration : 231  (B r, r) = 6.20802e-12
   Iteration : 232  (B r, r) = 4.77285e-12
   Iteration : 233  (B r, r) = 3.95684e-12
   Iteration : 234  (B r, r) = 3.38945e-12
   Iteration : 235  (B r, r) = 3.0558e-12
   Iteration : 236  (B r, r) = 2.83251e-12
   Iteration : 237  (B r, r) = 3.02313e-12
   Iteration : 238  (B r, r) = 3.24877e-12
   Iteration : 239  (B r, r) = 3.21598e-12
   Iteration : 240  (B r, r) = 2.94346e-12
   Iteration : 241  (B r, r) = 2.96547e-12
   Iteration : 242  (B r, r) = 3.05703e-12
   Iteration : 243  (B r, r) = 2.84531e-12
   Iteration : 244  (B r, r) = 2.98508e-12
   Iteration : 245  (B r, r) = 3.08342e-12
   Iteration : 246  (B r, r) = 3.01088e-12
   Iteration : 247  (B r, r) = 3.37691e-12
   Iteration : 248  (B r, r) = 3.5665e-12
   Iteration : 249  (B r, r) = 3.66827e-12
   Iteration : 250  (B r, r) = 3.66527e-12
   Iteration : 251  (B r, r) = 3.33518e-12
   Iteration : 252  (B r, r) = 3.03556e-12
   Iteration : 253  (B r, r) = 2.85863e-12
   Iteration : 254  (B r, r) = 2.63295e-12
   Iteration : 255  (B r, r) = 2.62655e-12
   Iteration : 256  (B r, r) = 2.3035e-12
   Iteration : 257  (B r, r) = 1.92027e-12
   Iteration : 258  (B r, r) = 1.64178e-12
   Iteration : 259  (B r, r) = 1.42682e-12
   Iteration : 260  (B r, r) = 1.1846e-12
   Iteration : 261  (B r, r) = 1.03947e-12
   Iteration : 262  (B r, r) = 8.09377e-13
   Iteration : 263  (B r, r) = 6.45055e-13
   Iteration : 264  (B r, r) = 5.30782e-13
   Iteration : 265  (B r, r) = 4.00557e-13
   Iteration : 266  (B r, r) = 3.27999e-13
   Iteration : 267  (B r, r) = 2.79892e-13
   Iteration : 268  (B r, r) = 2.63205e-13
   Iteration : 269  (B r, r) = 2.57802e-13
   Iteration : 270  (B r, r) = 2.34959e-13
   Iteration : 271  (B r, r) = 2.05003e-13
   Iteration : 272  (B r, r) = 1.92418e-13
   Iteration : 273  (B r, r) = 2.02698e-13
   Iteration : 274  (B r, r) = 2.20249e-13
   Iteration : 275  (B r, r) = 2.25488e-13
   Iteration : 276  (B r, r) = 2.30377e-13
   Iteration : 277  (B r, r) = 2.54151e-13
   Iteration : 278  (B r, r) = 3.22256e-13
   Iteration : 279  (B r, r) = 3.55168e-13
   Iteration : 280  (B r, r) = 4.12191e-13
   Iteration : 281  (B r, r) = 4.37473e-13
   Iteration : 282  (B r, r) = 4.80347e-13
   Iteration : 283  (B r, r) = 5.02239e-13
   Iteration : 284  (B r, r) = 4.55146e-13
   Iteration : 285  (B r, r) = 3.76541e-13
   Iteration : 286  (B r, r) = 3.06391e-13
   Iteration : 287  (B r, r) = 2.38411e-13
   Iteration : 288  (B r, r) = 1.9701e-13
   Iteration : 289  (B r, r) = 1.67584e-13
   Iteration : 290  (B r, r) = 1.41511e-13
   Iteration : 291  (B r, r) = 1.20011e-13
   Iteration : 292  (B r, r) = 9.25744e-14
   Iteration : 293  (B r, r) = 7.41818e-14
   Iteration : 294  (B r, r) = 7.19967e-14
   Iteration : 295  (B r, r) = 6.93564e-14
   Iteration : 296  (B r, r) = 6.4366e-14
   Iteration : 297  (B r, r) = 5.8712e-14
   Iteration : 298  (B r, r) = 5.05047e-14
   Iteration : 299  (B r, r) = 4.1902e-14
   Iteration : 300  (B r, r) = 3.90053e-14
   Iteration : 301  (B r, r) = 3.25345e-14
   Iteration : 302  (B r, r) = 3.04841e-14
   Iteration : 303  (B r, r) = 2.78064e-14
   Iteration : 304  (B r, r) = 2.35127e-14
   Iteration : 305  (B r, r) = 1.88883e-14
   Iteration : 306  (B r, r) = 1.73502e-14
   Iteration : 307  (B r, r) = 1.45973e-14
   Iteration : 308  (B r, r) = 1.4547e-14
   Iteration : 309  (B r, r) = 1.49203e-14
   Iteration : 310  (B r, r) = 1.34275e-14
   Iteration : 311  (B r, r) = 1.22702e-14
   Iteration : 312  (B r, r) = 1.16798e-14
   Iteration : 313  (B r, r) = 1.11798e-14
   Iteration : 314  (B r, r) = 9.95028e-15
   Iteration : 315  (B r, r) = 8.66774e-15
   Iteration : 316  (B r, r) = 6.60901e-15
   Iteration : 317  (B r, r) = 5.64778e-15
   Iteration : 318  (B r, r) = 4.50747e-15
   Iteration : 319  (B r, r) = 3.26367e-15
   Iteration : 320  (B r, r) = 2.52326e-15
   Iteration : 321  (B r, r) = 1.67863e-15
   Iteration : 322  (B r, r) = 1.25331e-15
   Iteration : 323  (B r, r) = 9.30459e-16
   Iteration : 324  (B r, r) = 7.40082e-16
   Iteration : 325  (B r, r) = 5.70198e-16
   Iteration : 326  (B r, r) = 4.47163e-16
   Iteration : 327  (B r, r) = 3.69947e-16
   Iteration : 328  (B r, r) = 3.28785e-16
   Iteration : 329  (B r, r) = 2.6018e-16
   Iteration : 330  (B r, r) = 2.08581e-16
   Iteration : 331  (B r, r) = 1.82895e-16
   Iteration : 332  (B r, r) = 1.72466e-16
   Iteration : 333  (B r, r) = 1.79148e-16
   Iteration : 334  (B r, r) = 1.74676e-16
   Iteration : 335  (B r, r) = 1.69307e-16
   Iteration : 336  (B r, r) = 1.60867e-16
   Iteration : 337  (B r, r) = 1.71105e-16
   Iteration : 338  (B r, r) = 1.79661e-16
   Iteration : 339  (B r, r) = 1.72375e-16
   Iteration : 340  (B r, r) = 1.53614e-16
   Iteration : 341  (B r, r) = 1.24194e-16
   Iteration : 342  (B r, r) = 9.71097e-17
   Iteration : 343  (B r, r) = 8.38224e-17
   Iteration : 344  (B r, r) = 7.07003e-17
   Iteration : 345  (B r, r) = 5.71979e-17
   Iteration : 346  (B r, r) = 4.82233e-17
   Iteration : 347  (B r, r) = 4.2595e-17
   Iteration : 348  (B r, r) = 4.0839e-17
   Iteration : 349  (B r, r) = 3.66403e-17
   Iteration : 350  (B r, r) = 3.0052e-17
   Iteration : 351  (B r, r) = 2.32621e-17
   Iteration : 352  (B r, r) = 1.89829e-17
   Iteration : 353  (B r, r) = 1.39803e-17
   Iteration : 354  (B r, r) = 1.08267e-17
   Iteration : 355  (B r, r) = 8.95789e-18
   Iteration : 356  (B r, r) = 6.95434e-18
   Iteration : 357  (B r, r) = 6.16624e-18
   Iteration : 358  (B r, r) = 5.7718e-18
   Iteration : 359  (B r, r) = 5.98474e-18
   Iteration : 360  (B r, r) = 5.65782e-18
   Iteration : 361  (B r, r) = 5.46383e-18
   Iteration : 362  (B r, r) = 4.61206e-18
   Iteration : 363  (B r, r) = 4.12412e-18
   Iteration : 364  (B r, r) = 3.57289e-18
   Iteration : 365  (B r, r) = 3.32819e-18
   Iteration : 366  (B r, r) = 2.74377e-18
   Iteration : 367  (B r, r) = 2.12591e-18
   Iteration : 368  (B r, r) = 1.69455e-18
   Iteration : 369  (B r, r) = 1.21558e-18
   Iteration : 370  (B r, r) = 8.57068e-19
Average reduction factor = 0.963046
