Approximating the fractional exponent 0.33
Number of degrees of freedom: 5281

Solving PDE -Δ u + 41555.825642799326 u = 1821.8977601786917 g 
   Iteration :   0  (B r, r) = 0.000108122
   Iteration :   1  (B r, r) = 2.80319e-07
   Iteration :   2  (B r, r) = 6.7164e-10
   Iteration :   3  (B r, r) = 7.03691e-12
   Iteration :   4  (B r, r) = 8.44135e-15
   Iteration :   5  (B r, r) = 4.67975e-17
   Iteration :   6  (B r, r) = 3.84591e-19
   Iteration :   7  (B r, r) = 1.94153e-21
   Iteration :   8  (B r, r) = 8.35538e-24
   Iteration :   9  (B r, r) = 4.37759e-26
   Iteration :  10  (B r, r) = 2.79893e-28
   Iteration :  11  (B r, r) = 1.62729e-30
Average reduction factor = 0.0670274

Solving PDE -Δ u + 2956.2854289057996 u = 91.01221414514086 g 
   Iteration :   0  (B r, r) = 0.00123793
   Iteration :   1  (B r, r) = 8.36051e-06
   Iteration :   2  (B r, r) = 1.16724e-08
   Iteration :   3  (B r, r) = 4.26295e-11
   Iteration :   4  (B r, r) = 1.83437e-13
   Iteration :   5  (B r, r) = 7.40925e-16
   Iteration :   6  (B r, r) = 2.79731e-18
   Iteration :   7  (B r, r) = 9.83524e-21
   Iteration :   8  (B r, r) = 3.36548e-23
   Iteration :   9  (B r, r) = 1.50827e-25
   Iteration :  10  (B r, r) = 5.78011e-28
Average reduction factor = 0.0607382

Solving PDE -Δ u + 833.1714764716113 u = 26.506114991713673 g 
   Iteration :   0  (B r, r) = 0.00210116
   Iteration :   1  (B r, r) = 0.000351312
   Iteration :   2  (B r, r) = 5.11845e-06
   Iteration :   3  (B r, r) = 2.7719e-07
   Iteration :   4  (B r, r) = 1.66978e-08
   Iteration :   5  (B r, r) = 9.89149e-10
   Iteration :   6  (B r, r) = 6.19362e-11
   Iteration :   7  (B r, r) = 4.14229e-12
   Iteration :   8  (B r, r) = 2.58699e-13
   Iteration :   9  (B r, r) = 1.58e-14
   Iteration :  10  (B r, r) = 8.95757e-16
   Iteration :  11  (B r, r) = 5.04045e-17
   Iteration :  12  (B r, r) = 3.29383e-18
   Iteration :  13  (B r, r) = 1.98442e-19
   Iteration :  14  (B r, r) = 1.0587e-20
   Iteration :  15  (B r, r) = 6.66646e-22
   Iteration :  16  (B r, r) = 4.28798e-23
   Iteration :  17  (B r, r) = 2.25821e-24
   Iteration :  18  (B r, r) = 1.22147e-25
   Iteration :  19  (B r, r) = 7.29662e-27
   Iteration :  20  (B r, r) = 4.43758e-28
Average reduction factor = 0.241611

Solving PDE -Δ u + 313.9332210526186 u = 11.749374290251845 g 
   Iteration :   0  (B r, r) = 0.00247263
   Iteration :   1  (B r, r) = 0.00210163
   Iteration :   2  (B r, r) = 8.30121e-05
   Iteration :   3  (B r, r) = 1.3194e-05
   Iteration :   4  (B r, r) = 2.35368e-06
   Iteration :   5  (B r, r) = 4.26397e-07
   Iteration :   6  (B r, r) = 8.00143e-08
   Iteration :   7  (B r, r) = 1.56465e-08
   Iteration :   8  (B r, r) = 2.89676e-09
   Iteration :   9  (B r, r) = 5.2964e-10
   Iteration :  10  (B r, r) = 9.19579e-11
   Iteration :  11  (B r, r) = 1.57599e-11
   Iteration :  12  (B r, r) = 2.99133e-12
   Iteration :  13  (B r, r) = 5.39829e-13
   Iteration :  14  (B r, r) = 8.77231e-14
   Iteration :  15  (B r, r) = 1.58806e-14
   Iteration :  16  (B r, r) = 3.0089e-15
   Iteration :  17  (B r, r) = 4.78733e-16
   Iteration :  18  (B r, r) = 7.40064e-17
   Iteration :  19  (B r, r) = 1.21836e-17
   Iteration :  20  (B r, r) = 2.04001e-18
   Iteration :  21  (B r, r) = 5.15999e-19
   Iteration :  22  (B r, r) = 7.26728e-20
   Iteration :  23  (B r, r) = 7.91499e-21
   Iteration :  24  (B r, r) = 1.62663e-21
   Iteration :  25  (B r, r) = 1.95247e-22
   Iteration :  26  (B r, r) = 3.16045e-23
   Iteration :  27  (B r, r) = 4.06924e-24
   Iteration :  28  (B r, r) = 7.76811e-25
   Iteration :  29  (B r, r) = 1.70834e-25
   Iteration :  30  (B r, r) = 3.34175e-26
   Iteration :  31  (B r, r) = 7.6874e-27
   Iteration :  32  (B r, r) = 1.2522e-27
Average reduction factor = 0.417237

Solving PDE -Δ u + 130.34483886233863 u = 6.140443839164116 g 
   Iteration :   0  (B r, r) = 0.00263
   Iteration :   1  (B r, r) = 0.00603839
   Iteration :   2  (B r, r) = 0.000538157
   Iteration :   3  (B r, r) = 0.000148266
   Iteration :   4  (B r, r) = 4.68076e-05
   Iteration :   5  (B r, r) = 1.54322e-05
   Iteration :   6  (B r, r) = 5.23736e-06
   Iteration :   7  (B r, r) = 1.8352e-06
   Iteration :   8  (B r, r) = 6.15948e-07
   Iteration :   9  (B r, r) = 2.05711e-07
   Iteration :  10  (B r, r) = 6.5979e-08
   Iteration :  11  (B r, r) = 2.09158e-08
   Iteration :  12  (B r, r) = 7.12835e-09
   Iteration :  13  (B r, r) = 2.31522e-09
   Iteration :  14  (B r, r) = 6.89532e-10
   Iteration :  15  (B r, r) = 2.24804e-10
   Iteration :  16  (B r, r) = 7.56264e-11
   Iteration :  17  (B r, r) = 2.16311e-11
   Iteration :  18  (B r, r) = 5.96349e-12
   Iteration :  19  (B r, r) = 1.67891e-12
   Iteration :  20  (B r, r) = 4.68738e-13
   Iteration :  21  (B r, r) = 2.23729e-13
   Iteration :  22  (B r, r) = 6.50129e-14
   Iteration :  23  (B r, r) = 1.13604e-14
   Iteration :  24  (B r, r) = 4.00923e-15
   Iteration :  25  (B r, r) = 8.23027e-16
   Iteration :  26  (B r, r) = 2.15023e-16
   Iteration :  27  (B r, r) = 4.14743e-17
   Iteration :  28  (B r, r) = 1.07419e-17
   Iteration :  29  (B r, r) = 3.38822e-18
   Iteration :  30  (B r, r) = 1.01229e-18
   Iteration :  31  (B r, r) = 4.38173e-19
   Iteration :  32  (B r, r) = 1.62509e-19
   Iteration :  33  (B r, r) = 4.54273e-20
   Iteration :  34  (B r, r) = 1.63544e-20
   Iteration :  35  (B r, r) = 6.17969e-21
   Iteration :  36  (B r, r) = 2.24577e-21
   Iteration :  37  (B r, r) = 8.43918e-22
   Iteration :  38  (B r, r) = 2.52663e-22
   Iteration :  39  (B r, r) = 5.70657e-23
   Iteration :  40  (B r, r) = 1.2351e-23
   Iteration :  41  (B r, r) = 2.55032e-24
   Iteration :  42  (B r, r) = 6.85981e-25
   Iteration :  43  (B r, r) = 2.20329e-25
   Iteration :  44  (B r, r) = 5.82378e-26
   Iteration :  45  (B r, r) = 1.71421e-26
   Iteration :  46  (B r, r) = 4.32412e-27
   Iteration :  47  (B r, r) = 1.19822e-27
Average reduction factor = 0.55087

Solving PDE -Δ u + 55.63385436846582 u = 3.4417133724992515 g 
   Iteration :   0  (B r, r) = 0.00269869
   Iteration :   1  (B r, r) = 0.0110427
   Iteration :   2  (B r, r) = 0.00216614
   Iteration :   3  (B r, r) = 0.000854403
   Iteration :   4  (B r, r) = 0.000377923
   Iteration :   5  (B r, r) = 0.00017723
   Iteration :   6  (B r, r) = 8.56464e-05
   Iteration :   7  (B r, r) = 4.26985e-05
   Iteration :   8  (B r, r) = 2.05992e-05
   Iteration :   9  (B r, r) = 9.94837e-06
   Iteration :  10  (B r, r) = 4.65022e-06
   Iteration :  11  (B r, r) = 2.1555e-06
   Iteration :  12  (B r, r) = 1.05244e-06
   Iteration :  13  (B r, r) = 4.86738e-07
   Iteration :  14  (B r, r) = 2.08884e-07
   Iteration :  15  (B r, r) = 9.74658e-08
   Iteration :  16  (B r, r) = 4.61501e-08
   Iteration :  17  (B r, r) = 1.86251e-08
   Iteration :  18  (B r, r) = 7.22887e-09
   Iteration :  19  (B r, r) = 2.77607e-09
   Iteration :  20  (B r, r) = 1.02631e-09
   Iteration :  21  (B r, r) = 7.00236e-10
   Iteration :  22  (B r, r) = 3.32239e-10
   Iteration :  23  (B r, r) = 7.70336e-11
   Iteration :  24  (B r, r) = 3.65108e-11
   Iteration :  25  (B r, r) = 1.01215e-11
   Iteration :  26  (B r, r) = 3.46128e-12
   Iteration :  27  (B r, r) = 8.45408e-13
   Iteration :  28  (B r, r) = 2.66196e-13
   Iteration :  29  (B r, r) = 1.02967e-13
   Iteration :  30  (B r, r) = 3.66267e-14
   Iteration :  31  (B r, r) = 1.91792e-14
   Iteration :  32  (B r, r) = 9.66404e-15
   Iteration :  33  (B r, r) = 3.54241e-15
   Iteration :  34  (B r, r) = 1.44839e-15
   Iteration :  35  (B r, r) = 7.24154e-16
   Iteration :  36  (B r, r) = 3.74158e-16
   Iteration :  37  (B r, r) = 2.78001e-16
   Iteration :  38  (B r, r) = 1.7418e-16
   Iteration :  39  (B r, r) = 7.54073e-17
   Iteration :  40  (B r, r) = 2.44075e-17
   Iteration :  41  (B r, r) = 6.73988e-18
   Iteration :  42  (B r, r) = 2.32016e-18
   Iteration :  43  (B r, r) = 9.76303e-19
   Iteration :  44  (B r, r) = 3.36683e-19
   Iteration :  45  (B r, r) = 1.21246e-19
   Iteration :  46  (B r, r) = 3.59907e-20
   Iteration :  47  (B r, r) = 8.86798e-21
   Iteration :  48  (B r, r) = 4.07199e-21
   Iteration :  49  (B r, r) = 3.13857e-21
   Iteration :  50  (B r, r) = 1.9188e-21
   Iteration :  51  (B r, r) = 6.629e-22
   Iteration :  52  (B r, r) = 2.31956e-22
   Iteration :  53  (B r, r) = 8.26569e-23
   Iteration :  54  (B r, r) = 2.61174e-23
   Iteration :  55  (B r, r) = 1.04429e-23
   Iteration :  56  (B r, r) = 4.24458e-24
   Iteration :  57  (B r, r) = 1.8924e-24
   Iteration :  58  (B r, r) = 1.33421e-24
   Iteration :  59  (B r, r) = 8.61328e-25
   Iteration :  60  (B r, r) = 2.76996e-25
   Iteration :  61  (B r, r) = 7.77423e-26
   Iteration :  62  (B r, r) = 3.37619e-26
   Iteration :  63  (B r, r) = 1.40727e-26
   Iteration :  64  (B r, r) = 8.1724e-27
   Iteration :  65  (B r, r) = 4.89035e-27
   Iteration :  66  (B r, r) = 2.38081e-27
Average reduction factor = 0.657309

Solving PDE -Δ u + 23.56254509846927 u = 1.9857347661816598 g 
   Iteration :   0  (B r, r) = 0.00272906
   Iteration :   1  (B r, r) = 0.0151465
   Iteration :   2  (B r, r) = 0.00585443
   Iteration :   3  (B r, r) = 0.00311415
   Iteration :   4  (B r, r) = 0.00174672
   Iteration :   5  (B r, r) = 0.00102904
   Iteration :   6  (B r, r) = 0.000620949
   Iteration :   7  (B r, r) = 0.000385914
   Iteration :   8  (B r, r) = 0.000233767
   Iteration :   9  (B r, r) = 0.000142439
   Iteration :  10  (B r, r) = 8.45305e-05
   Iteration :  11  (B r, r) = 4.99355e-05
   Iteration :  12  (B r, r) = 3.06415e-05
   Iteration :  13  (B r, r) = 1.76757e-05
   Iteration :  14  (B r, r) = 9.52226e-06
   Iteration :  15  (B r, r) = 5.55169e-06
   Iteration :  16  (B r, r) = 3.23798e-06
   Iteration :  17  (B r, r) = 1.60706e-06
   Iteration :  18  (B r, r) = 7.64731e-07
   Iteration :  19  (B r, r) = 3.51599e-07
   Iteration :  20  (B r, r) = 1.51771e-07
   Iteration :  21  (B r, r) = 1.26071e-07
   Iteration :  22  (B r, r) = 8.18001e-08
   Iteration :  23  (B r, r) = 2.26394e-08
   Iteration :  24  (B r, r) = 1.26452e-08
   Iteration :  25  (B r, r) = 4.13427e-09
   Iteration :  26  (B r, r) = 1.63421e-09
   Iteration :  27  (B r, r) = 4.52288e-10
   Iteration :  28  (B r, r) = 1.58852e-10
   Iteration :  29  (B r, r) = 6.91853e-11
   Iteration :  30  (B r, r) = 2.76068e-11
   Iteration :  31  (B r, r) = 1.61541e-11
   Iteration :  32  (B r, r) = 9.42078e-12
   Iteration :  33  (B r, r) = 3.89228e-12
   Iteration :  34  (B r, r) = 1.57286e-12
   Iteration :  35  (B r, r) = 7.3426e-13
   Iteration :  36  (B r, r) = 3.19318e-13
   Iteration :  37  (B r, r) = 2.42051e-13
   Iteration :  38  (B r, r) = 2.29117e-13
   Iteration :  39  (B r, r) = 2.24643e-13
   Iteration :  40  (B r, r) = 1.40724e-13
   Iteration :  41  (B r, r) = 5.86726e-14
   Iteration :  42  (B r, r) = 2.56652e-14
   Iteration :  43  (B r, r) = 1.32248e-14
   Iteration :  44  (B r, r) = 5.51616e-15
   Iteration :  45  (B r, r) = 2.27403e-15
   Iteration :  46  (B r, r) = 7.53127e-16
   Iteration :  47  (B r, r) = 1.74607e-16
   Iteration :  48  (B r, r) = 6.26515e-17
   Iteration :  49  (B r, r) = 4.16564e-17
   Iteration :  50  (B r, r) = 4.28137e-17
   Iteration :  51  (B r, r) = 2.51467e-17
   Iteration :  52  (B r, r) = 1.36712e-17
   Iteration :  53  (B r, r) = 6.55291e-18
   Iteration :  54  (B r, r) = 2.45588e-18
   Iteration :  55  (B r, r) = 1.04791e-18
   Iteration :  56  (B r, r) = 4.21452e-19
   Iteration :  57  (B r, r) = 1.61303e-19
   Iteration :  58  (B r, r) = 1.04728e-19
   Iteration :  59  (B r, r) = 1.14206e-19
   Iteration :  60  (B r, r) = 7.4163e-20
   Iteration :  61  (B r, r) = 2.77771e-20
   Iteration :  62  (B r, r) = 1.36737e-20
   Iteration :  63  (B r, r) = 5.48322e-21
   Iteration :  64  (B r, r) = 3.08385e-21
   Iteration :  65  (B r, r) = 2.36136e-21
   Iteration :  66  (B r, r) = 2.11173e-21
   Iteration :  67  (B r, r) = 8.94474e-22
   Iteration :  68  (B r, r) = 3.0201e-22
   Iteration :  69  (B r, r) = 1.04892e-22
   Iteration :  70  (B r, r) = 5.18832e-23
   Iteration :  71  (B r, r) = 2.42757e-23
   Iteration :  72  (B r, r) = 1.58595e-23
   Iteration :  73  (B r, r) = 9.97361e-24
   Iteration :  74  (B r, r) = 2.55204e-24
   Iteration :  75  (B r, r) = 6.80726e-25
   Iteration :  76  (B r, r) = 2.4122e-25
   Iteration :  77  (B r, r) = 1.99088e-25
   Iteration :  78  (B r, r) = 1.08796e-25
   Iteration :  79  (B r, r) = 4.65457e-26
   Iteration :  80  (B r, r) = 1.21535e-26
   Iteration :  81  (B r, r) = 4.99073e-27
   Iteration :  82  (B r, r) = 3.81645e-27
   Iteration :  83  (B r, r) = 1.24001e-27
Average reduction factor = 0.713441

Solving PDE -Δ u + 9.595516466485318 u = 1.1626337714782395 g 
   Iteration :   0  (B r, r) = 0.00274246
   Iteration :   1  (B r, r) = 0.0176429
   Iteration :   2  (B r, r) = 0.0109456
   Iteration :   3  (B r, r) = 0.00749752
   Iteration :   4  (B r, r) = 0.00509297
   Iteration :   5  (B r, r) = 0.00355521
   Iteration :   6  (B r, r) = 0.00250485
   Iteration :   7  (B r, r) = 0.00180427
   Iteration :   8  (B r, r) = 0.00126812
   Iteration :   9  (B r, r) = 0.000897393
   Iteration :  10  (B r, r) = 0.000620419
   Iteration :  11  (B r, r) = 0.000427958
   Iteration :  12  (B r, r) = 0.000303613
   Iteration :  13  (B r, r) = 0.000201091
   Iteration :  14  (B r, r) = 0.000124704
   Iteration :  15  (B r, r) = 8.33222e-05
   Iteration :  16  (B r, r) = 5.5066e-05
   Iteration :  17  (B r, r) = 3.08706e-05
   Iteration :  18  (B r, r) = 1.65277e-05
   Iteration :  19  (B r, r) = 8.40464e-06
   Iteration :  20  (B r, r) = 3.94104e-06
   Iteration :  21  (B r, r) = 3.62906e-06
   Iteration :  22  (B r, r) = 2.81862e-06
   Iteration :  23  (B r, r) = 8.65811e-07
   Iteration :  24  (B r, r) = 5.28555e-07
   Iteration :  25  (B r, r) = 1.88468e-07
   Iteration :  26  (B r, r) = 8.02012e-08
   Iteration :  27  (B r, r) = 2.36129e-08
   Iteration :  28  (B r, r) = 8.75872e-09
   Iteration :  29  (B r, r) = 4.05095e-09
   Iteration :  30  (B r, r) = 1.72155e-09
   Iteration :  31  (B r, r) = 1.0739e-09
   Iteration :  32  (B r, r) = 6.79295e-10
   Iteration :  33  (B r, r) = 3.02305e-10
   Iteration :  34  (B r, r) = 1.23885e-10
   Iteration :  35  (B r, r) = 5.56078e-11
   Iteration :  36  (B r, r) = 2.02423e-11
   Iteration :  37  (B r, r) = 1.1698e-11
   Iteration :  38  (B r, r) = 9.26999e-12
   Iteration :  39  (B r, r) = 1.14032e-11
   Iteration :  40  (B r, r) = 1.22645e-11
   Iteration :  41  (B r, r) = 8.99301e-12
   Iteration :  42  (B r, r) = 5.67751e-12
   Iteration :  43  (B r, r) = 3.83108e-12
   Iteration :  44  (B r, r) = 2.01111e-12
   Iteration :  45  (B r, r) = 9.45274e-13
   Iteration :  46  (B r, r) = 3.44392e-13
   Iteration :  47  (B r, r) = 7.9871e-14
   Iteration :  48  (B r, r) = 2.53254e-14
   Iteration :  49  (B r, r) = 1.37613e-14
   Iteration :  50  (B r, r) = 1.48018e-14
   Iteration :  51  (B r, r) = 1.08576e-14
   Iteration :  52  (B r, r) = 8.09379e-15
   Iteration :  53  (B r, r) = 5.17359e-15
   Iteration :  54  (B r, r) = 2.36929e-15
   Iteration :  55  (B r, r) = 1.11986e-15
   Iteration :  56  (B r, r) = 4.65426e-16
   Iteration :  57  (B r, r) = 1.60868e-16
   Iteration :  58  (B r, r) = 8.52095e-17
   Iteration :  59  (B r, r) = 9.68252e-17
   Iteration :  60  (B r, r) = 9.5169e-17
   Iteration :  61  (B r, r) = 4.82284e-17
   Iteration :  62  (B r, r) = 2.90166e-17
   Iteration :  63  (B r, r) = 1.20545e-17
   Iteration :  64  (B r, r) = 6.25695e-18
   Iteration :  65  (B r, r) = 4.68202e-18
   Iteration :  66  (B r, r) = 5.49009e-18
   Iteration :  67  (B r, r) = 3.67798e-18
   Iteration :  68  (B r, r) = 1.57508e-18
   Iteration :  69  (B r, r) = 5.89112e-19
   Iteration :  70  (B r, r) = 2.97033e-19
   Iteration :  71  (B r, r) = 1.40063e-19
   Iteration :  72  (B r, r) = 9.85548e-20
   Iteration :  73  (B r, r) = 8.13686e-20
   Iteration :  74  (B r, r) = 2.55302e-20
   Iteration :  75  (B r, r) = 7.08918e-21
   Iteration :  76  (B r, r) = 2.29821e-21
   Iteration :  77  (B r, r) = 1.90362e-21
   Iteration :  78  (B r, r) = 1.25325e-21
   Iteration :  79  (B r, r) = 6.66574e-22
   Iteration :  80  (B r, r) = 1.90497e-22
   Iteration :  81  (B r, r) = 7.46961e-23
   Iteration :  82  (B r, r) = 6.25599e-23
   Iteration :  83  (B r, r) = 2.44687e-23
   Iteration :  84  (B r, r) = 8.40239e-24
   Iteration :  85  (B r, r) = 4.53671e-24
   Iteration :  86  (B r, r) = 2.35563e-24
   Iteration :  87  (B r, r) = 1.80211e-24
   Iteration :  88  (B r, r) = 7.36038e-25
   Iteration :  89  (B r, r) = 4.34249e-25
   Iteration :  90  (B r, r) = 3.06522e-25
   Iteration :  91  (B r, r) = 3.00504e-25
   Iteration :  92  (B r, r) = 1.38146e-25
   Iteration :  93  (B r, r) = 6.56086e-26
   Iteration :  94  (B r, r) = 3.73315e-26
   Iteration :  95  (B r, r) = 2.71581e-26
   Iteration :  96  (B r, r) = 1.11413e-26
   Iteration :  97  (B r, r) = 2.9243e-27
   Iteration :  98  (B r, r) = 1.55343e-27
Average reduction factor = 0.752128

Solving PDE -Δ u + 3.5521600036676424 u = 0.689156011838498 g 
   Iteration :   0  (B r, r) = 0.00274829
   Iteration :   1  (B r, r) = 0.0189097
   Iteration :   2  (B r, r) = 0.0153648
   Iteration :   3  (B r, r) = 0.012561
   Iteration :   4  (B r, r) = 0.00983815
   Iteration :   5  (B r, r) = 0.0077934
   Iteration :   6  (B r, r) = 0.00614767
   Iteration :   7  (B r, r) = 0.00491616
   Iteration :   8  (B r, r) = 0.0038277
   Iteration :   9  (B r, r) = 0.00299469
   Iteration :  10  (B r, r) = 0.0022891
   Iteration :  11  (B r, r) = 0.00174578
   Iteration :  12  (B r, r) = 0.00135843
   Iteration :  13  (B r, r) = 0.000980603
   Iteration :  14  (B r, r) = 0.000662706
   Iteration :  15  (B r, r) = 0.00048036
   Iteration :  16  (B r, r) = 0.000341383
   Iteration :  17  (B r, r) = 0.000205078
   Iteration :  18  (B r, r) = 0.000117182
   Iteration :  19  (B r, r) = 6.28735e-05
   Iteration :  20  (B r, r) = 3.07509e-05
   Iteration :  21  (B r, r) = 2.97969e-05
   Iteration :  22  (B r, r) = 2.54002e-05
   Iteration :  23  (B r, r) = 8.24584e-06
   Iteration :  24  (B r, r) = 5.26502e-06
   Iteration :  25  (B r, r) = 1.95931e-06
   Iteration :  26  (B r, r) = 8.63715e-07
   Iteration :  27  (B r, r) = 2.61741e-07
   Iteration :  28  (B r, r) = 9.95823e-08
   Iteration :  29  (B r, r) = 4.73618e-08
   Iteration :  30  (B r, r) = 2.07463e-08
   Iteration :  31  (B r, r) = 1.33579e-08
   Iteration :  32  (B r, r) = 8.7981e-09
   Iteration :  33  (B r, r) = 4.07424e-09
   Iteration :  34  (B r, r) = 1.69663e-09
   Iteration :  35  (B r, r) = 7.57859e-10
   Iteration :  36  (B r, r) = 2.57098e-10
   Iteration :  37  (B r, r) = 1.2635e-10
   Iteration :  38  (B r, r) = 8.00741e-11
   Iteration :  39  (B r, r) = 8.76513e-11
   Iteration :  40  (B r, r) = 1.0494e-10
   Iteration :  41  (B r, r) = 1.03478e-10
   Iteration :  42  (B r, r) = 8.81786e-11
   Iteration :  43  (B r, r) = 7.89277e-11
   Iteration :  44  (B r, r) = 5.51618e-11
   Iteration :  45  (B r, r) = 3.05274e-11
   Iteration :  46  (B r, r) = 1.24045e-11
   Iteration :  47  (B r, r) = 2.95231e-12
   Iteration :  48  (B r, r) = 8.9537e-13
   Iteration :  49  (B r, r) = 4.36495e-13
   Iteration :  50  (B r, r) = 4.50442e-13
   Iteration :  51  (B r, r) = 3.46802e-13
   Iteration :  52  (B r, r) = 2.95865e-13
   Iteration :  53  (B r, r) = 2.24774e-13
   Iteration :  54  (B r, r) = 1.19429e-13
   Iteration :  55  (B r, r) = 6.16433e-14
   Iteration :  56  (B r, r) = 2.67649e-14
   Iteration :  57  (B r, r) = 8.92875e-15
   Iteration :  58  (B r, r) = 4.18269e-15
   Iteration :  59  (B r, r) = 4.46646e-15
   Iteration :  60  (B r, r) = 5.08218e-15
   Iteration :  61  (B r, r) = 3.05012e-15
   Iteration :  62  (B r, r) = 2.13426e-15
   Iteration :  63  (B r, r) = 9.38264e-16
   Iteration :  64  (B r, r) = 4.68851e-16
   Iteration :  65  (B r, r) = 3.31425e-16
   Iteration :  66  (B r, r) = 4.20613e-16
   Iteration :  67  (B r, r) = 3.66719e-16
   Iteration :  68  (B r, r) = 1.89692e-16
   Iteration :  69  (B r, r) = 7.68366e-17
   Iteration :  70  (B r, r) = 3.98745e-17
   Iteration :  71  (B r, r) = 1.88483e-17
   Iteration :  72  (B r, r) = 1.35332e-17
   Iteration :  73  (B r, r) = 1.27536e-17
   Iteration :  74  (B r, r) = 4.52915e-18
   Iteration :  75  (B r, r) = 1.30346e-18
   Iteration :  76  (B r, r) = 4.06324e-19
   Iteration :  77  (B r, r) = 3.31446e-19
   Iteration :  78  (B r, r) = 2.34635e-19
   Iteration :  79  (B r, r) = 1.39551e-19
   Iteration :  80  (B r, r) = 4.22986e-20
   Iteration :  81  (B r, r) = 1.62718e-20
   Iteration :  82  (B r, r) = 1.40851e-20
   Iteration :  83  (B r, r) = 6.04764e-21
   Iteration :  84  (B r, r) = 2.10519e-21
   Iteration :  85  (B r, r) = 1.12941e-21
   Iteration :  86  (B r, r) = 5.76079e-22
   Iteration :  87  (B r, r) = 4.58508e-22
   Iteration :  88  (B r, r) = 1.9524e-22
   Iteration :  89  (B r, r) = 1.10841e-22
   Iteration :  90  (B r, r) = 7.72212e-23
   Iteration :  91  (B r, r) = 8.35929e-23
   Iteration :  92  (B r, r) = 4.54606e-23
   Iteration :  93  (B r, r) = 2.31702e-23
   Iteration :  94  (B r, r) = 1.35868e-23
   Iteration :  95  (B r, r) = 1.07538e-23
   Iteration :  96  (B r, r) = 4.87075e-24
   Iteration :  97  (B r, r) = 1.1824e-24
   Iteration :  98  (B r, r) = 4.62575e-25
   Iteration :  99  (B r, r) = 2.63412e-25
   Iteration : 100  (B r, r) = 3.69099e-25
   Iteration : 101  (B r, r) = 2.71705e-25
   Iteration : 102  (B r, r) = 1.84961e-25
   Iteration : 103  (B r, r) = 2.13175e-25
   Iteration : 104  (B r, r) = 1.51879e-25
   Iteration : 105  (B r, r) = 1.30245e-25
   Iteration : 106  (B r, r) = 1.24687e-25
   Iteration : 107  (B r, r) = 9.02345e-26
   Iteration : 108  (B r, r) = 4.43145e-26
   Iteration : 109  (B r, r) = 2.22453e-26
   Iteration : 110  (B r, r) = 2.40403e-26
   Iteration : 111  (B r, r) = 8.61031e-27
   Iteration : 112  (B r, r) = 3.70351e-27
   Iteration : 113  (B r, r) = 1.97656e-27
Average reduction factor = 0.781937

Solving PDE -Δ u + 1.032136088164044 u = 0.4111574484834005 g 
   Iteration :   0  (B r, r) = 0.00275073
   Iteration :   1  (B r, r) = 0.019477
   Iteration :   2  (B r, r) = 0.0180134
   Iteration :   3  (B r, r) = 0.0162273
   Iteration :   4  (B r, r) = 0.013825
   Iteration :   5  (B r, r) = 0.0118385
   Iteration :   6  (B r, r) = 0.0100262
   Iteration :   7  (B r, r) = 0.00856648
   Iteration :   8  (B r, r) = 0.00711596
   Iteration :   9  (B r, r) = 0.00592969
   Iteration :  10  (B r, r) = 0.00482498
   Iteration :  11  (B r, r) = 0.00391467
   Iteration :  12  (B r, r) = 0.0032219
   Iteration :  13  (B r, r) = 0.00244803
   Iteration :  14  (B r, r) = 0.00173936
   Iteration :  15  (B r, r) = 0.00132033
   Iteration :  16  (B r, r) = 0.000976544
   Iteration :  17  (B r, r) = 0.000608667
   Iteration :  18  (B r, r) = 0.000359678
   Iteration :  19  (B r, r) = 0.00019819
   Iteration :  20  (B r, r) = 9.8893e-05
   Iteration :  21  (B r, r) = 9.80971e-05
   Iteration :  22  (B r, r) = 8.73361e-05
   Iteration :  23  (B r, r) = 2.91025e-05
   Iteration :  24  (B r, r) = 1.8969e-05
   Iteration :  25  (B r, r) = 7.19643e-06
   Iteration :  26  (B r, r) = 3.22221e-06
   Iteration :  27  (B r, r) = 9.88785e-07
   Iteration :  28  (B r, r) = 3.80338e-07
   Iteration :  29  (B r, r) = 1.83081e-07
   Iteration :  30  (B r, r) = 8.1264e-08
   Iteration :  31  (B r, r) = 5.30622e-08
   Iteration :  32  (B r, r) = 3.5583e-08
   Iteration :  33  (B r, r) = 1.67817e-08
   Iteration :  34  (B r, r) = 7.05167e-09
   Iteration :  35  (B r, r) = 3.15482e-09
   Iteration :  36  (B r, r) = 1.04536e-09
   Iteration :  37  (B r, r) = 4.80829e-10
   Iteration :  38  (B r, r) = 2.71141e-10
   Iteration :  39  (B r, r) = 2.66229e-10
   Iteration :  40  (B r, r) = 3.09837e-10
   Iteration :  41  (B r, r) = 3.2918e-10
   Iteration :  42  (B r, r) = 3.17335e-10
   Iteration :  43  (B r, r) = 3.32949e-10
   Iteration :  44  (B r, r) = 2.86686e-10
   Iteration :  45  (B r, r) = 1.82306e-10
   Iteration :  46  (B r, r) = 8.17122e-11
   Iteration :  47  (B r, r) = 2.00358e-11
   Iteration :  48  (B r, r) = 6.00084e-12
   Iteration :  49  (B r, r) = 2.79219e-12
   Iteration :  50  (B r, r) = 2.80028e-12
   Iteration :  51  (B r, r) = 2.16899e-12
   Iteration :  52  (B r, r) = 1.94201e-12
   Iteration :  53  (B r, r) = 1.59634e-12
   Iteration :  54  (B r, r) = 9.17507e-13
   Iteration :  55  (B r, r) = 4.98447e-13
   Iteration :  56  (B r, r) = 2.22785e-13
   Iteration :  57  (B r, r) = 7.35983e-14
   Iteration :  58  (B r, r) = 3.26014e-14
   Iteration :  59  (B r, r) = 3.33259e-14
   Iteration :  60  (B r, r) = 3.96663e-14
   Iteration :  61  (B r, r) = 2.55819e-14
   Iteration :  62  (B r, r) = 1.93385e-14
   Iteration :  63  (B r, r) = 8.81864e-15
   Iteration :  64  (B r, r) = 4.34506e-15
   Iteration :  65  (B r, r) = 2.96483e-15
   Iteration :  66  (B r, r) = 3.83127e-15
   Iteration :  67  (B r, r) = 3.76496e-15
   Iteration :  68  (B r, r) = 2.16404e-15
   Iteration :  69  (B r, r) = 9.23125e-16
   Iteration :  70  (B r, r) = 4.89629e-16
   Iteration :  71  (B r, r) = 2.32308e-16
   Iteration :  72  (B r, r) = 1.67942e-16
   Iteration :  73  (B r, r) = 1.6785e-16
   Iteration :  74  (B r, r) = 6.33915e-17
   Iteration :  75  (B r, r) = 1.8621e-17
   Iteration :  76  (B r, r) = 5.71421e-18
   Iteration :  77  (B r, r) = 4.61705e-18
   Iteration :  78  (B r, r) = 3.36082e-18
   Iteration :  79  (B r, r) = 2.10084e-18
   Iteration :  80  (B r, r) = 6.55671e-19
   Iteration :  81  (B r, r) = 2.50369e-19
   Iteration :  82  (B r, r) = 2.19451e-19
   Iteration :  83  (B r, r) = 9.82133e-20
   Iteration :  84  (B r, r) = 3.44701e-20
   Iteration :  85  (B r, r) = 1.84634e-20
   Iteration :  86  (B r, r) = 9.33587e-21
   Iteration :  87  (B r, r) = 7.53877e-21
   Iteration :  88  (B r, r) = 3.27035e-21
   Iteration :  89  (B r, r) = 1.8233e-21
   Iteration :  90  (B r, r) = 1.25227e-21
   Iteration :  91  (B r, r) = 1.40174e-21
   Iteration :  92  (B r, r) = 8.22935e-22
   Iteration :  93  (B r, r) = 4.36272e-22
   Iteration :  94  (B r, r) = 2.60921e-22
   Iteration :  95  (B r, r) = 2.15819e-22
   Iteration :  96  (B r, r) = 1.03688e-22
   Iteration :  97  (B r, r) = 2.51267e-23
   Iteration :  98  (B r, r) = 9.04613e-24
   Iteration :  99  (B r, r) = 4.33069e-24
   Iteration : 100  (B r, r) = 5.34983e-24
   Iteration : 101  (B r, r) = 3.79835e-24
   Iteration : 102  (B r, r) = 2.37161e-24
   Iteration : 103  (B r, r) = 2.66109e-24
   Iteration : 104  (B r, r) = 2.00774e-24
   Iteration : 105  (B r, r) = 1.84396e-24
   Iteration : 106  (B r, r) = 2.06118e-24
   Iteration : 107  (B r, r) = 1.90993e-24
   Iteration : 108  (B r, r) = 1.13992e-24
   Iteration : 109  (B r, r) = 6.19519e-25
   Iteration : 110  (B r, r) = 7.48664e-25
   Iteration : 111  (B r, r) = 3.06423e-25
   Iteration : 112  (B r, r) = 1.36708e-25
   Iteration : 113  (B r, r) = 7.4225e-26
   Iteration : 114  (B r, r) = 5.70568e-26
   Iteration : 115  (B r, r) = 1.74018e-26
   Iteration : 116  (B r, r) = 1.33408e-26
   Iteration : 117  (B r, r) = 9.31942e-27
   Iteration : 118  (B r, r) = 4.07449e-27
   Iteration : 119  (B r, r) = 2.48299e-27
Average reduction factor = 0.792452

Solving PDE -Δ u + 0.12414804255400504 u = 0.22987359797462853 g 
   Iteration :   0  (B r, r) = 0.0027516
   Iteration :   1  (B r, r) = 0.0196874
   Iteration :   2  (B r, r) = 0.019134
   Iteration :   3  (B r, r) = 0.0179352
   Iteration :   4  (B r, r) = 0.0158403
   Iteration :   5  (B r, r) = 0.0140396
   Iteration :   6  (B r, r) = 0.0122792
   Iteration :   7  (B r, r) = 0.0108162
   Iteration :   8  (B r, r) = 0.00925981
   Iteration :   9  (B r, r) = 0.0079477
   Iteration :  10  (B r, r) = 0.00666017
   Iteration :  11  (B r, r) = 0.00556357
   Iteration :  12  (B r, r) = 0.00470136
   Iteration :  13  (B r, r) = 0.00365849
   Iteration :  14  (B r, r) = 0.00266007
   Iteration :  15  (B r, r) = 0.00206189
   Iteration :  16  (B r, r) = 0.00155225
   Iteration :  17  (B r, r) = 0.000983081
   Iteration :  18  (B r, r) = 0.000589234
   Iteration :  19  (B r, r) = 0.000328234
   Iteration :  20  (B r, r) = 0.000165086
   Iteration :  21  (B r, r) = 0.000165242
   Iteration :  22  (B r, r) = 0.000149598
   Iteration :  23  (B r, r) = 5.03549e-05
   Iteration :  24  (B r, r) = 3.30791e-05
   Iteration :  25  (B r, r) = 1.26406e-05
   Iteration :  26  (B r, r) = 5.69269e-06
   Iteration :  27  (B r, r) = 1.75496e-06
   Iteration :  28  (B r, r) = 6.7776e-07
   Iteration :  29  (B r, r) = 3.27686e-07
   Iteration :  30  (B r, r) = 1.46158e-07
   Iteration :  31  (B r, r) = 9.59306e-08
   Iteration :  32  (B r, r) = 6.47595e-08
   Iteration :  33  (B r, r) = 3.07518e-08
   Iteration :  34  (B r, r) = 1.29688e-08
   Iteration :  35  (B r, r) = 5.80882e-09
   Iteration :  36  (B r, r) = 1.91079e-09
   Iteration :  37  (B r, r) = 8.59235e-10
   Iteration :  38  (B r, r) = 4.63623e-10
   Iteration :  39  (B r, r) = 4.33775e-10
   Iteration :  40  (B r, r) = 4.92504e-10
   Iteration :  41  (B r, r) = 5.29634e-10
   Iteration :  42  (B r, r) = 5.29294e-10
   Iteration :  43  (B r, r) = 5.88748e-10
   Iteration :  44  (B r, r) = 5.55724e-10
   Iteration :  45  (B r, r) = 3.78721e-10
   Iteration :  46  (B r, r) = 1.78884e-10
   Iteration :  47  (B r, r) = 4.46277e-11
   Iteration :  48  (B r, r) = 1.33317e-11
   Iteration :  49  (B r, r) = 6.10132e-12
   Iteration :  50  (B r, r) = 6.04781e-12
   Iteration :  51  (B r, r) = 4.6838e-12
   Iteration :  52  (B r, r) = 4.25976e-12
   Iteration :  53  (B r, r) = 3.60458e-12
   Iteration :  54  (B r, r) = 2.13721e-12
   Iteration :  55  (B r, r) = 1.18602e-12
   Iteration :  56  (B r, r) = 5.36858e-13
   Iteration :  57  (B r, r) = 1.76929e-13
   Iteration :  58  (B r, r) = 7.67735e-14
   Iteration :  59  (B r, r) = 7.70467e-14
   Iteration :  60  (B r, r) = 9.29184e-14
   Iteration :  61  (B r, r) = 6.14653e-14
   Iteration :  62  (B r, r) = 4.78717e-14
   Iteration :  63  (B r, r) = 2.21716e-14
   Iteration :  64  (B r, r) = 1.08741e-14
   Iteration :  65  (B r, r) = 7.31131e-15
   Iteration :  66  (B r, r) = 9.48082e-15
   Iteration :  67  (B r, r) = 9.73493e-15
   Iteration :  68  (B r, r) = 5.84039e-15
   Iteration :  69  (B r, r) = 2.54826e-15
   Iteration :  70  (B r, r) = 1.3654e-15
   Iteration :  71  (B r, r) = 6.49242e-16
   Iteration :  72  (B r, r) = 4.70481e-16
   Iteration :  73  (B r, r) = 4.80649e-16
   Iteration :  74  (B r, r) = 1.85945e-16
   Iteration :  75  (B r, r) = 5.50849e-17
   Iteration :  76  (B r, r) = 1.68115e-17
   Iteration :  77  (B r, r) = 1.35311e-17
   Iteration :  78  (B r, r) = 9.94486e-18
   Iteration :  79  (B r, r) = 6.33181e-18
   Iteration :  80  (B r, r) = 1.99863e-18
   Iteration :  81  (B r, r) = 7.61238e-19
   Iteration :  82  (B r, r) = 6.70129e-19
   Iteration :  83  (B r, r) = 3.04542e-19
   Iteration :  84  (B r, r) = 1.07245e-19
   Iteration :  85  (B r, r) = 5.74228e-20
   Iteration :  86  (B r, r) = 2.89396e-20
   Iteration :  87  (B r, r) = 2.34837e-20
   Iteration :  88  (B r, r) = 1.02576e-20
   Iteration :  89  (B r, r) = 5.67996e-21
   Iteration :  90  (B r, r) = 3.87553e-21
   Iteration :  91  (B r, r) = 4.38385e-21
   Iteration :  92  (B r, r) = 2.64724e-21
   Iteration :  93  (B r, r) = 1.42555e-21
   Iteration :  94  (B r, r) = 8.5959e-22
   Iteration :  95  (B r, r) = 7.23409e-22
   Iteration :  96  (B r, r) = 3.56024e-22
   Iteration :  97  (B r, r) = 8.65936e-23
   Iteration :  98  (B r, r) = 3.04932e-23
   Iteration :  99  (B r, r) = 1.38346e-23
   Iteration : 100  (B r, r) = 1.63326e-23
   Iteration : 101  (B r, r) = 1.1344e-23
   Iteration : 102  (B r, r) = 6.76e-24
   Iteration : 103  (B r, r) = 7.32426e-24
   Iteration : 104  (B r, r) = 5.48407e-24
   Iteration : 105  (B r, r) = 5.02847e-24
   Iteration : 106  (B r, r) = 5.84355e-24
   Iteration : 107  (B r, r) = 5.95722e-24
   Iteration : 108  (B r, r) = 3.90522e-24
   Iteration : 109  (B r, r) = 2.21966e-24
   Iteration : 110  (B r, r) = 2.84763e-24
   Iteration : 111  (B r, r) = 1.25601e-24
   Iteration : 112  (B r, r) = 5.73961e-25
   Iteration : 113  (B r, r) = 3.15292e-25
   Iteration : 114  (B r, r) = 2.46917e-25
   Iteration : 115  (B r, r) = 7.60227e-26
   Iteration : 116  (B r, r) = 5.8314e-26
   Iteration : 117  (B r, r) = 4.13912e-26
   Iteration : 118  (B r, r) = 1.8307e-26
   Iteration : 119  (B r, r) = 1.12266e-26
   Iteration : 120  (B r, r) = 6.40485e-27
   Iteration : 121  (B r, r) = 2.20396e-27
Average reduction factor = 0.795112
