Options used:
   --order 1
   --offset 0.3
   --no-visualization
Number of finite element unknowns: 578
Assembling matrix and r.h.s...
   Pass :  1   Iteration :   0  ||B r|| = 0.00683556362288532
   Pass :  1   Iteration :   1  ||B r|| = 0.00203485168081881
   Pass :  1   Iteration :   2  ||B r|| = 0.00176796566737748
   Pass :  1   Iteration :   3  ||B r|| = 0.00164757282926609
   Pass :  1   Iteration :   4  ||B r|| = 0.00139688978711964
   Pass :  1   Iteration :   5  ||B r|| = 0.00130180635796962
   Pass :  1   Iteration :   6  ||B r|| = 0.00125768802520662
   Pass :  1   Iteration :   7  ||B r|| = 0.00121152109874448
   Pass :  1   Iteration :   8  ||B r|| = 0.00120589242284458
   Pass :  1   Iteration :   9  ||B r|| = 0.00120256073298573
   Pass :  1   Iteration :  10  ||B r|| = 0.00119991766714584
   Pass :  1   Iteration :  11  ||B r|| = 0.00117805067499881
   Pass :  1   Iteration :  12  ||B r|| = 0.00116622757381315
   Pass :  1   Iteration :  13  ||B r|| = 0.00112622459712078
   Pass :  1   Iteration :  14  ||B r|| = 0.00108996555376080
   Pass :  1   Iteration :  15  ||B r|| = 0.00105700506980550
   Pass :  1   Iteration :  16  ||B r|| = 0.00099500147786301
   Pass :  1   Iteration :  17  ||B r|| = 0.00096478621663395
   Pass :  1   Iteration :  18  ||B r|| = 0.00092601596547956
   Pass :  1   Iteration :  19  ||B r|| = 0.00091651018608432
   Pass :  1   Iteration :  20  ||B r|| = 0.00091596501573432
   Pass :  1   Iteration :  21  ||B r|| = 0.00091113682331934
   Pass :  1   Iteration :  22  ||B r|| = 0.00088671519197238
   Pass :  1   Iteration :  23  ||B r|| = 0.00081829751498181
   Pass :  1   Iteration :  24  ||B r|| = 0.00067279230804208
   Pass :  1   Iteration :  25  ||B r|| = 0.00053583391205870
   Pass :  1   Iteration :  26  ||B r|| = 0.00047761644167839
   Pass :  1   Iteration :  27  ||B r|| = 0.00043407777992779
   Pass :  1   Iteration :  28  ||B r|| = 0.00040962390776792
   Pass :  1   Iteration :  29  ||B r|| = 0.00039928035054486
   Pass :  1   Iteration :  30  ||B r|| = 0.00039531034234915
   Pass :  1   Iteration :  31  ||B r|| = 0.00039503834597976
   Pass :  1   Iteration :  32  ||B r|| = 0.00039118314318032
   Pass :  1   Iteration :  33  ||B r|| = 0.00037108034924476
   Pass :  1   Iteration :  34  ||B r|| = 0.00034858437257836
   Pass :  1   Iteration :  35  ||B r|| = 0.00032646093986032
   Pass :  1   Iteration :  36  ||B r|| = 0.00029705203756747
   Pass :  1   Iteration :  37  ||B r|| = 0.00027768161217683
   Pass :  1   Iteration :  38  ||B r|| = 0.00025042350066897
   Pass :  1   Iteration :  39  ||B r|| = 0.00023555389459895
   Pass :  1   Iteration :  40  ||B r|| = 0.00022289252424166
   Pass :  1   Iteration :  41  ||B r|| = 0.00021342789523910
   Pass :  1   Iteration :  42  ||B r|| = 0.00019775968226732
   Pass :  1   Iteration :  43  ||B r|| = 0.00018086859319973
   Pass :  1   Iteration :  44  ||B r|| = 0.00016805864440399
   Pass :  1   Iteration :  45  ||B r|| = 0.00015848838570481
   Pass :  1   Iteration :  46  ||B r|| = 0.00015428931352958
   Pass :  1   Iteration :  47  ||B r|| = 0.00015249862932465
   Pass :  1   Iteration :  48  ||B r|| = 0.00015199810336359
   Pass :  1   Iteration :  49  ||B r|| = 0.00015199768605423
   Pass :  1   Iteration :  50  ||B r|| = 0.00015089251928519
Restarting...
   Pass :  2   Iteration :  51  ||B r|| = 0.00015060826960191
   Pass :  2   Iteration :  52  ||B r|| = 0.00015036141615887
   Pass :  2   Iteration :  53  ||B r|| = 0.00015027871905475
   Pass :  2   Iteration :  54  ||B r|| = 0.00014932293273175
   Pass :  2   Iteration :  55  ||B r|| = 0.00014750311706528
   Pass :  2   Iteration :  56  ||B r|| = 0.00014421704014908
   Pass :  2   Iteration :  57  ||B r|| = 0.00014027134496579
   Pass :  2   Iteration :  58  ||B r|| = 0.00013713846042365
   Pass :  2   Iteration :  59  ||B r|| = 0.00013209903133914
   Pass :  2   Iteration :  60  ||B r|| = 0.00012897318926976
   Pass :  2   Iteration :  61  ||B r|| = 0.00012720669038956
   Pass :  2   Iteration :  62  ||B r|| = 0.00012677327982898
   Pass :  2   Iteration :  63  ||B r|| = 0.00012674474866181
   Pass :  2   Iteration :  64  ||B r|| = 0.00012666577845541
   Pass :  2   Iteration :  65  ||B r|| = 0.00012636028145470
   Pass :  2   Iteration :  66  ||B r|| = 0.00012465783468070
   Pass :  2   Iteration :  67  ||B r|| = 0.00012241096398352
   Pass :  2   Iteration :  68  ||B r|| = 0.00011902313866704
   Pass :  2   Iteration :  69  ||B r|| = 0.00011603039426932
   Pass :  2   Iteration :  70  ||B r|| = 0.00011374034966081
   Pass :  2   Iteration :  71  ||B r|| = 0.00011160260140572
   Pass :  2   Iteration :  72  ||B r|| = 0.00011121216535357
   Pass :  2   Iteration :  73  ||B r|| = 0.00011110423956496
   Pass :  2   Iteration :  74  ||B r|| = 0.00011077802612190
   Pass :  2   Iteration :  75  ||B r|| = 0.00010981448512083
   Pass :  2   Iteration :  76  ||B r|| = 0.00010762178982707
   Pass :  2   Iteration :  77  ||B r|| = 0.00010515728739837
   Pass :  2   Iteration :  78  ||B r|| = 0.00010230693595692
   Pass :  2   Iteration :  79  ||B r|| = 0.00009539633438889
   Pass :  2   Iteration :  80  ||B r|| = 0.00008680448187676
   Pass :  2   Iteration :  81  ||B r|| = 0.00007957286794300
   Pass :  2   Iteration :  82  ||B r|| = 0.00007341336263419
   Pass :  2   Iteration :  83  ||B r|| = 0.00007131720948110
   Pass :  2   Iteration :  84  ||B r|| = 0.00007072509061065
   Pass :  2   Iteration :  85  ||B r|| = 0.00007070672274630
   Pass :  2   Iteration :  86  ||B r|| = 0.00007003204348895
   Pass :  2   Iteration :  87  ||B r|| = 0.00006735855490043
   Pass :  2   Iteration :  88  ||B r|| = 0.00006136635374611
   Pass :  2   Iteration :  89  ||B r|| = 0.00005595561126926
   Pass :  2   Iteration :  90  ||B r|| = 0.00005152390597555
   Pass :  2   Iteration :  91  ||B r|| = 0.00004802962567763
   Pass :  2   Iteration :  92  ||B r|| = 0.00004525429473698
   Pass :  2   Iteration :  93  ||B r|| = 0.00004307673015442
   Pass :  2   Iteration :  94  ||B r|| = 0.00004197625624659
   Pass :  2   Iteration :  95  ||B r|| = 0.00004110282020244
   Pass :  2   Iteration :  96  ||B r|| = 0.00004074165924010
   Pass :  2   Iteration :  97  ||B r|| = 0.00004054064843358
   Pass :  2   Iteration :  98  ||B r|| = 0.00004052662481269
   Pass :  2   Iteration :  99  ||B r|| = 0.00004048402076631
   Pass :  2   Iteration : 100  ||B r|| = 0.00004027929211099
Restarting...
   Pass :  3   Iteration : 101  ||B r|| = 0.00004026356437887
   Pass :  3   Iteration : 102  ||B r|| = 0.00004016508870968
   Pass :  3   Iteration : 103  ||B r|| = 0.00004016508649226
   Pass :  3   Iteration : 104  ||B r|| = 0.00004008171159099
   Pass :  3   Iteration : 105  ||B r|| = 0.00004000463569505
   Pass :  3   Iteration : 106  ||B r|| = 0.00003976950729206
   Pass :  3   Iteration : 107  ||B r|| = 0.00003964744017998
   Pass :  3   Iteration : 108  ||B r|| = 0.00003933401398147
   Pass :  3   Iteration : 109  ||B r|| = 0.00003865163390363
   Pass :  3   Iteration : 110  ||B r|| = 0.00003760813579633
   Pass :  3   Iteration : 111  ||B r|| = 0.00003633616080313
   Pass :  3   Iteration : 112  ||B r|| = 0.00003585623305572
   Pass :  3   Iteration : 113  ||B r|| = 0.00003566437983535
   Pass :  3   Iteration : 114  ||B r|| = 0.00003565029657520
   Pass :  3   Iteration : 115  ||B r|| = 0.00003564144817510
   Pass :  3   Iteration : 116  ||B r|| = 0.00003552492075678
   Pass :  3   Iteration : 117  ||B r|| = 0.00003517019053321
   Pass :  3   Iteration : 118  ||B r|| = 0.00003469424072346
   Pass :  3   Iteration : 119  ||B r|| = 0.00003393971774993
   Pass :  3   Iteration : 120  ||B r|| = 0.00003271484171448
   Pass :  3   Iteration : 121  ||B r|| = 0.00003119148421564
   Pass :  3   Iteration : 122  ||B r|| = 0.00002984299146945
   Pass :  3   Iteration : 123  ||B r|| = 0.00002932721067129
   Pass :  3   Iteration : 124  ||B r|| = 0.00002917682614529
   Pass :  3   Iteration : 125  ||B r|| = 0.00002917659406947
   Pass :  3   Iteration : 126  ||B r|| = 0.00002907966733044
   Pass :  3   Iteration : 127  ||B r|| = 0.00002864425652520
   Pass :  3   Iteration : 128  ||B r|| = 0.00002778531058725
   Pass :  3   Iteration : 129  ||B r|| = 0.00002629447899399
   Pass :  3   Iteration : 130  ||B r|| = 0.00002452979819664
   Pass :  3   Iteration : 131  ||B r|| = 0.00002344097612545
   Pass :  3   Iteration : 132  ||B r|| = 0.00002299455073611
   Pass :  3   Iteration : 133  ||B r|| = 0.00002284489052600
   Pass :  3   Iteration : 134  ||B r|| = 0.00002283342033784
   Pass :  3   Iteration : 135  ||B r|| = 0.00002274761819008
   Pass :  3   Iteration : 136  ||B r|| = 0.00002222216068256
   Pass :  3   Iteration : 137  ||B r|| = 0.00002135173632395
   Pass :  3   Iteration : 138  ||B r|| = 0.00002033490066224
   Pass :  3   Iteration : 139  ||B r|| = 0.00001947829788264
   Pass :  3   Iteration : 140  ||B r|| = 0.00001877821109664
   Pass :  3   Iteration : 141  ||B r|| = 0.00001848967474685
   Pass :  3   Iteration : 142  ||B r|| = 0.00001833707124046
   Pass :  3   Iteration : 143  ||B r|| = 0.00001821224167083
   Pass :  3   Iteration : 144  ||B r|| = 0.00001820788668418
   Pass :  3   Iteration : 145  ||B r|| = 0.00001820781899262
   Pass :  3   Iteration : 146  ||B r|| = 0.00001817222422053
   Pass :  3   Iteration : 147  ||B r|| = 0.00001802985466837
   Pass :  3   Iteration : 148  ||B r|| = 0.00001768259862645
   Pass :  3   Iteration : 149  ||B r|| = 0.00001678159850325
   Pass :  3   Iteration : 150  ||B r|| = 0.00001622653473439
Restarting...
   Pass :  4   Iteration : 151  ||B r|| = 0.00001606183362249
   Pass :  4   Iteration : 152  ||B r|| = 0.00001559386322685
   Pass :  4   Iteration : 153  ||B r|| = 0.00001537304022823
   Pass :  4   Iteration : 154  ||B r|| = 0.00001530415956135
   Pass :  4   Iteration : 155  ||B r|| = 0.00001526545179746
   Pass :  4   Iteration : 156  ||B r|| = 0.00001525986178840
   Pass :  4   Iteration : 157  ||B r|| = 0.00001524289618136
   Pass :  4   Iteration : 158  ||B r|| = 0.00001520113030157
   Pass :  4   Iteration : 159  ||B r|| = 0.00001509193471398
   Pass :  4   Iteration : 160  ||B r|| = 0.00001501112753077
   Pass :  4   Iteration : 161  ||B r|| = 0.00001485052999994
   Pass :  4   Iteration : 162  ||B r|| = 0.00001473411347112
   Pass :  4   Iteration : 163  ||B r|| = 0.00001464612017488
   Pass :  4   Iteration : 164  ||B r|| = 0.00001463389200053
   Pass :  4   Iteration : 165  ||B r|| = 0.00001462311142750
   Pass :  4   Iteration : 166  ||B r|| = 0.00001459333325403
   Pass :  4   Iteration : 167  ||B r|| = 0.00001450379540242
   Pass :  4   Iteration : 168  ||B r|| = 0.00001438757860454
   Pass :  4   Iteration : 169  ||B r|| = 0.00001425139267324
   Pass :  4   Iteration : 170  ||B r|| = 0.00001389048175999
   Pass :  4   Iteration : 171  ||B r|| = 0.00001346595345619
   Pass :  4   Iteration : 172  ||B r|| = 0.00001312074201082
   Pass :  4   Iteration : 173  ||B r|| = 0.00001292286726606
   Pass :  4   Iteration : 174  ||B r|| = 0.00001282685280144
   Pass :  4   Iteration : 175  ||B r|| = 0.00001280186214985
   Pass :  4   Iteration : 176  ||B r|| = 0.00001280141613160
   Pass :  4   Iteration : 177  ||B r|| = 0.00001277274016173
   Pass :  4   Iteration : 178  ||B r|| = 0.00001267180689628
   Pass :  4   Iteration : 179  ||B r|| = 0.00001242201889676
   Pass :  4   Iteration : 180  ||B r|| = 0.00001191937618176
   Pass :  4   Iteration : 181  ||B r|| = 0.00001156994469044
   Pass :  4   Iteration : 182  ||B r|| = 0.00001131473768352
   Pass :  4   Iteration : 183  ||B r|| = 0.00001114565646977
   Pass :  4   Iteration : 184  ||B r|| = 0.00001107571102535
   Pass :  4   Iteration : 185  ||B r|| = 0.00001105010609518
   Pass :  4   Iteration : 186  ||B r|| = 0.00001104988850874
   Pass :  4   Iteration : 187  ||B r|| = 0.00001101776293643
   Pass :  4   Iteration : 188  ||B r|| = 0.00001085197471770
   Pass :  4   Iteration : 189  ||B r|| = 0.00001041961906010
   Pass :  4   Iteration : 190  ||B r|| = 0.00000977085149828
   Pass :  4   Iteration : 191  ||B r|| = 0.00000906202696956
   Pass :  4   Iteration : 192  ||B r|| = 0.00000870689714802
   Pass :  4   Iteration : 193  ||B r|| = 0.00000846074538125
   Pass :  4   Iteration : 194  ||B r|| = 0.00000831335146355
   Pass :  4   Iteration : 195  ||B r|| = 0.00000823730425925
   Pass :  4   Iteration : 196  ||B r|| = 0.00000821702831401
   Pass :  4   Iteration : 197  ||B r|| = 0.00000821682521797
   Pass :  4   Iteration : 198  ||B r|| = 0.00000820945196540
   Pass :  4   Iteration : 199  ||B r|| = 0.00000817115197899
   Pass :  4   Iteration : 200  ||B r|| = 0.00000807525881169
Restarting...
   Pass :  5   Iteration : 201  ||B r|| = 0.00000806645203613
   Pass :  5   Iteration : 202  ||B r|| = 0.00000801583408346
   Pass :  5   Iteration : 203  ||B r|| = 0.00000801352335567
   Pass :  5   Iteration : 204  ||B r|| = 0.00000801195901632
   Pass :  5   Iteration : 205  ||B r|| = 0.00000800856263320
   Pass :  5   Iteration : 206  ||B r|| = 0.00000799034175169
   Pass :  5   Iteration : 207  ||B r|| = 0.00000797580092286
   Pass :  5   Iteration : 208  ||B r|| = 0.00000794588239308
   Pass :  5   Iteration : 209  ||B r|| = 0.00000785642248567
   Pass :  5   Iteration : 210  ||B r|| = 0.00000779201643293
   Pass :  5   Iteration : 211  ||B r|| = 0.00000769045258048
   Pass :  5   Iteration : 212  ||B r|| = 0.00000762057564886
   Pass :  5   Iteration : 213  ||B r|| = 0.00000756094243042
   Pass :  5   Iteration : 214  ||B r|| = 0.00000753983537439
   Pass :  5   Iteration : 215  ||B r|| = 0.00000752939053086
   Pass :  5   Iteration : 216  ||B r|| = 0.00000752619695283
   Pass :  5   Iteration : 217  ||B r|| = 0.00000751868632572
   Pass :  5   Iteration : 218  ||B r|| = 0.00000748841583704
   Pass :  5   Iteration : 219  ||B r|| = 0.00000740620909963
   Pass :  5   Iteration : 220  ||B r|| = 0.00000729376010747
   Pass :  5   Iteration : 221  ||B r|| = 0.00000718695162032
   Pass :  5   Iteration : 222  ||B r|| = 0.00000708424570651
   Pass :  5   Iteration : 223  ||B r|| = 0.00000702491431097
   Pass :  5   Iteration : 224  ||B r|| = 0.00000699053288919
   Pass :  5   Iteration : 225  ||B r|| = 0.00000698946134643
   Pass :  5   Iteration : 226  ||B r|| = 0.00000698468434288
   Pass :  5   Iteration : 227  ||B r|| = 0.00000693916860499
   Pass :  5   Iteration : 228  ||B r|| = 0.00000683287239639
   Pass :  5   Iteration : 229  ||B r|| = 0.00000666286501206
   Pass :  5   Iteration : 230  ||B r|| = 0.00000658161468806
   Pass :  5   Iteration : 231  ||B r|| = 0.00000649802131520
   Pass :  5   Iteration : 232  ||B r|| = 0.00000646016868835
   Pass :  5   Iteration : 233  ||B r|| = 0.00000645212108832
   Pass :  5   Iteration : 234  ||B r|| = 0.00000645099938445
   Pass :  5   Iteration : 235  ||B r|| = 0.00000642388131948
   Pass :  5   Iteration : 236  ||B r|| = 0.00000627088530742
   Pass :  5   Iteration : 237  ||B r|| = 0.00000597745616976
   Pass :  5   Iteration : 238  ||B r|| = 0.00000561144501635
   Pass :  5   Iteration : 239  ||B r|| = 0.00000537098148771
   Pass :  5   Iteration : 240  ||B r|| = 0.00000524679723514
   Pass :  5   Iteration : 241  ||B r|| = 0.00000519448628787
   Pass :  5   Iteration : 242  ||B r|| = 0.00000517667958361
   Pass :  5   Iteration : 243  ||B r|| = 0.00000517136180396
   Pass :  5   Iteration : 244  ||B r|| = 0.00000517130778096
   Pass :  5   Iteration : 245  ||B r|| = 0.00000516864606666
   Pass :  5   Iteration : 246  ||B r|| = 0.00000515554878221
   Pass :  5   Iteration : 247  ||B r|| = 0.00000513459313004
   Pass :  5   Iteration : 248  ||B r|| = 0.00000507821109150
   Pass :  5   Iteration : 249  ||B r|| = 0.00000503797464079
   Pass :  5   Iteration : 250  ||B r|| = 0.00000498769382722
Restarting...
   Pass :  6   Iteration : 251  ||B r|| = 0.00000497519943050
   Pass :  6   Iteration : 252  ||B r|| = 0.00000493284304530
   Pass :  6   Iteration : 253  ||B r|| = 0.00000491423575310
   Pass :  6   Iteration : 254  ||B r|| = 0.00000490496879823
   Pass :  6   Iteration : 255  ||B r|| = 0.00000489488506962
   Pass :  6   Iteration : 256  ||B r|| = 0.00000489484725918
   Pass :  6   Iteration : 257  ||B r|| = 0.00000489111553534
   Pass :  6   Iteration : 258  ||B r|| = 0.00000487550934229
   Pass :  6   Iteration : 259  ||B r|| = 0.00000483899656797
   Pass :  6   Iteration : 260  ||B r|| = 0.00000481928523550
   Pass :  6   Iteration : 261  ||B r|| = 0.00000478421247996
   Pass :  6   Iteration : 262  ||B r|| = 0.00000475598808502
   Pass :  6   Iteration : 263  ||B r|| = 0.00000474725264276
   Pass :  6   Iteration : 264  ||B r|| = 0.00000474664778518
   Pass :  6   Iteration : 265  ||B r|| = 0.00000473600854152
   Pass :  6   Iteration : 266  ||B r|| = 0.00000471780151627
   Pass :  6   Iteration : 267  ||B r|| = 0.00000467704882095
   Pass :  6   Iteration : 268  ||B r|| = 0.00000462539745279
   Pass :  6   Iteration : 269  ||B r|| = 0.00000456610334340
   Pass :  6   Iteration : 270  ||B r|| = 0.00000449188459797
   Pass :  6   Iteration : 271  ||B r|| = 0.00000443300420686
   Pass :  6   Iteration : 272  ||B r|| = 0.00000438757566226
   Pass :  6   Iteration : 273  ||B r|| = 0.00000436327945036
   Pass :  6   Iteration : 274  ||B r|| = 0.00000435981226124
   Pass :  6   Iteration : 275  ||B r|| = 0.00000435941594483
   Pass :  6   Iteration : 276  ||B r|| = 0.00000434244405751
   Pass :  6   Iteration : 277  ||B r|| = 0.00000428393256795
   Pass :  6   Iteration : 278  ||B r|| = 0.00000418807441559
   Pass :  6   Iteration : 279  ||B r|| = 0.00000409149718700
   Pass :  6   Iteration : 280  ||B r|| = 0.00000399387152583
   Pass :  6   Iteration : 281  ||B r|| = 0.00000392680748273
   Pass :  6   Iteration : 282  ||B r|| = 0.00000390121958297
   Pass :  6   Iteration : 283  ||B r|| = 0.00000389699056983
   Pass :  6   Iteration : 284  ||B r|| = 0.00000389593578392
   Pass :  6   Iteration : 285  ||B r|| = 0.00000388005780894
   Pass :  6   Iteration : 286  ||B r|| = 0.00000383271831583
   Pass :  6   Iteration : 287  ||B r|| = 0.00000371862312202
   Pass :  6   Iteration : 288  ||B r|| = 0.00000352093787973
   Pass :  6   Iteration : 289  ||B r|| = 0.00000340216489192
   Pass :  6   Iteration : 290  ||B r|| = 0.00000330251270219
   Pass :  6   Iteration : 291  ||B r|| = 0.00000323190119300
   Pass :  6   Iteration : 292  ||B r|| = 0.00000320479824819
   Pass :  6   Iteration : 293  ||B r|| = 0.00000318485763024
   Pass :  6   Iteration : 294  ||B r|| = 0.00000318176622381
   Pass :  6   Iteration : 295  ||B r|| = 0.00000318168185799
   Pass :  6   Iteration : 296  ||B r|| = 0.00000317759416293
   Pass :  6   Iteration : 297  ||B r|| = 0.00000316519658988
   Pass :  6   Iteration : 298  ||B r|| = 0.00000315173534965
   Pass :  6   Iteration : 299  ||B r|| = 0.00000313374433641
   Pass :  6   Iteration : 300  ||B r|| = 0.00000310332955935
Restarting...
   Pass :  7   Iteration : 301  ||B r|| = 0.00000309928247983
   Pass :  7   Iteration : 302  ||B r|| = 0.00000307637233424
   Pass :  7   Iteration : 303  ||B r|| = 0.00000307010961524
   Pass :  7   Iteration : 304  ||B r|| = 0.00000306933160990
   Pass :  7   Iteration : 305  ||B r|| = 0.00000306894703234
   Pass :  7   Iteration : 306  ||B r|| = 0.00000306715258783
   Pass :  7   Iteration : 307  ||B r|| = 0.00000306546556622
   Pass :  7   Iteration : 308  ||B r|| = 0.00000305902206518
   Pass :  7   Iteration : 309  ||B r|| = 0.00000303078327017
   Pass :  7   Iteration : 310  ||B r|| = 0.00000301216621427
   Pass :  7   Iteration : 311  ||B r|| = 0.00000297923212779
   Pass :  7   Iteration : 312  ||B r|| = 0.00000294408754184
   Pass :  7   Iteration : 313  ||B r|| = 0.00000291348354066
   Pass :  7   Iteration : 314  ||B r|| = 0.00000288845157221
   Pass :  7   Iteration : 315  ||B r|| = 0.00000288594818325
   Pass :  7   Iteration : 316  ||B r|| = 0.00000288466761631
   Pass :  7   Iteration : 317  ||B r|| = 0.00000288397762234
   Pass :  7   Iteration : 318  ||B r|| = 0.00000287833850495
   Pass :  7   Iteration : 319  ||B r|| = 0.00000286611641063
   Pass :  7   Iteration : 320  ||B r|| = 0.00000283266852587
   Pass :  7   Iteration : 321  ||B r|| = 0.00000278314730591
   Pass :  7   Iteration : 322  ||B r|| = 0.00000274810660266
   Pass :  7   Iteration : 323  ||B r|| = 0.00000271473006187
   Pass :  7   Iteration : 324  ||B r|| = 0.00000270089331312
   Pass :  7   Iteration : 325  ||B r|| = 0.00000270023713266
   Pass :  7   Iteration : 326  ||B r|| = 0.00000269665174772
   Pass :  7   Iteration : 327  ||B r|| = 0.00000267311331672
   Pass :  7   Iteration : 328  ||B r|| = 0.00000263528716349
   Pass :  7   Iteration : 329  ||B r|| = 0.00000256790720873
   Pass :  7   Iteration : 330  ||B r|| = 0.00000253185580396
   Pass :  7   Iteration : 331  ||B r|| = 0.00000251185550241
   Pass :  7   Iteration : 332  ||B r|| = 0.00000249863484991
   Pass :  7   Iteration : 333  ||B r|| = 0.00000249512489389
   Pass :  7   Iteration : 334  ||B r|| = 0.00000249415271107
   Pass :  7   Iteration : 335  ||B r|| = 0.00000248344883265
   Pass :  7   Iteration : 336  ||B r|| = 0.00000242777185169
   Pass :  7   Iteration : 337  ||B r|| = 0.00000232936894724
   Pass :  7   Iteration : 338  ||B r|| = 0.00000222810821079
   Pass :  7   Iteration : 339  ||B r|| = 0.00000216858809507
   Pass :  7   Iteration : 340  ||B r|| = 0.00000212925671670
   Pass :  7   Iteration : 341  ||B r|| = 0.00000211529849437
   Pass :  7   Iteration : 342  ||B r|| = 0.00000210672948004
   Pass :  7   Iteration : 343  ||B r|| = 0.00000210276621686
   Pass :  7   Iteration : 344  ||B r|| = 0.00000210115869569
   Pass :  7   Iteration : 345  ||B r|| = 0.00000210115219801
   Pass :  7   Iteration : 346  ||B r|| = 0.00000209911879169
   Pass :  7   Iteration : 347  ||B r|| = 0.00000209043851629
   Pass :  7   Iteration : 348  ||B r|| = 0.00000207612866099
   Pass :  7   Iteration : 349  ||B r|| = 0.00000206488086385
   Pass :  7   Iteration : 350  ||B r|| = 0.00000204015354840
Restarting...
   Pass :  8   Iteration : 351  ||B r|| = 0.00000203385189766
   Pass :  8   Iteration : 352  ||B r|| = 0.00000202252590958
   Pass :  8   Iteration : 353  ||B r|| = 0.00000201583782860
   Pass :  8   Iteration : 354  ||B r|| = 0.00000201374896920
   Pass :  8   Iteration : 355  ||B r|| = 0.00000201155517823
   Pass :  8   Iteration : 356  ||B r|| = 0.00000201145822500
   Pass :  8   Iteration : 357  ||B r|| = 0.00000201086944489
   Pass :  8   Iteration : 358  ||B r|| = 0.00000200845657445
   Pass :  8   Iteration : 359  ||B r|| = 0.00000199901547558
   Pass :  8   Iteration : 360  ||B r|| = 0.00000199279841189
   Pass :  8   Iteration : 361  ||B r|| = 0.00000198178865626
   Pass :  8   Iteration : 362  ||B r|| = 0.00000197222846034
   Pass :  8   Iteration : 363  ||B r|| = 0.00000196813457314
   Pass :  8   Iteration : 364  ||B r|| = 0.00000196770392316
   Pass :  8   Iteration : 365  ||B r|| = 0.00000196547475645
   Pass :  8   Iteration : 366  ||B r|| = 0.00000195873883194
   Pass :  8   Iteration : 367  ||B r|| = 0.00000194285569387
   Pass :  8   Iteration : 368  ||B r|| = 0.00000192290278685
   Pass :  8   Iteration : 369  ||B r|| = 0.00000189644934113
   Pass :  8   Iteration : 370  ||B r|| = 0.00000187733984041
   Pass :  8   Iteration : 371  ||B r|| = 0.00000185942766187
   Pass :  8   Iteration : 372  ||B r|| = 0.00000184691875629
   Pass :  8   Iteration : 373  ||B r|| = 0.00000183736298875
   Pass :  8   Iteration : 374  ||B r|| = 0.00000183580277551
   Pass :  8   Iteration : 375  ||B r|| = 0.00000183567924161
   Pass :  8   Iteration : 376  ||B r|| = 0.00000182804026135
   Pass :  8   Iteration : 377  ||B r|| = 0.00000180136890159
   Pass :  8   Iteration : 378  ||B r|| = 0.00000174581199262
   Pass :  8   Iteration : 379  ||B r|| = 0.00000169536251349
   Pass :  8   Iteration : 380  ||B r|| = 0.00000166006237071
   Pass :  8   Iteration : 381  ||B r|| = 0.00000164336241881
   Pass :  8   Iteration : 382  ||B r|| = 0.00000163096283205
   Pass :  8   Iteration : 383  ||B r|| = 0.00000162942339186
   Pass :  8   Iteration : 384  ||B r|| = 0.00000162942306347
   Pass :  8   Iteration : 385  ||B r|| = 0.00000162349780665
   Pass :  8   Iteration : 386  ||B r|| = 0.00000161130271481
   Pass :  8   Iteration : 387  ||B r|| = 0.00000157331699903
   Pass :  8   Iteration : 388  ||B r|| = 0.00000148824630941
   Pass :  8   Iteration : 389  ||B r|| = 0.00000139090274704
   Pass :  8   Iteration : 390  ||B r|| = 0.00000134984401675
   Pass :  8   Iteration : 391  ||B r|| = 0.00000133329576654
   Pass :  8   Iteration : 392  ||B r|| = 0.00000132919415061
   Pass :  8   Iteration : 393  ||B r|| = 0.00000132854254524
   Pass :  8   Iteration : 394  ||B r|| = 0.00000132845448999
   Pass :  8   Iteration : 395  ||B r|| = 0.00000132710440930
   Pass :  8   Iteration : 396  ||B r|| = 0.00000132581047419
   Pass :  8   Iteration : 397  ||B r|| = 0.00000132328939821
   Pass :  8   Iteration : 398  ||B r|| = 0.00000131876055799
   Pass :  8   Iteration : 399  ||B r|| = 0.00000129784795586
   Pass :  8   Iteration : 400  ||B r|| = 0.00000127421197848
Restarting...
   Pass :  9   Iteration : 401  ||B r|| = 0.00000126854768665
   Pass :  9   Iteration : 402  ||B r|| = 0.00000125013198033
   Pass :  9   Iteration : 403  ||B r|| = 0.00000124248927034
   Pass :  9   Iteration : 404  ||B r|| = 0.00000124117758952
   Pass :  9   Iteration : 405  ||B r|| = 0.00000123933980965
   Pass :  9   Iteration : 406  ||B r|| = 0.00000123905280697
   Pass :  9   Iteration : 407  ||B r|| = 0.00000123770687102
   Pass :  9   Iteration : 408  ||B r|| = 0.00000123566592959
   Pass :  9   Iteration : 409  ||B r|| = 0.00000122477069672
   Pass :  9   Iteration : 410  ||B r|| = 0.00000121654662988
   Pass :  9   Iteration : 411  ||B r|| = 0.00000120537160663
   Pass :  9   Iteration : 412  ||B r|| = 0.00000118665920888
   Pass :  9   Iteration : 413  ||B r|| = 0.00000116645811410
   Pass :  9   Iteration : 414  ||B r|| = 0.00000115256627908
   Pass :  9   Iteration : 415  ||B r|| = 0.00000114799418593
   Pass :  9   Iteration : 416  ||B r|| = 0.00000114731983260
   Pass :  9   Iteration : 417  ||B r|| = 0.00000114710814830
   Pass :  9   Iteration : 418  ||B r|| = 0.00000114644769558
   Pass :  9   Iteration : 419  ||B r|| = 0.00000114305367331
   Pass :  9   Iteration : 420  ||B r|| = 0.00000113395420805
   Pass :  9   Iteration : 421  ||B r|| = 0.00000111547704163
   Pass :  9   Iteration : 422  ||B r|| = 0.00000109109000236
   Pass :  9   Iteration : 423  ||B r|| = 0.00000106082519745
   Pass :  9   Iteration : 424  ||B r|| = 0.00000104329732775
   Pass :  9   Iteration : 425  ||B r|| = 0.00000103916191003
   Pass :  9   Iteration : 426  ||B r|| = 0.00000103904678719
   Pass :  9   Iteration : 427  ||B r|| = 0.00000103615142571
   Pass :  9   Iteration : 428  ||B r|| = 0.00000102857979559
   Pass :  9   Iteration : 429  ||B r|| = 0.00000101073870980
   Pass :  9   Iteration : 430  ||B r|| = 0.00000099007060313
   Pass :  9   Iteration : 431  ||B r|| = 0.00000097049926048
   Pass :  9   Iteration : 432  ||B r|| = 0.00000096047203570
   Pass :  9   Iteration : 433  ||B r|| = 0.00000095900892948
   Pass :  9   Iteration : 434  ||B r|| = 0.00000095845983951
   Pass :  9   Iteration : 435  ||B r|| = 0.00000095438511802
   Pass :  9   Iteration : 436  ||B r|| = 0.00000093955448545
   Pass :  9   Iteration : 437  ||B r|| = 0.00000090845270611
   Pass :  9   Iteration : 438  ||B r|| = 0.00000088812112349
   Pass :  9   Iteration : 439  ||B r|| = 0.00000087080098927
   Pass :  9   Iteration : 440  ||B r|| = 0.00000085911084399
   Pass :  9   Iteration : 441  ||B r|| = 0.00000085044938696
   Pass :  9   Iteration : 442  ||B r|| = 0.00000084150719767
   Pass :  9   Iteration : 443  ||B r|| = 0.00000083722198656
   Pass :  9   Iteration : 444  ||B r|| = 0.00000083647195838
   Pass :  9   Iteration : 445  ||B r|| = 0.00000083634902218
   Pass :  9   Iteration : 446  ||B r|| = 0.00000083631189059
   Pass :  9   Iteration : 447  ||B r|| = 0.00000083552564823
   Pass :  9   Iteration : 448  ||B r|| = 0.00000083258415412
   Pass :  9   Iteration : 449  ||B r|| = 0.00000082841671038
   Pass :  9   Iteration : 450  ||B r|| = 0.00000082208499211
Restarting...
   Pass : 10   Iteration : 451  ||B r|| = 0.00000082111613682
   Pass : 10   Iteration : 452  ||B r|| = 0.00000081752322389
   Pass : 10   Iteration : 453  ||B r|| = 0.00000081627921735
   Pass : 10   Iteration : 454  ||B r|| = 0.00000081574735629
   Pass : 10   Iteration : 455  ||B r|| = 0.00000081546292830
   Pass : 10   Iteration : 456  ||B r|| = 0.00000081528264718
   Pass : 10   Iteration : 457  ||B r|| = 0.00000081421972730
   Pass : 10   Iteration : 458  ||B r|| = 0.00000081350542834
   Pass : 10   Iteration : 459  ||B r|| = 0.00000081008528347
   Pass : 10   Iteration : 460  ||B r|| = 0.00000080697805642
   Pass : 10   Iteration : 461  ||B r|| = 0.00000080379041692
   Pass : 10   Iteration : 462  ||B r|| = 0.00000080224276952
   Pass : 10   Iteration : 463  ||B r|| = 0.00000080194830231
   Pass : 10   Iteration : 464  ||B r|| = 0.00000080194468427
   Pass : 10   Iteration : 465  ||B r|| = 0.00000080112449326
   Pass : 10   Iteration : 466  ||B r|| = 0.00000079889086831
   Pass : 10   Iteration : 467  ||B r|| = 0.00000079512949273
   Pass : 10   Iteration : 468  ||B r|| = 0.00000078959378360
   Pass : 10   Iteration : 469  ||B r|| = 0.00000078329045762
   Pass : 10   Iteration : 470  ||B r|| = 0.00000077361160325
   Pass : 10   Iteration : 471  ||B r|| = 0.00000076316879593
   Pass : 10   Iteration : 472  ||B r|| = 0.00000075795640040
   Pass : 10   Iteration : 473  ||B r|| = 0.00000075551141152
   Pass : 10   Iteration : 474  ||B r|| = 0.00000075545627073
   Pass : 10   Iteration : 475  ||B r|| = 0.00000075515997559
   Pass : 10   Iteration : 476  ||B r|| = 0.00000075143988498
   Pass : 10   Iteration : 477  ||B r|| = 0.00000074487691663
   Pass : 10   Iteration : 478  ||B r|| = 0.00000073348909227
   Pass : 10   Iteration : 479  ||B r|| = 0.00000071959551084
   Pass : 10   Iteration : 480  ||B r|| = 0.00000070589605636
   Pass : 10   Iteration : 481  ||B r|| = 0.00000069393716728
   Pass : 10   Iteration : 482  ||B r|| = 0.00000068034637948
   Pass : 10   Iteration : 483  ||B r|| = 0.00000067157401631
   Pass : 10   Iteration : 484  ||B r|| = 0.00000066976714380
   Pass : 10   Iteration : 485  ||B r|| = 0.00000066947102029
   Pass : 10   Iteration : 486  ||B r|| = 0.00000066400303931
   Pass : 10   Iteration : 487  ||B r|| = 0.00000065085486380
   Pass : 10   Iteration : 488  ||B r|| = 0.00000062203260159
   Pass : 10   Iteration : 489  ||B r|| = 0.00000058407063107
   Pass : 10   Iteration : 490  ||B r|| = 0.00000056047938789
   Pass : 10   Iteration : 491  ||B r|| = 0.00000054808783811
   Pass : 10   Iteration : 492  ||B r|| = 0.00000054284209023
   Pass : 10   Iteration : 493  ||B r|| = 0.00000054136888677
   Pass : 10   Iteration : 494  ||B r|| = 0.00000054073569633
   Pass : 10   Iteration : 495  ||B r|| = 0.00000054030745807
   Pass : 10   Iteration : 496  ||B r|| = 0.00000053865230231
   Pass : 10   Iteration : 497  ||B r|| = 0.00000053205120270
   Pass : 10   Iteration : 498  ||B r|| = 0.00000052574572285
   Pass : 10   Iteration : 499  ||B r|| = 0.00000051896182855
   Pass : 10   Iteration : 500  ||B r|| = 0.00000051200161416
Restarting...
   Pass : 11   Iteration : 501  ||B r|| = 0.00000051094079706
   Pass : 11   Iteration : 502  ||B r|| = 0.00000050571618146
   Pass : 11   Iteration : 503  ||B r|| = 0.00000050302445531
   Pass : 11   Iteration : 504  ||B r|| = 0.00000050226561786
   Pass : 11   Iteration : 505  ||B r|| = 0.00000050152292281
   Pass : 11   Iteration : 506  ||B r|| = 0.00000050151425049
   Pass : 11   Iteration : 507  ||B r|| = 0.00000050109452051
   Pass : 11   Iteration : 508  ||B r|| = 0.00000050047842436
   Pass : 11   Iteration : 509  ||B r|| = 0.00000049507532954
   Pass : 11   Iteration : 510  ||B r|| = 0.00000049065730140
   Pass : 11   Iteration : 511  ||B r|| = 0.00000048192022038
   Pass : 11   Iteration : 512  ||B r|| = 0.00000047010884754
   Pass : 11   Iteration : 513  ||B r|| = 0.00000046284646347
   Pass : 11   Iteration : 514  ||B r|| = 0.00000045718391897
   Pass : 11   Iteration : 515  ||B r|| = 0.00000045479628705
   Pass : 11   Iteration : 516  ||B r|| = 0.00000045452270677
   Pass : 11   Iteration : 517  ||B r|| = 0.00000045442102011
   Pass : 11   Iteration : 518  ||B r|| = 0.00000045359578492
   Pass : 11   Iteration : 519  ||B r|| = 0.00000045127783840
   Pass : 11   Iteration : 520  ||B r|| = 0.00000044671484221
   Pass : 11   Iteration : 521  ||B r|| = 0.00000043650186762
   Pass : 11   Iteration : 522  ||B r|| = 0.00000042908556551
   Pass : 11   Iteration : 523  ||B r|| = 0.00000042105258239
   Pass : 11   Iteration : 524  ||B r|| = 0.00000041552555556
   Pass : 11   Iteration : 525  ||B r|| = 0.00000041465731444
   Pass : 11   Iteration : 526  ||B r|| = 0.00000041465273246
   Pass : 11   Iteration : 527  ||B r|| = 0.00000041265382622
   Pass : 11   Iteration : 528  ||B r|| = 0.00000040779605906
   Pass : 11   Iteration : 529  ||B r|| = 0.00000039699290130
   Pass : 11   Iteration : 530  ||B r|| = 0.00000038989108784
   Pass : 11   Iteration : 531  ||B r|| = 0.00000038665768385
   Pass : 11   Iteration : 532  ||B r|| = 0.00000038567600611
   Pass : 11   Iteration : 533  ||B r|| = 0.00000038538006317
   Pass : 11   Iteration : 534  ||B r|| = 0.00000038502953571
   Pass : 11   Iteration : 535  ||B r|| = 0.00000038400048318
   Pass : 11   Iteration : 536  ||B r|| = 0.00000038038468636
   Pass : 11   Iteration : 537  ||B r|| = 0.00000036995281569
   Pass : 11   Iteration : 538  ||B r|| = 0.00000035591063282
   Pass : 11   Iteration : 539  ||B r|| = 0.00000034341093330
   Pass : 11   Iteration : 540  ||B r|| = 0.00000033732411553
   Pass : 11   Iteration : 541  ||B r|| = 0.00000033459073992
   Pass : 11   Iteration : 542  ||B r|| = 0.00000033375094477
   Pass : 11   Iteration : 543  ||B r|| = 0.00000033271711397
   Pass : 11   Iteration : 544  ||B r|| = 0.00000033187576571
   Pass : 11   Iteration : 545  ||B r|| = 0.00000033134607688
   Pass : 11   Iteration : 546  ||B r|| = 0.00000033128111916
   Pass : 11   Iteration : 547  ||B r|| = 0.00000033110977965
   Pass : 11   Iteration : 548  ||B r|| = 0.00000033046712999
   Pass : 11   Iteration : 549  ||B r|| = 0.00000032644981925
   Pass : 11   Iteration : 550  ||B r|| = 0.00000032377835704
Restarting...
   Pass : 12   Iteration : 551  ||B r|| = 0.00000032321289315
   Pass : 12   Iteration : 552  ||B r|| = 0.00000032121298618
   Pass : 12   Iteration : 553  ||B r|| = 0.00000032033346116
   Pass : 12   Iteration : 554  ||B r|| = 0.00000031998736934
   Pass : 12   Iteration : 555  ||B r|| = 0.00000031982698598
   Pass : 12   Iteration : 556  ||B r|| = 0.00000031979877467
   Pass : 12   Iteration : 557  ||B r|| = 0.00000031943294447
   Pass : 12   Iteration : 558  ||B r|| = 0.00000031881121466
   Pass : 12   Iteration : 559  ||B r|| = 0.00000031732016796
   Pass : 12   Iteration : 560  ||B r|| = 0.00000031673372576
   Pass : 12   Iteration : 561  ||B r|| = 0.00000031587108609
   Pass : 12   Iteration : 562  ||B r|| = 0.00000031538883871
   Pass : 12   Iteration : 563  ||B r|| = 0.00000031505153013
   Pass : 12   Iteration : 564  ||B r|| = 0.00000031501852147
   Pass : 12   Iteration : 565  ||B r|| = 0.00000031498546488
   Pass : 12   Iteration : 566  ||B r|| = 0.00000031448044321
   Pass : 12   Iteration : 567  ||B r|| = 0.00000031330635318
   Pass : 12   Iteration : 568  ||B r|| = 0.00000031187399542
   Pass : 12   Iteration : 569  ||B r|| = 0.00000030962196107
   Pass : 12   Iteration : 570  ||B r|| = 0.00000030635050056
   Pass : 12   Iteration : 571  ||B r|| = 0.00000030323046141
   Pass : 12   Iteration : 572  ||B r|| = 0.00000030006134041
   Pass : 12   Iteration : 573  ||B r|| = 0.00000029866858512
   Pass : 12   Iteration : 574  ||B r|| = 0.00000029841018307
   Pass : 12   Iteration : 575  ||B r|| = 0.00000029840690201
   Pass : 12   Iteration : 576  ||B r|| = 0.00000029747086757
   Pass : 12   Iteration : 577  ||B r|| = 0.00000029560588386
   Pass : 12   Iteration : 578  ||B r|| = 0.00000029148646979
   Pass : 12   Iteration : 579  ||B r|| = 0.00000028459861279
   Pass : 12   Iteration : 580  ||B r|| = 0.00000027792909784
   Pass : 12   Iteration : 581  ||B r|| = 0.00000026953920906
   Pass : 12   Iteration : 582  ||B r|| = 0.00000026297805043
   Pass : 12   Iteration : 583  ||B r|| = 0.00000025701228071
   Pass : 12   Iteration : 584  ||B r|| = 0.00000025444096385
   Pass : 12   Iteration : 585  ||B r|| = 0.00000025404563176
   Pass : 12   Iteration : 586  ||B r|| = 0.00000025404430382
   Pass : 12   Iteration : 587  ||B r|| = 0.00000025357292013
   Pass : 12   Iteration : 588  ||B r|| = 0.00000025067456004
   Pass : 12   Iteration : 589  ||B r|| = 0.00000024468439424
   Pass : 12   Iteration : 590  ||B r|| = 0.00000023499549889
   Pass : 12   Iteration : 591  ||B r|| = 0.00000022524579143
   Pass : 12   Iteration : 592  ||B r|| = 0.00000021586535900
   Pass : 12   Iteration : 593  ||B r|| = 0.00000021102414615
   Pass : 12   Iteration : 594  ||B r|| = 0.00000020992987989
   Pass : 12   Iteration : 595  ||B r|| = 0.00000020990194671
   Pass : 12   Iteration : 596  ||B r|| = 0.00000020920052683
   Pass : 12   Iteration : 597  ||B r|| = 0.00000020422564498
   Pass : 12   Iteration : 598  ||B r|| = 0.00000020136116836
   Pass : 12   Iteration : 599  ||B r|| = 0.00000019845153590
   Pass : 12   Iteration : 600  ||B r|| = 0.00000019613110799
Restarting...
   Pass : 13   Iteration : 601  ||B r|| = 0.00000019587616479
   Pass : 13   Iteration : 602  ||B r|| = 0.00000019409913576
   Pass : 13   Iteration : 603  ||B r|| = 0.00000019324423365
   Pass : 13   Iteration : 604  ||B r|| = 0.00000019286335223
   Pass : 13   Iteration : 605  ||B r|| = 0.00000019273379791
   Pass : 13   Iteration : 606  ||B r|| = 0.00000019272287813
   Pass : 13   Iteration : 607  ||B r|| = 0.00000019261320071
   Pass : 13   Iteration : 608  ||B r|| = 0.00000019203499555
   Pass : 13   Iteration : 609  ||B r|| = 0.00000018976643715
   Pass : 13   Iteration : 610  ||B r|| = 0.00000018704529877
   Pass : 13   Iteration : 611  ||B r|| = 0.00000018195878471
   Pass : 13   Iteration : 612  ||B r|| = 0.00000017755149017
   Pass : 13   Iteration : 613  ||B r|| = 0.00000017339400668
   Pass : 13   Iteration : 614  ||B r|| = 0.00000017175109003
   Pass : 13   Iteration : 615  ||B r|| = 0.00000017133257553
   Pass : 13   Iteration : 616  ||B r|| = 0.00000017132210232
   Pass : 13   Iteration : 617  ||B r|| = 0.00000017117626157
   Pass : 13   Iteration : 618  ||B r|| = 0.00000017051281493
   Pass : 13   Iteration : 619  ||B r|| = 0.00000016869703640
   Pass : 13   Iteration : 620  ||B r|| = 0.00000016659161373
   Pass : 13   Iteration : 621  ||B r|| = 0.00000016321992076
   Pass : 13   Iteration : 622  ||B r|| = 0.00000016014789916
   Pass : 13   Iteration : 623  ||B r|| = 0.00000015857510999
   Pass : 13   Iteration : 624  ||B r|| = 0.00000015843674039
   Pass : 13   Iteration : 625  ||B r|| = 0.00000015835299013
   Pass : 13   Iteration : 626  ||B r|| = 0.00000015722607564
   Pass : 13   Iteration : 627  ||B r|| = 0.00000015474592676
   Pass : 13   Iteration : 628  ||B r|| = 0.00000015197685529
   Pass : 13   Iteration : 629  ||B r|| = 0.00000014902241542
   Pass : 13   Iteration : 630  ||B r|| = 0.00000014706962789
   Pass : 13   Iteration : 631  ||B r|| = 0.00000014583913957
   Pass : 13   Iteration : 632  ||B r|| = 0.00000014549798268
   Pass : 13   Iteration : 633  ||B r|| = 0.00000014544184682
   Pass : 13   Iteration : 634  ||B r|| = 0.00000014538865211
   Pass : 13   Iteration : 635  ||B r|| = 0.00000014447533718
   Pass : 13   Iteration : 636  ||B r|| = 0.00000014117353969
   Pass : 13   Iteration : 637  ||B r|| = 0.00000013697727970
   Pass : 13   Iteration : 638  ||B r|| = 0.00000013374901840
   Pass : 13   Iteration : 639  ||B r|| = 0.00000013121227540
   Pass : 13   Iteration : 640  ||B r|| = 0.00000012869568991
   Pass : 13   Iteration : 641  ||B r|| = 0.00000012664523132
   Pass : 13   Iteration : 642  ||B r|| = 0.00000012539380981
   Pass : 13   Iteration : 643  ||B r|| = 0.00000012461814978
   Pass : 13   Iteration : 644  ||B r|| = 0.00000012435894991
   Pass : 13   Iteration : 645  ||B r|| = 0.00000012409329421
   Pass : 13   Iteration : 646  ||B r|| = 0.00000012408063009
   Pass : 13   Iteration : 647  ||B r|| = 0.00000012407878129
   Pass : 13   Iteration : 648  ||B r|| = 0.00000012398848280
   Pass : 13   Iteration : 649  ||B r|| = 0.00000012360162107
   Pass : 13   Iteration : 650  ||B r|| = 0.00000012303269745
Restarting...
   Pass : 14   Iteration : 651  ||B r|| = 0.00000012289137034
   Pass : 14   Iteration : 652  ||B r|| = 0.00000012251204383
   Pass : 14   Iteration : 653  ||B r|| = 0.00000012246830521
   Pass : 14   Iteration : 654  ||B r|| = 0.00000012246817018
   Pass : 14   Iteration : 655  ||B r|| = 0.00000012246765106
   Pass : 14   Iteration : 656  ||B r|| = 0.00000012239589696
   Pass : 14   Iteration : 657  ||B r|| = 0.00000012228699337
   Pass : 14   Iteration : 658  ||B r|| = 0.00000012209974461
   Pass : 14   Iteration : 659  ||B r|| = 0.00000012159611303
   Pass : 14   Iteration : 660  ||B r|| = 0.00000012123986692
   Pass : 14   Iteration : 661  ||B r|| = 0.00000012084838039
   Pass : 14   Iteration : 662  ||B r|| = 0.00000012077061739
   Pass : 14   Iteration : 663  ||B r|| = 0.00000012076925539
   Pass : 14   Iteration : 664  ||B r|| = 0.00000012073376886
   Pass : 14   Iteration : 665  ||B r|| = 0.00000012057132999
   Pass : 14   Iteration : 666  ||B r|| = 0.00000012038541828
   Pass : 14   Iteration : 667  ||B r|| = 0.00000012000364229
   Pass : 14   Iteration : 668  ||B r|| = 0.00000011911399424
   Pass : 14   Iteration : 669  ||B r|| = 0.00000011797915810
   Pass : 14   Iteration : 670  ||B r|| = 0.00000011635699168
   Pass : 14   Iteration : 671  ||B r|| = 0.00000011565337340
   Pass : 14   Iteration : 672  ||B r|| = 0.00000011527987768
   Pass : 14   Iteration : 673  ||B r|| = 0.00000011522367036
   Pass : 14   Iteration : 674  ||B r|| = 0.00000011520887279
   Pass : 14   Iteration : 675  ||B r|| = 0.00000011500280310
   Pass : 14   Iteration : 676  ||B r|| = 0.00000011441193306
   Pass : 14   Iteration : 677  ||B r|| = 0.00000011309710390
   Pass : 14   Iteration : 678  ||B r|| = 0.00000011024209023
   Pass : 14   Iteration : 679  ||B r|| = 0.00000010651366180
   Pass : 14   Iteration : 680  ||B r|| = 0.00000010267612108
   Pass : 14   Iteration : 681  ||B r|| = 0.00000010000208137
   Pass : 14   Iteration : 682  ||B r|| = 0.00000009841025064
   Pass : 14   Iteration : 683  ||B r|| = 0.00000009786400599
   Pass : 14   Iteration : 684  ||B r|| = 0.00000009779341259
   Pass : 14   Iteration : 685  ||B r|| = 0.00000009772689464
   Pass : 14   Iteration : 686  ||B r|| = 0.00000009730591343
   Pass : 14   Iteration : 687  ||B r|| = 0.00000009586642896
   Pass : 14   Iteration : 688  ||B r|| = 0.00000009172471656
   Pass : 14   Iteration : 689  ||B r|| = 0.00000008606756448
   Pass : 14   Iteration : 690  ||B r|| = 0.00000008179855380
   Pass : 14   Iteration : 691  ||B r|| = 0.00000008019601652
   Pass : 14   Iteration : 692  ||B r|| = 0.00000007966867504
   Pass : 14   Iteration : 693  ||B r|| = 0.00000007959956914
   Pass : 14   Iteration : 694  ||B r|| = 0.00000007959821664
   Pass : 14   Iteration : 695  ||B r|| = 0.00000007934039575
   Pass : 14   Iteration : 696  ||B r|| = 0.00000007894087630
   Pass : 14   Iteration : 697  ||B r|| = 0.00000007779430494
   Pass : 14   Iteration : 698  ||B r|| = 0.00000007552962754
   Pass : 14   Iteration : 699  ||B r|| = 0.00000007251330043
   Pass : 14   Iteration : 700  ||B r|| = 0.00000007088626249
Restarting...
   Pass : 15   Iteration : 701  ||B r|| = 0.00000007068199492
   Pass : 15   Iteration : 702  ||B r|| = 0.00000006967453676
   Pass : 15   Iteration : 703  ||B r|| = 0.00000006899251949
   Pass : 15   Iteration : 704  ||B r|| = 0.00000006882074861
   Pass : 15   Iteration : 705  ||B r|| = 0.00000006836636636
   Pass : 15   Iteration : 706  ||B r|| = 0.00000006836636310
   Pass : 15   Iteration : 707  ||B r|| = 0.00000006836615190
  max|u_x| = 1.523488e-2, max|u_y| = 4.738684e-3
  Lagrange multipliers: 34 constraints
