Options used:
   --mesh ../data/star.mesh
   --refine-serial 2
   --refine-parallel 1
   --order 2
   --ode-solver 23
   --t-final 0.5
   --time-step 0.01
   --alpha 0.01
   --kappa 0.5
   --visualization
Number of temperature unknowns: 5281
step 5, t = 0.05
step 10, t = 0.1
step 15, t = 0.15
step 20, t = 0.2
step 25, t = 0.25
step 30, t = 0.3
step 35, t = 0.35
step 40, t = 0.4
step 45, t = 0.45
step 50, t = 0.5

=== Comparison Metrics ===
DOFs: 5281
Steps: 50
Final t: 5.000000e-1
L2norm = 8.453988e1
chksum = 1.620186e7
kappa = 0.500
alpha = 0.010
order = 2
dt = 1.0000e-2
t_final = 5.0000e-1
=========================

Done.
