Options:
   -m: 20
   -r: 0
   -tf: 2.5
   -dt: 0.01
Number of unknowns: 20
Init u:
0 0.21946949 0.50448762 0.86732814 1.3213606 1.8807245 2.5597672 3.3721492
4.3294907 5.4393873 6.7025748 8.1089464 9.6320396 11.221492 12.792814 14.213639
15.285355 15.718721 15.101664 12.856934 8.1866565 0
BDF statistics (PrintInfo analog): steps: 3803 accepted: 1882 rejected: 1921 final order: 3 final dt: 1.000e-2
Final Solution: 2.5
u (0):
0 0.0035213616 0.0068008157 0.0097761591 0.012395096 0.014615302 0.016405997 0.017746532
0.018628344 0.019052434 0.019030963 0.018584777 0.017743636 0.016544724 0.015031223 0.013251862
0.011258403 0.0091057073 0.0068489659 0.0045437508 0.0022436507 0
g: 0.024107591
t: 0
v (0):
0 2.6310825e-05 5.307089e-05 7.988666e-05 0.00010613199 0.00013116367 0.00015433573 0.0001750144
0.00019259359 0.00020651045 0.00021626066 0.00022141311 0.00022162358 0.00021664699 0.00020634801 0.00019070955
0.00016983891 0.00014397127 0.00011347048 7.8826661e-05 4.0650949e-05 0
sensitivity:
-0.14811972 -0.010972721
Adjoint BDF statistics (PrintInfo analog): steps: 1729 accepted: 801 rejected: 928 final order: 2 final dt: 1.403e-1
Checkpoint re-integration steps: 8112
FD check (rtol 1e-10):
   dG/dp1: adjoint = -0.14734163, FD = -0.14734172, rel diff = 5.77e-7
   dG/dp2: adjoint = -0.01094362, FD = -0.010943618, rel diff = 1.15e-7
   PASS (< 1e-6)
