Number of elements: 144
NAVIER version: 0.1
Velocity #DOFs: 10368
Pressure #DOFs: 5184
Setup
Using Full Assembly
        It   Resid      Reltol
MVIN     4   4.55e-14   1.00e-12
PRES    47   2.55e-08   1.00e-06
HELM     6   8.79e-12   1.00e-08
       Time          dt
1.00000E-03 1.00000E-03
        cfl      |u|_L2      |p|_L2      |w|_L2     |u|_dof     |p|_dof
7.56030E-02 9.31620E-01 3.17813E-02 8.94722E+00 6.66654E+01 2.29228E+00
        It   Resid      Reltol
MVIN     9   6.55e-14   1.00e-12
PRES    64   2.04e-10   1.00e-06
HELM     6   2.39e-11   1.00e-08
       Time          dt
2.00000E-03 1.00000E-03
        cfl      |u|_L2      |p|_L2      |w|_L2     |u|_dof     |p|_dof
7.56117E-02 9.31619E-01 3.17812E-02 8.94716E+00 6.66654E+01 2.29227E+00
        It   Resid      Reltol
MVIN     9   6.46e-14   1.00e-12
PRES    69   1.09e-10   1.00e-06
HELM     6   4.53e-11   1.00e-08
       Time          dt
3.00000E-03 1.00000E-03
        cfl      |u|_L2      |p|_L2      |w|_L2     |u|_dof     |p|_dof
7.56210E-02 9.31618E-01 3.17834E-02 8.94710E+00 6.66653E+01 2.29243E+00
        It   Resid      Reltol
MVIN     9   5.06e-14   1.00e-12
PRES    70   7.59e-11   1.00e-06
HELM     6   5.82e-11   1.00e-08
       Time          dt
4.00000E-03 1.00000E-03
        cfl      |u|_L2      |p|_L2      |w|_L2     |u|_dof     |p|_dof
7.56317E-02 9.31617E-01 3.17853E-02 8.94703E+00 6.66653E+01 2.29256E+00
        It   Resid      Reltol
MVIN     9   5.38e-14   1.00e-12
PRES    74   6.35e-11   1.00e-06
HELM     6   7.08e-11   1.00e-08
       Time          dt
5.00000E-03 1.00000E-03
        cfl      |u|_L2      |p|_L2      |w|_L2     |u|_dof     |p|_dof
7.56425E-02 9.31616E-01 3.17878E-02 8.94697E+00 6.66652E+01 2.29274E+00
        It   Resid      Reltol
MVIN     9   6.39e-14   1.00e-12
PRES    74   7.20e-11   1.00e-06
HELM     6   8.38e-11   1.00e-08
       Time          dt
6.00000E-03 1.00000E-03
        cfl      |u|_L2      |p|_L2      |w|_L2     |u|_dof     |p|_dof
7.56533E-02 9.31616E-01 3.17908E-02 8.94690E+00 6.66652E+01 2.29296E+00
        It   Resid      Reltol
MVIN     9   7.50e-14   1.00e-12
PRES    76   5.76e-11   1.00e-06
HELM     6   9.70e-11   1.00e-08
       Time          dt
7.00000E-03 1.00000E-03
        cfl      |u|_L2      |p|_L2      |w|_L2     |u|_dof     |p|_dof
7.56641E-02 9.31615E-01 3.17944E-02 8.94684E+00 6.66652E+01 2.29322E+00
        It   Resid      Reltol
MVIN     9   8.69e-14   1.00e-12
PRES    76   5.89e-11   1.00e-06
HELM     6   1.10e-10   1.00e-08
       Time          dt
8.00000E-03 1.00000E-03
        cfl      |u|_L2      |p|_L2      |w|_L2     |u|_dof     |p|_dof
7.56749E-02 9.31614E-01 3.17985E-02 8.94677E+00 6.66651E+01 2.29351E+00
        It   Resid      Reltol
MVIN     9   9.90e-14   1.00e-12
PRES    76   6.00e-11   1.00e-06
HELM     6   1.23e-10   1.00e-08
       Time          dt
9.00000E-03 1.00000E-03
        cfl      |u|_L2      |p|_L2      |w|_L2     |u|_dof     |p|_dof
7.56873E-02 9.31613E-01 3.18032E-02 8.94671E+00 6.66651E+01 2.29385E+00
        It   Resid      Reltol
MVIN     9   1.11e-13   1.00e-12
PRES    76   6.10e-11   1.00e-06
HELM     6   1.35e-10   1.00e-08
       Time          dt
1.00000E-02 1.00000E-03
        cfl      |u|_L2      |p|_L2      |w|_L2     |u|_dof     |p|_dof
7.57010E-02 9.31612E-01 3.18085E-02 8.94664E+00 6.66651E+01 2.29423E+00
probe n=10368
-1.000000502042E+00 -4.995379423788E-02
-1.000001772584E+00 -4.957609679281E-02
-1.000001834136E+00 -4.842623284535E-02
9.865240751479E-01 -4.654768512291E-02
p 2.883670288042E-06
p -1.474398776522E-05
p 1.666681153253E-05
p 5.060379235431E-02
     SETUP      STEP    EXTRAP  CURLCURL    PSOLVE    HSOLVE
 1.025e+00 5.267e-01 3.871e-01 3.023e-02 1.019e-01 2.356e-03
           1.000e+00 7.349e-01 5.739e-02 1.935e-01 4.473e-03
