GLVis visualization is not available in the fem-rs port; continuing without it (use -no-vis).
ParaView output is not reproduced by the fem-rs port (use -pv 0).
NAVIER version: 0.1
Velocity #DOFs: 52866
Pressure #DOFs: 26433
Setup
Using Full Assembly
PCG: Number of iterations: 200
PCG: No convergence!
        It   Resid      Reltol
MVIN     0   0.00e+00   1.00e-12
PRES   200   4.64e+01   1.00e-06
HELM    13   8.00e-07   1.00e-08

Step        Time        dt          CFL        
1           1.00000E-03 1.00000E-03 6.03374E-02

Active Particles: 0        
  Lost Particles: 0        
-----------------------------------------------
PCG: Number of iterations: 200
PCG: No convergence!
        It   Resid      Reltol
MVIN    23   4.42e-12   1.00e-12
PRES   200   4.94e+01   1.00e-06
HELM    13   6.05e-07   1.00e-08

Step        Time        dt          CFL        
2           2.00000E-03 1.00000E-03 7.99678E-02

Active Particles: 0        
  Lost Particles: 0        
-----------------------------------------------
PCG: Number of iterations: 200
PCG: No convergence!
        It   Resid      Reltol
MVIN    23   5.30e-12   1.00e-12
PRES   200   7.24e+01   1.00e-06
HELM    14   1.83e-07   1.00e-08

Step        Time        dt          CFL        
3           3.00000E-03 1.00000E-03 8.01934E-02

Active Particles: 0        
  Lost Particles: 0        
-----------------------------------------------
PCG: Number of iterations: 200
PCG: No convergence!
        It   Resid      Reltol
MVIN    22   6.21e-12   1.00e-12
PRES   200   5.70e+00   1.00e-06
HELM    13   4.26e-07   1.00e-08

Step        Time        dt          CFL        
4           4.00000E-03 1.00000E-03 7.17655E-02

Active Particles: 0        
  Lost Particles: 0        
-----------------------------------------------
PCG: Number of iterations: 200
PCG: No convergence!
        It   Resid      Reltol
MVIN    23   1.98e-12   1.00e-12
PRES   200   3.83e+01   1.00e-06
HELM    14   1.34e-07   1.00e-08

Step        Time        dt          CFL        
5           5.00000E-03 1.00000E-03 6.74742E-02

Active Particles: 0        
  Lost Particles: 0        
-----------------------------------------------
PCG: Number of iterations: 200
PCG: No convergence!
        It   Resid      Reltol
MVIN    23   2.16e-12   1.00e-12
PRES   200   1.25e+01   1.00e-06
HELM    14   9.07e-08   1.00e-08

Step        Time        dt          CFL        
6           6.00000E-03 1.00000E-03 7.00389E-02

Active Particles: 0        
  Lost Particles: 0        
-----------------------------------------------
PCG: Number of iterations: 200
PCG: No convergence!
        It   Resid      Reltol
MVIN    23   2.45e-12   1.00e-12
PRES   200   1.24e+01   1.00e-06
HELM    14   9.51e-08   1.00e-08

Step        Time        dt          CFL        
7           7.00000E-03 1.00000E-03 8.18964E-02

Active Particles: 0        
  Lost Particles: 0        
-----------------------------------------------
PCG: Number of iterations: 200
PCG: No convergence!
        It   Resid      Reltol
MVIN    23   3.34e-12   1.00e-12
PRES   200   2.09e+01   1.00e-06
HELM    14   8.31e-08   1.00e-08

Step        Time        dt          CFL        
8           8.00000E-03 1.00000E-03 8.21938E-02

Active Particles: 0        
  Lost Particles: 0        
-----------------------------------------------
PCG: Number of iterations: 200
PCG: No convergence!
        It   Resid      Reltol
MVIN    23   1.98e-12   1.00e-12
PRES   200   1.21e+01   1.00e-06
HELM    14   8.36e-08   1.00e-08

Step        Time        dt          CFL        
9           9.00000E-03 1.00000E-03 7.54312E-02

Active Particles: 0        
  Lost Particles: 0        
-----------------------------------------------
PCG: Number of iterations: 200
PCG: No convergence!
        It   Resid      Reltol
MVIN    22   2.21e-12   1.00e-12
PRES   200   1.71e+01   1.00e-06
HELM    14   5.92e-08   1.00e-08

Step        Time        dt          CFL        
10          1.00000E-02 1.00000E-03 7.38085E-02

Active Particles: 0        
  Lost Particles: 0        
-----------------------------------------------
PCG: Number of iterations: 200
PCG: No convergence!
        It   Resid      Reltol
MVIN    23   2.03e-12   1.00e-12
PRES   200   1.49e+00   1.00e-06
HELM    14   4.45e-08   1.00e-08

Step        Time        dt          CFL        
11          1.10000E-02 1.00000E-03 7.96004E-02

Active Particles: 0        
  Lost Particles: 0        
-----------------------------------------------
PCG: Number of iterations: 200
PCG: No convergence!
        It   Resid      Reltol
MVIN    23   2.54e-12   1.00e-12
PRES   200   9.41e+00   1.00e-06
HELM    14   3.97e-08   1.00e-08

Step        Time        dt          CFL        
12          1.20000E-02 1.00000E-03 8.24970E-02

Active Particles: 0        
  Lost Particles: 0        
-----------------------------------------------
PCG: Number of iterations: 200
PCG: No convergence!
        It   Resid      Reltol
MVIN    23   2.19e-12   1.00e-12
PRES   200   3.94e+00   1.00e-06
HELM    14   3.61e-08   1.00e-08

Step        Time        dt          CFL        
13          1.30000E-02 1.00000E-03 8.14829E-02

Active Particles: 0        
  Lost Particles: 0        
-----------------------------------------------
PCG: Number of iterations: 200
PCG: No convergence!
        It   Resid      Reltol
MVIN    23   1.77e-12   1.00e-12
PRES   200   2.01e+00   1.00e-06
HELM    14   3.64e-08   1.00e-08

Step        Time        dt          CFL        
14          1.40000E-02 1.00000E-03 7.90207E-02

Active Particles: 0        
  Lost Particles: 0        
-----------------------------------------------
PCG: Number of iterations: 200
PCG: No convergence!
        It   Resid      Reltol
MVIN    23   1.62e-12   1.00e-12
PRES   200   5.71e+00   1.00e-06
HELM    15   6.85e-09   1.00e-08

Step        Time        dt          CFL        
15          1.50000E-02 1.00000E-03 7.91394E-02

Active Particles: 0        
  Lost Particles: 0        
-----------------------------------------------
PCG: Number of iterations: 200
PCG: No convergence!
        It   Resid      Reltol
MVIN    22   3.64e-12   1.00e-12
PRES   200   4.42e-01   1.00e-06
HELM    14   1.63e-08   1.00e-08

Step        Time        dt          CFL        
16          1.60000E-02 1.00000E-03 8.09413E-02

Active Particles: 0        
  Lost Particles: 0        
-----------------------------------------------
PCG: Number of iterations: 200
PCG: No convergence!
        It   Resid      Reltol
MVIN    23   1.98e-12   1.00e-12
PRES   200   2.42e+00   1.00e-06
HELM    14   1.52e-08   1.00e-08

Step        Time        dt          CFL        
17          1.70000E-02 1.00000E-03 8.22461E-02

Active Particles: 0        
  Lost Particles: 0        
-----------------------------------------------
PCG: Number of iterations: 200
PCG: No convergence!
        It   Resid      Reltol
MVIN    22   3.33e-12   1.00e-12
PRES   200   1.44e+00   1.00e-06
HELM    14   1.83e-08   1.00e-08

Step        Time        dt          CFL        
18          1.80000E-02 1.00000E-03 8.21275E-02

Active Particles: 0        
  Lost Particles: 0        
-----------------------------------------------
PCG: Number of iterations: 200
PCG: No convergence!
        It   Resid      Reltol
MVIN    22   3.58e-12   1.00e-12
PRES   200   9.01e-01   1.00e-06
HELM    15   5.13e-09   1.00e-08

Step        Time        dt          CFL        
19          1.90000E-02 1.00000E-03 8.14236E-02

Active Particles: 0        
  Lost Particles: 0        
-----------------------------------------------
PCG: Number of iterations: 200
PCG: No convergence!
        It   Resid      Reltol
MVIN    23   1.71e-12   1.00e-12
PRES   200   2.02e+00   1.00e-06
HELM    15   4.32e-09   1.00e-08

Step        Time        dt          CFL        
20          2.00000E-02 1.00000E-03 8.13299E-02

Active Particles: 0        
  Lost Particles: 0        
-----------------------------------------------
PCG: Number of iterations: 200
PCG: No convergence!
        It   Resid      Reltol
MVIN    23   1.75e-12   1.00e-12
PRES   200   2.31e-01   1.00e-06
HELM    14   1.05e-08   1.00e-08

Step        Time        dt          CFL        
21          2.10000E-02 1.00000E-03 8.22471E-02

Active Particles: 0        
  Lost Particles: 0        
-----------------------------------------------
PCG: Number of iterations: 200
PCG: No convergence!
        It   Resid      Reltol
MVIN    23   1.87e-12   1.00e-12
PRES   200   8.91e-01   1.00e-06
HELM    14   1.09e-08   1.00e-08

Step        Time        dt          CFL        
22          2.20000E-02 1.00000E-03 8.28670E-02

Active Particles: 0        
  Lost Particles: 0        
-----------------------------------------------
PCG: Number of iterations: 200
PCG: No convergence!
        It   Resid      Reltol
MVIN    23   1.82e-12   1.00e-12
PRES   200   2.62e-01   1.00e-06
HELM    15   3.14e-09   1.00e-08

Step        Time        dt          CFL        
23          2.30000E-02 1.00000E-03 8.30162E-02

Active Particles: 0        
  Lost Particles: 0        
-----------------------------------------------
PCG: Number of iterations: 200
PCG: No convergence!
        It   Resid      Reltol
MVIN    23   1.75e-12   1.00e-12
PRES   200   4.37e-01   1.00e-06
HELM    15   3.19e-09   1.00e-08

Step        Time        dt          CFL        
24          2.40000E-02 1.00000E-03 8.29836E-02

Active Particles: 0        
  Lost Particles: 0        
-----------------------------------------------
PCG: Number of iterations: 200
PCG: No convergence!
        It   Resid      Reltol
MVIN    22   2.95e-12   1.00e-12
PRES   200   5.38e-01   1.00e-06
HELM    15   2.72e-09   1.00e-08

Step        Time        dt          CFL        
25          2.50000E-02 1.00000E-03 8.32627E-02

Active Particles: 0        
  Lost Particles: 0        
-----------------------------------------------
PCG: Number of iterations: 200
PCG: No convergence!
        It   Resid      Reltol
MVIN    23   1.75e-12   1.00e-12
PRES   200   1.83e-01   1.00e-06
HELM    14   8.84e-09   1.00e-08

Step        Time        dt          CFL        
26          2.60000E-02 1.00000E-03 8.37577E-02

Active Particles: 0        
  Lost Particles: 0        
-----------------------------------------------
PCG: Number of iterations: 200
PCG: No convergence!
        It   Resid      Reltol
MVIN    23   1.77e-12   1.00e-12
PRES   200   3.86e-01   1.00e-06
HELM    14   8.74e-09   1.00e-08

Step        Time        dt          CFL        
27          2.70000E-02 1.00000E-03 8.41671E-02

Active Particles: 0        
  Lost Particles: 0        
-----------------------------------------------
PCG: Number of iterations: 200
PCG: No convergence!
        It   Resid      Reltol
MVIN    23   1.75e-12   1.00e-12
PRES   200   8.14e-02   1.00e-06
HELM    15   2.44e-09   1.00e-08

Step        Time        dt          CFL        
28          2.80000E-02 1.00000E-03 8.43865E-02

Active Particles: 0        
  Lost Particles: 0        
-----------------------------------------------
PCG: Number of iterations: 200
PCG: No convergence!
        It   Resid      Reltol
MVIN    22   2.93e-12   1.00e-12
PRES   200   2.09e-01   1.00e-06
HELM    15   2.39e-09   1.00e-08

Step        Time        dt          CFL        
29          2.90000E-02 1.00000E-03 8.45902E-02

Active Particles: 0        
  Lost Particles: 0        
-----------------------------------------------
PCG: Number of iterations: 200
PCG: No convergence!
        It   Resid      Reltol
MVIN    22   2.94e-12   1.00e-12
PRES   200   1.27e-01   1.00e-06
HELM    14   8.06e-09   1.00e-08

Step        Time        dt          CFL        
30          3.00000E-02 1.00000E-03 8.48879E-02

Active Particles: 0        
  Lost Particles: 0        
-----------------------------------------------
PCG: Number of iterations: 200
PCG: No convergence!
        It   Resid      Reltol
MVIN    23   1.71e-12   1.00e-12
PRES   200   1.16e-01   1.00e-06
HELM    14   7.53e-09   1.00e-08

Step        Time        dt          CFL        
31          3.10000E-02 1.00000E-03 8.52442E-02

Active Particles: 0        
  Lost Particles: 0        
-----------------------------------------------
PCG: Number of iterations: 200
PCG: No convergence!
        It   Resid      Reltol
MVIN    23   1.70e-12   1.00e-12
PRES   200   1.24e-01   1.00e-06
HELM    14   7.46e-09   1.00e-08

Step        Time        dt          CFL        
32          3.20000E-02 1.00000E-03 8.55289E-02

Active Particles: 0        
  Lost Particles: 0        
-----------------------------------------------
PCG: Number of iterations: 200
PCG: No convergence!
        It   Resid      Reltol
MVIN    22   2.95e-12   1.00e-12
PRES   200   1.45e-02   1.00e-06
HELM    14   7.33e-09   1.00e-08

Step        Time        dt          CFL        
33          3.30000E-02 1.00000E-03 8.57935E-02

Active Particles: 0        
  Lost Particles: 0        
-----------------------------------------------
PCG: Number of iterations: 200
PCG: No convergence!
        It   Resid      Reltol
MVIN    23   1.69e-12   1.00e-12
PRES   200   9.75e-02   1.00e-06
HELM    14   7.15e-09   1.00e-08

Step        Time        dt          CFL        
34          3.40000E-02 1.00000E-03 8.60487E-02

Active Particles: 0        
  Lost Particles: 0        
-----------------------------------------------
PCG: Number of iterations: 200
PCG: No convergence!
        It   Resid      Reltol
MVIN    23   1.68e-12   1.00e-12
PRES   200   3.22e-02   1.00e-06
HELM    14   6.80e-09   1.00e-08

Step        Time        dt          CFL        
35          3.50000E-02 1.00000E-03 8.63312E-02

Active Particles: 0        
  Lost Particles: 0        
-----------------------------------------------
PCG: Number of iterations: 200
PCG: No convergence!
        It   Resid      Reltol
MVIN    23   1.69e-12   1.00e-12
PRES   200   3.41e-02   1.00e-06
HELM    14   6.56e-09   1.00e-08

Step        Time        dt          CFL        
36          3.60000E-02 1.00000E-03 8.66234E-02

Active Particles: 0        
  Lost Particles: 0        
-----------------------------------------------
PCG: Number of iterations: 200
PCG: No convergence!
        It   Resid      Reltol
MVIN    23   1.68e-12   1.00e-12
PRES   200   5.42e-02   1.00e-06
HELM    14   6.45e-09   1.00e-08

Step        Time        dt          CFL        
37          3.70000E-02 1.00000E-03 8.68985E-02

Active Particles: 0        
  Lost Particles: 0        
-----------------------------------------------
PCG: Number of iterations: 200
PCG: No convergence!
        It   Resid      Reltol
MVIN    23   1.68e-12   1.00e-12
PRES   200   1.19e-02   1.00e-06
HELM    14   6.43e-09   1.00e-08

Step        Time        dt          CFL        
38          3.80000E-02 1.00000E-03 8.71460E-02

Active Particles: 0        
  Lost Particles: 0        
-----------------------------------------------
PCG: Number of iterations: 200
PCG: No convergence!
        It   Resid      Reltol
MVIN    23   1.68e-12   1.00e-12
PRES   200   3.54e-02   1.00e-06
HELM    14   6.29e-09   1.00e-08

Step        Time        dt          CFL        
39          3.90000E-02 1.00000E-03 8.73957E-02

Active Particles: 0        
  Lost Particles: 0        
-----------------------------------------------
PCG: Number of iterations: 200
PCG: No convergence!
        It   Resid      Reltol
MVIN    23   1.67e-12   1.00e-12
PRES   200   2.01e-03   1.00e-06
HELM    14   6.15e-09   1.00e-08

Step        Time        dt          CFL        
40          4.00000E-02 1.00000E-03 8.76476E-02

Active Particles: 0        
  Lost Particles: 0        
-----------------------------------------------
PCG: Number of iterations: 200
PCG: No convergence!
        It   Resid      Reltol
MVIN    22   3.05e-12   1.00e-12
PRES   200   1.16e-02   1.00e-06
HELM    14   6.04e-09   1.00e-08

Step        Time        dt          CFL        
41          4.10000E-02 1.00000E-03 8.78961E-02

Active Particles: 0        
  Lost Particles: 0        
-----------------------------------------------
PCG: Number of iterations: 200
PCG: No convergence!
        It   Resid      Reltol
MVIN    23   1.66e-12   1.00e-12
PRES   200   1.88e-02   1.00e-06
HELM    14   6.00e-09   1.00e-08

Step        Time        dt          CFL        
42          4.20000E-02 1.00000E-03 8.81278E-02

Active Particles: 0        
  Lost Particles: 0        
-----------------------------------------------
PCG: Number of iterations: 200
PCG: No convergence!
        It   Resid      Reltol
MVIN    23   1.67e-12   1.00e-12
PRES   200   5.96e-03   1.00e-06
HELM    14   5.93e-09   1.00e-08

Step        Time        dt          CFL        
43          4.30000E-02 1.00000E-03 8.83546E-02

Active Particles: 0        
  Lost Particles: 0        
-----------------------------------------------
PCG: Number of iterations: 200
PCG: No convergence!
        It   Resid      Reltol
MVIN    23   1.67e-12   1.00e-12
PRES   200   1.35e-02   1.00e-06
HELM    14   5.86e-09   1.00e-08

Step        Time        dt          CFL        
44          4.40000E-02 1.00000E-03 8.85740E-02

Active Particles: 0        
  Lost Particles: 0        
-----------------------------------------------
PCG: Number of iterations: 200
PCG: No convergence!
        It   Resid      Reltol
MVIN    23   1.67e-12   1.00e-12
PRES   200   9.86e-04   1.00e-06
HELM    14   5.77e-09   1.00e-08

Step        Time        dt          CFL        
45          4.50000E-02 1.00000E-03 8.87904E-02

Active Particles: 0        
  Lost Particles: 0        
-----------------------------------------------
PCG: Number of iterations: 200
PCG: No convergence!
        It   Resid      Reltol
MVIN    23   1.68e-12   1.00e-12
PRES   200   7.74e-03   1.00e-06
HELM    14   5.70e-09   1.00e-08

Step        Time        dt          CFL        
46          4.60000E-02 1.00000E-03 8.89985E-02

Active Particles: 0        
  Lost Particles: 0        
-----------------------------------------------
PCG: Number of iterations: 200
PCG: No convergence!
        It   Resid      Reltol
MVIN    22   2.95e-12   1.00e-12
PRES   200   2.94e-03   1.00e-06
HELM    14   5.64e-09   1.00e-08

Step        Time        dt          CFL        
47          4.70000E-02 1.00000E-03 8.91979E-02

Active Particles: 0        
  Lost Particles: 0        
-----------------------------------------------
PCG: Number of iterations: 200
PCG: No convergence!
        It   Resid      Reltol
MVIN    23   1.67e-12   1.00e-12
PRES   200   3.13e-03   1.00e-06
HELM    14   5.57e-09   1.00e-08

Step        Time        dt          CFL        
48          4.80000E-02 1.00000E-03 8.93885E-02

Active Particles: 0        
  Lost Particles: 0        
-----------------------------------------------
PCG: Number of iterations: 200
PCG: No convergence!
        It   Resid      Reltol
MVIN    23   1.68e-12   1.00e-12
PRES   200   3.17e-03   1.00e-06
HELM    14   5.50e-09   1.00e-08

Step        Time        dt          CFL        
49          4.90000E-02 1.00000E-03 8.95721E-02

Active Particles: 0        
  Lost Particles: 0        
-----------------------------------------------
PCG: Number of iterations: 200
PCG: No convergence!
        It   Resid      Reltol
MVIN    23   1.68e-12   1.00e-12
PRES   200   3.13e-03   1.00e-06
HELM    14   5.41e-09   1.00e-08

Step        Time        dt          CFL        
50          5.00000E-02 1.00000E-03 8.97500E-02

Active Particles: 0        
  Lost Particles: 0        
-----------------------------------------------
PCG: Number of iterations: 200
PCG: No convergence!
        It   Resid      Reltol
MVIN    23   1.68e-12   1.00e-12
PRES   200   3.39e-03   1.00e-06
HELM    14   5.33e-09   1.00e-08

Step        Time        dt          CFL        
51          5.10000E-02 1.00000E-03 8.99211E-02

Active Particles: 0        
  Lost Particles: 0        
-----------------------------------------------
PCG: Number of iterations: 200
PCG: No convergence!
        It   Resid      Reltol
MVIN    22   3.01e-12   1.00e-12
PRES   200   3.30e-03   1.00e-06
HELM    14   5.25e-09   1.00e-08

Step        Time        dt          CFL        
52          5.20000E-02 1.00000E-03 9.00841E-02

Active Particles: 0        
  Lost Particles: 0        
-----------------------------------------------
PCG: Number of iterations: 200
PCG: No convergence!
        It   Resid      Reltol
MVIN    23   1.68e-12   1.00e-12
PRES   200   2.34e-03   1.00e-06
HELM    14   5.17e-09   1.00e-08

Step        Time        dt          CFL        
53          5.30000E-02 1.00000E-03 9.02400E-02

Active Particles: 0        
  Lost Particles: 0        
-----------------------------------------------
PCG: Number of iterations: 200
PCG: No convergence!
        It   Resid      Reltol
MVIN    23   1.68e-12   1.00e-12
PRES   200   3.56e-03   1.00e-06
HELM    14   5.08e-09   1.00e-08

Step        Time        dt          CFL        
54          5.40000E-02 1.00000E-03 9.03888E-02

Active Particles: 0        
  Lost Particles: 0        
-----------------------------------------------
PCG: Number of iterations: 200
PCG: No convergence!
        It   Resid      Reltol
MVIN    23   1.68e-12   1.00e-12
PRES   200   2.31e-03   1.00e-06
HELM    14   4.99e-09   1.00e-08

Step        Time        dt          CFL        
55          5.50000E-02 1.00000E-03 9.05327E-02

Active Particles: 0        
  Lost Particles: 0        
-----------------------------------------------
PCG: Number of iterations: 200
PCG: No convergence!
        It   Resid      Reltol
MVIN    23   1.69e-12   1.00e-12
PRES   200   3.14e-03   1.00e-06
HELM    14   4.90e-09   1.00e-08

Step        Time        dt          CFL        
56          5.60000E-02 1.00000E-03 9.06694E-02

Active Particles: 0        
  Lost Particles: 0        
-----------------------------------------------
PCG: Number of iterations: 200
PCG: No convergence!
        It   Resid      Reltol
MVIN    23   1.69e-12   1.00e-12
PRES   200   6.82e-04   1.00e-06
HELM    14   4.81e-09   1.00e-08

Step        Time        dt          CFL        
57          5.70000E-02 1.00000E-03 9.07994E-02

Active Particles: 0        
  Lost Particles: 0        
-----------------------------------------------
PCG: Number of iterations: 200
PCG: No convergence!
        It   Resid      Reltol
MVIN    22   2.89e-12   1.00e-12
PRES   200   1.84e-03   1.00e-06
HELM    14   4.72e-09   1.00e-08

Step        Time        dt          CFL        
58          5.80000E-02 1.00000E-03 9.09240E-02

Active Particles: 0        
  Lost Particles: 0        
-----------------------------------------------
PCG: Number of iterations: 200
PCG: No convergence!
        It   Resid      Reltol
MVIN    23   1.69e-12   1.00e-12
PRES   200   1.91e-03   1.00e-06
HELM    14   4.62e-09   1.00e-08

Step        Time        dt          CFL        
59          5.90000E-02 1.00000E-03 9.10436E-02

Active Particles: 0        
  Lost Particles: 0        
-----------------------------------------------
PCG: Number of iterations: 200
PCG: No convergence!
        It   Resid      Reltol
MVIN    22   3.05e-12   1.00e-12
PRES   200   3.02e-03   1.00e-06
HELM    14   4.53e-09   1.00e-08

Step        Time        dt          CFL        
60          6.00000E-02 1.00000E-03 9.11573E-02

Active Particles: 0        
  Lost Particles: 0        
-----------------------------------------------
PCG: Number of iterations: 200
PCG: No convergence!
        It   Resid      Reltol
MVIN    22   2.88e-12   1.00e-12
PRES   200   1.43e-03   1.00e-06
HELM    14   4.45e-09   1.00e-08

Step        Time        dt          CFL        
61          6.10000E-02 1.00000E-03 9.12656E-02

Active Particles: 0        
  Lost Particles: 0        
-----------------------------------------------
PCG: Number of iterations: 200
PCG: No convergence!
        It   Resid      Reltol
MVIN    23   1.70e-12   1.00e-12
PRES   200   2.82e-03   1.00e-06
HELM    14   4.36e-09   1.00e-08

Step        Time        dt          CFL        
62          6.20000E-02 1.00000E-03 9.13692E-02

Active Particles: 0        
  Lost Particles: 0        
-----------------------------------------------
PCG: Number of iterations: 200
PCG: No convergence!
        It   Resid      Reltol
MVIN    23   1.70e-12   1.00e-12
PRES   200   9.04e-04   1.00e-06
HELM    14   4.27e-09   1.00e-08

Step        Time        dt          CFL        
63          6.30000E-02 1.00000E-03 9.14682E-02

Active Particles: 0        
  Lost Particles: 0        
-----------------------------------------------
PCG: Number of iterations: 200
PCG: No convergence!
        It   Resid      Reltol
MVIN    23   1.70e-12   1.00e-12
PRES   200   6.59e-04   1.00e-06
HELM    14   4.19e-09   1.00e-08

Step        Time        dt          CFL        
64          6.40000E-02 1.00000E-03 9.15632E-02

Active Particles: 0        
  Lost Particles: 0        
-----------------------------------------------
PCG: Number of iterations: 200
PCG: No convergence!
        It   Resid      Reltol
MVIN    22   3.36e-12   1.00e-12
PRES   200   1.98e-03   1.00e-06
HELM    14   4.11e-09   1.00e-08

Step        Time        dt          CFL        
65          6.50000E-02 1.00000E-03 9.16535E-02

Active Particles: 0        
  Lost Particles: 0        
-----------------------------------------------
PCG: Number of iterations: 200
PCG: No convergence!
        It   Resid      Reltol
MVIN    23   1.70e-12   1.00e-12
PRES   200   8.30e-04   1.00e-06
HELM    14   4.03e-09   1.00e-08

Step        Time        dt          CFL        
66          6.60000E-02 1.00000E-03 9.17400E-02

Active Particles: 0        
  Lost Particles: 0        
-----------------------------------------------
PCG: Number of iterations: 200
PCG: No convergence!
        It   Resid      Reltol
MVIN    23   1.71e-12   1.00e-12
PRES   200   2.69e-03   1.00e-06
HELM    14   3.96e-09   1.00e-08

Step        Time        dt          CFL        
67          6.70000E-02 1.00000E-03 9.18224E-02

Active Particles: 0        
  Lost Particles: 0        
-----------------------------------------------
PCG: Number of iterations: 200
PCG: No convergence!
        It   Resid      Reltol
MVIN    23   1.71e-12   1.00e-12
PRES   200   1.93e-03   1.00e-06
HELM    14   3.90e-09   1.00e-08

Step        Time        dt          CFL        
68          6.80000E-02 1.00000E-03 9.19020E-02

Active Particles: 0        
  Lost Particles: 0        
-----------------------------------------------
PCG: Number of iterations: 200
PCG: No convergence!
        It   Resid      Reltol
MVIN    23   1.72e-12   1.00e-12
PRES   200   1.98e-03   1.00e-06
HELM    14   3.85e-09   1.00e-08

Step        Time        dt          CFL        
69          6.90000E-02 1.00000E-03 9.19778E-02

Active Particles: 0        
  Lost Particles: 0        
-----------------------------------------------
PCG: Number of iterations: 200
PCG: No convergence!
        It   Resid      Reltol
MVIN    23   1.72e-12   1.00e-12
PRES   200   2.54e-03   1.00e-06
HELM    14   3.81e-09   1.00e-08

Step        Time        dt          CFL        
70          7.00000E-02 1.00000E-03 9.20503E-02

Active Particles: 0        
  Lost Particles: 0        
-----------------------------------------------
PCG: Number of iterations: 200
PCG: No convergence!
        It   Resid      Reltol
MVIN    23   1.73e-12   1.00e-12
PRES   200   8.20e-04   1.00e-06
HELM    14   3.77e-09   1.00e-08

Step        Time        dt          CFL        
71          7.10000E-02 1.00000E-03 9.21197E-02

Active Particles: 0        
  Lost Particles: 0        
-----------------------------------------------
PCG: Number of iterations: 200
PCG: No convergence!
        It   Resid      Reltol
MVIN    23   1.72e-12   1.00e-12
PRES   200   1.36e-03   1.00e-06
HELM    14   3.75e-09   1.00e-08

Step        Time        dt          CFL        
72          7.20000E-02 1.00000E-03 9.21857E-02

Active Particles: 0        
  Lost Particles: 0        
-----------------------------------------------
PCG: Number of iterations: 200
PCG: No convergence!
        It   Resid      Reltol
MVIN    22   2.93e-12   1.00e-12
PRES   200   1.14e-03   1.00e-06
HELM    14   3.73e-09   1.00e-08

Step        Time        dt          CFL        
73          7.30000E-02 1.00000E-03 9.22497E-02

Active Particles: 0        
  Lost Particles: 0        
-----------------------------------------------
PCG: Number of iterations: 200
PCG: No convergence!
        It   Resid      Reltol
MVIN    22   3.07e-12   1.00e-12
PRES   200   2.22e-03   1.00e-06
HELM    14   3.72e-09   1.00e-08

Step        Time        dt          CFL        
74          7.40000E-02 1.00000E-03 9.23106E-02

Active Particles: 0        
  Lost Particles: 0        
-----------------------------------------------
PCG: Number of iterations: 200
PCG: No convergence!
        It   Resid      Reltol
MVIN    23   1.73e-12   1.00e-12
PRES   200   9.26e-04   1.00e-06
HELM    14   3.72e-09   1.00e-08

Step        Time        dt          CFL        
75          7.50000E-02 1.00000E-03 9.23690E-02

Active Particles: 0        
  Lost Particles: 0        
-----------------------------------------------
PCG: Number of iterations: 200
PCG: No convergence!
        It   Resid      Reltol
MVIN    23   1.74e-12   1.00e-12
PRES   200   2.03e-03   1.00e-06
HELM    14   3.72e-09   1.00e-08

Step        Time        dt          CFL        
76          7.60000E-02 1.00000E-03 9.24243E-02

Active Particles: 0        
  Lost Particles: 0        
-----------------------------------------------
PCG: Number of iterations: 200
PCG: No convergence!
        It   Resid      Reltol
MVIN    22   3.64e-12   1.00e-12
PRES   200   8.24e-04   1.00e-06
HELM    14   3.72e-09   1.00e-08

Step        Time        dt          CFL        
77          7.70000E-02 1.00000E-03 9.24777E-02

Active Particles: 0        
  Lost Particles: 0        
-----------------------------------------------
PCG: Number of iterations: 200
PCG: No convergence!
        It   Resid      Reltol
MVIN    23   1.74e-12   1.00e-12
PRES   200   1.38e-03   1.00e-06
HELM    14   3.72e-09   1.00e-08

Step        Time        dt          CFL        
78          7.80000E-02 1.00000E-03 9.25279E-02

Active Particles: 0        
  Lost Particles: 0        
-----------------------------------------------
PCG: Number of iterations: 200
PCG: No convergence!
        It   Resid      Reltol
MVIN    22   3.33e-12   1.00e-12
PRES   200   6.41e-04   1.00e-06
HELM    14   3.72e-09   1.00e-08

Step        Time        dt          CFL        
79          7.90000E-02 1.00000E-03 9.25761E-02

Active Particles: 0        
  Lost Particles: 0        
-----------------------------------------------
PCG: Number of iterations: 200
PCG: No convergence!
        It   Resid      Reltol
MVIN    23   1.73e-12   1.00e-12
PRES   200   1.17e-03   1.00e-06
HELM    14   3.72e-09   1.00e-08

Step        Time        dt          CFL        
80          8.00000E-02 1.00000E-03 9.26215E-02

Active Particles: 0        
  Lost Particles: 0        
-----------------------------------------------
PCG: Number of iterations: 200
PCG: No convergence!
        It   Resid      Reltol
MVIN    23   1.74e-12   1.00e-12
PRES   200   6.40e-04   1.00e-06
HELM    14   3.71e-09   1.00e-08

Step        Time        dt          CFL        
81          8.10000E-02 1.00000E-03 9.26647E-02

Active Particles: 0        
  Lost Particles: 0        
-----------------------------------------------
PCG: Number of iterations: 200
PCG: No convergence!
        It   Resid      Reltol
MVIN    23   1.73e-12   1.00e-12
PRES   200   2.05e-03   1.00e-06
HELM    14   3.71e-09   1.00e-08

Step        Time        dt          CFL        
82          8.20000E-02 1.00000E-03 9.27048E-02

Active Particles: 0        
  Lost Particles: 0        
-----------------------------------------------
PCG: Number of iterations: 200
PCG: No convergence!
        It   Resid      Reltol
MVIN    23   1.71e-12   1.00e-12
PRES   200   9.54e-04   1.00e-06
HELM    14   3.70e-09   1.00e-08

Step        Time        dt          CFL        
83          8.30000E-02 1.00000E-03 9.27428E-02

Active Particles: 0        
  Lost Particles: 0        
-----------------------------------------------
PCG: Number of iterations: 200
PCG: No convergence!
        It   Resid      Reltol
MVIN    22   3.55e-12   1.00e-12
PRES   200   2.12e-03   1.00e-06
HELM    14   3.69e-09   1.00e-08

Step        Time        dt          CFL        
84          8.40000E-02 1.00000E-03 9.27778E-02

Active Particles: 0        
  Lost Particles: 0        
-----------------------------------------------
PCG: Number of iterations: 200
PCG: No convergence!
        It   Resid      Reltol
MVIN    22   3.60e-12   1.00e-12
PRES   200   2.43e-03   1.00e-06
HELM    14   3.68e-09   1.00e-08

Step        Time        dt          CFL        
85          8.50000E-02 1.00000E-03 9.28103E-02

Active Particles: 0        
  Lost Particles: 0        
-----------------------------------------------
PCG: Number of iterations: 200
PCG: No convergence!
        It   Resid      Reltol
MVIN    23   1.73e-12   1.00e-12
PRES   200   1.63e-03   1.00e-06
HELM    14   3.66e-09   1.00e-08

Step        Time        dt          CFL        
86          8.60000E-02 1.00000E-03 9.28406E-02

Active Particles: 0        
  Lost Particles: 0        
-----------------------------------------------
PCG: Number of iterations: 200
PCG: No convergence!
        It   Resid      Reltol
MVIN    23   1.73e-12   1.00e-12
PRES   200   2.68e-03   1.00e-06
HELM    14   3.65e-09   1.00e-08

Step        Time        dt          CFL        
87          8.70000E-02 1.00000E-03 9.28670E-02

Active Particles: 0        
  Lost Particles: 0        
-----------------------------------------------
PCG: Number of iterations: 200
PCG: No convergence!
        It   Resid      Reltol
MVIN    23   1.72e-12   1.00e-12
PRES   200   4.92e-04   1.00e-06
HELM    14   3.62e-09   1.00e-08

Step        Time        dt          CFL        
88          8.80000E-02 1.00000E-03 9.28912E-02

Active Particles: 0        
  Lost Particles: 0        
-----------------------------------------------
PCG: Number of iterations: 200
PCG: No convergence!
        It   Resid      Reltol
MVIN    23   1.72e-12   1.00e-12
PRES   200   2.40e-03   1.00e-06
HELM    14   3.60e-09   1.00e-08

Step        Time        dt          CFL        
89          8.90000E-02 1.00000E-03 9.29123E-02

Active Particles: 0        
  Lost Particles: 0        
-----------------------------------------------
PCG: Number of iterations: 200
PCG: No convergence!
        It   Resid      Reltol
MVIN    23   1.70e-12   1.00e-12
PRES   200   1.91e-03   1.00e-06
HELM    14   3.57e-09   1.00e-08

Step        Time        dt          CFL        
90          9.00000E-02 1.00000E-03 9.29309E-02

Active Particles: 0        
  Lost Particles: 0        
-----------------------------------------------
PCG: Number of iterations: 200
PCG: No convergence!
        It   Resid      Reltol
MVIN    23   1.71e-12   1.00e-12
PRES   200   1.31e-03   1.00e-06
HELM    14   3.54e-09   1.00e-08

Step        Time        dt          CFL        
91          9.10000E-02 1.00000E-03 9.29464E-02

Active Particles: 0        
  Lost Particles: 0        
-----------------------------------------------
PCG: Number of iterations: 200
PCG: No convergence!
        It   Resid      Reltol
MVIN    23   1.70e-12   1.00e-12
PRES   200   2.18e-03   1.00e-06
HELM    14   3.51e-09   1.00e-08

Step        Time        dt          CFL        
92          9.20000E-02 1.00000E-03 9.29588E-02

Active Particles: 0        
  Lost Particles: 0        
-----------------------------------------------
PCG: Number of iterations: 200
PCG: No convergence!
        It   Resid      Reltol
MVIN    22   3.09e-12   1.00e-12
PRES   200   6.38e-04   1.00e-06
HELM    14   3.47e-09   1.00e-08

Step        Time        dt          CFL        
93          9.30000E-02 1.00000E-03 9.29680E-02

Active Particles: 0        
  Lost Particles: 0        
-----------------------------------------------
PCG: Number of iterations: 200
PCG: No convergence!
        It   Resid      Reltol
MVIN    23   1.67e-12   1.00e-12
PRES   200   2.09e-03   1.00e-06
HELM    14   3.43e-09   1.00e-08

Step        Time        dt          CFL        
94          9.40000E-02 1.00000E-03 9.29739E-02

Active Particles: 0        
  Lost Particles: 0        
-----------------------------------------------
PCG: Number of iterations: 200
PCG: No convergence!
        It   Resid      Reltol
MVIN    23   1.68e-12   1.00e-12
PRES   200   1.00e-03   1.00e-06
HELM    14   3.39e-09   1.00e-08

Step        Time        dt          CFL        
95          9.50000E-02 1.00000E-03 9.29772E-02

Active Particles: 0        
  Lost Particles: 0        
-----------------------------------------------
PCG: Number of iterations: 200
PCG: No convergence!
        It   Resid      Reltol
MVIN    23   1.68e-12   1.00e-12
PRES   200   2.99e-03   1.00e-06
HELM    14   3.35e-09   1.00e-08

Step        Time        dt          CFL        
96          9.60000E-02 1.00000E-03 9.29770E-02

Active Particles: 0        
  Lost Particles: 0        
-----------------------------------------------
PCG: Number of iterations: 200
PCG: No convergence!
        It   Resid      Reltol
MVIN    23   1.67e-12   1.00e-12
PRES   200   1.10e-03   1.00e-06
HELM    14   3.30e-09   1.00e-08

Step        Time        dt          CFL        
97          9.70000E-02 1.00000E-03 9.29741E-02

Active Particles: 0        
  Lost Particles: 0        
-----------------------------------------------
PCG: Number of iterations: 200
PCG: No convergence!
        It   Resid      Reltol
MVIN    23   1.65e-12   1.00e-12
PRES   200   2.47e-03   1.00e-06
HELM    14   3.26e-09   1.00e-08

Step        Time        dt          CFL        
98          9.80000E-02 1.00000E-03 9.29677E-02

Active Particles: 0        
  Lost Particles: 0        
-----------------------------------------------
PCG: Number of iterations: 200
PCG: No convergence!
        It   Resid      Reltol
MVIN    23   1.65e-12   1.00e-12
PRES   200   1.15e-03   1.00e-06
HELM    14   3.20e-09   1.00e-08

Step        Time        dt          CFL        
99          9.90000E-02 1.00000E-03 9.29588E-02

Active Particles: 0        
  Lost Particles: 0        
-----------------------------------------------
PCG: Number of iterations: 200
PCG: No convergence!
        It   Resid      Reltol
MVIN    23   1.64e-12   1.00e-12
PRES   200   3.23e-03   1.00e-06
HELM    14   3.16e-09   1.00e-08

Step        Time        dt          CFL        
100         1.00000E-01 1.00000E-03 9.29463E-02

Active Particles: 0        
  Lost Particles: 0        
-----------------------------------------------
PCG: Number of iterations: 200
PCG: No convergence!
        It   Resid      Reltol
MVIN    23   1.64e-12   1.00e-12
PRES   200   1.09e-03   1.00e-06
HELM    14   3.11e-09   1.00e-08

Step        Time        dt          CFL        
101         1.01000E-01 1.00000E-03 9.29310E-02

Active Particles: 0        
  Lost Particles: 0        
-----------------------------------------------
PCG: Number of iterations: 200
PCG: No convergence!
        It   Resid      Reltol
MVIN    23   1.63e-12   1.00e-12
PRES   200   2.84e-03   1.00e-06
HELM    14   3.06e-09   1.00e-08

Step        Time        dt          CFL        
102         1.02000E-01 1.00000E-03 9.29125E-02

Active Particles: 0        
  Lost Particles: 0        
-----------------------------------------------
PCG: Number of iterations: 200
PCG: No convergence!
        It   Resid      Reltol
MVIN    22   3.00e-12   1.00e-12
PRES   200   1.27e-03   1.00e-06
HELM    14   3.01e-09   1.00e-08

Step        Time        dt          CFL        
103         1.03000E-01 1.00000E-03 9.28914E-02

Active Particles: 0        
  Lost Particles: 0        
-----------------------------------------------
PCG: Number of iterations: 200
PCG: No convergence!
        It   Resid      Reltol
MVIN    23   1.63e-12   1.00e-12
PRES   200   2.90e-03   1.00e-06
HELM    14   2.97e-09   1.00e-08

Step        Time        dt          CFL        
104         1.04000E-01 1.00000E-03 9.28671E-02

Active Particles: 0        
  Lost Particles: 0        
-----------------------------------------------
PCG: Number of iterations: 200
PCG: No convergence!
        It   Resid      Reltol
MVIN    23   1.61e-12   1.00e-12
PRES   200   1.20e-03   1.00e-06
HELM    14   2.92e-09   1.00e-08

Step        Time        dt          CFL        
105         1.05000E-01 1.00000E-03 9.28403E-02

Active Particles: 0        
  Lost Particles: 0        
-----------------------------------------------
PCG: Number of iterations: 200
PCG: No convergence!
        It   Resid      Reltol
MVIN    23   1.61e-12   1.00e-12
PRES   200   1.78e-03   1.00e-06
HELM    14   2.88e-09   1.00e-08

Step        Time        dt          CFL        
106         1.06000E-01 1.00000E-03 9.28100E-02

Active Particles: 0        
  Lost Particles: 0        
-----------------------------------------------
PCG: Number of iterations: 200
PCG: No convergence!
        It   Resid      Reltol
MVIN    23   1.60e-12   1.00e-12
PRES   200   6.40e-04   1.00e-06
HELM    14   2.84e-09   1.00e-08

Step        Time        dt          CFL        
107         1.07000E-01 1.00000E-03 9.27781E-02

Active Particles: 0        
  Lost Particles: 0        
-----------------------------------------------
PCG: Number of iterations: 200
PCG: No convergence!
        It   Resid      Reltol
MVIN    23   1.59e-12   1.00e-12
PRES   200   1.65e-03   1.00e-06
HELM    14   2.81e-09   1.00e-08

Step        Time        dt          CFL        
108         1.08000E-01 1.00000E-03 9.27428E-02

Active Particles: 0        
  Lost Particles: 0        
-----------------------------------------------
PCG: Number of iterations: 200
PCG: No convergence!
        It   Resid      Reltol
MVIN    23   1.58e-12   1.00e-12
PRES   200   9.06e-04   1.00e-06
HELM    14   2.78e-09   1.00e-08

Step        Time        dt          CFL        
109         1.09000E-01 1.00000E-03 9.27057E-02

Active Particles: 0        
  Lost Particles: 0        
-----------------------------------------------
PCG: Number of iterations: 200
PCG: No convergence!
        It   Resid      Reltol
MVIN    23   1.58e-12   1.00e-12
PRES   200   1.61e-03   1.00e-06
HELM    14   2.76e-09   1.00e-08

Step        Time        dt          CFL        
110         1.10000E-01 1.00000E-03 9.26658E-02

Active Particles: 0        
  Lost Particles: 0        
-----------------------------------------------
PCG: Number of iterations: 200
PCG: No convergence!
        It   Resid      Reltol
MVIN    23   1.58e-12   1.00e-12
PRES   200   6.23e-04   1.00e-06
HELM    14   2.74e-09   1.00e-08

Step        Time        dt          CFL        
111         1.11000E-01 1.00000E-03 9.26238E-02

Active Particles: 0        
  Lost Particles: 0        
-----------------------------------------------
PCG: Number of iterations: 200
PCG: No convergence!
        It   Resid      Reltol
MVIN    23   1.56e-12   1.00e-12
PRES   200   1.85e-03   1.00e-06
HELM    14   2.72e-09   1.00e-08

Step        Time        dt          CFL        
112         1.12000E-01 1.00000E-03 9.25792E-02

Active Particles: 0        
  Lost Particles: 0        
-----------------------------------------------
PCG: Number of iterations: 200
PCG: No convergence!
        It   Resid      Reltol
MVIN    23   1.56e-12   1.00e-12
PRES   200   1.10e-03   1.00e-06
HELM    14   2.70e-09   1.00e-08

Step        Time        dt          CFL        
113         1.13000E-01 1.00000E-03 9.25328E-02

Active Particles: 0        
  Lost Particles: 0        
-----------------------------------------------
PCG: Number of iterations: 200
PCG: No convergence!
        It   Resid      Reltol
MVIN    23   1.56e-12   1.00e-12
PRES   200   1.73e-03   1.00e-06
HELM    14   2.68e-09   1.00e-08

Step        Time        dt          CFL        
114         1.14000E-01 1.00000E-03 9.24840E-02

Active Particles: 0        
  Lost Particles: 0        
-----------------------------------------------
PCG: Number of iterations: 200
PCG: No convergence!
        It   Resid      Reltol
MVIN    23   1.55e-12   1.00e-12
PRES   200   5.00e-04   1.00e-06
HELM    14   2.67e-09   1.00e-08

Step        Time        dt          CFL        
115         1.15000E-01 1.00000E-03 9.24335E-02

Active Particles: 0        
  Lost Particles: 0        
-----------------------------------------------
PCG: Number of iterations: 200
PCG: No convergence!
        It   Resid      Reltol
MVIN    23   1.54e-12   1.00e-12
PRES   200   1.10e-03   1.00e-06
HELM    14   2.65e-09   1.00e-08

Step        Time        dt          CFL        
116         1.16000E-01 1.00000E-03 9.23806E-02

Active Particles: 0        
  Lost Particles: 0        
-----------------------------------------------
PCG: Number of iterations: 200
PCG: No convergence!
        It   Resid      Reltol
MVIN    22   3.00e-12   1.00e-12
PRES   200   9.60e-04   1.00e-06
HELM    14   2.64e-09   1.00e-08

Step        Time        dt          CFL        
117         1.17000E-01 1.00000E-03 9.23263E-02

Active Particles: 0        
  Lost Particles: 0        
-----------------------------------------------
PCG: Number of iterations: 200
PCG: No convergence!
        It   Resid      Reltol
MVIN    23   1.53e-12   1.00e-12
PRES   200   2.17e-03   1.00e-06
HELM    14   2.63e-09   1.00e-08

Step        Time        dt          CFL        
118         1.18000E-01 1.00000E-03 9.22699E-02

Active Particles: 0        
  Lost Particles: 0        
-----------------------------------------------
PCG: Number of iterations: 200
PCG: No convergence!
        It   Resid      Reltol
MVIN    23   1.53e-12   1.00e-12
PRES   200   7.99e-04   1.00e-06
HELM    14   2.61e-09   1.00e-08

Step        Time        dt          CFL        
119         1.19000E-01 1.00000E-03 9.22120E-02

Active Particles: 0        
  Lost Particles: 0        
-----------------------------------------------
PCG: Number of iterations: 200
PCG: No convergence!
        It   Resid      Reltol
MVIN    23   1.52e-12   1.00e-12
PRES   200   2.24e-03   1.00e-06
HELM    14   2.60e-09   1.00e-08

Step        Time        dt          CFL        
120         1.20000E-01 1.00000E-03 9.21521E-02

Active Particles: 0        
  Lost Particles: 0        
-----------------------------------------------
PCG: Number of iterations: 200
PCG: No convergence!
        It   Resid      Reltol
MVIN    22   2.99e-12   1.00e-12
PRES   200   1.02e-03   1.00e-06
HELM    14   2.59e-09   1.00e-08

Step        Time        dt          CFL        
121         1.21000E-01 1.00000E-03 9.20906E-02

Active Particles: 0        
  Lost Particles: 0        
-----------------------------------------------
PCG: Number of iterations: 200
PCG: No convergence!
        It   Resid      Reltol
MVIN    23   1.51e-12   1.00e-12
PRES   200   2.10e-03   1.00e-06
HELM    14   2.57e-09   1.00e-08

Step        Time        dt          CFL        
122         1.22000E-01 1.00000E-03 9.20272E-02

Active Particles: 0        
  Lost Particles: 0        
-----------------------------------------------
PCG: Number of iterations: 200
PCG: No convergence!
        It   Resid      Reltol
MVIN    22   2.84e-12   1.00e-12
PRES   200   6.73e-04   1.00e-06
HELM    14   2.56e-09   1.00e-08

Step        Time        dt          CFL        
123         1.23000E-01 1.00000E-03 9.19626E-02

Active Particles: 0        
  Lost Particles: 0        
-----------------------------------------------
PCG: Number of iterations: 200
PCG: No convergence!
        It   Resid      Reltol
MVIN    23   1.50e-12   1.00e-12
PRES   200   1.85e-03   1.00e-06
HELM    14   2.55e-09   1.00e-08

Step        Time        dt          CFL        
124         1.24000E-01 1.00000E-03 9.18958E-02

Active Particles: 0        
  Lost Particles: 0        
-----------------------------------------------
PCG: Number of iterations: 200
PCG: No convergence!
        It   Resid      Reltol
MVIN    23   1.49e-12   1.00e-12
PRES   200   9.63e-04   1.00e-06
HELM    14   2.53e-09   1.00e-08

Step        Time        dt          CFL        
125         1.25000E-01 1.00000E-03 9.18280E-02

Active Particles: 0        
  Lost Particles: 0        
-----------------------------------------------
PCG: Number of iterations: 200
PCG: No convergence!
        It   Resid      Reltol
MVIN    23   1.49e-12   1.00e-12
PRES   200   1.91e-03   1.00e-06
HELM    14   2.52e-09   1.00e-08

Step        Time        dt          CFL        
126         1.26000E-01 1.00000E-03 9.17583E-02

Active Particles: 0        
  Lost Particles: 0        
-----------------------------------------------
PCG: Number of iterations: 200
PCG: No convergence!
        It   Resid      Reltol
MVIN    22   2.83e-12   1.00e-12
PRES   200   6.52e-04   1.00e-06
HELM    14   2.51e-09   1.00e-08

Step        Time        dt          CFL        
127         1.27000E-01 1.00000E-03 9.16873E-02

Active Particles: 0        
  Lost Particles: 0        
-----------------------------------------------
PCG: Number of iterations: 200
PCG: No convergence!
        It   Resid      Reltol
MVIN    22   2.78e-12   1.00e-12
PRES   200   1.25e-03   1.00e-06
HELM    14   2.50e-09   1.00e-08

Step        Time        dt          CFL        
128         1.28000E-01 1.00000E-03 9.16142E-02

Active Particles: 0        
  Lost Particles: 0        
-----------------------------------------------
PCG: Number of iterations: 200
PCG: No convergence!
        It   Resid      Reltol
MVIN    22   2.73e-12   1.00e-12
PRES   200   7.57e-04   1.00e-06
HELM    14   2.48e-09   1.00e-08

Step        Time        dt          CFL        
129         1.29000E-01 1.00000E-03 9.15396E-02

Active Particles: 0        
  Lost Particles: 0        
-----------------------------------------------
PCG: Number of iterations: 200
PCG: No convergence!
        It   Resid      Reltol
MVIN    23   1.48e-12   1.00e-12
PRES   200   1.56e-03   1.00e-06
HELM    14   2.47e-09   1.00e-08

Step        Time        dt          CFL        
130         1.30000E-01 1.00000E-03 9.14635E-02

Active Particles: 0        
  Lost Particles: 0        
-----------------------------------------------
PCG: Number of iterations: 200
PCG: No convergence!
        It   Resid      Reltol
MVIN    23   1.48e-12   1.00e-12
PRES   200   1.14e-03   1.00e-06
HELM    14   2.46e-09   1.00e-08

Step        Time        dt          CFL        
131         1.31000E-01 1.00000E-03 9.13857E-02

Active Particles: 0        
  Lost Particles: 0        
-----------------------------------------------
PCG: Number of iterations: 200
PCG: No convergence!
        It   Resid      Reltol
MVIN    23   1.47e-12   1.00e-12
PRES   200   2.20e-03   1.00e-06
HELM    14   2.45e-09   1.00e-08

Step        Time        dt          CFL        
132         1.32000E-01 1.00000E-03 9.13061E-02

Active Particles: 0        
  Lost Particles: 0        
-----------------------------------------------
PCG: Number of iterations: 200
PCG: No convergence!
        It   Resid      Reltol
MVIN    23   1.47e-12   1.00e-12
PRES   200   1.09e-03   1.00e-06
HELM    14   2.43e-09   1.00e-08

Step        Time        dt          CFL        
133         1.33000E-01 1.00000E-03 9.12247E-02

Active Particles: 0        
  Lost Particles: 0        
-----------------------------------------------
PCG: Number of iterations: 200
PCG: No convergence!
        It   Resid      Reltol
MVIN    23   1.47e-12   1.00e-12
PRES   200   1.92e-03   1.00e-06
HELM    14   2.42e-09   1.00e-08

Step        Time        dt          CFL        
134         1.34000E-01 1.00000E-03 9.11413E-02

Active Particles: 0        
  Lost Particles: 0        
-----------------------------------------------
PCG: Number of iterations: 200
PCG: No convergence!
        It   Resid      Reltol
MVIN    22   2.51e-12   1.00e-12
PRES   200   7.48e-04   1.00e-06
HELM    14   2.41e-09   1.00e-08

Step        Time        dt          CFL        
135         1.35000E-01 1.00000E-03 9.10566E-02

Active Particles: 0        
  Lost Particles: 0        
-----------------------------------------------
PCG: Number of iterations: 200
PCG: No convergence!
        It   Resid      Reltol
MVIN    23   1.46e-12   1.00e-12
PRES   200   1.81e-03   1.00e-06
HELM    14   2.39e-09   1.00e-08

Step        Time        dt          CFL        
136         1.36000E-01 1.00000E-03 9.09699E-02

Active Particles: 0        
  Lost Particles: 0        
-----------------------------------------------
PCG: Number of iterations: 200
PCG: No convergence!
        It   Resid      Reltol
MVIN    23   1.46e-12   1.00e-12
PRES   200   1.07e-03   1.00e-06
HELM    14   2.38e-09   1.00e-08

Step        Time        dt          CFL        
137         1.37000E-01 1.00000E-03 9.08812E-02

Active Particles: 0        
  Lost Particles: 0        
-----------------------------------------------
PCG: Number of iterations: 200
PCG: No convergence!
        It   Resid      Reltol
MVIN    23   1.45e-12   1.00e-12
PRES   200   1.69e-03   1.00e-06
HELM    14   2.36e-09   1.00e-08

Step        Time        dt          CFL        
138         1.38000E-01 1.00000E-03 9.07904E-02

Active Particles: 0        
  Lost Particles: 0        
-----------------------------------------------
PCG: Number of iterations: 200
PCG: No convergence!
        It   Resid      Reltol
MVIN    22   2.67e-12   1.00e-12
PRES   200   6.39e-04   1.00e-06
HELM    14   2.35e-09   1.00e-08

Step        Time        dt          CFL        
139         1.39000E-01 1.00000E-03 9.06981E-02

Active Particles: 0        
  Lost Particles: 0        
-----------------------------------------------
PCG: Number of iterations: 200
PCG: No convergence!
        It   Resid      Reltol
MVIN    22   2.82e-12   1.00e-12
PRES   200   1.95e-03   1.00e-06
HELM    14   2.33e-09   1.00e-08

Step        Time        dt          CFL        
140         1.40000E-01 1.00000E-03 9.06039E-02

Active Particles: 0        
  Lost Particles: 0        
-----------------------------------------------
PCG: Number of iterations: 200
PCG: No convergence!
        It   Resid      Reltol
MVIN    23   1.44e-12   1.00e-12
PRES   200   1.99e-03   1.00e-06
HELM    14   2.32e-09   1.00e-08

Step        Time        dt          CFL        
141         1.41000E-01 1.00000E-03 9.05076E-02

Active Particles: 0        
  Lost Particles: 0        
-----------------------------------------------
PCG: Number of iterations: 200
PCG: No convergence!
        It   Resid      Reltol
MVIN    23   1.44e-12   1.00e-12
PRES   200   2.06e-03   1.00e-06
HELM    14   2.30e-09   1.00e-08

Step        Time        dt          CFL        
142         1.42000E-01 1.00000E-03 9.04092E-02

Active Particles: 0        
  Lost Particles: 0        
-----------------------------------------------
PCG: Number of iterations: 200
PCG: No convergence!
        It   Resid      Reltol
MVIN    23   1.43e-12   1.00e-12
PRES   200   1.06e-03   1.00e-06
HELM    14   2.28e-09   1.00e-08

Step        Time        dt          CFL        
143         1.43000E-01 1.00000E-03 9.03086E-02

Active Particles: 0        
  Lost Particles: 0        
-----------------------------------------------
PCG: Number of iterations: 200
PCG: No convergence!
        It   Resid      Reltol
MVIN    23   1.44e-12   1.00e-12
PRES   200   1.65e-03   1.00e-06
HELM    14   2.27e-09   1.00e-08

Step        Time        dt          CFL        
144         1.44000E-01 1.00000E-03 9.02062E-02

Active Particles: 0        
  Lost Particles: 0        
-----------------------------------------------
PCG: Number of iterations: 200
PCG: No convergence!
        It   Resid      Reltol
MVIN    23   1.43e-12   1.00e-12
PRES   200   1.21e-03   1.00e-06
HELM    14   2.25e-09   1.00e-08

Step        Time        dt          CFL        
145         1.45000E-01 1.00000E-03 9.01019E-02

Active Particles: 0        
  Lost Particles: 0        
-----------------------------------------------
PCG: Number of iterations: 200
PCG: No convergence!
        It   Resid      Reltol
MVIN    23   1.43e-12   1.00e-12
PRES   200   1.35e-03   1.00e-06
HELM    14   2.24e-09   1.00e-08

Step        Time        dt          CFL        
146         1.46000E-01 1.00000E-03 8.99954E-02

Active Particles: 0        
  Lost Particles: 0        
-----------------------------------------------
PCG: Number of iterations: 200
PCG: No convergence!
        It   Resid      Reltol
MVIN    23   1.42e-12   1.00e-12
PRES   200   3.96e-04   1.00e-06
HELM    14   2.22e-09   1.00e-08

Step        Time        dt          CFL        
147         1.47000E-01 1.00000E-03 8.98872E-02

Active Particles: 0        
  Lost Particles: 0        
-----------------------------------------------
PCG: Number of iterations: 200
PCG: No convergence!
        It   Resid      Reltol
MVIN    22   2.50e-12   1.00e-12
PRES   200   9.32e-04   1.00e-06
HELM    14   2.21e-09   1.00e-08

Step        Time        dt          CFL        
148         1.48000E-01 1.00000E-03 8.97767E-02

Active Particles: 0        
  Lost Particles: 0        
-----------------------------------------------
PCG: Number of iterations: 200
PCG: No convergence!
        It   Resid      Reltol
MVIN    23   1.41e-12   1.00e-12
PRES   200   6.59e-04   1.00e-06
HELM    14   2.20e-09   1.00e-08

Step        Time        dt          CFL        
149         1.49000E-01 1.00000E-03 8.96647E-02

Active Particles: 0        
  Lost Particles: 0        
-----------------------------------------------
PCG: Number of iterations: 200
PCG: No convergence!
        It   Resid      Reltol
MVIN    23   1.41e-12   1.00e-12
PRES   200   1.31e-03   1.00e-06
HELM    14   2.19e-09   1.00e-08

Step        Time        dt          CFL        
150         1.50000E-01 1.00000E-03 8.95507E-02

Active Particles: 0        
  Lost Particles: 0        
-----------------------------------------------
PCG: Number of iterations: 200
PCG: No convergence!
        It   Resid      Reltol
MVIN    23   1.41e-12   1.00e-12
PRES   200   8.22e-04   1.00e-06
HELM    14   2.18e-09   1.00e-08

Step        Time        dt          CFL        
151         1.51000E-01 1.00000E-03 8.94348E-02

Active Particles: 0        
  Lost Particles: 0        
-----------------------------------------------
PCG: Number of iterations: 200
PCG: No convergence!
        It   Resid      Reltol
MVIN    23   1.40e-12   1.00e-12
PRES   200   1.55e-03   1.00e-06
HELM    14   2.17e-09   1.00e-08

Step        Time        dt          CFL        
152         1.52000E-01 1.00000E-03 8.93173E-02

Active Particles: 0        
  Lost Particles: 0        
-----------------------------------------------
PCG: Number of iterations: 200
PCG: No convergence!
        It   Resid      Reltol
MVIN    23   1.39e-12   1.00e-12
PRES   200   1.30e-03   1.00e-06
HELM    14   2.16e-09   1.00e-08

Step        Time        dt          CFL        
153         1.53000E-01 1.00000E-03 8.91976E-02

Active Particles: 0        
  Lost Particles: 0        
-----------------------------------------------
PCG: Number of iterations: 200
PCG: No convergence!
        It   Resid      Reltol
MVIN    23   1.39e-12   1.00e-12
PRES   200   1.73e-04   1.00e-06
HELM    14   2.15e-09   1.00e-08

Step        Time        dt          CFL        
154         1.54000E-01 1.00000E-03 8.90763E-02

Active Particles: 0        
  Lost Particles: 0        
-----------------------------------------------
PCG: Number of iterations: 200
PCG: No convergence!
        It   Resid      Reltol
MVIN    22   3.20e-12   1.00e-12
PRES   200   7.54e-04   1.00e-06
HELM    14   2.15e-09   1.00e-08

Step        Time        dt          CFL        
155         1.55000E-01 1.00000E-03 8.89533E-02

Active Particles: 0        
  Lost Particles: 0        
-----------------------------------------------
PCG: Number of iterations: 200
PCG: No convergence!
        It   Resid      Reltol
MVIN    22   2.85e-12   1.00e-12
PRES   200   1.06e-03   1.00e-06
HELM    14   2.14e-09   1.00e-08

Step        Time        dt          CFL        
156         1.56000E-01 1.00000E-03 8.88290E-02

Active Particles: 0        
  Lost Particles: 0        
-----------------------------------------------
PCG: Number of iterations: 200
PCG: No convergence!
        It   Resid      Reltol
MVIN    23   1.38e-12   1.00e-12
PRES   200   1.26e-03   1.00e-06
HELM    14   2.14e-09   1.00e-08

Step        Time        dt          CFL        
157         1.57000E-01 1.00000E-03 8.87028E-02

Active Particles: 0        
  Lost Particles: 0        
-----------------------------------------------
PCG: Number of iterations: 200
PCG: No convergence!
        It   Resid      Reltol
MVIN    23   1.38e-12   1.00e-12
PRES   200   2.80e-04   1.00e-06
HELM    14   2.14e-09   1.00e-08

Step        Time        dt          CFL        
158         1.58000E-01 1.00000E-03 8.85752E-02

Active Particles: 0        
  Lost Particles: 0        
-----------------------------------------------
PCG: Number of iterations: 200
PCG: No convergence!
        It   Resid      Reltol
MVIN    23   1.37e-12   1.00e-12
PRES   200   8.65e-04   1.00e-06
HELM    14   2.13e-09   1.00e-08

Step        Time        dt          CFL        
159         1.59000E-01 1.00000E-03 8.84460E-02

Active Particles: 0        
  Lost Particles: 0        
-----------------------------------------------
PCG: Number of iterations: 200
PCG: No convergence!
        It   Resid      Reltol
MVIN    23   1.36e-12   1.00e-12
PRES   200   1.31e-03   1.00e-06
HELM    14   2.13e-09   1.00e-08

Step        Time        dt          CFL        
160         1.60000E-01 1.00000E-03 8.83158E-02

Active Particles: 0        
  Lost Particles: 0        
-----------------------------------------------
PCG: Number of iterations: 200
PCG: No convergence!
        It   Resid      Reltol
MVIN    22   2.85e-12   1.00e-12
PRES   200   1.65e-03   1.00e-06
HELM    14   2.13e-09   1.00e-08

Step        Time        dt          CFL        
161         1.61000E-01 1.00000E-03 8.81839E-02

Active Particles: 0        
  Lost Particles: 0        
-----------------------------------------------
PCG: Number of iterations: 200
PCG: No convergence!
        It   Resid      Reltol
MVIN    22   3.06e-12   1.00e-12
PRES   200   5.45e-04   1.00e-06
HELM    14   2.12e-09   1.00e-08

Step        Time        dt          CFL        
162         1.62000E-01 1.00000E-03 8.80509E-02

Active Particles: 0        
  Lost Particles: 0        
-----------------------------------------------
PCG: Number of iterations: 200
PCG: No convergence!
        It   Resid      Reltol
MVIN    22   2.34e-12   1.00e-12
PRES   200   1.71e-03   1.00e-06
HELM    14   2.12e-09   1.00e-08

Step        Time        dt          CFL        
163         1.63000E-01 1.00000E-03 8.79164E-02

Active Particles: 0        
  Lost Particles: 0        
-----------------------------------------------
PCG: Number of iterations: 200
PCG: No convergence!
        It   Resid      Reltol
MVIN    23   1.34e-12   1.00e-12
PRES   200   7.57e-04   1.00e-06
HELM    14   2.12e-09   1.00e-08

Step        Time        dt          CFL        
164         1.64000E-01 1.00000E-03 8.77811E-02

Active Particles: 0        
  Lost Particles: 0        
-----------------------------------------------
PCG: Number of iterations: 200
PCG: No convergence!
        It   Resid      Reltol
MVIN    23   1.33e-12   1.00e-12
PRES   200   9.87e-04   1.00e-06
HELM    14   2.12e-09   1.00e-08

Step        Time        dt          CFL        
165         1.65000E-01 1.00000E-03 8.76444E-02

Active Particles: 0        
  Lost Particles: 0        
-----------------------------------------------
PCG: Number of iterations: 200
PCG: No convergence!
        It   Resid      Reltol
MVIN    22   2.58e-12   1.00e-12
PRES   200   1.89e-04   1.00e-06
HELM    14   2.11e-09   1.00e-08

Step        Time        dt          CFL        
166         1.66000E-01 1.00000E-03 8.75068E-02

Active Particles: 0        
  Lost Particles: 0        
-----------------------------------------------
PCG: Number of iterations: 200
PCG: No convergence!
        It   Resid      Reltol
MVIN    23   1.33e-12   1.00e-12
PRES   200   8.22e-04   1.00e-06
HELM    14   2.11e-09   1.00e-08

Step        Time        dt          CFL        
167         1.67000E-01 1.00000E-03 8.73681E-02

Active Particles: 0        
  Lost Particles: 0        
-----------------------------------------------
PCG: Number of iterations: 200
PCG: No convergence!
        It   Resid      Reltol
MVIN    23   1.32e-12   1.00e-12
PRES   200   1.02e-03   1.00e-06
HELM    14   2.11e-09   1.00e-08

Step        Time        dt          CFL        
168         1.68000E-01 1.00000E-03 8.72285E-02

Active Particles: 0        
  Lost Particles: 0        
-----------------------------------------------
PCG: Number of iterations: 200
PCG: No convergence!
        It   Resid      Reltol
MVIN    22   3.47e-12   1.00e-12
PRES   200   1.42e-03   1.00e-06
HELM    14   2.11e-09   1.00e-08

Step        Time        dt          CFL        
169         1.69000E-01 1.00000E-03 8.70878E-02

Active Particles: 0        
  Lost Particles: 0        
-----------------------------------------------
PCG: Number of iterations: 200
PCG: No convergence!
        It   Resid      Reltol
MVIN    22   2.69e-12   1.00e-12
PRES   200   3.50e-04   1.00e-06
HELM    14   2.11e-09   1.00e-08

Step        Time        dt          CFL        
170         1.70000E-01 1.00000E-03 8.69463E-02

Active Particles: 0        
  Lost Particles: 0        
-----------------------------------------------
PCG: Number of iterations: 200
PCG: No convergence!
        It   Resid      Reltol
MVIN    23   1.31e-12   1.00e-12
PRES   200   9.68e-04   1.00e-06
HELM    14   2.11e-09   1.00e-08

Step        Time        dt          CFL        
171         1.71000E-01 1.00000E-03 8.68038E-02

Active Particles: 0        
  Lost Particles: 0        
-----------------------------------------------
PCG: Number of iterations: 200
PCG: No convergence!
        It   Resid      Reltol
MVIN    22   2.45e-12   1.00e-12
PRES   200   4.53e-04   1.00e-06
HELM    15   5.94e-10   1.00e-08

Step        Time        dt          CFL        
172         1.72000E-01 1.00000E-03 8.66604E-02

Active Particles: 0        
  Lost Particles: 0        
-----------------------------------------------
PCG: Number of iterations: 200
PCG: No convergence!
        It   Resid      Reltol
MVIN    23   1.29e-12   1.00e-12
PRES   200   4.34e-04   1.00e-06
HELM    15   5.93e-10   1.00e-08

Step        Time        dt          CFL        
173         1.73000E-01 1.00000E-03 8.65160E-02

Active Particles: 0        
  Lost Particles: 0        
-----------------------------------------------
PCG: Number of iterations: 200
PCG: No convergence!
        It   Resid      Reltol
MVIN    23   1.29e-12   1.00e-12
PRES   200   1.04e-04   1.00e-06
HELM    15   5.91e-10   1.00e-08

Step        Time        dt          CFL        
174         1.74000E-01 1.00000E-03 8.63709E-02

Active Particles: 0        
  Lost Particles: 0        
-----------------------------------------------
PCG: Number of iterations: 200
PCG: No convergence!
        It   Resid      Reltol
MVIN    23   1.28e-12   1.00e-12
PRES   200   7.47e-04   1.00e-06
HELM    15   5.90e-10   1.00e-08

Step        Time        dt          CFL        
175         1.75000E-01 1.00000E-03 8.62251E-02

Active Particles: 0        
  Lost Particles: 0        
-----------------------------------------------
PCG: Number of iterations: 200
PCG: No convergence!
        It   Resid      Reltol
MVIN    23   1.28e-12   1.00e-12
PRES   200   7.09e-04   1.00e-06
HELM    15   5.89e-10   1.00e-08

Step        Time        dt          CFL        
176         1.76000E-01 1.00000E-03 8.60785E-02

Active Particles: 0        
  Lost Particles: 0        
-----------------------------------------------
PCG: Number of iterations: 200
PCG: No convergence!
        It   Resid      Reltol
MVIN    23   1.27e-12   1.00e-12
PRES   200   4.77e-04   1.00e-06
HELM    15   5.88e-10   1.00e-08

Step        Time        dt          CFL        
177         1.77000E-01 1.00000E-03 8.59310E-02

Active Particles: 0        
  Lost Particles: 0        
-----------------------------------------------
PCG: Number of iterations: 200
PCG: No convergence!
        It   Resid      Reltol
MVIN    23   1.26e-12   1.00e-12
PRES   200   1.00e-03   1.00e-06
HELM    15   5.87e-10   1.00e-08

Step        Time        dt          CFL        
178         1.78000E-01 1.00000E-03 8.57825E-02

Active Particles: 0        
  Lost Particles: 0        
-----------------------------------------------
PCG: Number of iterations: 200
PCG: No convergence!
        It   Resid      Reltol
MVIN    22   2.32e-12   1.00e-12
PRES   200   2.32e-04   1.00e-06
HELM    15   5.87e-10   1.00e-08

Step        Time        dt          CFL        
179         1.79000E-01 1.00000E-03 8.56333E-02

Active Particles: 0        
  Lost Particles: 0        
-----------------------------------------------
PCG: Number of iterations: 200
PCG: No convergence!
        It   Resid      Reltol
MVIN    23   1.26e-12   1.00e-12
PRES   200   7.17e-04   1.00e-06
HELM    15   5.86e-10   1.00e-08

Step        Time        dt          CFL        
180         1.80000E-01 1.00000E-03 8.54832E-02

Active Particles: 0        
  Lost Particles: 0        
-----------------------------------------------
PCG: Number of iterations: 200
PCG: No convergence!
        It   Resid      Reltol
MVIN    23   1.25e-12   1.00e-12
PRES   200   3.79e-04   1.00e-06
HELM    15   5.85e-10   1.00e-08

Step        Time        dt          CFL        
181         1.81000E-01 1.00000E-03 8.53323E-02

Active Particles: 0        
  Lost Particles: 0        
-----------------------------------------------
PCG: Number of iterations: 200
PCG: No convergence!
        It   Resid      Reltol
MVIN    22   2.49e-12   1.00e-12
PRES   200   6.60e-04   1.00e-06
HELM    15   5.85e-10   1.00e-08

Step        Time        dt          CFL        
182         1.82000E-01 1.00000E-03 8.51807E-02

Active Particles: 0        
  Lost Particles: 0        
-----------------------------------------------
PCG: Number of iterations: 200
PCG: No convergence!
        It   Resid      Reltol
MVIN    22   3.38e-12   1.00e-12
PRES   200   6.09e-04   1.00e-06
HELM    15   5.84e-10   1.00e-08

Step        Time        dt          CFL        
183         1.83000E-01 1.00000E-03 8.51352E-02

Active Particles: 0        
  Lost Particles: 0        
-----------------------------------------------
PCG: Number of iterations: 200
PCG: No convergence!
        It   Resid      Reltol
MVIN    23   1.24e-12   1.00e-12
PRES   200   5.09e-05   1.00e-06
HELM    15   5.84e-10   1.00e-08

Step        Time        dt          CFL        
184         1.84000E-01 1.00000E-03 8.51103E-02

Active Particles: 0        
  Lost Particles: 0        
-----------------------------------------------
PCG: Number of iterations: 200
PCG: No convergence!
        It   Resid      Reltol
MVIN    23   1.24e-12   1.00e-12
PRES   200   4.71e-04   1.00e-06
HELM    15   5.83e-10   1.00e-08

Step        Time        dt          CFL        
185         1.85000E-01 1.00000E-03 8.50837E-02

Active Particles: 0        
  Lost Particles: 0        
-----------------------------------------------
PCG: Number of iterations: 200
PCG: No convergence!
        It   Resid      Reltol
MVIN    23   1.23e-12   1.00e-12
PRES   200   4.72e-04   1.00e-06
HELM    15   5.82e-10   1.00e-08

Step        Time        dt          CFL        
186         1.86000E-01 1.00000E-03 8.50552E-02

Active Particles: 0        
  Lost Particles: 0        
-----------------------------------------------
PCG: Number of iterations: 200
PCG: No convergence!
        It   Resid      Reltol
MVIN    23   1.23e-12   1.00e-12
PRES   200   6.09e-04   1.00e-06
HELM    15   5.82e-10   1.00e-08

Step        Time        dt          CFL        
187         1.87000E-01 1.00000E-03 8.50249E-02

Active Particles: 0        
  Lost Particles: 0        
-----------------------------------------------
PCG: Number of iterations: 200
PCG: No convergence!
        It   Resid      Reltol
MVIN    23   1.23e-12   1.00e-12
PRES   200   5.12e-04   1.00e-06
HELM    15   5.81e-10   1.00e-08

Step        Time        dt          CFL        
188         1.88000E-01 1.00000E-03 8.49927E-02

Active Particles: 0        
  Lost Particles: 0        
-----------------------------------------------
PCG: Number of iterations: 200
PCG: No convergence!
        It   Resid      Reltol
MVIN    22   2.26e-12   1.00e-12
PRES   200   3.58e-04   1.00e-06
HELM    15   5.80e-10   1.00e-08

Step        Time        dt          CFL        
189         1.89000E-01 1.00000E-03 8.49587E-02

Active Particles: 0        
  Lost Particles: 0        
-----------------------------------------------
PCG: Number of iterations: 200
PCG: No convergence!
        It   Resid      Reltol
MVIN    22   2.84e-12   1.00e-12
PRES   200   5.28e-04   1.00e-06
HELM    15   5.79e-10   1.00e-08

Step        Time        dt          CFL        
190         1.90000E-01 1.00000E-03 8.49229E-02

Active Particles: 0        
  Lost Particles: 0        
-----------------------------------------------
PCG: Number of iterations: 200
PCG: No convergence!
        It   Resid      Reltol
MVIN    23   1.22e-12   1.00e-12
PRES   200   9.01e-04   1.00e-06
HELM    15   5.78e-10   1.00e-08

Step        Time        dt          CFL        
191         1.91000E-01 1.00000E-03 8.48850E-02

Active Particles: 0        
  Lost Particles: 0        
-----------------------------------------------
PCG: Number of iterations: 200
PCG: No convergence!
        It   Resid      Reltol
MVIN    23   1.22e-12   1.00e-12
PRES   200   2.98e-04   1.00e-06
HELM    15   5.77e-10   1.00e-08

Step        Time        dt          CFL        
192         1.92000E-01 1.00000E-03 8.48453E-02

Active Particles: 0        
  Lost Particles: 0        
-----------------------------------------------
PCG: Number of iterations: 200
PCG: No convergence!
        It   Resid      Reltol
MVIN    23   1.21e-12   1.00e-12
PRES   200   7.64e-04   1.00e-06
HELM    15   5.76e-10   1.00e-08

Step        Time        dt          CFL        
193         1.93000E-01 1.00000E-03 8.48036E-02

Active Particles: 0        
  Lost Particles: 0        
-----------------------------------------------
PCG: Number of iterations: 200
PCG: No convergence!
        It   Resid      Reltol
MVIN    23   1.21e-12   1.00e-12
PRES   200   3.37e-04   1.00e-06
HELM    15   5.74e-10   1.00e-08

Step        Time        dt          CFL        
194         1.94000E-01 1.00000E-03 8.47600E-02

Active Particles: 0        
  Lost Particles: 0        
-----------------------------------------------
