Create NURBS fec and ext
***********************************************************
dim(R) = 8580
dim(W) = 4225
dim(R+W) = 12805
***********************************************************
Number boundary dofs in H(div): 260
Number boundary dofs in H1: 256
MINRES: iteration   0: ||r||_B = 46.7287
MINRES: iteration   1: ||r||_B = 28.278
MINRES: iteration   2: ||r||_B = 26.8426
MINRES: iteration   3: ||r||_B = 12.2332
MINRES: iteration   4: ||r||_B = 11.4577
MINRES: iteration   5: ||r||_B = 7.92063
MINRES: iteration   6: ||r||_B = 4.33831
MINRES: iteration   7: ||r||_B = 4.31989
MINRES: iteration   8: ||r||_B = 2.91621
MINRES: iteration   9: ||r||_B = 2.26582
MINRES: iteration  10: ||r||_B = 2.25381
MINRES: iteration  11: ||r||_B = 1.80521
MINRES: iteration  12: ||r||_B = 1.61671
MINRES: iteration  13: ||r||_B = 1.59658
MINRES: iteration  14: ||r||_B = 1.29116
MINRES: iteration  15: ||r||_B = 1.21876
MINRES: iteration  16: ||r||_B = 1.15203
MINRES: iteration  17: ||r||_B = 0.971546
MINRES: iteration  18: ||r||_B = 0.958049
MINRES: iteration  19: ||r||_B = 0.903808
MINRES: iteration  20: ||r||_B = 0.800356
MINRES: iteration  21: ||r||_B = 0.794532
MINRES: iteration  22: ||r||_B = 0.746312
MINRES: iteration  23: ||r||_B = 0.679592
MINRES: iteration  24: ||r||_B = 0.677208
MINRES: iteration  25: ||r||_B = 0.642598
MINRES: iteration  26: ||r||_B = 0.584793
MINRES: iteration  27: ||r||_B = 0.583648
MINRES: iteration  28: ||r||_B = 0.543779
MINRES: iteration  29: ||r||_B = 0.507915
MINRES: iteration  30: ||r||_B = 0.507908
MINRES: iteration  31: ||r||_B = 0.479185
MINRES: iteration  32: ||r||_B = 0.451652
MINRES: iteration  33: ||r||_B = 0.451648
MINRES: iteration  34: ||r||_B = 0.426483
MINRES: iteration  35: ||r||_B = 0.40497
MINRES: iteration  36: ||r||_B = 0.404964
MINRES: iteration  37: ||r||_B = 0.38539
MINRES: iteration  38: ||r||_B = 0.364387
MINRES: iteration  39: ||r||_B = 0.364347
MINRES: iteration  40: ||r||_B = 0.344552
MINRES: iteration  41: ||r||_B = 0.331034
MINRES: iteration  42: ||r||_B = 0.331007
MINRES: iteration  43: ||r||_B = 0.316407
MINRES: iteration  44: ||r||_B = 0.303342
MINRES: iteration  45: ||r||_B = 0.30334
MINRES: iteration  46: ||r||_B = 0.290826
MINRES: iteration  47: ||r||_B = 0.279695
MINRES: iteration  48: ||r||_B = 0.279695
MINRES: iteration  49: ||r||_B = 0.268988
MINRES: iteration  50: ||r||_B = 0.259582
MINRES: iteration  51: ||r||_B = 0.259578
MINRES: iteration  52: ||r||_B = 0.251719
MINRES: iteration  53: ||r||_B = 0.243875
MINRES: iteration  54: ||r||_B = 0.243837
MINRES: iteration  55: ||r||_B = 0.236918
MINRES: iteration  56: ||r||_B = 0.229554
MINRES: iteration  57: ||r||_B = 0.229549
MINRES: iteration  58: ||r||_B = 0.223206
MINRES: iteration  59: ||r||_B = 0.216467
MINRES: iteration  60: ||r||_B = 0.21645
MINRES: iteration  61: ||r||_B = 0.21034
MINRES: iteration  62: ||r||_B = 0.203933
MINRES: iteration  63: ||r||_B = 0.203872
MINRES: iteration  64: ||r||_B = 0.198416
MINRES: iteration  65: ||r||_B = 0.191183
MINRES: iteration  66: ||r||_B = 0.191064
MINRES: iteration  67: ||r||_B = 0.185839
MINRES: iteration  68: ||r||_B = 0.179044
MINRES: iteration  69: ||r||_B = 0.178622
MINRES: iteration  70: ||r||_B = 0.175139
MINRES: iteration  71: ||r||_B = 0.168018
MINRES: iteration  72: ||r||_B = 0.167202
MINRES: iteration  73: ||r||_B = 0.164897
MINRES: iteration  74: ||r||_B = 0.158362
MINRES: iteration  75: ||r||_B = 0.157228
MINRES: iteration  76: ||r||_B = 0.155132
MINRES: iteration  77: ||r||_B = 0.14891
MINRES: iteration  78: ||r||_B = 0.147609
MINRES: iteration  79: ||r||_B = 0.146411
MINRES: iteration  80: ||r||_B = 0.140511
MINRES: iteration  81: ||r||_B = 0.138401
MINRES: iteration  82: ||r||_B = 0.137545
MINRES: iteration  83: ||r||_B = 0.132131
MINRES: iteration  84: ||r||_B = 0.129759
MINRES: iteration  85: ||r||_B = 0.129277
MINRES: iteration  86: ||r||_B = 0.124159
MINRES: iteration  87: ||r||_B = 0.121683
MINRES: iteration  88: ||r||_B = 0.121507
MINRES: iteration  89: ||r||_B = 0.117432
MINRES: iteration  90: ||r||_B = 0.114548
MINRES: iteration  91: ||r||_B = 0.11444
MINRES: iteration  92: ||r||_B = 0.110314
MINRES: iteration  93: ||r||_B = 0.107306
MINRES: iteration  94: ||r||_B = 0.1073
MINRES: iteration  95: ||r||_B = 0.103994
MINRES: iteration  96: ||r||_B = 0.100871
MINRES: iteration  97: ||r||_B = 0.100859
MINRES: iteration  98: ||r||_B = 0.098004
MINRES: iteration  99: ||r||_B = 0.0945829
MINRES: iteration 100: ||r||_B = 0.0944794
MINRES: iteration 101: ||r||_B = 0.0921789
MINRES: iteration 102: ||r||_B = 0.0890113
MINRES: iteration 103: ||r||_B = 0.0889015
MINRES: iteration 104: ||r||_B = 0.0871489
MINRES: iteration 105: ||r||_B = 0.0839584
MINRES: iteration 106: ||r||_B = 0.083703
MINRES: iteration 107: ||r||_B = 0.0823489
MINRES: iteration 108: ||r||_B = 0.0793468
MINRES: iteration 109: ||r||_B = 0.0790305
MINRES: iteration 110: ||r||_B = 0.0778936
MINRES: iteration 111: ||r||_B = 0.0749904
MINRES: iteration 112: ||r||_B = 0.0745672
MINRES: iteration 113: ||r||_B = 0.0736884
MINRES: iteration 114: ||r||_B = 0.0708755
MINRES: iteration 115: ||r||_B = 0.070378
MINRES: iteration 116: ||r||_B = 0.0696103
MINRES: iteration 117: ||r||_B = 0.0665987
MINRES: iteration 118: ||r||_B = 0.0659143
MINRES: iteration 119: ||r||_B = 0.065235
MINRES: iteration 120: ||r||_B = 0.0621537
MINRES: iteration 121: ||r||_B = 0.0611028
MINRES: iteration 122: ||r||_B = 0.060635
MINRES: iteration 123: ||r||_B = 0.0574608
MINRES: iteration 124: ||r||_B = 0.0560823
MINRES: iteration 125: ||r||_B = 0.0558299
MINRES: iteration 126: ||r||_B = 0.0526314
MINRES: iteration 127: ||r||_B = 0.0508987
MINRES: iteration 128: ||r||_B = 0.0507628
MINRES: iteration 129: ||r||_B = 0.0480881
MINRES: iteration 130: ||r||_B = 0.046147
MINRES: iteration 131: ||r||_B = 0.0461014
MINRES: iteration 132: ||r||_B = 0.043551
MINRES: iteration 133: ||r||_B = 0.0412347
MINRES: iteration 134: ||r||_B = 0.0412347
MINRES: iteration 135: ||r||_B = 0.0389895
MINRES: iteration 136: ||r||_B = 0.0363698
MINRES: iteration 137: ||r||_B = 0.0363066
MINRES: iteration 138: ||r||_B = 0.0346742
MINRES: iteration 139: ||r||_B = 0.0317672
MINRES: iteration 140: ||r||_B = 0.0314109
MINRES: iteration 141: ||r||_B = 0.030377
MINRES: iteration 142: ||r||_B = 0.0274511
MINRES: iteration 143: ||r||_B = 0.0267659
MINRES: iteration 144: ||r||_B = 0.0262213
MINRES: iteration 145: ||r||_B = 0.023863
MINRES: iteration 146: ||r||_B = 0.022985
MINRES: iteration 147: ||r||_B = 0.0227117
MINRES: iteration 148: ||r||_B = 0.0207107
MINRES: iteration 149: ||r||_B = 0.0197464
MINRES: iteration 150: ||r||_B = 0.0196616
MINRES: iteration 151: ||r||_B = 0.0181204
MINRES: iteration 152: ||r||_B = 0.0171658
MINRES: iteration 153: ||r||_B = 0.0171449
MINRES: iteration 154: ||r||_B = 0.0159953
MINRES: iteration 155: ||r||_B = 0.0150931
MINRES: iteration 156: ||r||_B = 0.0150927
MINRES: iteration 157: ||r||_B = 0.0141622
MINRES: iteration 158: ||r||_B = 0.013263
MINRES: iteration 159: ||r||_B = 0.0132546
MINRES: iteration 160: ||r||_B = 0.0125361
MINRES: iteration 161: ||r||_B = 0.0116323
MINRES: iteration 162: ||r||_B = 0.0116057
MINRES: iteration 163: ||r||_B = 0.0111151
MINRES: iteration 164: ||r||_B = 0.0102607
MINRES: iteration 165: ||r||_B = 0.0101952
MINRES: iteration 166: ||r||_B = 0.00979255
MINRES: iteration 167: ||r||_B = 0.00896615
MINRES: iteration 168: ||r||_B = 0.00884804
MINRES: iteration 169: ||r||_B = 0.00858457
MINRES: iteration 170: ||r||_B = 0.00783255
MINRES: iteration 171: ||r||_B = 0.00763618
MINRES: iteration 172: ||r||_B = 0.00746643
MINRES: iteration 173: ||r||_B = 0.00678325
MINRES: iteration 174: ||r||_B = 0.006563
MINRES: iteration 175: ||r||_B = 0.0064899
MINRES: iteration 176: ||r||_B = 0.00590591
MINRES: iteration 177: ||r||_B = 0.00563207
MINRES: iteration 178: ||r||_B = 0.00561228
MINRES: iteration 179: ||r||_B = 0.00520621
MINRES: iteration 180: ||r||_B = 0.00494461
MINRES: iteration 181: ||r||_B = 0.00493638
MINRES: iteration 182: ||r||_B = 0.00459157
MINRES: iteration 183: ||r||_B = 0.004303
MINRES: iteration 184: ||r||_B = 0.00430291
MINRES: iteration 185: ||r||_B = 0.00405775
MINRES: iteration 186: ||r||_B = 0.00379857
MINRES: iteration 187: ||r||_B = 0.00379615
MINRES: iteration 188: ||r||_B = 0.00358319
MINRES: iteration 189: ||r||_B = 0.00330108
MINRES: iteration 190: ||r||_B = 0.00328175
MINRES: iteration 191: ||r||_B = 0.00314533
MINRES: iteration 192: ||r||_B = 0.00288817
MINRES: iteration 193: ||r||_B = 0.00285895
MINRES: iteration 194: ||r||_B = 0.00276686
MINRES: iteration 195: ||r||_B = 0.00252886
MINRES: iteration 196: ||r||_B = 0.00247528
MINRES: iteration 197: ||r||_B = 0.00243188
MINRES: iteration 198: ||r||_B = 0.00224423
MINRES: iteration 199: ||r||_B = 0.00219321
MINRES: iteration 200: ||r||_B = 0.00216379
MINRES: iteration 201: ||r||_B = 0.00200047
MINRES: iteration 202: ||r||_B = 0.00193236
MINRES: iteration 203: ||r||_B = 0.00192044
MINRES: iteration 204: ||r||_B = 0.00179676
MINRES: iteration 205: ||r||_B = 0.00173329
MINRES: iteration 206: ||r||_B = 0.00172623
MINRES: iteration 207: ||r||_B = 0.00160576
MINRES: iteration 208: ||r||_B = 0.00153357
MINRES: iteration 209: ||r||_B = 0.00153161
MINRES: iteration 210: ||r||_B = 0.00143319
MINRES: iteration 211: ||r||_B = 0.00135698
MINRES: iteration 212: ||r||_B = 0.00135609
MINRES: iteration 213: ||r||_B = 0.00126756
MINRES: iteration 214: ||r||_B = 0.00117417
MINRES: iteration 215: ||r||_B = 0.00117305
MINRES: iteration 216: ||r||_B = 0.00110538
MINRES: iteration 217: ||r||_B = 0.00101056
MINRES: iteration 218: ||r||_B = 0.00100524
MINRES: iteration 219: ||r||_B = 0.000959544
MINRES: iteration 220: ||r||_B = 0.000873553
MINRES: iteration 221: ||r||_B = 0.000863384
MINRES: iteration 222: ||r||_B = 0.000832041
MINRES: iteration 223: ||r||_B = 0.000753814
MINRES: iteration 224: ||r||_B = 0.00073673
MINRES: iteration 225: ||r||_B = 0.00072128
MINRES: iteration 226: ||r||_B = 0.000654928
MINRES: iteration 227: ||r||_B = 0.000634063
MINRES: iteration 228: ||r||_B = 0.000624772
MINRES: iteration 229: ||r||_B = 0.000568662
MINRES: iteration 230: ||r||_B = 0.000540755
MINRES: iteration 231: ||r||_B = 0.000538362
MINRES: iteration 232: ||r||_B = 0.000495853
MINRES: iteration 233: ||r||_B = 0.000469535
MINRES: iteration 234: ||r||_B = 0.000468941
MINRES: iteration 235: ||r||_B = 0.000435084
MINRES: iteration 236: ||r||_B = 0.00040817
MINRES: iteration 237: ||r||_B = 0.00040817
MINRES: iteration 238: ||r||_B = 0.000383999
MINRES: iteration 239: ||r||_B = 0.000357884
MINRES: iteration 240: ||r||_B = 0.000357517
MINRES: iteration 241: ||r||_B = 0.000339762
MINRES: iteration 242: ||r||_B = 0.000316066
MINRES: iteration 243: ||r||_B = 0.000314992
MINRES: iteration 244: ||r||_B = 0.000301099
MINRES: iteration 245: ||r||_B = 0.000277746
MINRES: iteration 246: ||r||_B = 0.000275705
MINRES: iteration 247: ||r||_B = 0.000266221
MINRES: iteration 248: ||r||_B = 0.00024353
MINRES: iteration 249: ||r||_B = 0.000239754
MINRES: iteration 250: ||r||_B = 0.000233861
MINRES: iteration 251: ||r||_B = 0.000213733
MINRES: iteration 252: ||r||_B = 0.000207826
MINRES: iteration 253: ||r||_B = 0.000204826
MINRES: iteration 254: ||r||_B = 0.000187944
MINRES: iteration 255: ||r||_B = 0.000180631
MINRES: iteration 256: ||r||_B = 0.000179708
MINRES: iteration 257: ||r||_B = 0.000167034
MINRES: iteration 258: ||r||_B = 0.000160304
MINRES: iteration 259: ||r||_B = 0.00016007
MINRES: iteration 260: ||r||_B = 0.000150585
MINRES: iteration 261: ||r||_B = 0.000143887
MINRES: iteration 262: ||r||_B = 0.000143875
MINRES: iteration 263: ||r||_B = 0.000136883
MINRES: iteration 264: ||r||_B = 0.000130306
MINRES: iteration 265: ||r||_B = 0.000130295
MINRES: iteration 266: ||r||_B = 0.000124613
MINRES: iteration 267: ||r||_B = 0.000118717
MINRES: iteration 268: ||r||_B = 0.00011863
MINRES: iteration 269: ||r||_B = 0.000114663
MINRES: iteration 270: ||r||_B = 0.000108801
MINRES: iteration 271: ||r||_B = 0.000108465
MINRES: iteration 272: ||r||_B = 0.000105631
MINRES: iteration 273: ||r||_B = 0.000100742
MINRES: iteration 274: ||r||_B = 0.000100424
MINRES: iteration 275: ||r||_B = 9.79992e-05
MINRES: iteration 276: ||r||_B = 9.35095e-05
MINRES: iteration 277: ||r||_B = 9.31301e-05
MINRES: iteration 278: ||r||_B = 9.10294e-05
MINRES: iteration 279: ||r||_B = 8.61068e-05
MINRES: iteration 280: ||r||_B = 8.53959e-05
MINRES: iteration 281: ||r||_B = 8.36518e-05
MINRES: iteration 282: ||r||_B = 7.81132e-05
MINRES: iteration 283: ||r||_B = 7.67985e-05
MINRES: iteration 284: ||r||_B = 7.56941e-05
MINRES: iteration 285: ||r||_B = 7.0423e-05
MINRES: iteration 286: ||r||_B = 6.83549e-05
MINRES: iteration 287: ||r||_B = 6.76951e-05
MINRES: iteration 288: ||r||_B = 6.28156e-05
MINRES: iteration 289: ||r||_B = 6.03265e-05
MINRES: iteration 290: ||r||_B = 6.01908e-05
MINRES: iteration 291: ||r||_B = 5.63659e-05
MINRES: iteration 292: ||r||_B = 5.34889e-05
MINRES: iteration 293: ||r||_B = 5.34824e-05
MINRES: iteration 294: ||r||_B = 5.051e-05
MINRES: iteration 295: ||r||_B = 4.74877e-05
MINRES: iteration 296: ||r||_B = 4.74648e-05
MINRES: iteration 297: ||r||_B = 4.51696e-05
MINRES: iteration 298: ||r||_B = 4.25648e-05
MINRES: iteration 299: ||r||_B = 4.25024e-05
MINRES: iteration 300: ||r||_B = 4.06858e-05
MINRES: iteration 301: ||r||_B = 3.78385e-05
MINRES: iteration 302: ||r||_B = 3.75633e-05
MINRES: iteration 303: ||r||_B = 3.64523e-05
MINRES: iteration 304: ||r||_B = 3.39114e-05
MINRES: iteration 305: ||r||_B = 3.35828e-05
MINRES: iteration 306: ||r||_B = 3.28192e-05
MINRES: iteration 307: ||r||_B = 3.07245e-05
MINRES: iteration 308: ||r||_B = 3.03336e-05
MINRES: iteration 309: ||r||_B = 2.9839e-05
MINRES: iteration 310: ||r||_B = 2.77539e-05
MINRES: iteration 311: ||r||_B = 2.71531e-05
MINRES: iteration 312: ||r||_B = 2.68341e-05
MINRES: iteration 313: ||r||_B = 2.49612e-05
MINRES: iteration 314: ||r||_B = 2.41991e-05
MINRES: iteration 315: ||r||_B = 2.40134e-05
MINRES: iteration 316: ||r||_B = 2.24082e-05
MINRES: iteration 317: ||r||_B = 2.14989e-05
MINRES: iteration 318: ||r||_B = 2.14403e-05
MINRES: iteration 319: ||r||_B = 2.00077e-05
MINRES: iteration 320: ||r||_B = 1.89815e-05
MINRES: iteration 321: ||r||_B = 1.89759e-05
MINRES: iteration 322: ||r||_B = 1.77179e-05
MINRES: iteration 323: ||r||_B = 1.66182e-05
MINRES: iteration 324: ||r||_B = 1.6615e-05
MINRES: iteration 325: ||r||_B = 1.56554e-05
MINRES: iteration 326: ||r||_B = 1.44824e-05
MINRES: iteration 327: ||r||_B = 1.44285e-05
MINRES: iteration 328: ||r||_B = 1.37651e-05
MINRES: iteration 329: ||r||_B = 1.26539e-05
MINRES: iteration 330: ||r||_B = 1.25602e-05
MINRES: iteration 331: ||r||_B = 1.20782e-05
MINRES: iteration 332: ||r||_B = 1.10386e-05
MINRES: iteration 333: ||r||_B = 1.0868e-05
MINRES: iteration 334: ||r||_B = 1.06131e-05
MINRES: iteration 335: ||r||_B = 9.70046e-06
MINRES: iteration 336: ||r||_B = 9.48314e-06
MINRES: iteration 337: ||r||_B = 9.28874e-06
MINRES: iteration 338: ||r||_B = 8.46797e-06
MINRES: iteration 339: ||r||_B = 8.19492e-06
MINRES: iteration 340: ||r||_B = 8.07272e-06
MINRES: iteration 341: ||r||_B = 7.29868e-06
MINRES: iteration 342: ||r||_B = 6.92544e-06
MINRES: iteration 343: ||r||_B = 6.88163e-06
MINRES: iteration 344: ||r||_B = 6.20355e-06
MINRES: iteration 345: ||r||_B = 5.80167e-06
MINRES: iteration 346: ||r||_B = 5.79611e-06
MINRES: iteration 347: ||r||_B = 5.27312e-06
MINRES: iteration 348: ||r||_B = 4.83973e-06
MINRES: iteration 349: ||r||_B = 4.83804e-06
MINRES: iteration 350: ||r||_B = 4.47735e-06
MINRES: iteration 351: ||r||_B = 4.03594e-06
MINRES: iteration 352: ||r||_B = 4.02215e-06
MINRES: iteration 353: ||r||_B = 3.75518e-06
MINRES: iteration 354: ||r||_B = 3.29478e-06
MINRES: iteration 355: ||r||_B = 3.23453e-06
MINRES: iteration 356: ||r||_B = 3.10264e-06
MINRES: iteration 357: ||r||_B = 2.7361e-06
MINRES: iteration 358: ||r||_B = 2.64511e-06
MINRES: iteration 359: ||r||_B = 2.57314e-06
MINRES: iteration 360: ||r||_B = 2.26209e-06
MINRES: iteration 361: ||r||_B = 2.13739e-06
MINRES: iteration 362: ||r||_B = 2.11383e-06
MINRES: iteration 363: ||r||_B = 1.87419e-06
MINRES: iteration 364: ||r||_B = 1.74181e-06
MINRES: iteration 365: ||r||_B = 1.73771e-06
MINRES: iteration 366: ||r||_B = 1.56126e-06
MINRES: iteration 367: ||r||_B = 1.41745e-06
MINRES: iteration 368: ||r||_B = 1.41689e-06
MINRES: iteration 369: ||r||_B = 1.29885e-06
MINRES: iteration 370: ||r||_B = 1.16249e-06
MINRES: iteration 371: ||r||_B = 1.15663e-06
MINRES: iteration 372: ||r||_B = 1.08284e-06
MINRES: iteration 373: ||r||_B = 9.60741e-07
MINRES: iteration 374: ||r||_B = 9.42801e-07
MINRES: iteration 375: ||r||_B = 9.11969e-07
MINRES: iteration 376: ||r||_B = 8.18795e-07
MINRES: iteration 377: ||r||_B = 8.02425e-07
MINRES: iteration 378: ||r||_B = 7.83037e-07
MINRES: iteration 379: ||r||_B = 7.07345e-07
MINRES: iteration 380: ||r||_B = 6.84448e-07
MINRES: iteration 381: ||r||_B = 6.75137e-07
MINRES: iteration 382: ||r||_B = 6.1579e-07
MINRES: iteration 383: ||r||_B = 5.90433e-07
MINRES: iteration 384: ||r||_B = 5.86504e-07
MINRES: iteration 385: ||r||_B = 5.37881e-07
MINRES: iteration 386: ||r||_B = 5.14873e-07
MINRES: iteration 387: ||r||_B = 5.13125e-07
MINRES: iteration 388: ||r||_B = 4.73863e-07
MINRES: iteration 389: ||r||_B = 4.4608e-07
MINRES: iteration 390: ||r||_B = 4.45506e-07
MINRES: iteration 391: ||r||_B = 4.10863e-07
MINRES: iteration 392: ||r||_B = 3.80562e-07
MINRES: iteration 393: ||r||_B = 3.80545e-07
MINRES: iteration 394: ||r||_B = 3.53822e-07
MINRES: iteration 395: ||r||_B = 3.24588e-07
MINRES: iteration 396: ||r||_B = 3.239e-07
MINRES: iteration 397: ||r||_B = 3.04349e-07
MINRES: iteration 398: ||r||_B = 2.74201e-07
MINRES: iteration 399: ||r||_B = 2.71667e-07
MINRES: iteration 400: ||r||_B = 2.58508e-07
MINRES: iteration 401: ||r||_B = 2.31948e-07
MINRES: iteration 402: ||r||_B = 2.2806e-07
MINRES: iteration 403: ||r||_B = 2.20163e-07
MINRES: iteration 404: ||r||_B = 1.94919e-07
MINRES: iteration 405: ||r||_B = 1.88208e-07
MINRES: iteration 406: ||r||_B = 1.84632e-07
MINRES: iteration 407: ||r||_B = 1.63261e-07
MINRES: iteration 408: ||r||_B = 1.54684e-07
MINRES: iteration 409: ||r||_B = 1.53108e-07
MINRES: iteration 410: ||r||_B = 1.36516e-07
MINRES: iteration 411: ||r||_B = 1.26161e-07
MINRES: iteration 412: ||r||_B = 1.25938e-07
MINRES: iteration 413: ||r||_B = 1.13457e-07
MINRES: iteration 414: ||r||_B = 1.02618e-07
MINRES: iteration 415: ||r||_B = 1.02577e-07
MINRES: iteration 416: ||r||_B = 9.38101e-08
MINRES: iteration 417: ||r||_B = 8.34949e-08
MINRES: iteration 418: ||r||_B = 8.30143e-08
MINRES: iteration 419: ||r||_B = 7.75934e-08
MINRES: iteration 420: ||r||_B = 6.84171e-08
MINRES: iteration 421: ||r||_B = 6.72843e-08
MINRES: iteration 422: ||r||_B = 6.45048e-08
MINRES: iteration 423: ||r||_B = 5.64718e-08
MINRES: iteration 424: ||r||_B = 5.45074e-08
MINRES: iteration 425: ||r||_B = 5.32909e-08
MINRES: iteration 426: ||r||_B = 4.7199e-08
MINRES: iteration 427: ||r||_B = 4.48678e-08
MINRES: iteration 428: ||r||_B = 4.44429e-08
MINRES: iteration 429: ||r||_B = 3.9838e-08
MINRES: iteration 430: ||r||_B = 3.75346e-08
MINRES: iteration 431: ||r||_B = 3.73129e-08
MINRES: iteration 432: ||r||_B = 3.35432e-08
MINRES: iteration 433: ||r||_B = 3.09657e-08
MINRES: iteration 434: ||r||_B = 3.09462e-08
MINRES: iteration 435: ||r||_B = 2.80428e-08
MINRES: iteration 436: ||r||_B = 2.53549e-08
MINRES: iteration 437: ||r||_B = 2.53216e-08
MINRES: iteration 438: ||r||_B = 2.34227e-08
MINRES: iteration 439: ||r||_B = 2.08127e-08
MINRES: iteration 440: ||r||_B = 2.06513e-08
MINRES: iteration 441: ||r||_B = 1.94916e-08
MINRES: iteration 442: ||r||_B = 1.72159e-08
MINRES: iteration 443: ||r||_B = 1.69053e-08
MINRES: iteration 444: ||r||_B = 1.61505e-08
MINRES: iteration 445: ||r||_B = 1.4176e-08
MINRES: iteration 446: ||r||_B = 1.36111e-08
MINRES: iteration 447: ||r||_B = 1.33105e-08
MINRES: iteration 448: ||r||_B = 1.16155e-08
MINRES: iteration 449: ||r||_B = 1.09546e-08
MINRES: iteration 450: ||r||_B = 1.08522e-08
MINRES: iteration 451: ||r||_B = 9.6129e-09
MINRES: iteration 452: ||r||_B = 8.83236e-09
MINRES: iteration 453: ||r||_B = 8.82533e-09
MINRES: iteration 454: ||r||_B = 7.9517e-09
MINRES: iteration 455: ||r||_B = 7.06511e-09
MINRES: iteration 456: ||r||_B = 7.04364e-09
MINRES: iteration 457: ||r||_B = 6.52152e-09
MINRES: iteration 458: ||r||_B = 5.76296e-09
MINRES: iteration 459: ||r||_B = 5.70617e-09
MINRES: iteration 460: ||r||_B = 5.40609e-09
MINRES: iteration 461: ||r||_B = 4.73438e-09
MINRES: iteration 462: ||r||_B = 4.61012e-09
MINRES converged in 462 iterations.
|| u_h - u_ex || / || u_ex || = 0.00000008319264468294815
|| p_h - p_ex || / || p_ex || = 0.0000001166502399433432
