Number of finite element unknowns: 2584
Using ir_order 10
Assembling system patch-wise and solving
   Iteration :   0  (B r, r) = 0.0476009
   Iteration :   1  (B r, r) = 0.0136501
   Iteration :   2  (B r, r) = 0.0153424
   Iteration :   3  (B r, r) = 0.0122007
   Iteration :   4  (B r, r) = 0.00748606
   Iteration :   5  (B r, r) = 0.00235437
   Iteration :   6  (B r, r) = 0.00054843
   Iteration :   7  (B r, r) = 9.85534e-05
   Iteration :   8  (B r, r) = 2.33334e-05
   Iteration :   9  (B r, r) = 6.66604e-06
   Iteration :  10  (B r, r) = 2.14718e-06
   Iteration :  11  (B r, r) = 1.14033e-06
   Iteration :  12  (B r, r) = 7.48074e-07
   Iteration :  13  (B r, r) = 4.39276e-07
   Iteration :  14  (B r, r) = 2.47959e-07
   Iteration :  15  (B r, r) = 1.53124e-07
   Iteration :  16  (B r, r) = 9.10451e-08
   Iteration :  17  (B r, r) = 5.03869e-08
   Iteration :  18  (B r, r) = 2.57287e-08
   Iteration :  19  (B r, r) = 1.35069e-08
   Iteration :  20  (B r, r) = 7.41813e-09
   Iteration :  21  (B r, r) = 4.91224e-09
   Iteration :  22  (B r, r) = 3.04635e-09
   Iteration :  23  (B r, r) = 2.06775e-09
   Iteration :  24  (B r, r) = 1.51422e-09
   Iteration :  25  (B r, r) = 1.26518e-09
   Iteration :  26  (B r, r) = 1.07912e-09
   Iteration :  27  (B r, r) = 1.07279e-09
   Iteration :  28  (B r, r) = 1.02047e-09
   Iteration :  29  (B r, r) = 9.38962e-10
   Iteration :  30  (B r, r) = 8.08648e-10
   Iteration :  31  (B r, r) = 6.54946e-10
   Iteration :  32  (B r, r) = 5.56303e-10
   Iteration :  33  (B r, r) = 4.80788e-10
   Iteration :  34  (B r, r) = 4.01087e-10
   Iteration :  35  (B r, r) = 3.41387e-10
   Iteration :  36  (B r, r) = 3.1098e-10
   Iteration :  37  (B r, r) = 2.99239e-10
   Iteration :  38  (B r, r) = 2.99358e-10
   Iteration :  39  (B r, r) = 3.05245e-10
   Iteration :  40  (B r, r) = 3.0524e-10
   Iteration :  41  (B r, r) = 2.96144e-10
   Iteration :  42  (B r, r) = 2.88581e-10
   Iteration :  43  (B r, r) = 2.90588e-10
   Iteration :  44  (B r, r) = 2.9892e-10
   Iteration :  45  (B r, r) = 3.05437e-10
   Iteration :  46  (B r, r) = 3.05558e-10
   Iteration :  47  (B r, r) = 3.0014e-10
   Iteration :  48  (B r, r) = 2.92352e-10
   Iteration :  49  (B r, r) = 2.85203e-10
   Iteration :  50  (B r, r) = 2.8088e-10
   Iteration :  51  (B r, r) = 2.80396e-10
   Iteration :  52  (B r, r) = 2.83223e-10
   Iteration :  53  (B r, r) = 2.87446e-10
   Iteration :  54  (B r, r) = 2.90682e-10
   Iteration :  55  (B r, r) = 2.91319e-10
   Iteration :  56  (B r, r) = 2.89239e-10
   Iteration :  57  (B r, r) = 2.85601e-10
   Iteration :  58  (B r, r) = 2.82071e-10
   Iteration :  59  (B r, r) = 2.80111e-10
   Iteration :  60  (B r, r) = 2.80602e-10
   Iteration :  61  (B r, r) = 2.83775e-10
   Iteration :  62  (B r, r) = 2.8929e-10
   Iteration :  63  (B r, r) = 2.96402e-10
   Iteration :  64  (B r, r) = 3.0417e-10
   Iteration :  65  (B r, r) = 3.11684e-10
   Iteration :  66  (B r, r) = 3.18261e-10
   Iteration :  67  (B r, r) = 3.23555e-10
   Iteration :  68  (B r, r) = 3.27557e-10
   Iteration :  69  (B r, r) = 3.30519e-10
   Iteration :  70  (B r, r) = 3.32842e-10
   Iteration :  71  (B r, r) = 3.34979e-10
   Iteration :  72  (B r, r) = 3.37369e-10
   Iteration :  73  (B r, r) = 3.40402e-10
   Iteration :  74  (B r, r) = 3.44399e-10
   Iteration :  75  (B r, r) = 3.49602e-10
   Iteration :  76  (B r, r) = 3.56154e-10
   Iteration :  77  (B r, r) = 3.64085e-10
   Iteration :  78  (B r, r) = 3.73301e-10
   Iteration :  79  (B r, r) = 3.83591e-10
   Iteration :  80  (B r, r) = 3.94644e-10
   Iteration :  81  (B r, r) = 4.06089e-10
   Iteration :  82  (B r, r) = 4.17552e-10
   Iteration :  83  (B r, r) = 4.28707e-10
   Iteration :  84  (B r, r) = 4.39328e-10
   Iteration :  85  (B r, r) = 4.49313e-10
   Iteration :  86  (B r, r) = 4.58684e-10
   Iteration :  87  (B r, r) = 4.67564e-10
   Iteration :  88  (B r, r) = 4.76136e-10
   Iteration :  89  (B r, r) = 4.84599e-10
   Iteration :  90  (B r, r) = 4.93129e-10
   Iteration :  91  (B r, r) = 5.0185e-10
   Iteration :  92  (B r, r) = 5.10823e-10
   Iteration :  93  (B r, r) = 5.20049e-10
   Iteration :  94  (B r, r) = 5.29478e-10
   Iteration :  95  (B r, r) = 5.39035e-10
   Iteration :  96  (B r, r) = 5.48638e-10
   Iteration :  97  (B r, r) = 5.58224e-10
   Iteration :  98  (B r, r) = 5.67758e-10
   Iteration :  99  (B r, r) = 5.77249e-10
   Iteration : 100  (B r, r) = 5.86745e-10
   Iteration : 101  (B r, r) = 5.96325e-10
   Iteration : 102  (B r, r) = 6.06094e-10
   Iteration : 103  (B r, r) = 6.16161e-10
   Iteration : 104  (B r, r) = 6.26632e-10
   Iteration : 105  (B r, r) = 6.37596e-10
   Iteration : 106  (B r, r) = 6.49114e-10
   Iteration : 107  (B r, r) = 6.61222e-10
   Iteration : 108  (B r, r) = 6.73927e-10
   Iteration : 109  (B r, r) = 6.87212e-10
   Iteration : 110  (B r, r) = 7.0104e-10
   Iteration : 111  (B r, r) = 7.15366e-10
   Iteration : 112  (B r, r) = 7.30138e-10
   Iteration : 113  (B r, r) = 7.45309e-10
   Iteration : 114  (B r, r) = 7.60839e-10
   Iteration : 115  (B r, r) = 7.767e-10
   Iteration : 116  (B r, r) = 7.92872e-10
   Iteration : 117  (B r, r) = 8.09345e-10
   Iteration : 118  (B r, r) = 8.26116e-10
   Iteration : 119  (B r, r) = 8.43182e-10
   Iteration : 120  (B r, r) = 8.60535e-10
   Iteration : 121  (B r, r) = 8.78159e-10
   Iteration : 122  (B r, r) = 8.96025e-10
   Iteration : 123  (B r, r) = 9.14087e-10
   Iteration : 124  (B r, r) = 9.32284e-10
   Iteration : 125  (B r, r) = 9.50539e-10
   Iteration : 126  (B r, r) = 9.6876e-10
   Iteration : 127  (B r, r) = 9.86849e-10
   Iteration : 128  (B r, r) = 1.0047e-09
   Iteration : 129  (B r, r) = 1.02222e-09
   Iteration : 130  (B r, r) = 1.03931e-09
   Iteration : 131  (B r, r) = 1.05589e-09
   Iteration : 132  (B r, r) = 1.07192e-09
   Iteration : 133  (B r, r) = 1.08736e-09
   Iteration : 134  (B r, r) = 1.10222e-09
   Iteration : 135  (B r, r) = 1.11652e-09
   Iteration : 136  (B r, r) = 1.13032e-09
   Iteration : 137  (B r, r) = 1.14371e-09
   Iteration : 138  (B r, r) = 1.1568e-09
   Iteration : 139  (B r, r) = 1.16971e-09
   Iteration : 140  (B r, r) = 1.18259e-09
   Iteration : 141  (B r, r) = 1.19559e-09
   Iteration : 142  (B r, r) = 1.20885e-09
   Iteration : 143  (B r, r) = 1.22254e-09
   Iteration : 144  (B r, r) = 1.23679e-09
   Iteration : 145  (B r, r) = 1.25174e-09
   Iteration : 146  (B r, r) = 1.26752e-09
   Iteration : 147  (B r, r) = 1.28422e-09
   Iteration : 148  (B r, r) = 1.30193e-09
   Iteration : 149  (B r, r) = 1.32071e-09
   Iteration : 150  (B r, r) = 1.34063e-09
   Iteration : 151  (B r, r) = 1.3617e-09
   Iteration : 152  (B r, r) = 1.38393e-09
   Iteration : 153  (B r, r) = 1.40732e-09
   Iteration : 154  (B r, r) = 1.43184e-09
   Iteration : 155  (B r, r) = 1.45746e-09
   Iteration : 156  (B r, r) = 1.48412e-09
   Iteration : 157  (B r, r) = 1.51175e-09
   Iteration : 158  (B r, r) = 1.54029e-09
   Iteration : 159  (B r, r) = 1.56966e-09
   Iteration : 160  (B r, r) = 1.59976e-09
   Iteration : 161  (B r, r) = 1.63052e-09
   Iteration : 162  (B r, r) = 1.66183e-09
   Iteration : 163  (B r, r) = 1.69361e-09
   Iteration : 164  (B r, r) = 1.72575e-09
   Iteration : 165  (B r, r) = 1.75818e-09
   Iteration : 166  (B r, r) = 1.7908e-09
   Iteration : 167  (B r, r) = 1.82352e-09
   Iteration : 168  (B r, r) = 1.85626e-09
   Iteration : 169  (B r, r) = 1.88895e-09
   Iteration : 170  (B r, r) = 1.9215e-09
   Iteration : 171  (B r, r) = 1.95384e-09
   Iteration : 172  (B r, r) = 1.98591e-09
   Iteration : 173  (B r, r) = 2.01765e-09
   Iteration : 174  (B r, r) = 2.04899e-09
   Iteration : 175  (B r, r) = 2.07988e-09
   Iteration : 176  (B r, r) = 2.11028e-09
   Iteration : 177  (B r, r) = 2.14013e-09
   Iteration : 178  (B r, r) = 2.16941e-09
   Iteration : 179  (B r, r) = 2.19808e-09
   Iteration : 180  (B r, r) = 2.22611e-09
   Iteration : 181  (B r, r) = 2.25349e-09
   Iteration : 182  (B r, r) = 2.28019e-09
   Iteration : 183  (B r, r) = 2.30622e-09
   Iteration : 184  (B r, r) = 2.33157e-09
   Iteration : 185  (B r, r) = 2.35625e-09
   Iteration : 186  (B r, r) = 2.38029e-09
   Iteration : 187  (B r, r) = 2.40371e-09
   Iteration : 188  (B r, r) = 2.42653e-09
   Iteration : 189  (B r, r) = 2.44881e-09
   Iteration : 190  (B r, r) = 2.4706e-09
   Iteration : 191  (B r, r) = 2.49194e-09
   Iteration : 192  (B r, r) = 2.51291e-09
   Iteration : 193  (B r, r) = 2.53356e-09
   Iteration : 194  (B r, r) = 2.55399e-09
   Iteration : 195  (B r, r) = 2.57426e-09
   Iteration : 196  (B r, r) = 2.59447e-09
   Iteration : 197  (B r, r) = 2.61469e-09
   Iteration : 198  (B r, r) = 2.63503e-09
   Iteration : 199  (B r, r) = 2.65555e-09
   Iteration : 200  (B r, r) = 2.67637e-09
PCG: Number of iterations: 200
Average reduction factor = 0.959124
PCG: No convergence!
Assembling system element-wise and solving
   Iteration :   0  (B r, r) = 0.047999
   Iteration :   1  (B r, r) = 0.0146156
   Iteration :   2  (B r, r) = 0.0176569
   Iteration :   3  (B r, r) = 0.0108475
   Iteration :   4  (B r, r) = 0.00708173
   Iteration :   5  (B r, r) = 0.00264557
   Iteration :   6  (B r, r) = 0.000579973
   Iteration :   7  (B r, r) = 0.000104636
   Iteration :   8  (B r, r) = 1.75354e-05
   Iteration :   9  (B r, r) = 3.43109e-06
   Iteration :  10  (B r, r) = 8.8514e-07
   Iteration :  11  (B r, r) = 3.69828e-07
   Iteration :  12  (B r, r) = 1.75467e-07
   Iteration :  13  (B r, r) = 7.29839e-08
   Iteration :  14  (B r, r) = 2.34569e-08
   Iteration :  15  (B r, r) = 1.08875e-08
   Iteration :  16  (B r, r) = 6.09204e-09
   Iteration :  17  (B r, r) = 3.66415e-09
   Iteration :  18  (B r, r) = 3.13866e-09
   Iteration :  19  (B r, r) = 2.73384e-09
   Iteration :  20  (B r, r) = 1.71337e-09
   Iteration :  21  (B r, r) = 9.52586e-10
   Iteration :  22  (B r, r) = 5.76897e-10
   Iteration :  23  (B r, r) = 4.22946e-10
   Iteration :  24  (B r, r) = 3.71637e-10
   Iteration :  25  (B r, r) = 3.02418e-10
   Iteration :  26  (B r, r) = 1.92841e-10
   Iteration :  27  (B r, r) = 1.06332e-10
   Iteration :  28  (B r, r) = 6.93255e-11
   Iteration :  29  (B r, r) = 6.35045e-11
   Iteration :  30  (B r, r) = 6.21924e-11
   Iteration :  31  (B r, r) = 4.77212e-11
   Iteration :  32  (B r, r) = 2.74949e-11
   Iteration :  33  (B r, r) = 1.9062e-11
   Iteration :  34  (B r, r) = 1.95215e-11
   Iteration :  35  (B r, r) = 2.12427e-11
   Iteration :  36  (B r, r) = 1.63608e-11
   Iteration :  37  (B r, r) = 1.04345e-11
   Iteration :  38  (B r, r) = 6.42186e-12
   Iteration :  39  (B r, r) = 4.74079e-12
   Iteration :  40  (B r, r) = 4.1807e-12
   Iteration :  41  (B r, r) = 3.62247e-12
   Iteration :  42  (B r, r) = 2.81122e-12
   Iteration :  43  (B r, r) = 2.3541e-12
   Iteration :  44  (B r, r) = 2.0427e-12
   Iteration :  45  (B r, r) = 1.4656e-12
   Iteration :  46  (B r, r) = 1.05934e-12
   Iteration :  47  (B r, r) = 8.29547e-13
   Iteration :  48  (B r, r) = 7.26984e-13
   Iteration :  49  (B r, r) = 6.05898e-13
   Iteration :  50  (B r, r) = 4.36834e-13
   Iteration :  51  (B r, r) = 4.0719e-13
   Iteration :  52  (B r, r) = 3.64789e-13
   Iteration :  53  (B r, r) = 3.76865e-13
   Iteration :  54  (B r, r) = 3.64643e-13
   Iteration :  55  (B r, r) = 3.21913e-13
   Iteration :  56  (B r, r) = 2.98771e-13
   Iteration :  57  (B r, r) = 2.7228e-13
   Iteration :  58  (B r, r) = 2.45565e-13
   Iteration :  59  (B r, r) = 2.14975e-13
   Iteration :  60  (B r, r) = 1.97856e-13
   Iteration :  61  (B r, r) = 1.80952e-13
   Iteration :  62  (B r, r) = 1.86106e-13
   Iteration :  63  (B r, r) = 1.76827e-13
   Iteration :  64  (B r, r) = 1.60625e-13
   Iteration :  65  (B r, r) = 1.39111e-13
   Iteration :  66  (B r, r) = 1.14935e-13
   Iteration :  67  (B r, r) = 9.0396e-14
   Iteration :  68  (B r, r) = 7.18163e-14
   Iteration :  69  (B r, r) = 5.85281e-14
   Iteration :  70  (B r, r) = 4.86057e-14
   Iteration :  71  (B r, r) = 4.01406e-14
   Iteration :  72  (B r, r) = 3.04885e-14
   Iteration :  73  (B r, r) = 2.4103e-14
   Iteration :  74  (B r, r) = 1.76257e-14
   Iteration :  75  (B r, r) = 1.3808e-14
   Iteration :  76  (B r, r) = 1.12122e-14
   Iteration :  77  (B r, r) = 8.39891e-15
   Iteration :  78  (B r, r) = 6.53413e-15
   Iteration :  79  (B r, r) = 4.88963e-15
   Iteration :  80  (B r, r) = 3.69057e-15
   Iteration :  81  (B r, r) = 3.21768e-15
   Iteration :  82  (B r, r) = 2.79815e-15
   Iteration :  83  (B r, r) = 2.05153e-15
   Iteration :  84  (B r, r) = 1.5555e-15
   Iteration :  85  (B r, r) = 1.2208e-15
   Iteration :  86  (B r, r) = 8.40956e-16
   Iteration :  87  (B r, r) = 6.46445e-16
   Iteration :  88  (B r, r) = 5.48484e-16
   Iteration :  89  (B r, r) = 4.4188e-16
   Iteration :  90  (B r, r) = 3.35829e-16
   Iteration :  91  (B r, r) = 2.84572e-16
   Iteration :  92  (B r, r) = 2.47132e-16
   Iteration :  93  (B r, r) = 1.92498e-16
   Iteration :  94  (B r, r) = 1.56237e-16
   Iteration :  95  (B r, r) = 1.24635e-16
   Iteration :  96  (B r, r) = 1.04836e-16
   Iteration :  97  (B r, r) = 1.03436e-16
   Iteration :  98  (B r, r) = 1.08375e-16
   Iteration :  99  (B r, r) = 1.02495e-16
   Iteration : 100  (B r, r) = 9.66301e-17
   Iteration : 101  (B r, r) = 8.51483e-17
   Iteration : 102  (B r, r) = 8.18636e-17
   Iteration : 103  (B r, r) = 7.66133e-17
   Iteration : 104  (B r, r) = 7.0061e-17
   Iteration : 105  (B r, r) = 7.07467e-17
   Iteration : 106  (B r, r) = 6.08386e-17
   Iteration : 107  (B r, r) = 5.22471e-17
   Iteration : 108  (B r, r) = 4.81282e-17
   Iteration : 109  (B r, r) = 4.39755e-17
   Iteration : 110  (B r, r) = 3.73986e-17
   Iteration : 111  (B r, r) = 3.05197e-17
   Iteration : 112  (B r, r) = 2.0697e-17
   Iteration : 113  (B r, r) = 1.57373e-17
   Iteration : 114  (B r, r) = 1.171e-17
   Iteration : 115  (B r, r) = 9.92296e-18
   Iteration : 116  (B r, r) = 8.91543e-18
   Iteration : 117  (B r, r) = 8.48298e-18
   Iteration : 118  (B r, r) = 7.38193e-18
   Iteration : 119  (B r, r) = 6.2977e-18
   Iteration : 120  (B r, r) = 4.97743e-18
   Iteration : 121  (B r, r) = 4.08832e-18
   Iteration : 122  (B r, r) = 3.33344e-18
   Iteration : 123  (B r, r) = 2.52381e-18
   Iteration : 124  (B r, r) = 1.83132e-18
   Iteration : 125  (B r, r) = 1.43297e-18
   Iteration : 126  (B r, r) = 1.13259e-18
   Iteration : 127  (B r, r) = 8.49543e-19
   Iteration : 128  (B r, r) = 6.5873e-19
   Iteration : 129  (B r, r) = 5.28819e-19
   Iteration : 130  (B r, r) = 4.35091e-19
   Iteration : 131  (B r, r) = 3.31693e-19
   Iteration : 132  (B r, r) = 2.47874e-19
   Iteration : 133  (B r, r) = 1.95101e-19
   Iteration : 134  (B r, r) = 1.76774e-19
   Iteration : 135  (B r, r) = 1.447e-19
   Iteration : 136  (B r, r) = 1.03579e-19
   Iteration : 137  (B r, r) = 8.45605e-20
   Iteration : 138  (B r, r) = 7.99363e-20
   Iteration : 139  (B r, r) = 8.17683e-20
   Iteration : 140  (B r, r) = 6.99794e-20
   Iteration : 141  (B r, r) = 5.77461e-20
   Iteration : 142  (B r, r) = 5.47252e-20
   Iteration : 143  (B r, r) = 5.14435e-20
   Iteration : 144  (B r, r) = 4.86211e-20
   Iteration : 145  (B r, r) = 4.5887e-20
   Iteration : 146  (B r, r) = 4.73329e-20
   Iteration : 147  (B r, r) = 4.41997e-20
   Iteration : 148  (B r, r) = 4.12226e-20
   Iteration : 149  (B r, r) = 3.66262e-20
   Iteration : 150  (B r, r) = 3.24306e-20
   Iteration : 151  (B r, r) = 2.73968e-20
   Iteration : 152  (B r, r) = 2.35748e-20
   Iteration : 153  (B r, r) = 1.78782e-20
   Iteration : 154  (B r, r) = 1.55893e-20
   Iteration : 155  (B r, r) = 1.22043e-20
   Iteration : 156  (B r, r) = 9.07964e-21
   Iteration : 157  (B r, r) = 6.79973e-21
   Iteration : 158  (B r, r) = 6.16863e-21
   Iteration : 159  (B r, r) = 5.37826e-21
   Iteration : 160  (B r, r) = 4.35565e-21
   Iteration : 161  (B r, r) = 3.55883e-21
   Iteration : 162  (B r, r) = 2.73204e-21
   Iteration : 163  (B r, r) = 1.96157e-21
   Iteration : 164  (B r, r) = 1.34002e-21
   Iteration : 165  (B r, r) = 1.01864e-21
   Iteration : 166  (B r, r) = 8.39051e-22
   Iteration : 167  (B r, r) = 7.20283e-22
   Iteration : 168  (B r, r) = 5.74833e-22
   Iteration : 169  (B r, r) = 4.22126e-22
Average reduction factor = 0.872295
Element-wise solution norm 5.17652
Relative error of patch-wise solution 0.0430619
