Options used:
   --mesh /home/quan/mfem410_ser/data/beam-quad.mesh
   --refine 2
   --order 2
   --ode-solver 23
   --t-final 300
   --time-step 3
   --viscosity 0.01
   --shear-modulus 0.25
   --bulk-modulus 5
   --no-visualization
   --visualization-steps 1
Number of velocity/deformation unknowns: 1170
initial elastic energy (EE) = -7.93623e-19
initial kinetic energy (KE) = 0.032381
initial   total energy (TE) = 0.032381
Newton iteration  0 : ||r|| = 0.148477
Newton iteration  1 : ||r|| = 0.00994761, ||r||/||r_0|| = 0.0669975
Newton iteration  2 : ||r|| = 0.00362415, ||r||/||r_0|| = 0.0244088
Newton iteration  3 : ||r|| = 2.16388e-05, ||r||/||r_0|| = 0.000145738
Newton iteration  4 : ||r|| = 4.42458e-08, ||r||/||r_0|| = 2.97997e-07
Newton iteration  5 : ||r|| = 1.3584e-13, ||r||/||r_0|| = 9.14886e-13
Newton iteration  0 : ||r|| = 0.042588
Newton iteration  1 : ||r|| = 0.00153705, ||r||/||r_0|| = 0.0360911
Newton iteration  2 : ||r|| = 7.79284e-06, ||r||/||r_0|| = 0.000182982
Newton iteration  3 : ||r|| = 5.69841e-09, ||r||/||r_0|| = 1.33803e-07
Newton iteration  4 : ||r|| = 1.29375e-13, ||r||/||r_0|| = 3.03782e-12
Newton iteration  0 : ||r|| = 0.254094
Newton iteration  1 : ||r|| = 0.0344675, ||r||/||r_0|| = 0.135649
Newton iteration  2 : ||r|| = 0.00528102, ||r||/||r_0|| = 0.0207837
Newton iteration  3 : ||r|| = 0.000115331, ||r||/||r_0|| = 0.000453889
Newton iteration  4 : ||r|| = 9.7926e-08, ||r||/||r_0|| = 3.85393e-07
Newton iteration  5 : ||r|| = 3.72978e-13, ||r||/||r_0|| = 1.46788e-12
step 1, t = 3, EE = 0.0031907, KE = 0.0282481, ΔTE = -0.000942124
Newton iteration  0 : ||r|| = 0.0244605
Newton iteration  1 : ||r|| = 0.00195551, ||r||/||r_0|| = 0.0799457
Newton iteration  2 : ||r|| = 1.90748e-05, ||r||/||r_0|| = 0.000779819
Newton iteration  3 : ||r|| = 8.43275e-10, ||r||/||r_0|| = 3.4475e-08
Newton iteration  4 : ||r|| = 1.3312e-13, ||r||/||r_0|| = 5.44224e-12
Newton iteration  0 : ||r|| = 0.0160796
Newton iteration  1 : ||r|| = 0.00088024, ||r||/||r_0|| = 0.0547428
Newton iteration  2 : ||r|| = 1.34619e-05, ||r||/||r_0|| = 0.000837205
Newton iteration  3 : ||r|| = 6.01293e-10, ||r||/||r_0|| = 3.73948e-08
Newton iteration  4 : ||r|| = 1.3139e-13, ||r||/||r_0|| = 8.17126e-12
Newton iteration  0 : ||r|| = 0.059159
Newton iteration  1 : ||r|| = 0.00138399, ||r||/||r_0|| = 0.0233944
Newton iteration  2 : ||r|| = 0.000157363, ||r||/||r_0|| = 0.00266
Newton iteration  3 : ||r|| = 2.8402e-08, ||r||/||r_0|| = 4.80095e-07
Newton iteration  4 : ||r|| = 3.06708e-13, ||r||/||r_0|| = 5.18446e-12
step 2, t = 6, EE = 0.0064185, KE = 0.0244818, ΔTE = -0.00148063
Newton iteration  0 : ||r|| = 0.0114609
Newton iteration  1 : ||r|| = 0.000689101, ||r||/||r_0|| = 0.0601264
Newton iteration  2 : ||r|| = 1.86699e-06, ||r||/||r_0|| = 0.000162902
Newton iteration  3 : ||r|| = 9.60487e-12, ||r||/||r_0|| = 8.38059e-10
Newton iteration  0 : ||r|| = 0.0121722
Newton iteration  1 : ||r|| = 0.000405769, ||r||/||r_0|| = 0.0333359
Newton iteration  2 : ||r|| = 8.70319e-08, ||r||/||r_0|| = 7.15009e-06
Newton iteration  3 : ||r|| = 3.5396e-13, ||r||/||r_0|| = 2.90795e-11
Newton iteration  0 : ||r|| = 0.0544606
Newton iteration  1 : ||r|| = 0.000942952, ||r||/||r_0|| = 0.0173144
Newton iteration  2 : ||r|| = 3.61968e-06, ||r||/||r_0|| = 6.64642e-05
Newton iteration  3 : ||r|| = 2.16177e-11, ||r||/||r_0|| = 3.96942e-10
step 3, t = 9, EE = 0.00810061, KE = 0.0224003, ΔTE = -0.00188008
Newton iteration  0 : ||r|| = 0.00653373
Newton iteration  1 : ||r|| = 0.000353735, ||r||/||r_0|| = 0.0541398
Newton iteration  2 : ||r|| = 1.1101e-07, ||r||/||r_0|| = 1.69903e-05
Newton iteration  3 : ||r|| = 6.87457e-13, ||r||/||r_0|| = 1.05217e-10
Newton iteration  0 : ||r|| = 0.00883011
Newton iteration  1 : ||r|| = 0.000345149, ||r||/||r_0|| = 0.0390877
Newton iteration  2 : ||r|| = 5.70233e-07, ||r||/||r_0|| = 6.45783e-05
Newton iteration  3 : ||r|| = 2.8865e-12, ||r||/||r_0|| = 3.26893e-10
Newton iteration  0 : ||r|| = 0.0417703
Newton iteration  1 : ||r|| = 0.00100887, ||r||/||r_0|| = 0.0241529
Newton iteration  2 : ||r|| = 1.63388e-05, ||r||/||r_0|| = 0.000391158
Newton iteration  3 : ||r|| = 3.37024e-10, ||r||/||r_0|| = 8.06851e-09
step 4, t = 12, EE = 0.00847226, KE = 0.0217304, ΔTE = -0.00217828
Newton iteration  0 : ||r|| = 0.00750781
Newton iteration  1 : ||r|| = 0.000664372, ||r||/||r_0|| = 0.0884907
Newton iteration  2 : ||r|| = 5.64076e-07, ||r||/||r_0|| = 7.51319e-05
Newton iteration  3 : ||r|| = 5.96452e-12, ||r||/||r_0|| = 7.94442e-10
Newton iteration  0 : ||r|| = 0.0041866
Newton iteration  1 : ||r|| = 0.000477689, ||r||/||r_0|| = 0.114099
Newton iteration  2 : ||r|| = 5.6972e-08, ||r||/||r_0|| = 1.36082e-05
Newton iteration  3 : ||r|| = 4.67411e-13, ||r||/||r_0|| = 1.11644e-10
Newton iteration  0 : ||r|| = 0.0211
Newton iteration  1 : ||r|| = 0.000502652, ||r||/||r_0|| = 0.0238224
Newton iteration  2 : ||r|| = 8.11559e-07, ||r||/||r_0|| = 3.84626e-05
Newton iteration  3 : ||r|| = 4.67906e-12, ||r||/||r_0|| = 2.21757e-10
step 5, t = 15, EE = 0.0100956, KE = 0.0199024, ΔTE = -0.002383
Newton iteration  0 : ||r|| = 0.0050057
Newton iteration  1 : ||r|| = 0.000373379, ||r||/||r_0|| = 0.0745909
Newton iteration  2 : ||r|| = 2.4528e-08, ||r||/||r_0|| = 4.90002e-06
Newton iteration  3 : ||r|| = 2.58172e-13, ||r||/||r_0|| = 5.15756e-11
Newton iteration  0 : ||r|| = 0.00626741
Newton iteration  1 : ||r|| = 0.000355756, ||r||/||r_0|| = 0.0567629
Newton iteration  2 : ||r|| = 5.60435e-08, ||r||/||r_0|| = 8.94205e-06
Newton iteration  3 : ||r|| = 7.78128e-13, ||r||/||r_0|| = 1.24155e-10
Newton iteration  0 : ||r|| = 0.025246
Newton iteration  1 : ||r|| = 0.000560499, ||r||/||r_0|| = 0.0222015
Newton iteration  2 : ||r|| = 1.68942e-06, ||r||/||r_0|| = 6.69184e-05
Newton iteration  3 : ||r|| = 1.05772e-11, ||r||/||r_0|| = 4.18967e-10
step 6, t = 18, EE = 0.0124998, KE = 0.0172631, ΔTE = -0.00261804
Newton iteration  0 : ||r|| = 0.00680188
Newton iteration  1 : ||r|| = 0.000696889, ||r||/||r_0|| = 0.102455
Newton iteration  2 : ||r|| = 2.5034e-07, ||r||/||r_0|| = 3.68045e-05
Newton iteration  3 : ||r|| = 7.22261e-12, ||r||/||r_0|| = 1.06185e-09
Newton iteration  0 : ||r|| = 0.0103202
Newton iteration  1 : ||r|| = 0.000742111, ||r||/||r_0|| = 0.0719084
Newton iteration  2 : ||r|| = 1.45864e-06, ||r||/||r_0|| = 0.000141338
Newton iteration  3 : ||r|| = 9.69347e-11, ||r||/||r_0|| = 9.39269e-09
Newton iteration  0 : ||r|| = 0.0479546
Newton iteration  1 : ||r|| = 0.00110718, ||r||/||r_0|| = 0.023088
Newton iteration  2 : ||r|| = 7.15291e-05, ||r||/||r_0|| = 0.0014916
Newton iteration  3 : ||r|| = 9.19298e-09, ||r||/||r_0|| = 1.91702e-07
Newton iteration  4 : ||r|| = 2.13169e-13, ||r||/||r_0|| = 4.44523e-12
step 7, t = 21, EE = 0.0139787, KE = 0.0154721, ΔTE = -0.00293017
Newton iteration  0 : ||r|| = 0.0123209
Newton iteration  1 : ||r|| = 0.000911699, ||r||/||r_0|| = 0.0739963
Newton iteration  2 : ||r|| = 1.51692e-05, ||r||/||r_0|| = 0.00123118
Newton iteration  3 : ||r|| = 2.08525e-09, ||r||/||r_0|| = 1.69245e-07
Newton iteration  4 : ||r|| = 1.48209e-13, ||r||/||r_0|| = 1.20291e-11
Newton iteration  0 : ||r|| = 0.0231952
Newton iteration  1 : ||r|| = 0.000625678, ||r||/||r_0|| = 0.0269745
Newton iteration  2 : ||r|| = 3.24669e-05, ||r||/||r_0|| = 0.00139973
Newton iteration  3 : ||r|| = 1.98011e-09, ||r||/||r_0|| = 8.53675e-08
Newton iteration  4 : ||r|| = 1.42926e-13, ||r||/||r_0|| = 6.1619e-12
Newton iteration  0 : ||r|| = 0.113384
Newton iteration  1 : ||r|| = 0.00181322, ||r||/||r_0|| = 0.0159918
Newton iteration  2 : ||r|| = 0.000211425, ||r||/||r_0|| = 0.00186468
Newton iteration  3 : ||r|| = 1.37507e-07, ||r||/||r_0|| = 1.21275e-06
Newton iteration  4 : ||r|| = 2.30758e-12, ||r||/||r_0|| = 2.03518e-11
step 8, t = 24, EE = 0.0122796, KE = 0.0166447, ΔTE = -0.00345674
Newton iteration  0 : ||r|| = 0.0233799
Newton iteration  1 : ||r|| = 0.000248469, ||r||/||r_0|| = 0.0106275
Newton iteration  2 : ||r|| = 4.47431e-06, ||r||/||r_0|| = 0.000191374
Newton iteration  3 : ||r|| = 3.26185e-11, ||r||/||r_0|| = 1.39515e-09
Newton iteration  0 : ||r|| = 0.0425624
Newton iteration  1 : ||r|| = 0.000366935, ||r||/||r_0|| = 0.00862111
Newton iteration  2 : ||r|| = 2.26417e-07, ||r||/||r_0|| = 5.31965e-06
Newton iteration  3 : ||r|| = 4.90668e-12, ||r||/||r_0|| = 1.15282e-10
Newton iteration  0 : ||r|| = 0.184082
Newton iteration  1 : ||r|| = 0.00445082, ||r||/||r_0|| = 0.0241785
Newton iteration  2 : ||r|| = 0.000108033, ||r||/||r_0|| = 0.000586876
Newton iteration  3 : ||r|| = 5.37779e-07, ||r||/||r_0|| = 2.92141e-06
Newton iteration  4 : ||r|| = 2.36416e-12, ||r||/||r_0|| = 1.2843e-11
step 9, t = 27, EE = 0.00896612, KE = 0.0191881, ΔTE = -0.00422668
Newton iteration  0 : ||r|| = 0.00693359
Newton iteration  1 : ||r|| = 0.000546754, ||r||/||r_0|| = 0.0788559
Newton iteration  2 : ||r|| = 1.63989e-06, ||r||/||r_0|| = 0.000236513
Newton iteration  3 : ||r|| = 7.12801e-11, ||r||/||r_0|| = 1.02804e-08
Newton iteration  4 : ||r|| = 1.4254e-13, ||r||/||r_0|| = 2.05579e-11
Newton iteration  0 : ||r|| = 0.0315581
Newton iteration  1 : ||r|| = 0.000515496, ||r||/||r_0|| = 0.0163348
Newton iteration  2 : ||r|| = 3.95212e-05, ||r||/||r_0|| = 0.00125233
Newton iteration  3 : ||r|| = 1.72162e-09, ||r||/||r_0|| = 5.45541e-08
Newton iteration  4 : ||r|| = 1.43514e-13, ||r||/||r_0|| = 4.54762e-12
Newton iteration  0 : ||r|| = 0.16483
Newton iteration  1 : ||r|| = 0.00305026, ||r||/||r_0|| = 0.0185055
Newton iteration  2 : ||r|| = 0.000271557, ||r||/||r_0|| = 0.00164749
Newton iteration  3 : ||r|| = 5.72537e-07, ||r||/||r_0|| = 3.4735e-06
Newton iteration  4 : ||r|| = 1.13415e-11, ||r||/||r_0|| = 6.88071e-11
step 10, t = 30, EE = 0.00619439, KE = 0.0211999, ΔTE = -0.00498665
Newton iteration  0 : ||r|| = 0.0183738
Newton iteration  1 : ||r|| = 0.000399154, ||r||/||r_0|| = 0.0217241
Newton iteration  2 : ||r|| = 1.26838e-05, ||r||/||r_0|| = 0.000690317
Newton iteration  3 : ||r|| = 3.7343e-10, ||r||/||r_0|| = 2.0324e-08
Newton iteration  4 : ||r|| = 1.45616e-13, ||r||/||r_0|| = 7.92517e-12
Newton iteration  0 : ||r|| = 0.0256033
Newton iteration  1 : ||r|| = 0.000178411, ||r||/||r_0|| = 0.00696826
Newton iteration  2 : ||r|| = 4.6107e-07, ||r||/||r_0|| = 1.80082e-05
Newton iteration  3 : ||r|| = 1.21478e-12, ||r||/||r_0|| = 4.74461e-11
Newton iteration  0 : ||r|| = 0.141344
Newton iteration  1 : ||r|| = 0.00144867, ||r||/||r_0|| = 0.0102492
Newton iteration  2 : ||r|| = 7.12581e-06, ||r||/||r_0|| = 5.04145e-05
Newton iteration  3 : ||r|| = 7.45926e-10, ||r||/||r_0|| = 5.27737e-09
step 11, t = 33, EE = 0.0046402, KE = 0.0220363, ΔTE = -0.00570447
Newton iteration  0 : ||r|| = 0.0075972
Newton iteration  1 : ||r|| = 0.000172948, ||r||/||r_0|| = 0.0227647
Newton iteration  2 : ||r|| = 2.17074e-07, ||r||/||r_0|| = 2.8573e-05
Newton iteration  3 : ||r|| = 1.48333e-12, ||r||/||r_0|| = 1.95247e-10
Newton iteration  0 : ||r|| = 0.0259974
Newton iteration  1 : ||r|| = 0.000231229, ||r||/||r_0|| = 0.00889431
Newton iteration  2 : ||r|| = 2.94096e-06, ||r||/||r_0|| = 0.000113125
Newton iteration  3 : ||r|| = 1.82674e-11, ||r||/||r_0|| = 7.02662e-10
Newton iteration  0 : ||r|| = 0.137758
Newton iteration  1 : ||r|| = 0.00124618, ||r||/||r_0|| = 0.00904613
Newton iteration  2 : ||r|| = 8.95895e-05, ||r||/||r_0|| = 0.000650338
Newton iteration  3 : ||r|| = 1.66761e-08, ||r||/||r_0|| = 1.21053e-07
Newton iteration  4 : ||r|| = 2.87944e-13, ||r||/||r_0|| = 2.09021e-12
step 12, t = 36, EE = 0.00489376, KE = 0.0210615, ΔTE = -0.00642573
Newton iteration  0 : ||r|| = 0.00983189
Newton iteration  1 : ||r|| = 0.000214991, ||r||/||r_0|| = 0.0218667
Newton iteration  2 : ||r|| = 2.56956e-06, ||r||/||r_0|| = 0.000261349
Newton iteration  3 : ||r|| = 1.6106e-11, ||r||/||r_0|| = 1.63814e-09
Newton iteration  0 : ||r|| = 0.0285
Newton iteration  1 : ||r|| = 0.000268498, ||r||/||r_0|| = 0.00942097
Newton iteration  2 : ||r|| = 5.51427e-06, ||r||/||r_0|| = 0.000193483
Newton iteration  3 : ||r|| = 3.68954e-11, ||r||/||r_0|| = 1.29457e-09
Newton iteration  0 : ||r|| = 0.148205
Newton iteration  1 : ||r|| = 0.00195848, ||r||/||r_0|| = 0.0132146
Newton iteration  2 : ||r|| = 1.50454e-05, ||r||/||r_0|| = 0.000101517
Newton iteration  3 : ||r|| = 7.50706e-09, ||r||/||r_0|| = 5.0653e-08
Newton iteration  4 : ||r|| = 1.52591e-13, ||r||/||r_0|| = 1.02959e-12
step 13, t = 39, EE = 0.0064974, KE = 0.0187461, ΔTE = -0.00713748
Newton iteration  0 : ||r|| = 0.0104226
Newton iteration  1 : ||r|| = 0.000285486, ||r||/||r_0|| = 0.027391
Newton iteration  2 : ||r|| = 8.11277e-08, ||r||/||r_0|| = 7.78381e-06
Newton iteration  3 : ||r|| = 9.35844e-13, ||r||/||r_0|| = 8.97897e-11
Newton iteration  0 : ||r|| = 0.030625
Newton iteration  1 : ||r|| = 0.000275123, ||r||/||r_0|| = 0.00898363
Newton iteration  2 : ||r|| = 5.39667e-07, ||r||/||r_0|| = 1.76218e-05
Newton iteration  3 : ||r|| = 4.98075e-12, ||r||/||r_0|| = 1.62637e-10
Newton iteration  0 : ||r|| = 0.155647
Newton iteration  1 : ||r|| = 0.00262686, ||r||/||r_0|| = 0.0168771
Newton iteration  2 : ||r|| = 1.80388e-05, ||r||/||r_0|| = 0.000115896
Newton iteration  3 : ||r|| = 1.58266e-08, ||r||/||r_0|| = 1.01683e-07
Newton iteration  4 : ||r|| = 1.55515e-13, ||r||/||r_0|| = 9.99151e-13
step 14, t = 42, EE = 0.00835926, KE = 0.0162476, ΔTE = -0.00777409
Newton iteration  0 : ||r|| = 0.00533663
Newton iteration  1 : ||r|| = 8.97393e-05, ||r||/||r_0|| = 0.0168157
Newton iteration  2 : ||r|| = 3.88023e-08, ||r||/||r_0|| = 7.27094e-06
Newton iteration  3 : ||r|| = 3.70667e-13, ||r||/||r_0|| = 6.94572e-11
Newton iteration  0 : ||r|| = 0.0252182
Newton iteration  1 : ||r|| = 0.000222081, ||r||/||r_0|| = 0.00880638
Newton iteration  2 : ||r|| = 3.93961e-06, ||r||/||r_0|| = 0.000156221
Newton iteration  3 : ||r|| = 2.30995e-11, ||r||/||r_0|| = 9.15987e-10
Newton iteration  0 : ||r|| = 0.13992
Newton iteration  1 : ||r|| = 0.00218631, ||r||/||r_0|| = 0.0156254
Newton iteration  2 : ||r|| = 2.78028e-05, ||r||/||r_0|| = 0.000198704
Newton iteration  3 : ||r|| = 3.54834e-08, ||r||/||r_0|| = 2.53597e-07
Newton iteration  4 : ||r|| = 1.90249e-13, ||r||/||r_0|| = 1.35969e-12
step 15, t = 45, EE = 0.0101246, KE = 0.0139725, ΔTE = -0.00828391
Newton iteration  0 : ||r|| = 0.00460617
Newton iteration  1 : ||r|| = 0.000185119, ||r||/||r_0|| = 0.0401894
Newton iteration  2 : ||r|| = 6.8823e-08, ||r||/||r_0|| = 1.49415e-05
Newton iteration  3 : ||r|| = 5.54708e-13, ||r||/||r_0|| = 1.20427e-10
Newton iteration  0 : ||r|| = 0.0166903
Newton iteration  1 : ||r|| = 0.000243907, ||r||/||r_0|| = 0.0146137
Newton iteration  2 : ||r|| = 6.12452e-06, ||r||/||r_0|| = 0.00036695
Newton iteration  3 : ||r|| = 4.67489e-11, ||r||/||r_0|| = 2.80096e-09
Newton iteration  0 : ||r|| = 0.102379
Newton iteration  1 : ||r|| = 0.00130159, ||r||/||r_0|| = 0.0127134
Newton iteration  2 : ||r|| = 8.68647e-05, ||r||/||r_0|| = 0.000848462
Newton iteration  3 : ||r|| = 3.49695e-08, ||r||/||r_0|| = 3.41569e-07
Newton iteration  4 : ||r|| = 4.61555e-13, ||r||/||r_0|| = 4.5083e-12
step 16, t = 48, EE = 0.0120549, KE = 0.0116941, ΔTE = -0.00863194
Newton iteration  0 : ||r|| = 0.00670276
Newton iteration  1 : ||r|| = 0.000364882, ||r||/||r_0|| = 0.0544376
Newton iteration  2 : ||r|| = 1.6595e-06, ||r||/||r_0|| = 0.000247585
Newton iteration  3 : ||r|| = 3.5722e-11, ||r||/||r_0|| = 5.32944e-09
Newton iteration  0 : ||r|| = 0.00770271
Newton iteration  1 : ||r|| = 0.000274551, ||r||/||r_0|| = 0.0356435
Newton iteration  2 : ||r|| = 2.10127e-06, ||r||/||r_0|| = 0.000272797
Newton iteration  3 : ||r|| = 2.86532e-11, ||r||/||r_0|| = 3.71988e-09
Newton iteration  0 : ||r|| = 0.0585577
Newton iteration  1 : ||r|| = 0.000564057, ||r||/||r_0|| = 0.0096325
Newton iteration  2 : ||r|| = 5.95266e-05, ||r||/||r_0|| = 0.00101655
Newton iteration  3 : ||r|| = 3.87558e-09, ||r||/||r_0|| = 6.6184e-08
Newton iteration  4 : ||r|| = 1.62704e-13, ||r||/||r_0|| = 2.77852e-12
step 17, t = 51, EE = 0.0140331, KE = 0.00951082, ΔTE = -0.00883703
Newton iteration  0 : ||r|| = 0.00624895
Newton iteration  1 : ||r|| = 0.000270449, ||r||/||r_0|| = 0.043279
Newton iteration  2 : ||r|| = 1.47021e-06, ||r||/||r_0|| = 0.000235274
Newton iteration  3 : ||r|| = 2.00814e-11, ||r||/||r_0|| = 3.21356e-09
Newton iteration  0 : ||r|| = 0.00421239
Newton iteration  1 : ||r|| = 0.000177511, ||r||/||r_0|| = 0.0421401
Newton iteration  2 : ||r|| = 1.33339e-08, ||r||/||r_0|| = 3.16539e-06
Newton iteration  3 : ||r|| = 4.87153e-13, ||r||/||r_0|| = 1.15648e-10
Newton iteration  0 : ||r|| = 0.0295991
Newton iteration  1 : ||r|| = 0.000199392, ||r||/||r_0|| = 0.0067364
Newton iteration  2 : ||r|| = 4.18627e-06, ||r||/||r_0|| = 0.000141432
Newton iteration  3 : ||r|| = 1.74611e-11, ||r||/||r_0|| = 5.89918e-10
step 18, t = 54, EE = 0.0153475, KE = 0.00807129, ΔTE = -0.00896219
Newton iteration  0 : ||r|| = 0.00310816
Newton iteration  1 : ||r|| = 0.000111409, ||r||/||r_0|| = 0.0358442
Newton iteration  2 : ||r|| = 3.46195e-08, ||r||/||r_0|| = 1.11383e-05
Newton iteration  3 : ||r|| = 2.22434e-13, ||r||/||r_0|| = 7.15646e-11
Newton iteration  0 : ||r|| = 0.00359613
Newton iteration  1 : ||r|| = 9.51676e-05, ||r||/||r_0|| = 0.0264639
Newton iteration  2 : ||r|| = 9.65513e-09, ||r||/||r_0|| = 2.68487e-06
Newton iteration  3 : ||r|| = 1.7367e-13, ||r||/||r_0|| = 4.82935e-11
Newton iteration  0 : ||r|| = 0.0193152
Newton iteration  1 : ||r|| = 0.000136071, ||r||/||r_0|| = 0.00704473
Newton iteration  2 : ||r|| = 2.72053e-07, ||r||/||r_0|| = 1.40849e-05
Newton iteration  3 : ||r|| = 1.4147e-12, ||r||/||r_0|| = 7.32425e-11
step 19, t = 57, EE = 0.0159471, KE = 0.0073664, ΔTE = -0.00906746
Newton iteration  0 : ||r|| = 0.00264427
Newton iteration  1 : ||r|| = 8.8201e-05, ||r||/||r_0|| = 0.0333555
Newton iteration  2 : ||r|| = 4.27172e-09, ||r||/||r_0|| = 1.61546e-06
Newton iteration  3 : ||r|| = 1.63068e-13, ||r||/||r_0|| = 6.16685e-11
Newton iteration  0 : ||r|| = 0.00404165
Newton iteration  1 : ||r|| = 7.71588e-05, ||r||/||r_0|| = 0.0190909
Newton iteration  2 : ||r|| = 2.92472e-09, ||r||/||r_0|| = 7.23643e-07
Newton iteration  3 : ||r|| = 1.38484e-13, ||r||/||r_0|| = 3.42643e-11
Newton iteration  0 : ||r|| = 0.0180251
Newton iteration  1 : ||r|| = 0.000127565, ||r||/||r_0|| = 0.00707704
Newton iteration  2 : ||r|| = 1.64048e-07, ||r||/||r_0|| = 9.10104e-06
Newton iteration  3 : ||r|| = 4.44867e-13, ||r||/||r_0|| = 2.46804e-11
step 20, t = 60, EE = 0.016395, KE = 0.00682771, ΔTE = -0.00915828
Newton iteration  0 : ||r|| = 0.00182415
Newton iteration  1 : ||r|| = 0.000106074, ||r||/||r_0|| = 0.0581496
Newton iteration  2 : ||r|| = 2.09203e-09, ||r||/||r_0|| = 1.14685e-06
Newton iteration  3 : ||r|| = 1.50068e-13, ||r||/||r_0|| = 8.22674e-11
Newton iteration  0 : ||r|| = 0.00270673
Newton iteration  1 : ||r|| = 0.000110468, ||r||/||r_0|| = 0.0408124
Newton iteration  2 : ||r|| = 1.03647e-08, ||r||/||r_0|| = 3.82925e-06
Newton iteration  3 : ||r|| = 1.60827e-13, ||r||/||r_0|| = 5.94176e-11
Newton iteration  0 : ||r|| = 0.0129744
Newton iteration  1 : ||r|| = 0.000176571, ||r||/||r_0|| = 0.0136093
Newton iteration  2 : ||r|| = 2.91978e-07, ||r||/||r_0|| = 2.25043e-05
Newton iteration  3 : ||r|| = 1.04604e-12, ||r||/||r_0|| = 8.06234e-11
step 21, t = 63, EE = 0.0163833, KE = 0.00677779, ΔTE = -0.00921991
Newton iteration  0 : ||r|| = 0.0022194
Newton iteration  1 : ||r|| = 0.000101206, ||r||/||r_0|| = 0.0456005
Newton iteration  2 : ||r|| = 4.23046e-09, ||r||/||r_0|| = 1.90613e-06
Newton iteration  3 : ||r|| = 1.42996e-13, ||r||/||r_0|| = 6.44299e-11
Newton iteration  0 : ||r|| = 0.00228652
Newton iteration  1 : ||r|| = 6.71226e-05, ||r||/||r_0|| = 0.0293557
Newton iteration  2 : ||r|| = 3.94855e-09, ||r||/||r_0|| = 1.72688e-06
Newton iteration  3 : ||r|| = 1.4268e-13, ||r||/||r_0|| = 6.24004e-11
Newton iteration  0 : ||r|| = 0.0111045
Newton iteration  1 : ||r|| = 6.15393e-05, ||r||/||r_0|| = 0.00554182
Newton iteration  2 : ||r|| = 5.81884e-08, ||r||/||r_0|| = 5.24007e-06
Newton iteration  3 : ||r|| = 1.61826e-13, ||r||/||r_0|| = 1.4573e-11
step 22, t = 66, EE = 0.0158201, KE = 0.00727715, ΔTE = -0.00928368
Newton iteration  0 : ||r|| = 0.00203035
Newton iteration  1 : ||r|| = 2.03964e-05, ||r||/||r_0|| = 0.0100458
Newton iteration  2 : ||r|| = 5.19459e-10, ||r||/||r_0|| = 2.55847e-07
Newton iteration  3 : ||r|| = 1.34636e-13, ||r||/||r_0|| = 6.63116e-11
Newton iteration  0 : ||r|| = 0.00367589
Newton iteration  1 : ||r|| = 1.71841e-05, ||r||/||r_0|| = 0.00467482
Newton iteration  2 : ||r|| = 4.49239e-10, ||r||/||r_0|| = 1.22212e-07
Newton iteration  3 : ||r|| = 1.44947e-13, ||r||/||r_0|| = 3.94319e-11
Newton iteration  0 : ||r|| = 0.0159072
Newton iteration  1 : ||r|| = 4.02089e-05, ||r||/||r_0|| = 0.00252772
Newton iteration  2 : ||r|| = 3.03152e-08, ||r||/||r_0|| = 1.90576e-06
Newton iteration  3 : ||r|| = 1.80191e-13, ||r||/||r_0|| = 1.13276e-11
step 23, t = 69, EE = 0.0153853, KE = 0.00762824, ΔTE = -0.00936739
Newton iteration  0 : ||r|| = 0.00137867
Newton iteration  1 : ||r|| = 2.28861e-05, ||r||/||r_0|| = 0.0166002
Newton iteration  2 : ||r|| = 1.37846e-10, ||r||/||r_0|| = 9.99847e-08
Newton iteration  3 : ||r|| = 1.33205e-13, ||r||/||r_0|| = 9.66185e-11
Newton iteration  0 : ||r|| = 0.00359895
Newton iteration  1 : ||r|| = 1.91304e-05, ||r||/||r_0|| = 0.00531556
Newton iteration  2 : ||r|| = 1.80663e-09, ||r||/||r_0|| = 5.0199e-07
Newton iteration  3 : ||r|| = 1.4608e-13, ||r||/||r_0|| = 4.05895e-11
Newton iteration  0 : ||r|| = 0.0169799
Newton iteration  1 : ||r|| = 4.95831e-05, ||r||/||r_0|| = 0.0029201
Newton iteration  2 : ||r|| = 6.29e-08, ||r||/||r_0|| = 3.70437e-06
Newton iteration  3 : ||r|| = 2.36415e-13, ||r||/||r_0|| = 1.39232e-11
step 24, t = 72, EE = 0.0150343, KE = 0.00789319, ΔTE = -0.00945344
Newton iteration  0 : ||r|| = 0.00128004
Newton iteration  1 : ||r|| = 1.24758e-05, ||r||/||r_0|| = 0.00974639
Newton iteration  2 : ||r|| = 1.21968e-10, ||r||/||r_0|| = 9.52841e-08
Newton iteration  3 : ||r|| = 1.3948e-13, ||r||/||r_0|| = 1.08965e-10
Newton iteration  0 : ||r|| = 0.00281153
Newton iteration  1 : ||r|| = 1.43634e-05, ||r||/||r_0|| = 0.00510875
Newton iteration  2 : ||r|| = 7.6948e-10, ||r||/||r_0|| = 2.73687e-07
Newton iteration  3 : ||r|| = 1.50299e-13, ||r||/||r_0|| = 5.3458e-11
Newton iteration  0 : ||r|| = 0.0155584
Newton iteration  1 : ||r|| = 4.6293e-05, ||r||/||r_0|| = 0.00297543
Newton iteration  2 : ||r|| = 9.01924e-08, ||r||/||r_0|| = 5.79701e-06
Newton iteration  3 : ||r|| = 3.70347e-13, ||r||/||r_0|| = 2.38036e-11
step 25, t = 75, EE = 0.0147765, KE = 0.00806614, ΔTE = -0.00953835
Newton iteration  0 : ||r|| = 0.00100016
Newton iteration  1 : ||r|| = 4.71955e-05, ||r||/||r_0|| = 0.0471881
Newton iteration  2 : ||r|| = 2.47766e-09, ||r||/||r_0|| = 2.47727e-06
Newton iteration  3 : ||r|| = 1.54428e-13, ||r||/||r_0|| = 1.54403e-10
Newton iteration  0 : ||r|| = 0.00269567
Newton iteration  1 : ||r|| = 4.33862e-05, ||r||/||r_0|| = 0.0160948
Newton iteration  2 : ||r|| = 1.49031e-08, ||r||/||r_0|| = 5.52855e-06
Newton iteration  3 : ||r|| = 1.97397e-13, ||r||/||r_0|| = 7.32276e-11
Newton iteration  0 : ||r|| = 0.0153914
Newton iteration  1 : ||r|| = 7.93446e-05, ||r||/||r_0|| = 0.00515513
Newton iteration  2 : ||r|| = 4.37312e-07, ||r||/||r_0|| = 2.84127e-05
Newton iteration  3 : ||r|| = 1.2148e-12, ||r||/||r_0|| = 7.89273e-11
step 26, t = 78, EE = 0.0151122, KE = 0.00763958, ΔTE = -0.00962913
Newton iteration  0 : ||r|| = 0.0018721
Newton iteration  1 : ||r|| = 3.46803e-05, ||r||/||r_0|| = 0.0185248
Newton iteration  2 : ||r|| = 7.79533e-09, ||r||/||r_0|| = 4.16394e-06
Newton iteration  3 : ||r|| = 1.71789e-13, ||r||/||r_0|| = 9.17627e-11
Newton iteration  0 : ||r|| = 0.0039121
Newton iteration  1 : ||r|| = 2.4323e-05, ||r||/||r_0|| = 0.00621737
Newton iteration  2 : ||r|| = 8.18899e-09, ||r||/||r_0|| = 2.09325e-06
Newton iteration  3 : ||r|| = 1.49254e-13, ||r||/||r_0|| = 3.81519e-11
Newton iteration  0 : ||r|| = 0.0191083
Newton iteration  1 : ||r|| = 5.84399e-05, ||r||/||r_0|| = 0.00305835
Newton iteration  2 : ||r|| = 2.56488e-08, ||r||/||r_0|| = 1.34229e-06
Newton iteration  3 : ||r|| = 1.69049e-13, ||r||/||r_0|| = 8.84692e-12
step 27, t = 81, EE = 0.0159912, KE = 0.00665782, ΔTE = -0.00973194
Newton iteration  0 : ||r|| = 0.0017169
Newton iteration  1 : ||r|| = 1.88948e-05, ||r||/||r_0|| = 0.0110051
Newton iteration  2 : ||r|| = 2.16131e-09, ||r||/||r_0|| = 1.25884e-06
Newton iteration  3 : ||r|| = 1.49354e-13, ||r||/||r_0|| = 8.69904e-11
Newton iteration  0 : ||r|| = 0.00437447
Newton iteration  1 : ||r|| = 2.39808e-05, ||r||/||r_0|| = 0.005482
Newton iteration  2 : ||r|| = 3.05709e-08, ||r||/||r_0|| = 6.98847e-06
Newton iteration  3 : ||r|| = 1.69721e-13, ||r||/||r_0|| = 3.87981e-11
Newton iteration  0 : ||r|| = 0.0209213
Newton iteration  1 : ||r|| = 8.8151e-05, ||r||/||r_0|| = 0.00421346
Newton iteration  2 : ||r|| = 1.1505e-06, ||r||/||r_0|| = 5.49916e-05
Newton iteration  3 : ||r|| = 3.09438e-12, ||r||/||r_0|| = 1.47906e-10
step 28, t = 84, EE = 0.0172109, KE = 0.00533248, ΔTE = -0.00983756
Newton iteration  0 : ||r|| = 0.00150709
Newton iteration  1 : ||r|| = 4.57937e-05, ||r||/||r_0|| = 0.0303855
Newton iteration  2 : ||r|| = 3.55296e-09, ||r||/||r_0|| = 2.3575e-06
Newton iteration  3 : ||r|| = 1.5878e-13, ||r||/||r_0|| = 1.05355e-10
Newton iteration  0 : ||r|| = 0.00340287
Newton iteration  1 : ||r|| = 4.22678e-05, ||r||/||r_0|| = 0.0124212
Newton iteration  2 : ||r|| = 1.10501e-08, ||r||/||r_0|| = 3.24728e-06
Newton iteration  3 : ||r|| = 1.66986e-13, ||r||/||r_0|| = 4.90723e-11
Newton iteration  0 : ||r|| = 0.0180217
Newton iteration  1 : ||r|| = 8.12725e-05, ||r||/||r_0|| = 0.00450971
Newton iteration  2 : ||r|| = 3.55371e-07, ||r||/||r_0|| = 1.97191e-05
Newton iteration  3 : ||r|| = 7.00852e-13, ||r||/||r_0|| = 3.88894e-11
step 29, t = 87, EE = 0.0186352, KE = 0.00381417, ΔTE = -0.00993158
Newton iteration  0 : ||r|| = 0.00187892
Newton iteration  1 : ||r|| = 5.02415e-05, ||r||/||r_0|| = 0.0267395
Newton iteration  2 : ||r|| = 1.32802e-09, ||r||/||r_0|| = 7.068e-07
Newton iteration  3 : ||r|| = 1.54494e-13, ||r||/||r_0|| = 8.22249e-11
Newton iteration  0 : ||r|| = 0.00288028
Newton iteration  1 : ||r|| = 4.53896e-05, ||r||/||r_0|| = 0.0157587
Newton iteration  2 : ||r|| = 2.40328e-09, ||r||/||r_0|| = 8.34389e-07
Newton iteration  3 : ||r|| = 1.52088e-13, ||r||/||r_0|| = 5.28031e-11
Newton iteration  0 : ||r|| = 0.0145971
Newton iteration  1 : ||r|| = 5.9296e-05, ||r||/||r_0|| = 0.00406218
Newton iteration  2 : ||r|| = 6.9942e-08, ||r||/||r_0|| = 4.79151e-06
Newton iteration  3 : ||r|| = 2.45464e-13, ||r||/||r_0|| = 1.6816e-11
step 30, t = 90, EE = 0.0200477, KE = 0.00232183, ΔTE = -0.0100114
Newton iteration  0 : ||r|| = 0.00160821
Newton iteration  1 : ||r|| = 5.72839e-05, ||r||/||r_0|| = 0.0356197
Newton iteration  2 : ||r|| = 1.03616e-09, ||r||/||r_0|| = 6.44295e-07
Newton iteration  3 : ||r|| = 1.47107e-13, ||r||/||r_0|| = 9.14727e-11
Newton iteration  0 : ||r|| = 0.00239277
Newton iteration  1 : ||r|| = 6.54089e-05, ||r||/||r_0|| = 0.027336
Newton iteration  2 : ||r|| = 2.87469e-09, ||r||/||r_0|| = 1.20141e-06
Newton iteration  3 : ||r|| = 1.4836e-13, ||r||/||r_0|| = 6.20033e-11
Newton iteration  0 : ||r|| = 0.0113481
Newton iteration  1 : ||r|| = 0.000104782, ||r||/||r_0|| = 0.00923348
Newton iteration  2 : ||r|| = 1.43993e-07, ||r||/||r_0|| = 1.26888e-05
Newton iteration  3 : ||r|| = 6.21676e-13, ||r||/||r_0|| = 5.47824e-11
step 31, t = 93, EE = 0.0212, KE = 0.00110832, ΔTE = -0.0100727
Newton iteration  0 : ||r|| = 0.00183484
Newton iteration  1 : ||r|| = 9.49766e-05, ||r||/||r_0|| = 0.0517629
Newton iteration  2 : ||r|| = 2.39462e-09, ||r||/||r_0|| = 1.30508e-06
Newton iteration  3 : ||r|| = 1.53402e-13, ||r||/||r_0|| = 8.3605e-11
Newton iteration  0 : ||r|| = 0.00235488
Newton iteration  1 : ||r|| = 8.37868e-05, ||r||/||r_0|| = 0.0355801
Newton iteration  2 : ||r|| = 4.28525e-09, ||r||/||r_0|| = 1.81973e-06
Newton iteration  3 : ||r|| = 1.45385e-13, ||r||/||r_0|| = 6.17376e-11
Newton iteration  0 : ||r|| = 0.0102825
Newton iteration  1 : ||r|| = 8.86469e-05, ||r||/||r_0|| = 0.00862116
Newton iteration  2 : ||r|| = 5.26558e-08, ||r||/||r_0|| = 5.12093e-06
Newton iteration  3 : ||r|| = 2.48232e-13, ||r||/||r_0|| = 2.41412e-11
step 32, t = 96, EE = 0.0217724, KE = 0.000489586, ΔTE = -0.010119
Newton iteration  0 : ||r|| = 0.00173043
Newton iteration  1 : ||r|| = 5.99506e-05, ||r||/||r_0|| = 0.0346448
Newton iteration  2 : ||r|| = 1.13026e-09, ||r||/||r_0|| = 6.53164e-07
Newton iteration  3 : ||r|| = 1.52602e-13, ||r||/||r_0|| = 8.8187e-11
Newton iteration  0 : ||r|| = 0.00256875
Newton iteration  1 : ||r|| = 5.48774e-05, ||r||/||r_0|| = 0.0213635
Newton iteration  2 : ||r|| = 1.97727e-08, ||r||/||r_0|| = 7.6974e-06
Newton iteration  3 : ||r|| = 1.74792e-13, ||r||/||r_0|| = 6.80454e-11
Newton iteration  0 : ||r|| = 0.0103877
Newton iteration  1 : ||r|| = 8.59597e-05, ||r||/||r_0|| = 0.00827517
Newton iteration  2 : ||r|| = 8.75833e-07, ||r||/||r_0|| = 8.43146e-05
Newton iteration  3 : ||r|| = 2.55188e-12, ||r||/||r_0|| = 2.45664e-10
step 33, t = 99, EE = 0.0217515, KE = 0.000470919, ΔTE = -0.0101585
Newton iteration  0 : ||r|| = 0.00144369
Newton iteration  1 : ||r|| = 0.000137538, ||r||/||r_0|| = 0.095269
Newton iteration  2 : ||r|| = 5.77303e-09, ||r||/||r_0|| = 3.99882e-06
Newton iteration  3 : ||r|| = 2.42085e-13, ||r||/||r_0|| = 1.67685e-10
Newton iteration  0 : ||r|| = 0.00152243
Newton iteration  1 : ||r|| = 0.000169709, ||r||/||r_0|| = 0.111472
Newton iteration  2 : ||r|| = 2.42342e-08, ||r||/||r_0|| = 1.5918e-05
Newton iteration  3 : ||r|| = 7.26711e-13, ||r||/||r_0|| = 4.77335e-10
Newton iteration  0 : ||r|| = 0.00589331
Newton iteration  1 : ||r|| = 0.000232895, ||r||/||r_0|| = 0.0395185
Newton iteration  2 : ||r|| = 1.21007e-06, ||r||/||r_0|| = 0.00020533
Newton iteration  3 : ||r|| = 1.33526e-11, ||r||/||r_0|| = 2.26571e-09
step 34, t = 102, EE = 0.0212773, KE = 0.00091924, ΔTE = -0.0101844
Newton iteration  0 : ||r|| = 0.00177429
Newton iteration  1 : ||r|| = 0.000276623, ||r||/||r_0|| = 0.155906
Newton iteration  2 : ||r|| = 9.29688e-08, ||r||/||r_0|| = 5.23978e-05
Newton iteration  3 : ||r|| = 2.61353e-12, ||r||/||r_0|| = 1.473e-09
Newton iteration  0 : ||r|| = 0.00158539
Newton iteration  1 : ||r|| = 0.000252611, ||r||/||r_0|| = 0.159336
Newton iteration  2 : ||r|| = 2.63678e-08, ||r||/||r_0|| = 1.66317e-05
Newton iteration  3 : ||r|| = 9.46424e-13, ||r||/||r_0|| = 5.96965e-10
Newton iteration  0 : ||r|| = 0.00516477
Newton iteration  1 : ||r|| = 0.000247903, ||r||/||r_0|| = 0.0479988
Newton iteration  2 : ||r|| = 2.95358e-07, ||r||/||r_0|| = 5.7187e-05
Newton iteration  3 : ||r|| = 5.21407e-12, ||r||/||r_0|| = 1.00955e-09
step 35, t = 105, EE = 0.0203463, KE = 0.00182296, ΔTE = -0.0102117
Newton iteration  0 : ||r|| = 0.00172854
Newton iteration  1 : ||r|| = 0.000180201, ||r||/||r_0|| = 0.104251
Newton iteration  2 : ||r|| = 5.35367e-08, ||r||/||r_0|| = 3.09722e-05
Newton iteration  3 : ||r|| = 1.37703e-12, ||r||/||r_0|| = 7.96644e-10
Newton iteration  0 : ||r|| = 0.00272934
Newton iteration  1 : ||r|| = 0.000135717, ||r||/||r_0|| = 0.0497253
Newton iteration  2 : ||r|| = 1.01601e-07, ||r||/||r_0|| = 3.72253e-05
Newton iteration  3 : ||r|| = 1.46579e-12, ||r||/||r_0|| = 5.37048e-10
Newton iteration  0 : ||r|| = 0.0128523
Newton iteration  1 : ||r|| = 0.000119064, ||r||/||r_0|| = 0.00926406
Newton iteration  2 : ||r|| = 1.48052e-06, ||r||/||r_0|| = 0.000115195
Newton iteration  3 : ||r|| = 5.43814e-12, ||r||/||r_0|| = 4.23125e-10
step 36, t = 108, EE = 0.0190734, KE = 0.00302866, ΔTE = -0.0102789
Newton iteration  0 : ||r|| = 0.00321509
Newton iteration  1 : ||r|| = 7.00609e-05, ||r||/||r_0|| = 0.0217913
Newton iteration  2 : ||r|| = 6.89113e-08, ||r||/||r_0|| = 2.14337e-05
Newton iteration  3 : ||r|| = 4.2979e-13, ||r||/||r_0|| = 1.33679e-10
Newton iteration  0 : ||r|| = 0.00590012
Newton iteration  1 : ||r|| = 5.96144e-05, ||r||/||r_0|| = 0.0101039
Newton iteration  2 : ||r|| = 1.2046e-07, ||r||/||r_0|| = 2.04165e-05
Newton iteration  3 : ||r|| = 3.86881e-13, ||r||/||r_0|| = 6.55717e-11
Newton iteration  0 : ||r|| = 0.0258231
Newton iteration  1 : ||r|| = 0.000118925, ||r||/||r_0|| = 0.00460538
Newton iteration  2 : ||r|| = 5.06341e-07, ||r||/||r_0|| = 1.96081e-05
Newton iteration  3 : ||r|| = 3.10381e-12, ||r||/||r_0|| = 1.20195e-10
step 37, t = 111, EE = 0.0176796, KE = 0.00429843, ΔTE = -0.0104029
Newton iteration  0 : ||r|| = 0.00273087
Newton iteration  1 : ||r|| = 3.60994e-05, ||r||/||r_0|| = 0.013219
Newton iteration  2 : ||r|| = 2.50869e-09, ||r||/||r_0|| = 9.18639e-07
Newton iteration  3 : ||r|| = 1.48613e-13, ||r||/||r_0|| = 5.44195e-11
Newton iteration  0 : ||r|| = 0.00754366
Newton iteration  1 : ||r|| = 2.88731e-05, ||r||/||r_0|| = 0.00382747
Newton iteration  2 : ||r|| = 9.53336e-09, ||r||/||r_0|| = 1.26376e-06
Newton iteration  3 : ||r|| = 1.50863e-13, ||r||/||r_0|| = 1.99987e-11
Newton iteration  0 : ||r|| = 0.036097
Newton iteration  1 : ||r|| = 0.000152605, ||r||/||r_0|| = 0.00422763
Newton iteration  2 : ||r|| = 6.73504e-08, ||r||/||r_0|| = 1.86582e-06
Newton iteration  3 : ||r|| = 1.15936e-12, ||r||/||r_0|| = 3.2118e-11
step 38, t = 114, EE = 0.0164045, KE = 0.00540108, ΔTE = -0.0105753
Newton iteration  0 : ||r|| = 0.00207301
Newton iteration  1 : ||r|| = 7.46164e-06, ||r||/||r_0|| = 0.00359943
Newton iteration  2 : ||r|| = 2.5818e-10, ||r||/||r_0|| = 1.24543e-07
Newton iteration  3 : ||r|| = 1.54198e-13, ||r||/||r_0|| = 7.43837e-11
Newton iteration  0 : ||r|| = 0.00808193
Newton iteration  1 : ||r|| = 1.10228e-05, ||r||/||r_0|| = 0.00136388
Newton iteration  2 : ||r|| = 5.47363e-10, ||r||/||r_0|| = 6.77268e-08
Newton iteration  3 : ||r|| = 1.4688e-13, ||r||/||r_0|| = 1.81739e-11
Newton iteration  0 : ||r|| = 0.0414445
Newton iteration  1 : ||r|| = 0.000172862, ||r||/||r_0|| = 0.00417091
Newton iteration  2 : ||r|| = 7.022e-08, ||r||/||r_0|| = 1.69431e-06
Newton iteration  3 : ||r|| = 6.59607e-13, ||r||/||r_0|| = 1.59154e-11
step 39, t = 117, EE = 0.0155545, KE = 0.00605264, ΔTE = -0.0107738
Newton iteration  0 : ||r|| = 0.00135877
Newton iteration  1 : ||r|| = 1.35368e-05, ||r||/||r_0|| = 0.0099626
Newton iteration  2 : ||r|| = 3.677e-10, ||r||/||r_0|| = 2.70613e-07
Newton iteration  3 : ||r|| = 1.51028e-13, ||r||/||r_0|| = 1.11151e-10
Newton iteration  0 : ||r|| = 0.00762389
Newton iteration  1 : ||r|| = 2.82189e-05, ||r||/||r_0|| = 0.00370137
Newton iteration  2 : ||r|| = 3.28783e-08, ||r||/||r_0|| = 4.31254e-06
Newton iteration  3 : ||r|| = 1.53237e-13, ||r||/||r_0|| = 2.00996e-11
Newton iteration  0 : ||r|| = 0.0408082
Newton iteration  1 : ||r|| = 0.000190235, ||r||/||r_0|| = 0.00466168
Newton iteration  2 : ||r|| = 9.4269e-07, ||r||/||r_0|| = 2.31005e-05
Newton iteration  3 : ||r|| = 8.81703e-12, ||r||/||r_0|| = 2.1606e-10
step 40, t = 120, EE = 0.0153112, KE = 0.00610679, ΔTE = -0.010963
Newton iteration  0 : ||r|| = 0.0014059
Newton iteration  1 : ||r|| = 4.86006e-05, ||r||/||r_0|| = 0.034569
Newton iteration  2 : ||r|| = 1.21316e-09, ||r||/||r_0|| = 8.62908e-07
Newton iteration  3 : ||r|| = 1.43393e-13, ||r||/||r_0|| = 1.01994e-10
Newton iteration  0 : ||r|| = 0.00578746
Newton iteration  1 : ||r|| = 6.84166e-05, ||r||/||r_0|| = 0.0118215
Newton iteration  2 : ||r|| = 1.77444e-07, ||r||/||r_0|| = 3.06601e-05
Newton iteration  3 : ||r|| = 6.20493e-13, ||r||/||r_0|| = 1.07213e-10
Newton iteration  0 : ||r|| = 0.0329973
Newton iteration  1 : ||r|| = 0.000195872, ||r||/||r_0|| = 0.005936
Newton iteration  2 : ||r|| = 4.84681e-06, ||r||/||r_0|| = 0.000146885
Newton iteration  3 : ||r|| = 3.24062e-11, ||r||/||r_0|| = 9.82084e-10
step 41, t = 123, EE = 0.0154782, KE = 0.00579566, ΔTE = -0.0111071
Newton iteration  0 : ||r|| = 0.00219736
Newton iteration  1 : ||r|| = 0.000117666, ||r||/||r_0|| = 0.0535488
Newton iteration  2 : ||r|| = 2.09207e-08, ||r||/||r_0|| = 9.52083e-06
Newton iteration  3 : ||r|| = 3.56958e-13, ||r||/||r_0|| = 1.62448e-10
Newton iteration  0 : ||r|| = 0.00302236
Newton iteration  1 : ||r|| = 0.00013201, ||r||/||r_0|| = 0.0436777
Newton iteration  2 : ||r|| = 1.28418e-07, ||r||/||r_0|| = 4.24894e-05
Newton iteration  3 : ||r|| = 1.24653e-12, ||r||/||r_0|| = 4.12437e-10
Newton iteration  0 : ||r|| = 0.0201192
Newton iteration  1 : ||r|| = 0.000186916, ||r||/||r_0|| = 0.00929039
Newton iteration  2 : ||r|| = 5.23491e-06, ||r||/||r_0|| = 0.000260194
Newton iteration  3 : ||r|| = 2.97399e-11, ||r||/||r_0|| = 1.47818e-09
step 42, t = 126, EE = 0.0156297, KE = 0.00555902, ΔTE = -0.0111923
Newton iteration  0 : ||r|| = 0.00243528
Newton iteration  1 : ||r|| = 0.000196746, ||r||/||r_0|| = 0.0807898
Newton iteration  2 : ||r|| = 1.15058e-07, ||r||/||r_0|| = 4.72461e-05
Newton iteration  3 : ||r|| = 1.71264e-12, ||r||/||r_0|| = 7.03262e-10
Newton iteration  0 : ||r|| = 0.00151947
Newton iteration  1 : ||r|| = 0.000193532, ||r||/||r_0|| = 0.127368
Newton iteration  2 : ||r|| = 5.91064e-09, ||r||/||r_0|| = 3.88994e-06
Newton iteration  3 : ||r|| = 1.48241e-13, ||r||/||r_0|| = 9.75612e-11
Newton iteration  0 : ||r|| = 0.00919768
Newton iteration  1 : ||r|| = 0.00019862, ||r||/||r_0|| = 0.0215946
Newton iteration  2 : ||r|| = 1.00629e-06, ||r||/||r_0|| = 0.000109407
Newton iteration  3 : ||r|| = 7.47975e-12, ||r||/||r_0|| = 8.13222e-10
step 43, t = 129, EE = 0.0155726, KE = 0.00557306, ΔTE = -0.0112353
Newton iteration  0 : ||r|| = 0.00139332
Newton iteration  1 : ||r|| = 0.000202115, ||r||/||r_0|| = 0.14506
Newton iteration  2 : ||r|| = 3.80043e-08, ||r||/||r_0|| = 2.7276e-05
Newton iteration  3 : ||r|| = 8.96382e-13, ||r||/||r_0|| = 6.43341e-10
Newton iteration  0 : ||r|| = 0.00134588
Newton iteration  1 : ||r|| = 0.000179314, ||r||/||r_0|| = 0.133232
Newton iteration  2 : ||r|| = 1.00524e-08, ||r||/||r_0|| = 7.46906e-06
Newton iteration  3 : ||r|| = 3.24673e-13, ||r||/||r_0|| = 2.41235e-10
Newton iteration  0 : ||r|| = 0.00617228
Newton iteration  1 : ||r|| = 0.000165216, ||r||/||r_0|| = 0.0267674
Newton iteration  2 : ||r|| = 1.42809e-07, ||r||/||r_0|| = 2.31372e-05
Newton iteration  3 : ||r|| = 1.73939e-12, ||r||/||r_0|| = 2.81807e-10
step 44, t = 132, EE = 0.0153772, KE = 0.00573193, ΔTE = -0.0112718
Newton iteration  0 : ||r|| = 0.0015172
Newton iteration  1 : ||r|| = 0.000123363, ||r||/||r_0|| = 0.08131
Newton iteration  2 : ||r|| = 2.77528e-08, ||r||/||r_0|| = 1.82921e-05
Newton iteration  3 : ||r|| = 5.82326e-13, ||r||/||r_0|| = 3.83817e-10
Newton iteration  0 : ||r|| = 0.00236461
Newton iteration  1 : ||r|| = 9.36232e-05, ||r||/||r_0|| = 0.0395936
Newton iteration  2 : ||r|| = 5.16393e-08, ||r||/||r_0|| = 2.18384e-05
Newton iteration  3 : ||r|| = 6.44742e-13, ||r||/||r_0|| = 2.72663e-10
Newton iteration  0 : ||r|| = 0.0109172
Newton iteration  1 : ||r|| = 8.26488e-05, ||r||/||r_0|| = 0.00757054
Newton iteration  2 : ||r|| = 7.93988e-07, ||r||/||r_0|| = 7.27284e-05
Newton iteration  3 : ||r|| = 2.48444e-12, ||r||/||r_0|| = 2.27572e-10
step 45, t = 135, EE = 0.0150588, KE = 0.00598815, ΔTE = -0.011334
Newton iteration  0 : ||r|| = 0.00255759
Newton iteration  1 : ||r|| = 3.67454e-05, ||r||/||r_0|| = 0.0143672
Newton iteration  2 : ||r|| = 3.39591e-08, ||r||/||r_0|| = 1.32778e-05
Newton iteration  3 : ||r|| = 2.5821e-13, ||r||/||r_0|| = 1.00958e-10
Newton iteration  0 : ||r|| = 0.00472985
Newton iteration  1 : ||r|| = 2.45033e-05, ||r||/||r_0|| = 0.00518056
Newton iteration  2 : ||r|| = 5.87277e-08, ||r||/||r_0|| = 1.24164e-05
Newton iteration  3 : ||r|| = 2.27094e-13, ||r||/||r_0|| = 4.8013e-11
Newton iteration  0 : ||r|| = 0.0206378
Newton iteration  1 : ||r|| = 6.55939e-05, ||r||/||r_0|| = 0.00317834
Newton iteration  2 : ||r|| = 2.82757e-07, ||r||/||r_0|| = 1.37009e-05
Newton iteration  3 : ||r|| = 1.28499e-12, ||r||/||r_0|| = 6.2264e-11
step 46, t = 138, EE = 0.0146179, KE = 0.00633347, ΔTE = -0.0114296
Newton iteration  0 : ||r|| = 0.00208091
Newton iteration  1 : ||r|| = 2.30947e-05, ||r||/||r_0|| = 0.0110984
Newton iteration  2 : ||r|| = 1.26772e-10, ||r||/||r_0|| = 6.09213e-08
Newton iteration  3 : ||r|| = 1.51157e-13, ||r||/||r_0|| = 7.26399e-11
Newton iteration  0 : ||r|| = 0.00559481
Newton iteration  1 : ||r|| = 3.46692e-05, ||r||/||r_0|| = 0.00619667
Newton iteration  2 : ||r|| = 2.9085e-09, ||r||/||r_0|| = 5.19856e-07
Newton iteration  3 : ||r|| = 1.48446e-13, ||r||/||r_0|| = 2.65328e-11
Newton iteration  0 : ||r|| = 0.0262495
Newton iteration  1 : ||r|| = 0.000113917, ||r||/||r_0|| = 0.00433976
Newton iteration  2 : ||r|| = 3.71516e-07, ||r||/||r_0|| = 1.41532e-05
Newton iteration  3 : ||r|| = 2.12495e-12, ||r||/||r_0|| = 8.09522e-11
step 47, t = 141, EE = 0.0140695, KE = 0.00677256, ΔTE = -0.0115389
Newton iteration  0 : ||r|| = 0.0014625
Newton iteration  1 : ||r|| = 7.42448e-05, ||r||/||r_0|| = 0.0507657
Newton iteration  2 : ||r|| = 1.03925e-09, ||r||/||r_0|| = 7.10599e-07
Newton iteration  3 : ||r|| = 1.3861e-13, ||r||/||r_0|| = 9.47762e-11
Newton iteration  0 : ||r|| = 0.0048273
Newton iteration  1 : ||r|| = 7.88577e-05, ||r||/||r_0|| = 0.0163358
Newton iteration  2 : ||r|| = 4.76724e-08, ||r||/||r_0|| = 9.87557e-06
Newton iteration  3 : ||r|| = 1.78794e-13, ||r||/||r_0|| = 3.7038e-11
Newton iteration  0 : ||r|| = 0.0252348
Newton iteration  1 : ||r|| = 0.000140792, ||r||/||r_0|| = 0.00557928
Newton iteration  2 : ||r|| = 1.35874e-06, ||r||/||r_0|| = 5.38439e-05
Newton iteration  3 : ||r|| = 5.13654e-12, ||r||/||r_0|| = 2.03549e-10
step 48, t = 144, EE = 0.0131748, KE = 0.00755971, ΔTE = -0.0116465
Newton iteration  0 : ||r|| = 0.00201908
Newton iteration  1 : ||r|| = 8.28006e-05, ||r||/||r_0|| = 0.041009
Newton iteration  2 : ||r|| = 3.40944e-09, ||r||/||r_0|| = 1.68861e-06
Newton iteration  3 : ||r|| = 1.69388e-13, ||r||/||r_0|| = 8.38936e-11
Newton iteration  0 : ||r|| = 0.00435913
Newton iteration  1 : ||r|| = 6.95208e-05, ||r||/||r_0|| = 0.0159483
Newton iteration  2 : ||r|| = 2.25951e-08, ||r||/||r_0|| = 5.18341e-06
Newton iteration  3 : ||r|| = 1.65782e-13, ||r||/||r_0|| = 3.80311e-11
Newton iteration  0 : ||r|| = 0.0235711
Newton iteration  1 : ||r|| = 0.000104855, ||r||/||r_0|| = 0.00444844
Newton iteration  2 : ||r|| = 5.89845e-07, ||r||/||r_0|| = 2.50241e-05
Newton iteration  3 : ||r|| = 1.49123e-12, ||r||/||r_0|| = 6.32652e-11
step 49, t = 147, EE = 0.0117375, KE = 0.00887812, ΔTE = -0.0117653
Newton iteration  0 : ||r|| = 0.00254485
Newton iteration  1 : ||r|| = 3.65612e-05, ||r||/||r_0|| = 0.0143667
Newton iteration  2 : ||r|| = 2.81245e-09, ||r||/||r_0|| = 1.10515e-06
Newton iteration  3 : ||r|| = 1.45111e-13, ||r||/||r_0|| = 5.70215e-11
Newton iteration  0 : ||r|| = 0.00567361
Newton iteration  1 : ||r|| = 2.92962e-05, ||r||/||r_0|| = 0.0051636
Newton iteration  2 : ||r|| = 6.52253e-09, ||r||/||r_0|| = 1.14963e-06
Newton iteration  3 : ||r|| = 1.31511e-13, ||r||/||r_0|| = 2.31795e-11
Newton iteration  0 : ||r|| = 0.0281476
Newton iteration  1 : ||r|| = 7.35973e-05, ||r||/||r_0|| = 0.00261469
Newton iteration  2 : ||r|| = 6.77819e-08, ||r||/||r_0|| = 2.40809e-06
Newton iteration  3 : ||r|| = 4.24977e-13, ||r||/||r_0|| = 1.50982e-11
step 50, t = 150, EE = 0.0100082, KE = 0.0104584, ΔTE = -0.0119143
Newton iteration  0 : ||r|| = 0.00219234
Newton iteration  1 : ||r|| = 1.59555e-05, ||r||/||r_0|| = 0.00727783
Newton iteration  2 : ||r|| = 4.22435e-10, ||r||/||r_0|| = 1.92687e-07
Newton iteration  3 : ||r|| = 1.40508e-13, ||r||/||r_0|| = 6.40907e-11
Newton iteration  0 : ||r|| = 0.00697698
Newton iteration  1 : ||r|| = 3.04317e-05, ||r||/||r_0|| = 0.00436174
Newton iteration  2 : ||r|| = 1.30898e-08, ||r||/||r_0|| = 1.87614e-06
Newton iteration  3 : ||r|| = 1.53041e-13, ||r||/||r_0|| = 2.19352e-11
Newton iteration  0 : ||r|| = 0.0348412
Newton iteration  1 : ||r|| = 0.000120463, ||r||/||r_0|| = 0.00345748
Newton iteration  2 : ||r|| = 8.51459e-07, ||r||/||r_0|| = 2.44383e-05
Newton iteration  3 : ||r|| = 2.15114e-12, ||r||/||r_0|| = 6.17413e-11
step 51, t = 153, EE = 0.00837895, KE = 0.0119059, ΔTE = -0.0120961
Newton iteration  0 : ||r|| = 0.00195931
Newton iteration  1 : ||r|| = 8.31014e-05, ||r||/||r_0|| = 0.0424136
Newton iteration  2 : ||r|| = 1.826e-08, ||r||/||r_0|| = 9.31961e-06
Newton iteration  3 : ||r|| = 3.8448e-13, ||r||/||r_0|| = 1.96232e-10
Newton iteration  0 : ||r|| = 0.0079182
Newton iteration  1 : ||r|| = 9.87056e-05, ||r||/||r_0|| = 0.0124657
Newton iteration  2 : ||r|| = 2.15062e-07, ||r||/||r_0|| = 2.71605e-05
Newton iteration  3 : ||r|| = 1.5073e-12, ||r||/||r_0|| = 1.90359e-10
Newton iteration  0 : ||r|| = 0.0415497
Newton iteration  1 : ||r|| = 0.000229529, ||r||/||r_0|| = 0.0055242
Newton iteration  2 : ||r|| = 5.93365e-06, ||r||/||r_0|| = 0.000142808
Newton iteration  3 : ||r|| = 3.58094e-11, ||r||/||r_0|| = 8.61846e-10
step 52, t = 156, EE = 0.00710052, KE = 0.0129668, ΔTE = -0.0123136
Newton iteration  0 : ||r|| = 0.00369018
Newton iteration  1 : ||r|| = 0.000132727, ||r||/||r_0|| = 0.0359677
Newton iteration  2 : ||r|| = 2.43312e-07, ||r||/||r_0|| = 6.5935e-05
Newton iteration  3 : ||r|| = 2.23946e-12, ||r||/||r_0|| = 6.0687e-10
Newton iteration  0 : ||r|| = 0.0108221
Newton iteration  1 : ||r|| = 0.000132875, ||r||/||r_0|| = 0.0122781
Newton iteration  2 : ||r|| = 1.20009e-06, ||r||/||r_0|| = 0.000110892
Newton iteration  3 : ||r|| = 5.4964e-12, ||r||/||r_0|| = 5.07886e-10
Newton iteration  0 : ||r|| = 0.0558124
Newton iteration  1 : ||r|| = 0.000390211, ||r||/||r_0|| = 0.00699147
Newton iteration  2 : ||r|| = 1.64737e-05, ||r||/||r_0|| = 0.000295162
Newton iteration  3 : ||r|| = 3.72797e-10, ||r||/||r_0|| = 6.67946e-09
step 53, t = 159, EE = 0.00629053, KE = 0.0135009, ΔTE = -0.0125895
Newton iteration  0 : ||r|| = 0.00587484
Newton iteration  1 : ||r|| = 0.000100041, ||r||/||r_0|| = 0.0170286
Newton iteration  2 : ||r|| = 4.96575e-07, ||r||/||r_0|| = 8.45256e-05
Newton iteration  3 : ||r|| = 2.30198e-12, ||r||/||r_0|| = 3.91836e-10
Newton iteration  0 : ||r|| = 0.0161961
Newton iteration  1 : ||r|| = 0.000117287, ||r||/||r_0|| = 0.00724166
Newton iteration  2 : ||r|| = 1.87723e-06, ||r||/||r_0|| = 0.000115906
Newton iteration  3 : ||r|| = 5.69825e-12, ||r||/||r_0|| = 3.51829e-10
Newton iteration  0 : ||r|| = 0.080426
Newton iteration  1 : ||r|| = 0.000728629, ||r||/||r_0|| = 0.00905962
Newton iteration  2 : ||r|| = 1.34725e-05, ||r||/||r_0|| = 0.000167514
Newton iteration  3 : ||r|| = 1.38093e-09, ||r||/||r_0|| = 1.71702e-08
Newton iteration  4 : ||r|| = 1.57084e-13, ||r||/||r_0|| = 1.95314e-12
step 54, t = 162, EE = 0.00594136, KE = 0.0134929, ΔTE = -0.0129467
Newton iteration  0 : ||r|| = 0.00637726
Newton iteration  1 : ||r|| = 3.73003e-05, ||r||/||r_0|| = 0.00584896
Newton iteration  2 : ||r|| = 1.5188e-07, ||r||/||r_0|| = 2.38159e-05
Newton iteration  3 : ||r|| = 4.47275e-13, ||r||/||r_0|| = 7.01359e-11
Newton iteration  0 : ||r|| = 0.0207647
Newton iteration  1 : ||r|| = 9.26383e-05, ||r||/||r_0|| = 0.00446134
Newton iteration  2 : ||r|| = 4.80545e-07, ||r||/||r_0|| = 2.31424e-05
Newton iteration  3 : ||r|| = 1.69629e-12, ||r||/||r_0|| = 8.16911e-11
Newton iteration  0 : ||r|| = 0.103691
Newton iteration  1 : ||r|| = 0.00117782, ||r||/||r_0|| = 0.0113589
Newton iteration  2 : ||r|| = 2.68847e-06, ||r||/||r_0|| = 2.59277e-05
Newton iteration  3 : ||r|| = 3.85751e-10, ||r||/||r_0|| = 3.7202e-09
step 55, t = 165, EE = 0.00593249, KE = 0.0130749, ΔTE = -0.0133735
Newton iteration  0 : ||r|| = 0.00467527
Newton iteration  1 : ||r|| = 2.48679e-05, ||r||/||r_0|| = 0.00531902
Newton iteration  2 : ||r|| = 4.19938e-09, ||r||/||r_0|| = 8.9821e-07
Newton iteration  3 : ||r|| = 1.48602e-13, ||r||/||r_0|| = 3.17848e-11
Newton iteration  0 : ||r|| = 0.0215643
Newton iteration  1 : ||r|| = 9.45373e-05, ||r||/||r_0|| = 0.00438398
Newton iteration  2 : ||r|| = 2.27853e-07, ||r||/||r_0|| = 1.05662e-05
Newton iteration  3 : ||r|| = 1.22577e-12, ||r||/||r_0|| = 5.68428e-11
Newton iteration  0 : ||r|| = 0.112111
Newton iteration  1 : ||r|| = 0.00135366, ||r||/||r_0|| = 0.0120743
Newton iteration  2 : ||r|| = 6.18765e-06, ||r||/||r_0|| = 5.51921e-05
Newton iteration  3 : ||r|| = 2.03536e-09, ||r||/||r_0|| = 1.81548e-08
Newton iteration  4 : ||r|| = 1.48149e-13, ||r||/||r_0|| = 1.32145e-12
step 56, t = 168, EE = 0.00605685, KE = 0.0125086, ΔTE = -0.0138155
Newton iteration  0 : ||r|| = 0.00288229
Newton iteration  1 : ||r|| = 3.9249e-05, ||r||/||r_0|| = 0.0136173
Newton iteration  2 : ||r|| = 1.47125e-08, ||r||/||r_0|| = 5.10445e-06
Newton iteration  3 : ||r|| = 1.90132e-13, ||r||/||r_0|| = 6.59655e-11
Newton iteration  0 : ||r|| = 0.0182939
Newton iteration  1 : ||r|| = 0.000116621, ||r||/||r_0|| = 0.00637484
Newton iteration  2 : ||r|| = 1.54078e-06, ||r||/||r_0|| = 8.42238e-05
Newton iteration  3 : ||r|| = 4.67792e-12, ||r||/||r_0|| = 2.55709e-10
Newton iteration  0 : ||r|| = 0.101433
Newton iteration  1 : ||r|| = 0.00110933, ||r||/||r_0|| = 0.0109366
Newton iteration  2 : ||r|| = 1.87089e-05, ||r||/||r_0|| = 0.000184446
Newton iteration  3 : ||r|| = 5.50769e-09, ||r||/||r_0|| = 5.42988e-08
Newton iteration  4 : ||r|| = 1.50933e-13, ||r||/||r_0|| = 1.48801e-12
step 57, t = 171, EE = 0.00607465, KE = 0.0121013, ΔTE = -0.014205
Newton iteration  0 : ||r|| = 0.00353469
Newton iteration  1 : ||r|| = 8.84064e-05, ||r||/||r_0|| = 0.0250111
Newton iteration  2 : ||r|| = 3.38164e-08, ||r||/||r_0|| = 9.56701e-06
Newton iteration  3 : ||r|| = 2.61321e-13, ||r||/||r_0|| = 7.39306e-11
Newton iteration  0 : ||r|| = 0.01284
Newton iteration  1 : ||r|| = 0.000126354, ||r||/||r_0|| = 0.00984063
Newton iteration  2 : ||r|| = 1.55738e-06, ||r||/||r_0|| = 0.000121291
Newton iteration  3 : ||r|| = 5.11972e-12, ||r||/||r_0|| = 3.98732e-10
Newton iteration  0 : ||r|| = 0.077702
Newton iteration  1 : ||r|| = 0.000679822, ||r||/||r_0|| = 0.0087491
Newton iteration  2 : ||r|| = 2.39519e-05, ||r||/||r_0|| = 0.000308253
Newton iteration  3 : ||r|| = 2.42079e-09, ||r||/||r_0|| = 3.11548e-08
Newton iteration  4 : ||r|| = 1.38946e-13, ||r||/||r_0|| = 1.7882e-12
step 58, t = 174, EE = 0.00587517, KE = 0.0120043, ΔTE = -0.0145015
Newton iteration  0 : ||r|| = 0.0041631
Newton iteration  1 : ||r|| = 0.000122021, ||r||/||r_0|| = 0.0293101
Newton iteration  2 : ||r|| = 1.54242e-07, ||r||/||r_0|| = 3.70498e-05
Newton iteration  3 : ||r|| = 1.03661e-12, ||r||/||r_0|| = 2.49001e-10
Newton iteration  0 : ||r|| = 0.00761926
Newton iteration  1 : ||r|| = 0.000117671, ||r||/||r_0|| = 0.0154439
Newton iteration  2 : ||r|| = 5.96386e-07, ||r||/||r_0|| = 7.82734e-05
Newton iteration  3 : ||r|| = 2.52475e-12, ||r||/||r_0|| = 3.31364e-10
Newton iteration  0 : ||r|| = 0.0512472
Newton iteration  1 : ||r|| = 0.000338025, ||r||/||r_0|| = 0.00659598
Newton iteration  2 : ||r|| = 1.42927e-05, ||r||/||r_0|| = 0.000278898
Newton iteration  3 : ||r|| = 3.1915e-10, ||r||/||r_0|| = 6.22765e-09
step 59, t = 177, EE = 0.00556508, KE = 0.0121124, ΔTE = -0.0147035
Newton iteration  0 : ||r|| = 0.00360997
Newton iteration  1 : ||r|| = 0.000108411, ||r||/||r_0|| = 0.030031
Newton iteration  2 : ||r|| = 1.18135e-07, ||r||/||r_0|| = 3.27245e-05
Newton iteration  3 : ||r|| = 8.00969e-13, ||r||/||r_0|| = 2.21877e-10
Newton iteration  0 : ||r|| = 0.00413287
Newton iteration  1 : ||r|| = 9.15468e-05, ||r||/||r_0|| = 0.0221509
Newton iteration  2 : ||r|| = 9.18672e-08, ||r||/||r_0|| = 2.22284e-05
Newton iteration  3 : ||r|| = 6.53621e-13, ||r||/||r_0|| = 1.58152e-10
Newton iteration  0 : ||r|| = 0.0300291
Newton iteration  1 : ||r|| = 0.000150351, ||r||/||r_0|| = 0.00500683
Newton iteration  2 : ||r|| = 3.79435e-06, ||r||/||r_0|| = 0.000126356
Newton iteration  3 : ||r|| = 1.53539e-11, ||r||/||r_0|| = 5.11299e-10
step 60, t = 180, EE = 0.00525902, KE = 0.0122887, ΔTE = -0.0148332
Newton iteration  0 : ||r|| = 0.00251518
Newton iteration  1 : ||r|| = 7.10408e-05, ||r||/||r_0|| = 0.0282448
Newton iteration  2 : ||r|| = 2.77442e-08, ||r||/||r_0|| = 1.10307e-05
Newton iteration  3 : ||r|| = 2.49219e-13, ||r||/||r_0|| = 9.90861e-11
Newton iteration  0 : ||r|| = 0.00246069
Newton iteration  1 : ||r|| = 6.088e-05, ||r||/||r_0|| = 0.024741
Newton iteration  2 : ||r|| = 6.15704e-09, ||r||/||r_0|| = 2.50216e-06
Newton iteration  3 : ||r|| = 1.45292e-13, ||r||/||r_0|| = 5.9045e-11
Newton iteration  0 : ||r|| = 0.0167197
Newton iteration  1 : ||r|| = 7.10222e-05, ||r||/||r_0|| = 0.00424781
Newton iteration  2 : ||r|| = 4.25695e-07, ||r||/||r_0|| = 2.54607e-05
Newton iteration  3 : ||r|| = 7.46184e-13, ||r||/||r_0|| = 4.4629e-11
step 61, t = 183, EE = 0.00483848, KE = 0.0126224, ΔTE = -0.0149201
Newton iteration  0 : ||r|| = 0.00188243
Newton iteration  1 : ||r|| = 5.19718e-05, ||r||/||r_0|| = 0.0276088
Newton iteration  2 : ||r|| = 2.49456e-09, ||r||/||r_0|| = 1.32518e-06
Newton iteration  3 : ||r|| = 1.38576e-13, ||r||/||r_0|| = 7.36154e-11
Newton iteration  0 : ||r|| = 0.00229354
Newton iteration  1 : ||r|| = 4.83484e-05, ||r||/||r_0|| = 0.0210802
Newton iteration  2 : ||r|| = 1.11888e-09, ||r||/||r_0|| = 4.87837e-07
Newton iteration  3 : ||r|| = 1.41663e-13, ||r||/||r_0|| = 6.1766e-11
Newton iteration  0 : ||r|| = 0.0116782
Newton iteration  1 : ||r|| = 5.57402e-05, ||r||/||r_0|| = 0.004773
Newton iteration  2 : ||r|| = 4.45612e-08, ||r||/||r_0|| = 3.81575e-06
Newton iteration  3 : ||r|| = 1.66466e-13, ||r||/||r_0|| = 1.42544e-11
step 62, t = 186, EE = 0.00402282, KE = 0.0133676, ΔTE = -0.0149905
Newton iteration  0 : ||r|| = 0.00178196
Newton iteration  1 : ||r|| = 4.69954e-05, ||r||/||r_0|| = 0.026373
Newton iteration  2 : ||r|| = 7.67846e-10, ||r||/||r_0|| = 4.30901e-07
Newton iteration  3 : ||r|| = 1.35145e-13, ||r||/||r_0|| = 7.58406e-11
Newton iteration  0 : ||r|| = 0.00317362
Newton iteration  1 : ||r|| = 4.40869e-05, ||r||/||r_0|| = 0.0138917
Newton iteration  2 : ||r|| = 2.53652e-09, ||r||/||r_0|| = 7.99253e-07
Newton iteration  3 : ||r|| = 1.39114e-13, ||r||/||r_0|| = 4.38345e-11
Newton iteration  0 : ||r|| = 0.0147668
Newton iteration  1 : ||r|| = 5.76084e-05, ||r||/||r_0|| = 0.0039012
Newton iteration  2 : ||r|| = 4.91382e-08, ||r||/||r_0|| = 3.3276e-06
Newton iteration  3 : ||r|| = 1.80637e-13, ||r||/||r_0|| = 1.22326e-11
step 63, t = 189, EE = 0.00273909, KE = 0.0145763, ΔTE = -0.0150656
Newton iteration  0 : ||r|| = 0.00163819
Newton iteration  1 : ||r|| = 4.695e-05, ||r||/||r_0|| = 0.0286597
Newton iteration  2 : ||r|| = 6.86087e-10, ||r||/||r_0|| = 4.18808e-07
Newton iteration  3 : ||r|| = 1.4184e-13, ||r||/||r_0|| = 8.65831e-11
Newton iteration  0 : ||r|| = 0.00417466
Newton iteration  1 : ||r|| = 5.10302e-05, ||r||/||r_0|| = 0.0122238
Newton iteration  2 : ||r|| = 2.2259e-09, ||r||/||r_0|| = 5.33195e-07
Newton iteration  3 : ||r|| = 1.44123e-13, ||r||/||r_0|| = 3.45234e-11
Newton iteration  0 : ||r|| = 0.0202889
Newton iteration  1 : ||r|| = 7.38123e-05, ||r||/||r_0|| = 0.00363806
Newton iteration  2 : ||r|| = 2.95773e-08, ||r||/||r_0|| = 1.45781e-06
Newton iteration  3 : ||r|| = 1.50023e-13, ||r||/||r_0|| = 7.39433e-12
step 64, t = 192, EE = 0.00140859, KE = 0.0158145, ΔTE = -0.0151579
Newton iteration  0 : ||r|| = 0.0012865
Newton iteration  1 : ||r|| = 7.21344e-05, ||r||/||r_0|| = 0.0560705
Newton iteration  2 : ||r|| = 8.88104e-10, ||r||/||r_0|| = 6.90328e-07
Newton iteration  3 : ||r|| = 1.47049e-13, ||r||/||r_0|| = 1.14302e-10
Newton iteration  0 : ||r|| = 0.00464534
Newton iteration  1 : ||r|| = 7.03018e-05, ||r||/||r_0|| = 0.0151338
Newton iteration  2 : ||r|| = 1.46155e-09, ||r||/||r_0|| = 3.14626e-07
Newton iteration  3 : ||r|| = 1.24531e-13, ||r||/||r_0|| = 2.68078e-11
Newton iteration  0 : ||r|| = 0.0238248
Newton iteration  1 : ||r|| = 9.89199e-05, ||r||/||r_0|| = 0.00415198
Newton iteration  2 : ||r|| = 4.76092e-08, ||r||/||r_0|| = 1.99831e-06
Newton iteration  3 : ||r|| = 3.77983e-13, ||r||/||r_0|| = 1.58651e-11
step 65, t = 195, EE = 0.000696515, KE = 0.0164133, ΔTE = -0.0152711
Newton iteration  0 : ||r|| = 0.00142416
Newton iteration  1 : ||r|| = 6.00893e-05, ||r||/||r_0|| = 0.0421928
Newton iteration  2 : ||r|| = 7.68289e-09, ||r||/||r_0|| = 5.39469e-06
Newton iteration  3 : ||r|| = 1.94717e-13, ||r||/||r_0|| = 1.36724e-10
Newton iteration  0 : ||r|| = 0.00462106
Newton iteration  1 : ||r|| = 3.99344e-05, ||r||/||r_0|| = 0.00864183
Newton iteration  2 : ||r|| = 1.34437e-08, ||r||/||r_0|| = 2.90923e-06
Newton iteration  3 : ||r|| = 1.70547e-13, ||r||/||r_0|| = 3.69064e-11
Newton iteration  0 : ||r|| = 0.0246769
Newton iteration  1 : ||r|| = 8.30314e-05, ||r||/||r_0|| = 0.00336474
Newton iteration  2 : ||r|| = 2.0515e-07, ||r||/||r_0|| = 8.31342e-06
Newton iteration  3 : ||r|| = 3.24253e-13, ||r||/||r_0|| = 1.31399e-11
step 66, t = 198, EE = 0.000908826, KE = 0.0160689, ΔTE = -0.0154033
Newton iteration  0 : ||r|| = 0.00208355
Newton iteration  1 : ||r|| = 1.31097e-05, ||r||/||r_0|| = 0.00629202
Newton iteration  2 : ||r|| = 9.76761e-10, ||r||/||r_0|| = 4.68797e-07
Newton iteration  3 : ||r|| = 1.28668e-13, ||r||/||r_0|| = 6.17541e-11
Newton iteration  0 : ||r|| = 0.0047127
Newton iteration  1 : ||r|| = 1.35437e-05, ||r||/||r_0|| = 0.00287386
Newton iteration  2 : ||r|| = 1.97697e-09, ||r||/||r_0|| = 4.19498e-07
Newton iteration  3 : ||r|| = 1.3284e-13, ||r||/||r_0|| = 2.81876e-11
Newton iteration  0 : ||r|| = 0.0241405
Newton iteration  1 : ||r|| = 8.34866e-05, ||r||/||r_0|| = 0.00345837
Newton iteration  2 : ||r|| = 3.06733e-07, ||r||/||r_0|| = 1.27062e-05
Newton iteration  3 : ||r|| = 7.26835e-13, ||r||/||r_0|| = 3.01086e-11
step 67, t = 201, EE = 0.00170916, KE = 0.0151332, ΔTE = -0.0155386
Newton iteration  0 : ||r|| = 0.00183716
Newton iteration  1 : ||r|| = 7.15096e-05, ||r||/||r_0|| = 0.0389239
Newton iteration  2 : ||r|| = 2.84455e-09, ||r||/||r_0|| = 1.54834e-06
Newton iteration  3 : ||r|| = 1.73873e-13, ||r||/||r_0|| = 9.46421e-11
Newton iteration  0 : ||r|| = 0.0038771
Newton iteration  1 : ||r|| = 0.000103408, ||r||/||r_0|| = 0.0266715
Newton iteration  2 : ||r|| = 5.84333e-08, ||r||/||r_0|| = 1.50714e-05
Newton iteration  3 : ||r|| = 6.76535e-13, ||r||/||r_0|| = 1.74495e-10
Newton iteration  0 : ||r|| = 0.0201472
Newton iteration  1 : ||r|| = 0.000177842, ||r||/||r_0|| = 0.00882712
Newton iteration  2 : ||r|| = 1.93803e-06, ||r||/||r_0|| = 9.61934e-05
Newton iteration  3 : ||r|| = 1.10641e-11, ||r||/||r_0|| = 5.49161e-10
step 68, t = 204, EE = 0.00234619, KE = 0.0143867, ΔTE = -0.015648
Newton iteration  0 : ||r|| = 0.0022988
Newton iteration  1 : ||r|| = 0.000220305, ||r||/||r_0|| = 0.095835
Newton iteration  2 : ||r|| = 8.25374e-08, ||r||/||r_0|| = 3.59046e-05
Newton iteration  3 : ||r|| = 1.68404e-12, ||r||/||r_0|| = 7.32573e-10
Newton iteration  0 : ||r|| = 0.0031169
Newton iteration  1 : ||r|| = 0.000213982, ||r||/||r_0|| = 0.0686523
Newton iteration  2 : ||r|| = 1.49848e-08, ||r||/||r_0|| = 4.80761e-06
Newton iteration  3 : ||r|| = 4.64494e-13, ||r||/||r_0|| = 1.49025e-10
Newton iteration  0 : ||r|| = 0.0154285
Newton iteration  1 : ||r|| = 0.000233793, ||r||/||r_0|| = 0.0151533
Newton iteration  2 : ||r|| = 3.02851e-07, ||r||/||r_0|| = 1.96293e-05
Newton iteration  3 : ||r|| = 4.13565e-12, ||r||/||r_0|| = 2.68053e-10
step 69, t = 207, EE = 0.0023098, KE = 0.0143421, ΔTE = -0.0157291
Newton iteration  0 : ||r|| = 0.00147149
Newton iteration  1 : ||r|| = 0.000189855, ||r||/||r_0|| = 0.129022
Newton iteration  2 : ||r|| = 6.95251e-09, ||r||/||r_0|| = 4.7248e-06
Newton iteration  3 : ||r|| = 1.51988e-13, ||r||/||r_0|| = 1.03289e-10
Newton iteration  0 : ||r|| = 0.00250143
Newton iteration  1 : ||r|| = 0.000148716, ||r||/||r_0|| = 0.0594525
Newton iteration  2 : ||r|| = 8.86001e-09, ||r||/||r_0|| = 3.54198e-06
Newton iteration  3 : ||r|| = 2.99356e-13, ||r||/||r_0|| = 1.19674e-10
Newton iteration  0 : ||r|| = 0.0131869
Newton iteration  1 : ||r|| = 0.000119346, ||r||/||r_0|| = 0.00905033
Newton iteration  2 : ||r|| = 4.22337e-07, ||r||/||r_0|| = 3.20271e-05
Newton iteration  3 : ||r|| = 2.23443e-12, ||r||/||r_0|| = 1.69444e-10
step 70, t = 210, EE = 0.00196367, KE = 0.0146017, ΔTE = -0.0158156
Newton iteration  0 : ||r|| = 0.00220302
Newton iteration  1 : ||r|| = 6.66383e-05, ||r||/||r_0|| = 0.0302486
Newton iteration  2 : ||r|| = 4.61186e-08, ||r||/||r_0|| = 2.09343e-05
Newton iteration  3 : ||r|| = 3.70135e-13, ||r||/||r_0|| = 1.68013e-10
Newton iteration  0 : ||r|| = 0.00380966
Newton iteration  1 : ||r|| = 4.65227e-05, ||r||/||r_0|| = 0.0122118
Newton iteration  2 : ||r|| = 6.67643e-08, ||r||/||r_0|| = 1.7525e-05
Newton iteration  3 : ||r|| = 2.78815e-13, ||r||/||r_0|| = 7.31862e-11
Newton iteration  0 : ||r|| = 0.0174258
Newton iteration  1 : ||r|| = 6.1477e-05, ||r||/||r_0|| = 0.00352792
Newton iteration  2 : ||r|| = 4.07844e-07, ||r||/||r_0|| = 2.34046e-05
Newton iteration  3 : ||r|| = 8.75608e-13, ||r||/||r_0|| = 5.02477e-11
step 71, t = 213, EE = 0.00212779, KE = 0.0143225, ΔTE = -0.0159307
Newton iteration  0 : ||r|| = 0.0023469
Newton iteration  1 : ||r|| = 2.37803e-05, ||r||/||r_0|| = 0.0101326
Newton iteration  2 : ||r|| = 3.13275e-09, ||r||/||r_0|| = 1.33484e-06
Newton iteration  3 : ||r|| = 1.33174e-13, ||r||/||r_0|| = 5.67446e-11
Newton iteration  0 : ||r|| = 0.00534145
Newton iteration  1 : ||r|| = 2.46159e-05, ||r||/||r_0|| = 0.00460846
Newton iteration  2 : ||r|| = 4.80354e-09, ||r||/||r_0|| = 8.99296e-07
Newton iteration  3 : ||r|| = 1.32105e-13, ||r||/||r_0|| = 2.4732e-11
Newton iteration  0 : ||r|| = 0.0242649
Newton iteration  1 : ||r|| = 7.76427e-05, ||r||/||r_0|| = 0.00319979
Newton iteration  2 : ||r|| = 2.00171e-08, ||r||/||r_0|| = 8.24939e-07
Newton iteration  3 : ||r|| = 1.77521e-13, ||r||/||r_0|| = 7.31594e-12
step 72, t = 216, EE = 0.00290525, KE = 0.0134087, ΔTE = -0.016067
Newton iteration  0 : ||r|| = 0.00198675
Newton iteration  1 : ||r|| = 3.27687e-05, ||r||/||r_0|| = 0.0164936
Newton iteration  2 : ||r|| = 4.23497e-10, ||r||/||r_0|| = 2.13161e-07
Newton iteration  3 : ||r|| = 1.47656e-13, ||r||/||r_0|| = 7.43208e-11
Newton iteration  0 : ||r|| = 0.0057503
Newton iteration  1 : ||r|| = 3.33777e-05, ||r||/||r_0|| = 0.00580452
Newton iteration  2 : ||r|| = 3.16978e-09, ||r||/||r_0|| = 5.51237e-07
Newton iteration  3 : ||r|| = 1.44887e-13, ||r||/||r_0|| = 2.51964e-11
Newton iteration  0 : ||r|| = 0.0282074
Newton iteration  1 : ||r|| = 8.94665e-05, ||r||/||r_0|| = 0.00317174
Newton iteration  2 : ||r|| = 1.30416e-07, ||r||/||r_0|| = 4.62346e-06
Newton iteration  3 : ||r|| = 5.6956e-13, ||r||/||r_0|| = 2.01918e-11
step 73, t = 219, EE = 0.0034432, KE = 0.0127234, ΔTE = -0.0162144
Newton iteration  0 : ||r|| = 0.0020932
Newton iteration  1 : ||r|| = 3.54622e-05, ||r||/||r_0|| = 0.0169416
Newton iteration  2 : ||r|| = 7.30597e-10, ||r||/||r_0|| = 3.49033e-07
Newton iteration  3 : ||r|| = 1.28643e-13, ||r||/||r_0|| = 6.14573e-11
Newton iteration  0 : ||r|| = 0.00613726
Newton iteration  1 : ||r|| = 3.13802e-05, ||r||/||r_0|| = 0.00511306
Newton iteration  2 : ||r|| = 3.36339e-09, ||r||/||r_0|| = 5.48027e-07
Newton iteration  3 : ||r|| = 1.294e-13, ||r||/||r_0|| = 2.10843e-11
Newton iteration  0 : ||r|| = 0.0314724
Newton iteration  1 : ||r|| = 8.39197e-05, ||r||/||r_0|| = 0.00266645
Newton iteration  2 : ||r|| = 6.69254e-08, ||r||/||r_0|| = 2.12648e-06
Newton iteration  3 : ||r|| = 2.38445e-13, ||r||/||r_0|| = 7.57633e-12
step 74, t = 222, EE = 0.00309211, KE = 0.0129095, ΔTE = -0.0163793
Newton iteration  0 : ||r|| = 0.00201084
Newton iteration  1 : ||r|| = 2.06572e-05, ||r||/||r_0|| = 0.0102729
Newton iteration  2 : ||r|| = 5.70334e-10, ||r||/||r_0|| = 2.8363e-07
Newton iteration  3 : ||r|| = 1.49351e-13, ||r||/||r_0|| = 7.4273e-11
Newton iteration  0 : ||r|| = 0.00700755
Newton iteration  1 : ||r|| = 2.26345e-05, ||r||/||r_0|| = 0.00323001
Newton iteration  2 : ||r|| = 7.65698e-09, ||r||/||r_0|| = 1.09267e-06
Newton iteration  3 : ||r|| = 1.33669e-13, ||r||/||r_0|| = 1.90749e-11
Newton iteration  0 : ||r|| = 0.0367434
Newton iteration  1 : ||r|| = 0.000108096, ||r||/||r_0|| = 0.00294192
Newton iteration  2 : ||r|| = 3.4537e-07, ||r||/||r_0|| = 9.3995e-06
Newton iteration  3 : ||r|| = 1.19915e-12, ||r||/||r_0|| = 3.26357e-11
step 75, t = 225, EE = 0.00240808, KE = 0.0133982, ΔTE = -0.0165747
Newton iteration  0 : ||r|| = 0.00188113
Newton iteration  1 : ||r|| = 2.7374e-05, ||r||/||r_0|| = 0.0145519
Newton iteration  2 : ||r|| = 2.03938e-09, ||r||/||r_0|| = 1.08413e-06
Newton iteration  3 : ||r|| = 1.364e-13, ||r||/||r_0|| = 7.25097e-11
Newton iteration  0 : ||r|| = 0.00822641
Newton iteration  1 : ||r|| = 4.56191e-05, ||r||/||r_0|| = 0.00554544
Newton iteration  2 : ||r|| = 1.01953e-07, ||r||/||r_0|| = 1.23933e-05
Newton iteration  3 : ||r|| = 3.08981e-13, ||r||/||r_0|| = 3.75597e-11
Newton iteration  0 : ||r|| = 0.043772
Newton iteration  1 : ||r|| = 0.000211552, ||r||/||r_0|| = 0.00483306
Newton iteration  2 : ||r|| = 3.24065e-06, ||r||/||r_0|| = 7.40349e-05
Newton iteration  3 : ||r|| = 1.50768e-11, ||r||/||r_0|| = 3.44439e-10
step 76, t = 228, EE = 0.00252464, KE = 0.0130529, ΔTE = -0.0168034
Newton iteration  0 : ||r|| = 0.00288798
Newton iteration  1 : ||r|| = 7.40298e-05, ||r||/||r_0|| = 0.0256338
Newton iteration  2 : ||r|| = 5.07676e-08, ||r||/||r_0|| = 1.75789e-05
Newton iteration  3 : ||r|| = 4.68348e-13, ||r||/||r_0|| = 1.62172e-10
Newton iteration  0 : ||r|| = 0.0102114
Newton iteration  1 : ||r|| = 8.76552e-05, ||r||/||r_0|| = 0.00858408
Newton iteration  2 : ||r|| = 5.54879e-07, ||r||/||r_0|| = 5.43393e-05
Newton iteration  3 : ||r|| = 1.81502e-12, ||r||/||r_0|| = 1.77745e-10
Newton iteration  0 : ||r|| = 0.0536496
Newton iteration  1 : ||r|| = 0.00035916, ||r||/||r_0|| = 0.00669455
Newton iteration  2 : ||r|| = 1.08368e-05, ||r||/||r_0|| = 0.000201992
Newton iteration  3 : ||r|| = 1.8238e-10, ||r||/||r_0|| = 3.39947e-09
step 77, t = 231, EE = 0.00363606, KE = 0.0116812, ΔTE = -0.0170637
Newton iteration  0 : ||r|| = 0.00472716
Newton iteration  1 : ||r|| = 7.88537e-05, ||r||/||r_0|| = 0.016681
Newton iteration  2 : ||r|| = 2.00664e-07, ||r||/||r_0|| = 4.24492e-05
Newton iteration  3 : ||r|| = 9.99681e-13, ||r||/||r_0|| = 2.11476e-10
Newton iteration  0 : ||r|| = 0.0135202
Newton iteration  1 : ||r|| = 8.20811e-05, ||r||/||r_0|| = 0.00607098
Newton iteration  2 : ||r|| = 8.0426e-07, ||r||/||r_0|| = 5.94857e-05
Newton iteration  3 : ||r|| = 2.08381e-12, ||r||/||r_0|| = 1.54125e-10
Newton iteration  0 : ||r|| = 0.0682268
Newton iteration  1 : ||r|| = 0.000559722, ||r||/||r_0|| = 0.00820385
Newton iteration  2 : ||r|| = 6.62098e-06, ||r||/||r_0|| = 9.70437e-05
Newton iteration  3 : ||r|| = 3.77156e-10, ||r||/||r_0|| = 5.52798e-09
step 78, t = 234, EE = 0.00474582, KE = 0.0102808, ΔTE = -0.0173543
Newton iteration  0 : ||r|| = 0.0051965
Newton iteration  1 : ||r|| = 3.09558e-05, ||r||/||r_0|| = 0.00595704
Newton iteration  2 : ||r|| = 8.38243e-09, ||r||/||r_0|| = 1.61309e-06
Newton iteration  3 : ||r|| = 1.40918e-13, ||r||/||r_0|| = 2.71179e-11
Newton iteration  0 : ||r|| = 0.0156206
Newton iteration  1 : ||r|| = 6.50304e-05, ||r||/||r_0|| = 0.00416311
Newton iteration  2 : ||r|| = 7.816e-08, ||r||/||r_0|| = 5.00364e-06
Newton iteration  3 : ||r|| = 4.23589e-13, ||r||/||r_0|| = 2.71173e-11
Newton iteration  0 : ||r|| = 0.0773546
Newton iteration  1 : ||r|| = 0.000776224, ||r||/||r_0|| = 0.0100346
Newton iteration  2 : ||r|| = 5.40004e-06, ||r||/||r_0|| = 6.9809e-05
Newton iteration  3 : ||r|| = 7.1706e-10, ||r||/||r_0|| = 9.26979e-09
step 79, t = 237, EE = 0.00499477, KE = 0.0097404, ΔTE = -0.0176458
Newton iteration  0 : ||r|| = 0.00258684
Newton iteration  1 : ||r|| = 8.57003e-05, ||r||/||r_0|| = 0.0331294
Newton iteration  2 : ||r|| = 5.14905e-08, ||r||/||r_0|| = 1.99048e-05
Newton iteration  3 : ||r|| = 6.10027e-13, ||r||/||r_0|| = 2.35819e-10
Newton iteration  0 : ||r|| = 0.0121061
Newton iteration  1 : ||r|| = 0.000149604, ||r||/||r_0|| = 0.0123577
Newton iteration  2 : ||r|| = 2.52383e-06, ||r||/||r_0|| = 0.000208475
Newton iteration  3 : ||r|| = 1.06827e-11, ||r||/||r_0|| = 8.82419e-10
Newton iteration  0 : ||r|| = 0.0653958
Newton iteration  1 : ||r|| = 0.00067353, ||r||/||r_0|| = 0.0102993
Newton iteration  2 : ||r|| = 4.50809e-05, ||r||/||r_0|| = 0.000689355
Newton iteration  3 : ||r|| = 4.44559e-09, ||r||/||r_0|| = 6.79798e-08
Newton iteration  4 : ||r|| = 1.46416e-13, ||r||/||r_0|| = 2.23892e-12
step 80, t = 240, EE = 0.00459306, KE = 0.00991262, ΔTE = -0.0178753
Newton iteration  0 : ||r|| = 0.0043634
Newton iteration  1 : ||r|| = 0.000272523, ||r||/||r_0|| = 0.0624564
Newton iteration  2 : ||r|| = 5.84906e-07, ||r||/||r_0|| = 0.000134048
Newton iteration  3 : ||r|| = 8.10185e-12, ||r||/||r_0|| = 1.85677e-09
Newton iteration  0 : ||r|| = 0.00500764
Newton iteration  1 : ||r|| = 0.000233391, ||r||/||r_0|| = 0.0466069
Newton iteration  2 : ||r|| = 8.60411e-07, ||r||/||r_0|| = 0.00017182
Newton iteration  3 : ||r|| = 9.30404e-12, ||r||/||r_0|| = 1.85797e-09
Newton iteration  0 : ||r|| = 0.0379895
Newton iteration  1 : ||r|| = 0.000372169, ||r||/||r_0|| = 0.00979663
Newton iteration  2 : ||r|| = 3.00105e-05, ||r||/||r_0|| = 0.000789968
Newton iteration  3 : ||r|| = 8.10236e-10, ||r||/||r_0|| = 2.13279e-08
Newton iteration  4 : ||r|| = 1.27257e-13, ||r||/||r_0|| = 3.3498e-12
step 81, t = 243, EE = 0.00440231, KE = 0.00996146, ΔTE = -0.0180172
Newton iteration  0 : ||r|| = 0.00459032
Newton iteration  1 : ||r|| = 0.000246607, ||r||/||r_0|| = 0.0537234
Newton iteration  2 : ||r|| = 7.13218e-07, ||r||/||r_0|| = 0.000155375
Newton iteration  3 : ||r|| = 8.40315e-12, ||r||/||r_0|| = 1.83063e-09
Newton iteration  0 : ||r|| = 0.00249013
Newton iteration  1 : ||r|| = 0.000175816, ||r||/||r_0|| = 0.0706052
Newton iteration  2 : ||r|| = 5.7842e-09, ||r||/||r_0|| = 2.32285e-06
Newton iteration  3 : ||r|| = 1.4875e-13, ||r||/||r_0|| = 5.9736e-11
Newton iteration  0 : ||r|| = 0.0176434
Newton iteration  1 : ||r|| = 0.000157922, ||r||/||r_0|| = 0.00895075
Newton iteration  2 : ||r|| = 2.58274e-06, ||r||/||r_0|| = 0.000146386
Newton iteration  3 : ||r|| = 9.94311e-12, ||r||/||r_0|| = 5.6356e-10
step 82, t = 246, EE = 0.00494319, KE = 0.00932278, ΔTE = -0.018115
Newton iteration  0 : ||r|| = 0.00289637
Newton iteration  1 : ||r|| = 8.66558e-05, ||r||/||r_0|| = 0.0299187
Newton iteration  2 : ||r|| = 2.83698e-08, ||r||/||r_0|| = 9.79495e-06
Newton iteration  3 : ||r|| = 3.11725e-13, ||r||/||r_0|| = 1.07626e-10
Newton iteration  0 : ||r|| = 0.00435467
Newton iteration  1 : ||r|| = 5.36369e-05, ||r||/||r_0|| = 0.0123171
Newton iteration  2 : ||r|| = 7.9e-09, ||r||/||r_0|| = 1.81415e-06
Newton iteration  3 : ||r|| = 1.37828e-13, ||r||/||r_0|| = 3.16507e-11
Newton iteration  0 : ||r|| = 0.0195458
Newton iteration  1 : ||r|| = 7.57743e-05, ||r||/||r_0|| = 0.00387675
Newton iteration  2 : ||r|| = 1.40142e-07, ||r||/||r_0|| = 7.16991e-06
Newton iteration  3 : ||r|| = 4.2598e-13, ||r||/||r_0|| = 2.17939e-11
step 83, t = 249, EE = 0.0058309, KE = 0.0083242, ΔTE = -0.0182258
Newton iteration  0 : ||r|| = 0.00281273
Newton iteration  1 : ||r|| = 2.02248e-05, ||r||/||r_0|| = 0.00719045
Newton iteration  2 : ||r|| = 9.43212e-10, ||r||/||r_0|| = 3.35337e-07
Newton iteration  3 : ||r|| = 1.31243e-13, ||r||/||r_0|| = 4.66603e-11
Newton iteration  0 : ||r|| = 0.00608795
Newton iteration  1 : ||r|| = 1.6431e-05, ||r||/||r_0|| = 0.00269894
Newton iteration  2 : ||r|| = 5.27557e-10, ||r||/||r_0|| = 8.66559e-08
Newton iteration  3 : ||r|| = 1.24279e-13, ||r||/||r_0|| = 2.0414e-11
Newton iteration  0 : ||r|| = 0.0276225
Newton iteration  1 : ||r|| = 5.86219e-05, ||r||/||r_0|| = 0.00212225
Newton iteration  2 : ||r|| = 3.98694e-08, ||r||/||r_0|| = 1.44336e-06
Newton iteration  3 : ||r|| = 3.37365e-13, ||r||/||r_0|| = 1.22134e-11
step 84, t = 252, EE = 0.00657134, KE = 0.00744393, ΔTE = -0.0183657
Newton iteration  0 : ||r|| = 0.00172636
Newton iteration  1 : ||r|| = 5.76039e-05, ||r||/||r_0|| = 0.0333674
Newton iteration  2 : ||r|| = 1.56419e-09, ||r||/||r_0|| = 9.06062e-07
Newton iteration  3 : ||r|| = 1.42971e-13, ||r||/||r_0|| = 8.28165e-11
Newton iteration  0 : ||r|| = 0.00540072
Newton iteration  1 : ||r|| = 9.69602e-05, ||r||/||r_0|| = 0.0179532
Newton iteration  2 : ||r|| = 2.91318e-08, ||r||/||r_0|| = 5.39406e-06
Newton iteration  3 : ||r|| = 2.76867e-13, ||r||/||r_0|| = 5.12649e-11
Newton iteration  0 : ||r|| = 0.0266681
Newton iteration  1 : ||r|| = 0.000243992, ||r||/||r_0|| = 0.00914919
Newton iteration  2 : ||r|| = 1.11975e-06, ||r||/||r_0|| = 4.19882e-05
Newton iteration  3 : ||r|| = 3.60407e-12, ||r||/||r_0|| = 1.35145e-10
step 85, t = 255, EE = 0.00745038, KE = 0.00643492, ΔTE = -0.0184957
Newton iteration  0 : ||r|| = 0.00258979
Newton iteration  1 : ||r|| = 0.000235076, ||r||/||r_0|| = 0.0907703
Newton iteration  2 : ||r|| = 1.32036e-08, ||r||/||r_0|| = 5.09831e-06
Newton iteration  3 : ||r|| = 2.53436e-13, ||r||/||r_0|| = 9.78594e-11
Newton iteration  0 : ||r|| = 0.00298956
Newton iteration  1 : ||r|| = 0.000249938, ||r||/||r_0|| = 0.0836036
Newton iteration  2 : ||r|| = 2.188e-08, ||r||/||r_0|| = 7.3188e-06
Newton iteration  3 : ||r|| = 4.23493e-13, ||r||/||r_0|| = 1.41657e-10
Newton iteration  0 : ||r|| = 0.016906
Newton iteration  1 : ||r|| = 0.000348092, ||r||/||r_0|| = 0.0205898
Newton iteration  2 : ||r|| = 7.94139e-07, ||r||/||r_0|| = 4.69737e-05
Newton iteration  3 : ||r|| = 4.70281e-12, ||r||/||r_0|| = 2.78173e-10
step 86, t = 258, EE = 0.00824921, KE = 0.00554467, ΔTE = -0.0185871
Newton iteration  0 : ||r|| = 0.00331484
Newton iteration  1 : ||r|| = 0.000268808, ||r||/||r_0|| = 0.0810923
Newton iteration  2 : ||r|| = 7.16686e-08, ||r||/||r_0|| = 2.16205e-05
Newton iteration  3 : ||r|| = 1.1385e-12, ||r||/||r_0|| = 3.43454e-10
Newton iteration  0 : ||r|| = 0.00404051
Newton iteration  1 : ||r|| = 0.00021487, ||r||/||r_0|| = 0.053179
Newton iteration  2 : ||r|| = 2.06297e-07, ||r||/||r_0|| = 5.1057e-05
Newton iteration  3 : ||r|| = 1.97584e-12, ||r||/||r_0|| = 4.89006e-10
Newton iteration  0 : ||r|| = 0.0188738
Newton iteration  1 : ||r|| = 0.000236493, ||r||/||r_0|| = 0.0125302
Newton iteration  2 : ||r|| = 4.29828e-06, ||r||/||r_0|| = 0.000227738
Newton iteration  3 : ||r|| = 2.42877e-11, ||r||/||r_0|| = 1.28685e-09
step 87, t = 261, EE = 0.00821496, KE = 0.00547291, ΔTE = -0.0186931
Newton iteration  0 : ||r|| = 0.0042427
Newton iteration  1 : ||r|| = 0.000111677, ||r||/||r_0|| = 0.0263221
Newton iteration  2 : ||r|| = 1.81661e-07, ||r||/||r_0|| = 4.28173e-05
Newton iteration  3 : ||r|| = 1.08964e-12, ||r||/||r_0|| = 2.56827e-10
Newton iteration  0 : ||r|| = 0.00782725
Newton iteration  1 : ||r|| = 6.73203e-05, ||r||/||r_0|| = 0.00860076
Newton iteration  2 : ||r|| = 2.37436e-07, ||r||/||r_0|| = 3.03346e-05
Newton iteration  3 : ||r|| = 6.92136e-13, ||r||/||r_0|| = 8.84265e-11
Newton iteration  0 : ||r|| = 0.0350397
Newton iteration  1 : ||r|| = 0.000185899, ||r||/||r_0|| = 0.00530538
Newton iteration  2 : ||r|| = 8.73892e-07, ||r||/||r_0|| = 2.49401e-05
Newton iteration  3 : ||r|| = 7.73184e-12, ||r||/||r_0|| = 2.2066e-10
step 88, t = 264, EE = 0.00804915, KE = 0.00547139, ΔTE = -0.0188604
Newton iteration  0 : ||r|| = 0.00366835
Newton iteration  1 : ||r|| = 4.40628e-05, ||r||/||r_0|| = 0.0120116
Newton iteration  2 : ||r|| = 2.94964e-08, ||r||/||r_0|| = 8.04079e-06
Newton iteration  3 : ||r|| = 1.50233e-13, ||r||/||r_0|| = 4.09538e-11
Newton iteration  0 : ||r|| = 0.00890311
Newton iteration  1 : ||r|| = 8.2953e-05, ||r||/||r_0|| = 0.00931731
Newton iteration  2 : ||r|| = 6.11769e-07, ||r||/||r_0|| = 6.87141e-05
Newton iteration  3 : ||r|| = 1.75694e-12, ||r||/||r_0|| = 1.9734e-10
Newton iteration  0 : ||r|| = 0.0402166
Newton iteration  1 : ||r|| = 0.000343671, ||r||/||r_0|| = 0.00854551
Newton iteration  2 : ||r|| = 1.79702e-05, ||r||/||r_0|| = 0.000446836
Newton iteration  3 : ||r|| = 4.34038e-10, ||r||/||r_0|| = 1.07925e-08
Newton iteration  4 : ||r|| = 1.24108e-13, ||r||/||r_0|| = 3.08599e-12
step 89, t = 267, EE = 0.00872082, KE = 0.00463125, ΔTE = -0.0190289
Newton iteration  0 : ||r|| = 0.00231764
Newton iteration  1 : ||r|| = 0.000312245, ||r||/||r_0|| = 0.134725
Newton iteration  2 : ||r|| = 8.38954e-08, ||r||/||r_0|| = 3.61986e-05
Newton iteration  3 : ||r|| = 2.05535e-12, ||r||/||r_0|| = 8.86828e-10
Newton iteration  0 : ||r|| = 0.00384084
Newton iteration  1 : ||r|| = 0.00035088, ||r||/||r_0|| = 0.091355
Newton iteration  2 : ||r|| = 8.08857e-07, ||r||/||r_0|| = 0.000210594
Newton iteration  3 : ||r|| = 1.60357e-11, ||r||/||r_0|| = 4.17506e-09
Newton iteration  0 : ||r|| = 0.0241192
Newton iteration  1 : ||r|| = 0.00046172, ||r||/||r_0|| = 0.0191432
Newton iteration  2 : ||r|| = 3.04489e-05, ||r||/||r_0|| = 0.00126243
Newton iteration  3 : ||r|| = 1.02208e-09, ||r||/||r_0|| = 4.23763e-08
Newton iteration  4 : ||r|| = 1.43584e-13, ||r||/||r_0|| = 5.95308e-12
step 90, t = 270, EE = 0.00973185, KE = 0.00353431, ΔTE = -0.0191148
Newton iteration  0 : ||r|| = 0.00438022
Newton iteration  1 : ||r|| = 0.000597494, ||r||/||r_0|| = 0.136407
Newton iteration  2 : ||r|| = 1.73852e-06, ||r||/||r_0|| = 0.000396904
Newton iteration  3 : ||r|| = 9.89354e-11, ||r||/||r_0|| = 2.25869e-08
Newton iteration  4 : ||r|| = 1.34212e-13, ||r||/||r_0|| = 3.06405e-11
Newton iteration  0 : ||r|| = 0.00210096
Newton iteration  1 : ||r|| = 0.000509374, ||r||/||r_0|| = 0.242448
Newton iteration  2 : ||r|| = 2.30045e-07, ||r||/||r_0|| = 0.000109495
Newton iteration  3 : ||r|| = 9.32919e-12, ||r||/||r_0|| = 4.44045e-09
Newton iteration  0 : ||r|| = 0.00821595
Newton iteration  1 : ||r|| = 0.000457055, ||r||/||r_0|| = 0.0556302
Newton iteration  2 : ||r|| = 3.26116e-06, ||r||/||r_0|| = 0.00039693
Newton iteration  3 : ||r|| = 9.85896e-11, ||r||/||r_0|| = 1.19998e-08
Newton iteration  4 : ||r|| = 1.29629e-13, ||r||/||r_0|| = 1.57777e-11
step 91, t = 273, EE = 0.0101312, KE = 0.00310267, ΔTE = -0.0191471
Newton iteration  0 : ||r|| = 0.00168424
Newton iteration  1 : ||r|| = 0.000334904, ||r||/||r_0|| = 0.198846
Newton iteration  2 : ||r|| = 2.85003e-08, ||r||/||r_0|| = 1.69217e-05
Newton iteration  3 : ||r|| = 8.91399e-13, ||r||/||r_0|| = 5.29258e-10
Newton iteration  0 : ||r|| = 0.00239208
Newton iteration  1 : ||r|| = 0.000218686, ||r||/||r_0|| = 0.0914209
Newton iteration  2 : ||r|| = 8.54404e-08, ||r||/||r_0|| = 3.57181e-05
Newton iteration  3 : ||r|| = 1.84743e-12, ||r||/||r_0|| = 7.72311e-10
Newton iteration  0 : ||r|| = 0.0134529
Newton iteration  1 : ||r|| = 0.000147306, ||r||/||r_0|| = 0.0109498
Newton iteration  2 : ||r|| = 2.51057e-06, ||r||/||r_0|| = 0.00018662
Newton iteration  3 : ||r|| = 1.20816e-11, ||r||/||r_0|| = 8.98067e-10
step 92, t = 276, EE = 0.0100225, KE = 0.00313542, ΔTE = -0.0192231
Newton iteration  0 : ||r|| = 0.00423278
Newton iteration  1 : ||r|| = 3.5881e-05, ||r||/||r_0|| = 0.00847692
Newton iteration  2 : ||r|| = 1.00967e-07, ||r||/||r_0|| = 2.38535e-05
Newton iteration  3 : ||r|| = 3.97536e-13, ||r||/||r_0|| = 9.39184e-11
Newton iteration  0 : ||r|| = 0.00661292
Newton iteration  1 : ||r|| = 1.5412e-05, ||r||/||r_0|| = 0.00233059
Newton iteration  2 : ||r|| = 2.54042e-08, ||r||/||r_0|| = 3.8416e-06
Newton iteration  3 : ||r|| = 1.51073e-13, ||r||/||r_0|| = 2.28451e-11
Newton iteration  0 : ||r|| = 0.0267263
Newton iteration  1 : ||r|| = 0.000125629, ||r||/||r_0|| = 0.00470059
Newton iteration  2 : ||r|| = 4.92947e-07, ||r||/||r_0|| = 1.84443e-05
Newton iteration  3 : ||r|| = 2.95414e-12, ||r||/||r_0|| = 1.10533e-10
step 93, t = 279, EE = 0.0102284, KE = 0.00279774, ΔTE = -0.0193548
Newton iteration  0 : ||r|| = 0.00192587
Newton iteration  1 : ||r|| = 8.1561e-05, ||r||/||r_0|| = 0.0423503
Newton iteration  2 : ||r|| = 3.77291e-08, ||r||/||r_0|| = 1.95907e-05
Newton iteration  3 : ||r|| = 4.04776e-13, ||r||/||r_0|| = 2.10178e-10
Newton iteration  0 : ||r|| = 0.00546042
Newton iteration  1 : ||r|| = 0.000117651, ||r||/||r_0|| = 0.0215461
Newton iteration  2 : ||r|| = 4.662e-07, ||r||/||r_0|| = 8.5378e-05
Newton iteration  3 : ||r|| = 2.27974e-12, ||r||/||r_0|| = 4.17502e-10
Newton iteration  0 : ||r|| = 0.0253437
Newton iteration  1 : ||r|| = 0.000266329, ||r||/||r_0|| = 0.0105087
Newton iteration  2 : ||r|| = 1.19097e-05, ||r||/||r_0|| = 0.000469928
Newton iteration  3 : ||r|| = 1.37179e-10, ||r||/||r_0|| = 5.41274e-09
step 94, t = 282, EE = 0.0107771, KE = 0.00214022, ΔTE = -0.0194636
Newton iteration  0 : ||r|| = 0.00293263
Newton iteration  1 : ||r|| = 0.00023766, ||r||/||r_0|| = 0.0810401
Newton iteration  2 : ||r|| = 2.2194e-07, ||r||/||r_0|| = 7.56795e-05
Newton iteration  3 : ||r|| = 3.47499e-12, ||r||/||r_0|| = 1.18494e-09
Newton iteration  0 : ||r|| = 0.00174769
Newton iteration  1 : ||r|| = 0.000204357, ||r||/||r_0|| = 0.11693
Newton iteration  2 : ||r|| = 3.11563e-08, ||r||/||r_0|| = 1.78272e-05
Newton iteration  3 : ||r|| = 9.07318e-13, ||r||/||r_0|| = 5.19154e-10
Newton iteration  0 : ||r|| = 0.0125011
Newton iteration  1 : ||r|| = 0.000204969, ||r||/||r_0|| = 0.0163961
Newton iteration  2 : ||r|| = 3.57869e-06, ||r||/||r_0|| = 0.00028627
Newton iteration  3 : ||r|| = 2.59949e-11, ||r||/||r_0|| = 2.07941e-09
step 95, t = 285, EE = 0.0111514, KE = 0.00171235, ΔTE = -0.0195172
Newton iteration  0 : ||r|| = 0.00225334
Newton iteration  1 : ||r|| = 0.000149646, ||r||/||r_0|| = 0.0664109
Newton iteration  2 : ||r|| = 9.15485e-08, ||r||/||r_0|| = 4.0628e-05
Newton iteration  3 : ||r|| = 1.27496e-12, ||r||/||r_0|| = 5.65812e-10
Newton iteration  0 : ||r|| = 0.00135988
Newton iteration  1 : ||r|| = 0.000100863, ||r||/||r_0|| = 0.0741701
Newton iteration  2 : ||r|| = 9.89276e-09, ||r||/||r_0|| = 7.27472e-06
Newton iteration  3 : ||r|| = 2.74743e-13, ||r||/||r_0|| = 2.02035e-10
Newton iteration  0 : ||r|| = 0.00505794
Newton iteration  1 : ||r|| = 6.05424e-05, ||r||/||r_0|| = 0.0119698
Newton iteration  2 : ||r|| = 5.65739e-08, ||r||/||r_0|| = 1.11852e-05
Newton iteration  3 : ||r|| = 3.89473e-13, ||r||/||r_0|| = 7.70023e-11
step 96, t = 288, EE = 0.011534, KE = 0.00129793, ΔTE = -0.019549
Newton iteration  0 : ||r|| = 0.00102494
Newton iteration  1 : ||r|| = 2.95236e-05, ||r||/||r_0|| = 0.0288052
Newton iteration  2 : ||r|| = 2.18059e-10, ||r||/||r_0|| = 2.12753e-07
Newton iteration  3 : ||r|| = 1.27356e-13, ||r||/||r_0|| = 1.24257e-10
Newton iteration  0 : ||r|| = 0.00124576
Newton iteration  1 : ||r|| = 2.34042e-05, ||r||/||r_0|| = 0.0187871
Newton iteration  2 : ||r|| = 1.70647e-10, ||r||/||r_0|| = 1.36982e-07
Newton iteration  3 : ||r|| = 1.22351e-13, ||r||/||r_0|| = 9.82134e-11
Newton iteration  0 : ||r|| = 0.00392533
Newton iteration  1 : ||r|| = 2.90739e-05, ||r||/||r_0|| = 0.00740673
Newton iteration  2 : ||r|| = 5.2171e-09, ||r||/||r_0|| = 1.32909e-06
Newton iteration  3 : ||r|| = 1.3668e-13, ||r||/||r_0|| = 3.48199e-11
step 97, t = 291, EE = 0.0121611, KE = 0.000643309, ΔTE = -0.0195765
Newton iteration  0 : ||r|| = 0.00135028
Newton iteration  1 : ||r|| = 5.22972e-05, ||r||/||r_0|| = 0.0387307
Newton iteration  2 : ||r|| = 6.10639e-10, ||r||/||r_0|| = 4.52233e-07
Newton iteration  3 : ||r|| = 1.32677e-13, ||r||/||r_0|| = 9.82591e-11
Newton iteration  0 : ||r|| = 0.00135188
Newton iteration  1 : ||r|| = 5.79681e-05, ||r||/||r_0|| = 0.0428797
Newton iteration  2 : ||r|| = 4.12025e-10, ||r||/||r_0|| = 3.0478e-07
Newton iteration  3 : ||r|| = 1.25515e-13, ||r||/||r_0|| = 9.2845e-11
Newton iteration  0 : ||r|| = 0.00263584
Newton iteration  1 : ||r|| = 7.7681e-05, ||r||/||r_0|| = 0.029471
Newton iteration  2 : ||r|| = 3.65838e-09, ||r||/||r_0|| = 1.38793e-06
Newton iteration  3 : ||r|| = 1.49739e-13, ||r||/||r_0|| = 5.68087e-11
step 98, t = 294, EE = 0.0124972, KE = 0.000290531, ΔTE = -0.0195932
Newton iteration  0 : ||r|| = 0.00126925
Newton iteration  1 : ||r|| = 7.47488e-05, ||r||/||r_0|| = 0.0588919
Newton iteration  2 : ||r|| = 1.27073e-09, ||r||/||r_0|| = 1.00116e-06
Newton iteration  3 : ||r|| = 1.3395e-13, ||r||/||r_0|| = 1.05534e-10
Newton iteration  0 : ||r|| = 0.00111005
Newton iteration  1 : ||r|| = 5.89449e-05, ||r||/||r_0|| = 0.0531011
Newton iteration  2 : ||r|| = 5.81558e-10, ||r||/||r_0|| = 5.23902e-07
Newton iteration  3 : ||r|| = 1.2047e-13, ||r||/||r_0|| = 1.08527e-10
Newton iteration  0 : ||r|| = 0.00197854
Newton iteration  1 : ||r|| = 5.30098e-05, ||r||/||r_0|| = 0.0267924
Newton iteration  2 : ||r|| = 8.64724e-10, ||r||/||r_0|| = 4.37051e-07
Newton iteration  3 : ||r|| = 1.26984e-13, ||r||/||r_0|| = 6.41808e-11
step 99, t = 297, EE = 0.0122453, KE = 0.000526822, ΔTE = -0.0196089
Newton iteration  0 : ||r|| = 0.00081435
Newton iteration  1 : ||r|| = 2.55017e-05, ||r||/||r_0|| = 0.0313154
Newton iteration  2 : ||r|| = 1.08507e-10, ||r||/||r_0|| = 1.33243e-07
Newton iteration  3 : ||r|| = 1.22538e-13, ||r||/||r_0|| = 1.50473e-10
Newton iteration  0 : ||r|| = 0.000902905
Newton iteration  1 : ||r|| = 1.47777e-05, ||r||/||r_0|| = 0.0163668
Newton iteration  2 : ||r|| = 7.498e-11, ||r||/||r_0|| = 8.3043e-08
Newton iteration  3 : ||r|| = 1.27096e-13, ||r||/||r_0|| = 1.40764e-10
Newton iteration  0 : ||r|| = 0.00342847
Newton iteration  1 : ||r|| = 1.61604e-05, ||r||/||r_0|| = 0.00471359
Newton iteration  2 : ||r|| = 8.77325e-10, ||r||/||r_0|| = 2.55894e-07
Newton iteration  3 : ||r|| = 1.35179e-13, ||r||/||r_0|| = 3.94284e-11
step 100, t = 300, EE = 0.0119584, KE = 0.000784203, ΔTE = -0.0196383
