Options used:
   --mesh /home/quan/mfem410_ser/data/star.mesh
   --refine -1
   --order 1
   --sigma -1
   --kappa 4
   --eta 0
   --no-partial-assembly
   --no-visualization
   --device cpu
Device configuration: cpu
Memory configuration: host-std
Number of unknowns: 81920
   Iteration :   0  (B r, r) = 0.000121033
   Iteration :   1  (B r, r) = 0.00246357
   Iteration :   2  (B r, r) = 0.00600283
   Iteration :   3  (B r, r) = 0.00516546
   Iteration :   4  (B r, r) = 0.00511174
   Iteration :   5  (B r, r) = 0.00507605
   Iteration :   6  (B r, r) = 0.00477903
   Iteration :   7  (B r, r) = 0.00476753
   Iteration :   8  (B r, r) = 0.00465872
   Iteration :   9  (B r, r) = 0.00451043
   Iteration :  10  (B r, r) = 0.00449938
   Iteration :  11  (B r, r) = 0.00401053
   Iteration :  12  (B r, r) = 0.00414563
   Iteration :  13  (B r, r) = 0.00413978
   Iteration :  14  (B r, r) = 0.00379397
   Iteration :  15  (B r, r) = 0.00389921
   Iteration :  16  (B r, r) = 0.00369326
   Iteration :  17  (B r, r) = 0.00351499
   Iteration :  18  (B r, r) = 0.00348337
   Iteration :  19  (B r, r) = 0.00337992
   Iteration :  20  (B r, r) = 0.00337366
   Iteration :  21  (B r, r) = 0.00300304
   Iteration :  22  (B r, r) = 0.00316098
   Iteration :  23  (B r, r) = 0.00290811
   Iteration :  24  (B r, r) = 0.0028823
   Iteration :  25  (B r, r) = 0.00299725
   Iteration :  26  (B r, r) = 0.00275508
   Iteration :  27  (B r, r) = 0.00273038
   Iteration :  28  (B r, r) = 0.00261458
   Iteration :  29  (B r, r) = 0.00245773
   Iteration :  30  (B r, r) = 0.00244437
   Iteration :  31  (B r, r) = 0.00244936
   Iteration :  32  (B r, r) = 0.0022937
   Iteration :  33  (B r, r) = 0.00222296
   Iteration :  34  (B r, r) = 0.00214165
   Iteration :  35  (B r, r) = 0.00209119
   Iteration :  36  (B r, r) = 0.00203167
   Iteration :  37  (B r, r) = 0.00199863
   Iteration :  38  (B r, r) = 0.0019812
   Iteration :  39  (B r, r) = 0.00182039
   Iteration :  40  (B r, r) = 0.00180312
   Iteration :  41  (B r, r) = 0.00176066
   Iteration :  42  (B r, r) = 0.00162429
   Iteration :  43  (B r, r) = 0.00168508
   Iteration :  44  (B r, r) = 0.00159055
   Iteration :  45  (B r, r) = 0.00150024
   Iteration :  46  (B r, r) = 0.00154683
   Iteration :  47  (B r, r) = 0.0014266
   Iteration :  48  (B r, r) = 0.00135042
   Iteration :  49  (B r, r) = 0.00142145
   Iteration :  50  (B r, r) = 0.00131274
   Iteration :  51  (B r, r) = 0.00123831
   Iteration :  52  (B r, r) = 0.00125964
   Iteration :  53  (B r, r) = 0.00114832
   Iteration :  54  (B r, r) = 0.00110955
   Iteration :  55  (B r, r) = 0.00108765
   Iteration :  56  (B r, r) = 0.000995551
   Iteration :  57  (B r, r) = 0.000974006
   Iteration :  58  (B r, r) = 0.00095274
   Iteration :  59  (B r, r) = 0.000870096
   Iteration :  60  (B r, r) = 0.00082329
   Iteration :  61  (B r, r) = 0.000805516
   Iteration :  62  (B r, r) = 0.000734556
   Iteration :  63  (B r, r) = 0.000708996
   Iteration :  64  (B r, r) = 0.000687383
   Iteration :  65  (B r, r) = 0.000637932
   Iteration :  66  (B r, r) = 0.000600293
   Iteration :  67  (B r, r) = 0.000573937
   Iteration :  68  (B r, r) = 0.000529861
   Iteration :  69  (B r, r) = 0.000510408
   Iteration :  70  (B r, r) = 0.000489899
   Iteration :  71  (B r, r) = 0.00044118
   Iteration :  72  (B r, r) = 0.000401276
   Iteration :  73  (B r, r) = 0.000390902
   Iteration :  74  (B r, r) = 0.00034799
   Iteration :  75  (B r, r) = 0.000330605
   Iteration :  76  (B r, r) = 0.000317494
   Iteration :  77  (B r, r) = 0.000281982
   Iteration :  78  (B r, r) = 0.000260553
   Iteration :  79  (B r, r) = 0.000241768
   Iteration :  80  (B r, r) = 0.000213714
   Iteration :  81  (B r, r) = 0.000201328
   Iteration :  82  (B r, r) = 0.000187814
   Iteration :  83  (B r, r) = 0.00016205
   Iteration :  84  (B r, r) = 0.000144816
   Iteration :  85  (B r, r) = 0.000131337
   Iteration :  86  (B r, r) = 0.000112472
   Iteration :  87  (B r, r) = 0.00010271
   Iteration :  88  (B r, r) = 9.18022e-05
   Iteration :  89  (B r, r) = 7.4837e-05
   Iteration :  90  (B r, r) = 6.37124e-05
   Iteration :  91  (B r, r) = 5.96313e-05
   Iteration :  92  (B r, r) = 4.91824e-05
   Iteration :  93  (B r, r) = 2.84448e-05
   Iteration :  94  (B r, r) = 1.97513e-05
   Iteration :  95  (B r, r) = 2.93324e-05
   Iteration :  96  (B r, r) = 5.0182e-05
   Iteration :  97  (B r, r) = 5.05871e-05
   Iteration :  98  (B r, r) = 5.43006e-05
   Iteration :  99  (B r, r) = 4.90956e-05
   Iteration : 100  (B r, r) = 4.15717e-05
   Iteration : 101  (B r, r) = 3.92488e-05
   Iteration : 102  (B r, r) = 3.08333e-05
   Iteration : 103  (B r, r) = 2.96313e-05
   Iteration : 104  (B r, r) = 2.3882e-05
   Iteration : 105  (B r, r) = 2.03434e-05
   Iteration : 106  (B r, r) = 1.7479e-05
   Iteration : 107  (B r, r) = 1.47585e-05
   Iteration : 108  (B r, r) = 1.37832e-05
   Iteration : 109  (B r, r) = 1.14775e-05
   Iteration : 110  (B r, r) = 1.0606e-05
   Iteration : 111  (B r, r) = 8.34363e-06
   Iteration : 112  (B r, r) = 7.75649e-06
   Iteration : 113  (B r, r) = 6.60709e-06
   Iteration : 114  (B r, r) = 5.73643e-06
   Iteration : 115  (B r, r) = 4.76866e-06
   Iteration : 116  (B r, r) = 4.04225e-06
   Iteration : 117  (B r, r) = 3.33597e-06
   Iteration : 118  (B r, r) = 2.96648e-06
   Iteration : 119  (B r, r) = 2.45596e-06
   Iteration : 120  (B r, r) = 2.18267e-06
   Iteration : 121  (B r, r) = 1.67919e-06
   Iteration : 122  (B r, r) = 1.41181e-06
   Iteration : 123  (B r, r) = 1.11174e-06
   Iteration : 124  (B r, r) = 9.09981e-07
   Iteration : 125  (B r, r) = 6.93775e-07
   Iteration : 126  (B r, r) = 5.71575e-07
   Iteration : 127  (B r, r) = 4.17512e-07
   Iteration : 128  (B r, r) = 3.25368e-07
   Iteration : 129  (B r, r) = 2.60711e-07
   Iteration : 130  (B r, r) = 2.20885e-07
   Iteration : 131  (B r, r) = 1.87718e-07
   Iteration : 132  (B r, r) = 1.62638e-07
   Iteration : 133  (B r, r) = 1.35204e-07
   Iteration : 134  (B r, r) = 1.13093e-07
   Iteration : 135  (B r, r) = 9.89153e-08
   Iteration : 136  (B r, r) = 8.46941e-08
   Iteration : 137  (B r, r) = 6.92807e-08
   Iteration : 138  (B r, r) = 5.92351e-08
   Iteration : 139  (B r, r) = 5.10186e-08
   Iteration : 140  (B r, r) = 4.59625e-08
   Iteration : 141  (B r, r) = 4.06288e-08
   Iteration : 142  (B r, r) = 3.52508e-08
   Iteration : 143  (B r, r) = 2.9848e-08
   Iteration : 144  (B r, r) = 2.62691e-08
   Iteration : 145  (B r, r) = 2.34801e-08
   Iteration : 146  (B r, r) = 2.0937e-08
   Iteration : 147  (B r, r) = 2.04046e-08
   Iteration : 148  (B r, r) = 1.98845e-08
   Iteration : 149  (B r, r) = 1.8669e-08
   Iteration : 150  (B r, r) = 1.84614e-08
   Iteration : 151  (B r, r) = 1.6903e-08
   Iteration : 152  (B r, r) = 1.4541e-08
   Iteration : 153  (B r, r) = 1.11455e-08
   Iteration : 154  (B r, r) = 8.01684e-09
   Iteration : 155  (B r, r) = 7.19151e-09
   Iteration : 156  (B r, r) = 6.8687e-09
   Iteration : 157  (B r, r) = 5.67534e-09
   Iteration : 158  (B r, r) = 4.73885e-09
   Iteration : 159  (B r, r) = 4.14682e-09
   Iteration : 160  (B r, r) = 3.52675e-09
   Iteration : 161  (B r, r) = 2.78493e-09
   Iteration : 162  (B r, r) = 2.37054e-09
   Iteration : 163  (B r, r) = 1.95672e-09
   Iteration : 164  (B r, r) = 1.55312e-09
   Iteration : 165  (B r, r) = 1.27942e-09
   Iteration : 166  (B r, r) = 1.01105e-09
   Iteration : 167  (B r, r) = 8.02315e-10
   Iteration : 168  (B r, r) = 6.61881e-10
   Iteration : 169  (B r, r) = 5.47177e-10
   Iteration : 170  (B r, r) = 4.40512e-10
   Iteration : 171  (B r, r) = 3.55118e-10
   Iteration : 172  (B r, r) = 2.86717e-10
   Iteration : 173  (B r, r) = 2.33248e-10
   Iteration : 174  (B r, r) = 1.88696e-10
   Iteration : 175  (B r, r) = 1.59662e-10
   Iteration : 176  (B r, r) = 1.24278e-10
   Iteration : 177  (B r, r) = 1.01113e-10
   Iteration : 178  (B r, r) = 8.31613e-11
   Iteration : 179  (B r, r) = 6.65709e-11
   Iteration : 180  (B r, r) = 5.46424e-11
   Iteration : 181  (B r, r) = 4.84e-11
   Iteration : 182  (B r, r) = 4.20568e-11
   Iteration : 183  (B r, r) = 3.56752e-11
   Iteration : 184  (B r, r) = 3.23401e-11
   Iteration : 185  (B r, r) = 2.67173e-11
   Iteration : 186  (B r, r) = 1.88988e-11
   Iteration : 187  (B r, r) = 1.6255e-11
   Iteration : 188  (B r, r) = 1.73532e-11
   Iteration : 189  (B r, r) = 1.67395e-11
   Iteration : 190  (B r, r) = 1.41576e-11
   Iteration : 191  (B r, r) = 1.26294e-11
   Iteration : 192  (B r, r) = 1.02193e-11
   Iteration : 193  (B r, r) = 7.92765e-12
   Iteration : 194  (B r, r) = 5.86358e-12
   Iteration : 195  (B r, r) = 4.40811e-12
   Iteration : 196  (B r, r) = 3.41206e-12
   Iteration : 197  (B r, r) = 2.66428e-12
   Iteration : 198  (B r, r) = 2.19477e-12
   Iteration : 199  (B r, r) = 1.92585e-12
   Iteration : 200  (B r, r) = 1.57386e-12
   Iteration : 201  (B r, r) = 1.31126e-12
   Iteration : 202  (B r, r) = 1.02908e-12
   Iteration : 203  (B r, r) = 7.9248e-13
   Iteration : 204  (B r, r) = 6.29746e-13
   Iteration : 205  (B r, r) = 4.66578e-13
   Iteration : 206  (B r, r) = 3.62844e-13
   Iteration : 207  (B r, r) = 2.86228e-13
   Iteration : 208  (B r, r) = 2.38709e-13
   Iteration : 209  (B r, r) = 1.92275e-13
   Iteration : 210  (B r, r) = 1.53115e-13
   Iteration : 211  (B r, r) = 1.28421e-13
   Iteration : 212  (B r, r) = 1.14904e-13
   Iteration : 213  (B r, r) = 1.09923e-13
   Iteration : 214  (B r, r) = 1.04202e-13
   Iteration : 215  (B r, r) = 1.04658e-13
   Iteration : 216  (B r, r) = 1.09707e-13
   Iteration : 217  (B r, r) = 1.2586e-13
   Iteration : 218  (B r, r) = 1.44902e-13
   Iteration : 219  (B r, r) = 1.73938e-13
   Iteration : 220  (B r, r) = 2.10554e-13
   Iteration : 221  (B r, r) = 2.46853e-13
   Iteration : 222  (B r, r) = 2.83813e-13
   Iteration : 223  (B r, r) = 3.07029e-13
   Iteration : 224  (B r, r) = 3.23988e-13
   Iteration : 225  (B r, r) = 3.34893e-13
   Iteration : 226  (B r, r) = 3.11662e-13
   Iteration : 227  (B r, r) = 2.84905e-13
   Iteration : 228  (B r, r) = 2.65087e-13
   Iteration : 229  (B r, r) = 2.50617e-13
   Iteration : 230  (B r, r) = 2.5024e-13
   Iteration : 231  (B r, r) = 2.56213e-13
   Iteration : 232  (B r, r) = 2.56173e-13
   Iteration : 233  (B r, r) = 2.80113e-13
   Iteration : 234  (B r, r) = 2.74308e-13
   Iteration : 235  (B r, r) = 2.25117e-13
   Iteration : 236  (B r, r) = 1.91145e-13
   Iteration : 237  (B r, r) = 1.73009e-13
   Iteration : 238  (B r, r) = 1.48605e-13
   Iteration : 239  (B r, r) = 1.35723e-13
   Iteration : 240  (B r, r) = 1.18496e-13
   Iteration : 241  (B r, r) = 1.04203e-13
   Iteration : 242  (B r, r) = 8.82118e-14
   Iteration : 243  (B r, r) = 6.95711e-14
   Iteration : 244  (B r, r) = 5.77921e-14
   Iteration : 245  (B r, r) = 5.50896e-14
   Iteration : 246  (B r, r) = 5.26932e-14
   Iteration : 247  (B r, r) = 4.72933e-14
   Iteration : 248  (B r, r) = 4.10947e-14
   Iteration : 249  (B r, r) = 3.52197e-14
   Iteration : 250  (B r, r) = 3.16081e-14
   Iteration : 251  (B r, r) = 2.73275e-14
   Iteration : 252  (B r, r) = 2.39792e-14
   Iteration : 253  (B r, r) = 2.14387e-14
   Iteration : 254  (B r, r) = 1.881e-14
   Iteration : 255  (B r, r) = 1.63973e-14
   Iteration : 256  (B r, r) = 1.48741e-14
   Iteration : 257  (B r, r) = 1.33329e-14
   Iteration : 258  (B r, r) = 1.19585e-14
   Iteration : 259  (B r, r) = 1.17303e-14
   Iteration : 260  (B r, r) = 1.13284e-14
   Iteration : 261  (B r, r) = 1.12933e-14
   Iteration : 262  (B r, r) = 1.16991e-14
   Iteration : 263  (B r, r) = 1.1818e-14
   Iteration : 264  (B r, r) = 1.11693e-14
   Iteration : 265  (B r, r) = 1.10276e-14
   Iteration : 266  (B r, r) = 1.0811e-14
   Iteration : 267  (B r, r) = 9.69532e-15
   Iteration : 268  (B r, r) = 8.47725e-15
   Iteration : 269  (B r, r) = 6.88776e-15
   Iteration : 270  (B r, r) = 5.58854e-15
   Iteration : 271  (B r, r) = 4.5507e-15
   Iteration : 272  (B r, r) = 3.26297e-15
   Iteration : 273  (B r, r) = 2.52994e-15
   Iteration : 274  (B r, r) = 1.9245e-15
   Iteration : 275  (B r, r) = 1.46054e-15
   Iteration : 276  (B r, r) = 1.31899e-15
   Iteration : 277  (B r, r) = 1.19292e-15
   Iteration : 278  (B r, r) = 1.08107e-15
   Iteration : 279  (B r, r) = 9.78364e-16
   Iteration : 280  (B r, r) = 9.18676e-16
   Iteration : 281  (B r, r) = 7.93026e-16
   Iteration : 282  (B r, r) = 6.16632e-16
   Iteration : 283  (B r, r) = 4.67626e-16
   Iteration : 284  (B r, r) = 3.89931e-16
   Iteration : 285  (B r, r) = 3.44942e-16
   Iteration : 286  (B r, r) = 3.04702e-16
   Iteration : 287  (B r, r) = 2.78973e-16
   Iteration : 288  (B r, r) = 2.44488e-16
   Iteration : 289  (B r, r) = 2.42907e-16
   Iteration : 290  (B r, r) = 2.32563e-16
   Iteration : 291  (B r, r) = 2.24633e-16
   Iteration : 292  (B r, r) = 2.32623e-16
   Iteration : 293  (B r, r) = 2.47822e-16
   Iteration : 294  (B r, r) = 2.67785e-16
   Iteration : 295  (B r, r) = 3.03085e-16
   Iteration : 296  (B r, r) = 3.21957e-16
   Iteration : 297  (B r, r) = 3.40383e-16
   Iteration : 298  (B r, r) = 3.58711e-16
   Iteration : 299  (B r, r) = 3.70772e-16
   Iteration : 300  (B r, r) = 3.79236e-16
   Iteration : 301  (B r, r) = 3.74767e-16
   Iteration : 302  (B r, r) = 3.52678e-16
   Iteration : 303  (B r, r) = 3.1214e-16
   Iteration : 304  (B r, r) = 2.67049e-16
   Iteration : 305  (B r, r) = 2.11358e-16
   Iteration : 306  (B r, r) = 1.68107e-16
   Iteration : 307  (B r, r) = 1.35084e-16
   Iteration : 308  (B r, r) = 1.14104e-16
Average reduction factor = 0.956044
