Options used:
   --mesh-type 4
   --mesh-order 3
   --refine 0
   --order 3
   --no-static-condensation
   --no-visualization
Number of finite element unknowns: 48
Size of linear system: 48
   Iteration :   0  (B r, r) = 0.910067
   Iteration :   1  (B r, r) = 0.0288842
   Iteration :   2  (B r, r) = 0.000165411
   Iteration :   3  (B r, r) = 1.41176e-06
   Iteration :   4  (B r, r) = 1.12383e-08
   Iteration :   5  (B r, r) = 1.94137e-10
   Iteration :   6  (B r, r) = 1.22519e-12
   Iteration :   7  (B r, r) = 5.89522e-15
Average reduction factor = 0.0969461
|u - u_h|_2 = 0.00138643
|f - f_h|_2 = 0.00797749
