Options used:
   --mesh /home/quan/mfem410_ser/data/star.mesh
   --order 1
   --no-partial-assembly
   --device cpu
   --no-visualization
Device configuration: cpu
Memory configuration: host-std
***********************************************************
dim(R) = 41280
dim(W) = 20480
dim(R+W) = 61760
***********************************************************
MINRES: iteration   0: ||r||_B = 59.8979
MINRES: iteration   1: ||r||_B = 40.9717
MINRES: iteration   2: ||r||_B = 30.1814
MINRES: iteration   3: ||r||_B = 13.8522
MINRES: iteration   4: ||r||_B = 13.8151
MINRES: iteration   5: ||r||_B = 7.88953
MINRES: iteration   6: ||r||_B = 7.53609
MINRES: iteration   7: ||r||_B = 5.40797
MINRES: iteration   8: ||r||_B = 4.6406
MINRES: iteration   9: ||r||_B = 4.09057
MINRES: iteration  10: ||r||_B = 3.19132
MINRES: iteration  11: ||r||_B = 3.0648
MINRES: iteration  12: ||r||_B = 2.39035
MINRES: iteration  13: ||r||_B = 2.38802
MINRES: iteration  14: ||r||_B = 1.92306
MINRES: iteration  15: ||r||_B = 1.89681
MINRES: iteration  16: ||r||_B = 1.66224
MINRES: iteration  17: ||r||_B = 1.55286
MINRES: iteration  18: ||r||_B = 1.48249
MINRES: iteration  19: ||r||_B = 1.31627
MINRES: iteration  20: ||r||_B = 1.31595
MINRES: iteration  21: ||r||_B = 1.17134
MINRES: iteration  22: ||r||_B = 1.1387
MINRES: iteration  23: ||r||_B = 1.07397
MINRES: iteration  24: ||r||_B = 0.985047
MINRES: iteration  25: ||r||_B = 0.977014
MINRES: iteration  26: ||r||_B = 0.880066
MINRES: iteration  27: ||r||_B = 0.875493
MINRES: iteration  28: ||r||_B = 0.81795
MINRES: iteration  29: ||r||_B = 0.775623
MINRES: iteration  30: ||r||_B = 0.75974
MINRES: iteration  31: ||r||_B = 0.694966
MINRES: iteration  32: ||r||_B = 0.694857
MINRES: iteration  33: ||r||_B = 0.643597
MINRES: iteration  34: ||r||_B = 0.62859
MINRES: iteration  35: ||r||_B = 0.608109
MINRES: iteration  36: ||r||_B = 0.570954
MINRES: iteration  37: ||r||_B = 0.570493
MINRES: iteration  38: ||r||_B = 0.529711
MINRES: iteration  39: ||r||_B = 0.524415
MINRES: iteration  40: ||r||_B = 0.500097
MINRES: iteration  41: ||r||_B = 0.477642
MINRES: iteration  42: ||r||_B = 0.473503
MINRES: iteration  43: ||r||_B = 0.442571
MINRES: iteration  44: ||r||_B = 0.4418
MINRES: iteration  45: ||r||_B = 0.419935
MINRES: iteration  46: ||r||_B = 0.406831
MINRES: iteration  47: ||r||_B = 0.400063
MINRES: iteration  48: ||r||_B = 0.377004
MINRES: iteration  49: ||r||_B = 0.376951
MINRES: iteration  50: ||r||_B = 0.354287
MINRES: iteration  51: ||r||_B = 0.349415
MINRES: iteration  52: ||r||_B = 0.339848
MINRES: iteration  53: ||r||_B = 0.325553
MINRES: iteration  54: ||r||_B = 0.324767
MINRES: iteration  55: ||r||_B = 0.306038
MINRES: iteration  56: ||r||_B = 0.304843
MINRES: iteration  57: ||r||_B = 0.292553
MINRES: iteration  58: ||r||_B = 0.284371
MINRES: iteration  59: ||r||_B = 0.281356
MINRES: iteration  60: ||r||_B = 0.266836
MINRES: iteration  61: ||r||_B = 0.266708
MINRES: iteration  62: ||r||_B = 0.254675
MINRES: iteration  63: ||r||_B = 0.250113
MINRES: iteration  64: ||r||_B = 0.245164
MINRES: iteration  65: ||r||_B = 0.235161
MINRES: iteration  66: ||r||_B = 0.234979
MINRES: iteration  67: ||r||_B = 0.223786
MINRES: iteration  68: ||r||_B = 0.221977
MINRES: iteration  69: ||r||_B = 0.215913
MINRES: iteration  70: ||r||_B = 0.208914
MINRES: iteration  71: ||r||_B = 0.208003
MINRES: iteration  72: ||r||_B = 0.198391
MINRES: iteration  73: ||r||_B = 0.198015
MINRES: iteration  74: ||r||_B = 0.191333
MINRES: iteration  75: ||r||_B = 0.187409
MINRES: iteration  76: ||r||_B = 0.185308
MINRES: iteration  77: ||r||_B = 0.17763
MINRES: iteration  78: ||r||_B = 0.177629
MINRES: iteration  79: ||r||_B = 0.170259
MINRES: iteration  80: ||r||_B = 0.168343
MINRES: iteration  81: ||r||_B = 0.165171
MINRES: iteration  82: ||r||_B = 0.159902
MINRES: iteration  83: ||r||_B = 0.15967
MINRES: iteration  84: ||r||_B = 0.152619
MINRES: iteration  85: ||r||_B = 0.15201
MINRES: iteration  86: ||r||_B = 0.14808
MINRES: iteration  87: ||r||_B = 0.144523
MINRES: iteration  88: ||r||_B = 0.143673
MINRES: iteration  89: ||r||_B = 0.137579
MINRES: iteration  90: ||r||_B = 0.137528
MINRES: iteration  91: ||r||_B = 0.133022
MINRES: iteration  92: ||r||_B = 0.131115
MINRES: iteration  93: ||r||_B = 0.129545
MINRES: iteration  94: ||r||_B = 0.124923
MINRES: iteration  95: ||r||_B = 0.124893
MINRES: iteration  96: ||r||_B = 0.120145
MINRES: iteration  97: ||r||_B = 0.119328
MINRES: iteration  98: ||r||_B = 0.116881
MINRES: iteration  99: ||r||_B = 0.113745
MINRES: iteration 100: ||r||_B = 0.113432
MINRES: iteration 101: ||r||_B = 0.109113
MINRES: iteration 102: ||r||_B = 0.108889
MINRES: iteration 103: ||r||_B = 0.105897
MINRES: iteration 104: ||r||_B = 0.10399
MINRES: iteration 105: ||r||_B = 0.103147
MINRES: iteration 106: ||r||_B = 0.099593
MINRES: iteration 107: ||r||_B = 0.0995907
MINRES: iteration 108: ||r||_B = 0.0964178
MINRES: iteration 109: ||r||_B = 0.0954154
MINRES: iteration 110: ||r||_B = 0.0940408
MINRES: iteration 111: ||r||_B = 0.0912894
MINRES: iteration 112: ||r||_B = 0.0911758
MINRES: iteration 113: ||r||_B = 0.0880703
MINRES: iteration 114: ||r||_B = 0.0877152
MINRES: iteration 115: ||r||_B = 0.0858303
MINRES: iteration 116: ||r||_B = 0.0839611
MINRES: iteration 117: ||r||_B = 0.083546
MINRES: iteration 118: ||r||_B = 0.080746
MINRES: iteration 119: ||r||_B = 0.0806911
MINRES: iteration 120: ||r||_B = 0.0784814
MINRES: iteration 121: ||r||_B = 0.0774873
MINRES: iteration 122: ||r||_B = 0.0766517
MINRES: iteration 123: ||r||_B = 0.0744249
MINRES: iteration 124: ||r||_B = 0.0744187
MINRES: iteration 125: ||r||_B = 0.0720646
MINRES: iteration 126: ||r||_B = 0.0716047
MINRES: iteration 127: ||r||_B = 0.070354
MINRES: iteration 128: ||r||_B = 0.0687258
MINRES: iteration 129: ||r||_B = 0.0685848
MINRES: iteration 130: ||r||_B = 0.0664029
MINRES: iteration 131: ||r||_B = 0.0662527
MINRES: iteration 132: ||r||_B = 0.0647351
MINRES: iteration 133: ||r||_B = 0.0636618
MINRES: iteration 134: ||r||_B = 0.0632611
MINRES: iteration 135: ||r||_B = 0.0613482
MINRES: iteration 136: ||r||_B = 0.061341
MINRES: iteration 137: ||r||_B = 0.0596653
MINRES: iteration 138: ||r||_B = 0.0590846
MINRES: iteration 139: ||r||_B = 0.0584133
MINRES: iteration 140: ||r||_B = 0.0569592
MINRES: iteration 141: ||r||_B = 0.056917
MINRES: iteration 142: ||r||_B = 0.0552828
MINRES: iteration 143: ||r||_B = 0.0550822
MINRES: iteration 144: ||r||_B = 0.0541233
MINRES: iteration 145: ||r||_B = 0.0531325
MINRES: iteration 146: ||r||_B = 0.0529029
MINRES: iteration 147: ||r||_B = 0.0512156
MINRES: iteration 148: ||r||_B = 0.0511882
MINRES: iteration 149: ||r||_B = 0.0496701
MINRES: iteration 150: ||r||_B = 0.0489747
MINRES: iteration 151: ||r||_B = 0.0484401
MINRES: iteration 152: ||r||_B = 0.0467535
MINRES: iteration 153: ||r||_B = 0.0467527
MINRES: iteration 154: ||r||_B = 0.0450585
MINRES: iteration 155: ||r||_B = 0.0446975
MINRES: iteration 156: ||r||_B = 0.0439346
MINRES: iteration 157: ||r||_B = 0.042772
MINRES: iteration 158: ||r||_B = 0.0426866
MINRES: iteration 159: ||r||_B = 0.0411403
MINRES: iteration 160: ||r||_B = 0.041029
MINRES: iteration 161: ||r||_B = 0.0400253
MINRES: iteration 162: ||r||_B = 0.039243
MINRES: iteration 163: ||r||_B = 0.0390052
MINRES: iteration 164: ||r||_B = 0.0376991
MINRES: iteration 165: ||r||_B = 0.0376837
MINRES: iteration 166: ||r||_B = 0.0365825
MINRES: iteration 167: ||r||_B = 0.0361722
MINRES: iteration 168: ||r||_B = 0.0357171
MINRES: iteration 169: ||r||_B = 0.0346764
MINRES: iteration 170: ||r||_B = 0.0346637
MINRES: iteration 171: ||r||_B = 0.0335006
MINRES: iteration 172: ||r||_B = 0.033327
MINRES: iteration 173: ||r||_B = 0.0326776
MINRES: iteration 174: ||r||_B = 0.0319423
MINRES: iteration 175: ||r||_B = 0.031833
MINRES: iteration 176: ||r||_B = 0.0307331
MINRES: iteration 177: ||r||_B = 0.0306911
MINRES: iteration 178: ||r||_B = 0.0298862
MINRES: iteration 179: ||r||_B = 0.0294196
MINRES: iteration 180: ||r||_B = 0.0291696
MINRES: iteration 181: ||r||_B = 0.0282038
MINRES: iteration 182: ||r||_B = 0.0282038
MINRES: iteration 183: ||r||_B = 0.0272543
MINRES: iteration 184: ||r||_B = 0.0270122
MINRES: iteration 185: ||r||_B = 0.0265852
MINRES: iteration 186: ||r||_B = 0.0258312
MINRES: iteration 187: ||r||_B = 0.0257883
MINRES: iteration 188: ||r||_B = 0.0248166
MINRES: iteration 189: ||r||_B = 0.02474
MINRES: iteration 190: ||r||_B = 0.0241255
MINRES: iteration 191: ||r||_B = 0.0235944
MINRES: iteration 192: ||r||_B = 0.0234473
MINRES: iteration 193: ||r||_B = 0.0225561
MINRES: iteration 194: ||r||_B = 0.0225485
MINRES: iteration 195: ||r||_B = 0.0217873
MINRES: iteration 196: ||r||_B = 0.0214798
MINRES: iteration 197: ||r||_B = 0.0211612
MINRES: iteration 198: ||r||_B = 0.0204119
MINRES: iteration 199: ||r||_B = 0.0204038
MINRES: iteration 200: ||r||_B = 0.0195641
MINRES: iteration 201: ||r||_B = 0.019425
MINRES: iteration 202: ||r||_B = 0.0189532
MINRES: iteration 203: ||r||_B = 0.0183741
MINRES: iteration 204: ||r||_B = 0.0182987
MINRES: iteration 205: ||r||_B = 0.0174544
MINRES: iteration 206: ||r||_B = 0.0174194
MINRES: iteration 207: ||r||_B = 0.0167979
MINRES: iteration 208: ||r||_B = 0.0163982
MINRES: iteration 209: ||r||_B = 0.0162116
MINRES: iteration 210: ||r||_B = 0.0154586
MINRES: iteration 211: ||r||_B = 0.0154584
MINRES: iteration 212: ||r||_B = 0.0147639
MINRES: iteration 213: ||r||_B = 0.0145514
MINRES: iteration 214: ||r||_B = 0.0142342
MINRES: iteration 215: ||r||_B = 0.0136624
MINRES: iteration 216: ||r||_B = 0.0136436
MINRES: iteration 217: ||r||_B = 0.012968
MINRES: iteration 218: ||r||_B = 0.012889
MINRES: iteration 219: ||r||_B = 0.0124809
MINRES: iteration 220: ||r||_B = 0.0121128
MINRES: iteration 221: ||r||_B = 0.0120351
MINRES: iteration 222: ||r||_B = 0.0114481
MINRES: iteration 223: ||r||_B = 0.0114342
MINRES: iteration 224: ||r||_B = 0.0109779
MINRES: iteration 225: ||r||_B = 0.0107687
MINRES: iteration 226: ||r||_B = 0.0106194
MINRES: iteration 227: ||r||_B = 0.0101709
MINRES: iteration 228: ||r||_B = 0.01017
MINRES: iteration 229: ||r||_B = 0.00972284
MINRES: iteration 230: ||r||_B = 0.0096265
MINRES: iteration 231: ||r||_B = 0.00941625
MINRES: iteration 232: ||r||_B = 0.00910687
MINRES: iteration 233: ||r||_B = 0.00908403
MINRES: iteration 234: ||r||_B = 0.00869394
MINRES: iteration 235: ||r||_B = 0.00866691
MINRES: iteration 236: ||r||_B = 0.00842026
MINRES: iteration 237: ||r||_B = 0.0082452
MINRES: iteration 238: ||r||_B = 0.00818107
MINRES: iteration 239: ||r||_B = 0.00787237
MINRES: iteration 240: ||r||_B = 0.00787132
MINRES: iteration 241: ||r||_B = 0.00759955
MINRES: iteration 242: ||r||_B = 0.007515
MINRES: iteration 243: ||r||_B = 0.00740043
MINRES: iteration 244: ||r||_B = 0.00717082
MINRES: iteration 245: ||r||_B = 0.00716427
MINRES: iteration 246: ||r||_B = 0.00689051
MINRES: iteration 247: ||r||_B = 0.00685448
MINRES: iteration 248: ||r||_B = 0.00670085
MINRES: iteration 249: ||r||_B = 0.00653424
MINRES: iteration 250: ||r||_B = 0.00651054
MINRES: iteration 251: ||r||_B = 0.00626466
MINRES: iteration 252: ||r||_B = 0.00625368
MINRES: iteration 253: ||r||_B = 0.00607283
MINRES: iteration 254: ||r||_B = 0.00596063
MINRES: iteration 255: ||r||_B = 0.00590642
MINRES: iteration 256: ||r||_B = 0.00568642
MINRES: iteration 257: ||r||_B = 0.00568639
MINRES: iteration 258: ||r||_B = 0.00547438
MINRES: iteration 259: ||r||_B = 0.00541807
MINRES: iteration 260: ||r||_B = 0.00531799
MINRES: iteration 261: ||r||_B = 0.00515753
MINRES: iteration 262: ||r||_B = 0.0051476
MINRES: iteration 263: ||r||_B = 0.00494373
MINRES: iteration 264: ||r||_B = 0.00492575
MINRES: iteration 265: ||r||_B = 0.00479064
MINRES: iteration 266: ||r||_B = 0.00468714
MINRES: iteration 267: ||r||_B = 0.00465307
MINRES: iteration 268: ||r||_B = 0.00447055
MINRES: iteration 269: ||r||_B = 0.00446861
MINRES: iteration 270: ||r||_B = 0.00430958
MINRES: iteration 271: ||r||_B = 0.00424897
MINRES: iteration 272: ||r||_B = 0.00418789
MINRES: iteration 273: ||r||_B = 0.00404156
MINRES: iteration 274: ||r||_B = 0.00403938
MINRES: iteration 275: ||r||_B = 0.0038774
MINRES: iteration 276: ||r||_B = 0.00385191
MINRES: iteration 277: ||r||_B = 0.0037639
MINRES: iteration 278: ||r||_B = 0.00366012
MINRES: iteration 279: ||r||_B = 0.00364578
MINRES: iteration 280: ||r||_B = 0.00349649
MINRES: iteration 281: ||r||_B = 0.00349073
MINRES: iteration 282: ||r||_B = 0.00337623
MINRES: iteration 283: ||r||_B = 0.00331263
MINRES: iteration 284: ||r||_B = 0.0032757
MINRES: iteration 285: ||r||_B = 0.00314587
MINRES: iteration 286: ||r||_B = 0.00314587
MINRES: iteration 287: ||r||_B = 0.00301973
MINRES: iteration 288: ||r||_B = 0.00298868
MINRES: iteration 289: ||r||_B = 0.00293305
MINRES: iteration 290: ||r||_B = 0.00284233
MINRES: iteration 291: ||r||_B = 0.0028386
MINRES: iteration 292: ||r||_B = 0.0027258
MINRES: iteration 293: ||r||_B = 0.00271592
MINRES: iteration 294: ||r||_B = 0.00264467
MINRES: iteration 295: ||r||_B = 0.00259107
MINRES: iteration 296: ||r||_B = 0.00257291
MINRES: iteration 297: ||r||_B = 0.00247219
MINRES: iteration 298: ||r||_B = 0.00247172
MINRES: iteration 299: ||r||_B = 0.00236342
MINRES: iteration 300: ||r||_B = 0.00232493
MINRES: iteration 301: ||r||_B = 0.00227178
MINRES: iteration 302: ||r||_B = 0.00215141
MINRES: iteration 303: ||r||_B = 0.00215027
MINRES: iteration 304: ||r||_B = 0.00201369
MINRES: iteration 305: ||r||_B = 0.00198847
MINRES: iteration 306: ||r||_B = 0.0019233
MINRES: iteration 307: ||r||_B = 0.00183812
MINRES: iteration 308: ||r||_B = 0.00182985
MINRES: iteration 309: ||r||_B = 0.0017137
MINRES: iteration 310: ||r||_B = 0.00170736
MINRES: iteration 311: ||r||_B = 0.00162671
MINRES: iteration 312: ||r||_B = 0.00156955
MINRES: iteration 313: ||r||_B = 0.00154916
MINRES: iteration 314: ||r||_B = 0.00144925
MINRES: iteration 315: ||r||_B = 0.00144879
MINRES: iteration 316: ||r||_B = 0.0013692
MINRES: iteration 317: ||r||_B = 0.00134307
MINRES: iteration 318: ||r||_B = 0.00131228
MINRES: iteration 319: ||r||_B = 0.0012478
MINRES: iteration 320: ||r||_B = 0.00124615
MINRES: iteration 321: ||r||_B = 0.00116942
MINRES: iteration 322: ||r||_B = 0.00115896
MINRES: iteration 323: ||r||_B = 0.00111515
MINRES: iteration 324: ||r||_B = 0.00106929
MINRES: iteration 325: ||r||_B = 0.001062
MINRES: iteration 326: ||r||_B = 0.000997654
MINRES: iteration 327: ||r||_B = 0.000995363
MINRES: iteration 328: ||r||_B = 0.00094789
MINRES: iteration 329: ||r||_B = 0.000921647
MINRES: iteration 330: ||r||_B = 0.000904854
MINRES: iteration 331: ||r||_B = 0.000851801
MINRES: iteration 332: ||r||_B = 0.000851772
MINRES: iteration 333: ||r||_B = 0.000800418
MINRES: iteration 334: ||r||_B = 0.000787833
MINRES: iteration 335: ||r||_B = 0.000763201
MINRES: iteration 336: ||r||_B = 0.0007244
MINRES: iteration 337: ||r||_B = 0.000721833
MINRES: iteration 338: ||r||_B = 0.000672681
MINRES: iteration 339: ||r||_B = 0.000668854
MINRES: iteration 340: ||r||_B = 0.000638182
MINRES: iteration 341: ||r||_B = 0.000612803
MINRES: iteration 342: ||r||_B = 0.000605413
MINRES: iteration 343: ||r||_B = 0.000562921
MINRES: iteration 344: ||r||_B = 0.000562729
MINRES: iteration 345: ||r||_B = 0.000527646
MINRES: iteration 346: ||r||_B = 0.000514158
MINRES: iteration 347: ||r||_B = 0.000501483
MINRES: iteration 348: ||r||_B = 0.000469057
MINRES: iteration 349: ||r||_B = 0.000468651
MINRES: iteration 350: ||r||_B = 0.000434279
MINRES: iteration 351: ||r||_B = 0.00042913
MINRES: iteration 352: ||r||_B = 0.000410511
MINRES: iteration 353: ||r||_B = 0.00038759
MINRES: iteration 354: ||r||_B = 0.000385255
MINRES: iteration 355: ||r||_B = 0.000354406
MINRES: iteration 356: ||r||_B = 0.000352872
MINRES: iteration 357: ||r||_B = 0.00033135
MINRES: iteration 358: ||r||_B = 0.000318649
MINRES: iteration 359: ||r||_B = 0.000312314
MINRES: iteration 360: ||r||_B = 0.000288107
MINRES: iteration 361: ||r||_B = 0.000288072
MINRES: iteration 362: ||r||_B = 0.000266275
MINRES: iteration 363: ||r||_B = 0.000259996
MINRES: iteration 364: ||r||_B = 0.00025069
MINRES: iteration 365: ||r||_B = 0.000234312
MINRES: iteration 366: ||r||_B = 0.000233695
MINRES: iteration 367: ||r||_B = 0.000214433
MINRES: iteration 368: ||r||_B = 0.000212201
MINRES: iteration 369: ||r||_B = 0.000201324
MINRES: iteration 370: ||r||_B = 0.000191218
MINRES: iteration 371: ||r||_B = 0.000188965
MINRES: iteration 372: ||r||_B = 0.000173198
MINRES: iteration 373: ||r||_B = 0.000172852
MINRES: iteration 374: ||r||_B = 0.000160399
MINRES: iteration 375: ||r||_B = 0.000154295
MINRES: iteration 376: ||r||_B = 0.000150391
MINRES: iteration 377: ||r||_B = 0.000137948
MINRES: iteration 378: ||r||_B = 0.00013794
MINRES: iteration 379: ||r||_B = 0.00012624
MINRES: iteration 380: ||r||_B = 0.000123481
MINRES: iteration 381: ||r||_B = 0.000118178
MINRES: iteration 382: ||r||_B = 0.000110022
MINRES: iteration 383: ||r||_B = 0.000109593
MINRES: iteration 384: ||r||_B = 9.97319e-05
MINRES: iteration 385: ||r||_B = 9.88833e-05
MINRES: iteration 386: ||r||_B = 9.26419e-05
MINRES: iteration 387: ||r||_B = 8.77625e-05
MINRES: iteration 388: ||r||_B = 8.64599e-05
MINRES: iteration 389: ||r||_B = 7.85485e-05
MINRES: iteration 390: ||r||_B = 7.84542e-05
MINRES: iteration 391: ||r||_B = 7.19644e-05
MINRES: iteration 392: ||r||_B = 6.93926e-05
MINRES: iteration 393: ||r||_B = 6.71892e-05
MINRES: iteration 394: ||r||_B = 6.12766e-05
MINRES: iteration 395: ||r||_B = 6.12544e-05
MINRES: iteration 396: ||r||_B = 5.55236e-05
MINRES converged in 396 iterations with a residual norm of 5.55236e-05.
MINRES solver took 0.814829s.
|| u_h - u_ex || / || u_ex || = 0.000143587
|| p_h - p_ex || / || p_ex || = 3.49368e-05
