Options used:
   --mesh ../data/inline-quad.mesh
   --refine 0
   --order 1
   --problem-type 0
   --stiffness-coef 0
   --mass-coef 1
   --damping-coef 20
   --permeability 1
   --permittivity 1
   --conductivity 20
   --frequency -1
   --hermitian
   --no-visualization
   --no-partial-assembly
   --device cpu
Identified a mesh with known exact solution
Device configuration: cpu
Memory configuration: host-std
Number of finite element unknowns: 25
Size of linear system: 50

   Pass :  1   Iteration :   0  ||B r|| = 0.880836
   Pass :  1   Iteration :   1  ||B r|| = 0.865741
   Pass :  1   Iteration :   2  ||B r|| = 0.488722
   Pass :  1   Iteration :   3  ||B r|| = 0.48803
   Pass :  1   Iteration :   4  ||B r|| = 0.302895
   Pass :  1   Iteration :   5  ||B r|| = 0.302233
   Pass :  1   Iteration :   6  ||B r|| = 0.0731364
   Pass :  1   Iteration :   7  ||B r|| = 0.0626069
   Pass :  1   Iteration :   8  ||B r|| = 0.0239578
   Pass :  1   Iteration :   9  ||B r|| = 0.0210296
   Pass :  1   Iteration :  10  ||B r|| = 1.49548e-15

|| Re (u_h - u) ||_{L^2} = 0.142283
|| Im (u_h - u) ||_{L^2} = 0.142274

