Options used:
   --mesh ../data/beam-tet.mesh
   --order 1
   --frequency 1
   --no-static-condensation
   --no-partial-assembly
   --conforming
   --device cpu
   --no-visualization
Device configuration: cpu
Memory configuration: host-std
Number of finite element unknowns: 32016
Size of linear system: 32016
   Iteration :   0  (B r, r) = 146.402
   Iteration :   1  (B r, r) = 20.8071
   Iteration :   2  (B r, r) = 13.4849
   Iteration :   3  (B r, r) = 9.14611
   Iteration :   4  (B r, r) = 6.95103
   Iteration :   5  (B r, r) = 3.73175
   Iteration :   6  (B r, r) = 2.2432
   Iteration :   7  (B r, r) = 1.86296
   Iteration :   8  (B r, r) = 1.2945
   Iteration :   9  (B r, r) = 1.08904
   Iteration :  10  (B r, r) = 0.66977
   Iteration :  11  (B r, r) = 0.359697
   Iteration :  12  (B r, r) = 0.195567
   Iteration :  13  (B r, r) = 0.135596
   Iteration :  14  (B r, r) = 0.118621
   Iteration :  15  (B r, r) = 0.0849627
   Iteration :  16  (B r, r) = 0.0547488
   Iteration :  17  (B r, r) = 0.0324875
   Iteration :  18  (B r, r) = 0.015124
   Iteration :  19  (B r, r) = 0.00852981
   Iteration :  20  (B r, r) = 0.00660177
   Iteration :  21  (B r, r) = 0.00637063
   Iteration :  22  (B r, r) = 0.006081
   Iteration :  23  (B r, r) = 0.00571799
   Iteration :  24  (B r, r) = 0.00596062
   Iteration :  25  (B r, r) = 0.00709854
   Iteration :  26  (B r, r) = 0.00924694
   Iteration :  27  (B r, r) = 0.00973684
   Iteration :  28  (B r, r) = 0.00860184
   Iteration :  29  (B r, r) = 0.00702267
   Iteration :  30  (B r, r) = 0.00526193
   Iteration :  31  (B r, r) = 0.00469695
   Iteration :  32  (B r, r) = 0.00388587
   Iteration :  33  (B r, r) = 0.00219031
   Iteration :  34  (B r, r) = 0.00118288
   Iteration :  35  (B r, r) = 0.00078598
   Iteration :  36  (B r, r) = 0.000647206
   Iteration :  37  (B r, r) = 0.000580332
   Iteration :  38  (B r, r) = 0.000541166
   Iteration :  39  (B r, r) = 0.000491744
   Iteration :  40  (B r, r) = 0.000451951
   Iteration :  41  (B r, r) = 0.000403023
   Iteration :  42  (B r, r) = 0.000344411
   Iteration :  43  (B r, r) = 0.000320679
   Iteration :  44  (B r, r) = 0.000354782
   Iteration :  45  (B r, r) = 0.000421032
   Iteration :  46  (B r, r) = 0.000391412
   Iteration :  47  (B r, r) = 0.000351874
   Iteration :  48  (B r, r) = 0.000330139
   Iteration :  49  (B r, r) = 0.000272257
   Iteration :  50  (B r, r) = 0.000205672
   Iteration :  51  (B r, r) = 0.000129095
   Iteration :  52  (B r, r) = 7.72487e-05
   Iteration :  53  (B r, r) = 5.21321e-05
   Iteration :  54  (B r, r) = 3.449e-05
   Iteration :  55  (B r, r) = 2.57438e-05
   Iteration :  56  (B r, r) = 2.22665e-05
   Iteration :  57  (B r, r) = 1.96525e-05
   Iteration :  58  (B r, r) = 1.94431e-05
   Iteration :  59  (B r, r) = 2.04468e-05
   Iteration :  60  (B r, r) = 2.06929e-05
   Iteration :  61  (B r, r) = 1.90407e-05
   Iteration :  62  (B r, r) = 1.85732e-05
   Iteration :  63  (B r, r) = 1.81042e-05
   Iteration :  64  (B r, r) = 1.75749e-05
   Iteration :  65  (B r, r) = 1.63809e-05
   Iteration :  66  (B r, r) = 1.55113e-05
   Iteration :  67  (B r, r) = 1.39901e-05
   Iteration :  68  (B r, r) = 1.1065e-05
   Iteration :  69  (B r, r) = 7.81769e-06
   Iteration :  70  (B r, r) = 5.02393e-06
   Iteration :  71  (B r, r) = 3.31405e-06
   Iteration :  72  (B r, r) = 2.53056e-06
   Iteration :  73  (B r, r) = 2.02856e-06
   Iteration :  74  (B r, r) = 1.55709e-06
   Iteration :  75  (B r, r) = 1.22176e-06
   Iteration :  76  (B r, r) = 9.57497e-07
   Iteration :  77  (B r, r) = 8.99656e-07
   Iteration :  78  (B r, r) = 1.06366e-06
   Iteration :  79  (B r, r) = 1.36961e-06
   Iteration :  80  (B r, r) = 1.46858e-06
   Iteration :  81  (B r, r) = 1.51737e-06
   Iteration :  82  (B r, r) = 1.44796e-06
   Iteration :  83  (B r, r) = 1.14819e-06
   Iteration :  84  (B r, r) = 9.31344e-07
   Iteration :  85  (B r, r) = 8.2896e-07
   Iteration :  86  (B r, r) = 6.48751e-07
   Iteration :  87  (B r, r) = 4.79242e-07
   Iteration :  88  (B r, r) = 3.44402e-07
   Iteration :  89  (B r, r) = 2.06696e-07
   Iteration :  90  (B r, r) = 1.20409e-07
   Iteration :  91  (B r, r) = 7.48392e-08
   Iteration :  92  (B r, r) = 5.83717e-08
   Iteration :  93  (B r, r) = 5.7284e-08
   Iteration :  94  (B r, r) = 6.93655e-08
   Iteration :  95  (B r, r) = 8.27947e-08
   Iteration :  96  (B r, r) = 9.10489e-08
   Iteration :  97  (B r, r) = 1.08559e-07
   Iteration :  98  (B r, r) = 1.13561e-07
   Iteration :  99  (B r, r) = 1.10144e-07
   Iteration : 100  (B r, r) = 9.46899e-08
   Iteration : 101  (B r, r) = 7.09113e-08
   Iteration : 102  (B r, r) = 5.10027e-08
   Iteration : 103  (B r, r) = 3.28676e-08
   Iteration : 104  (B r, r) = 1.93034e-08
   Iteration : 105  (B r, r) = 1.20753e-08
   Iteration : 106  (B r, r) = 8.73e-09
   Iteration : 107  (B r, r) = 6.23504e-09
   Iteration : 108  (B r, r) = 4.74761e-09
   Iteration : 109  (B r, r) = 4.29657e-09
   Iteration : 110  (B r, r) = 4.1984e-09
   Iteration : 111  (B r, r) = 5.35445e-09
   Iteration : 112  (B r, r) = 7.20542e-09
   Iteration : 113  (B r, r) = 8.97684e-09
   Iteration : 114  (B r, r) = 9.38583e-09
   Iteration : 115  (B r, r) = 8.8074e-09
   Iteration : 116  (B r, r) = 6.26093e-09
   Iteration : 117  (B r, r) = 4.04326e-09
   Iteration : 118  (B r, r) = 2.50067e-09
   Iteration : 119  (B r, r) = 1.70983e-09
   Iteration : 120  (B r, r) = 1.17233e-09
   Iteration : 121  (B r, r) = 9.0261e-10
   Iteration : 122  (B r, r) = 7.37945e-10
   Iteration : 123  (B r, r) = 6.14374e-10
   Iteration : 124  (B r, r) = 4.76056e-10
   Iteration : 125  (B r, r) = 3.69777e-10
   Iteration : 126  (B r, r) = 3.24699e-10
   Iteration : 127  (B r, r) = 3.25955e-10
   Iteration : 128  (B r, r) = 3.39277e-10
   Iteration : 129  (B r, r) = 3.54129e-10
   Iteration : 130  (B r, r) = 4.07318e-10
   Iteration : 131  (B r, r) = 4.29195e-10
   Iteration : 132  (B r, r) = 4.60919e-10
   Iteration : 133  (B r, r) = 4.79695e-10
   Iteration : 134  (B r, r) = 3.84492e-10
   Iteration : 135  (B r, r) = 2.31232e-10
   Iteration : 136  (B r, r) = 1.3429e-10
Average reduction factor = 0.903118

|| E_h - E ||_{L^2} = 0.391631

