Options used:
   --mesh /tmp/mfem/build_mpi/../data/star.mesh
   --order 1
   --impose-bc
   --frequency 1
   --no-static-condensation
   --no-hybridization
   --no-partial-assembly
   --no-element-assembly
   --device cpu
   --no-visualization
Device configuration: cpu
Memory configuration: host-std
Number of finite element unknowns: 41280
Size of linear system: 41280
   Iteration :   0  (B r, r) = 102.273
   Iteration :   1  (B r, r) = 14.0586
   Iteration :   2  (B r, r) = 5.57781
   Iteration :   3  (B r, r) = 3.15051
   Iteration :   4  (B r, r) = 2.66514
   Iteration :   5  (B r, r) = 2.13095
   Iteration :   6  (B r, r) = 1.91086
   Iteration :   7  (B r, r) = 1.44095
   Iteration :   8  (B r, r) = 1.23014
   Iteration :   9  (B r, r) = 0.962305
   Iteration :  10  (B r, r) = 0.744292
   Iteration :  11  (B r, r) = 0.559659
   Iteration :  12  (B r, r) = 0.422842
   Iteration :  13  (B r, r) = 0.340777
   Iteration :  14  (B r, r) = 0.260107
   Iteration :  15  (B r, r) = 0.207152
   Iteration :  16  (B r, r) = 0.140331
   Iteration :  17  (B r, r) = 0.112736
   Iteration :  18  (B r, r) = 0.0893901
   Iteration :  19  (B r, r) = 0.0605621
   Iteration :  20  (B r, r) = 0.0509105
   Iteration :  21  (B r, r) = 0.0469033
   Iteration :  22  (B r, r) = 0.0351249
   Iteration :  23  (B r, r) = 0.0334811
   Iteration :  24  (B r, r) = 0.0301054
   Iteration :  25  (B r, r) = 0.0303913
   Iteration :  26  (B r, r) = 0.0280722
   Iteration :  27  (B r, r) = 0.0243022
   Iteration :  28  (B r, r) = 0.0244739
   Iteration :  29  (B r, r) = 0.0206221
   Iteration :  30  (B r, r) = 0.0173684
   Iteration :  31  (B r, r) = 0.0136866
   Iteration :  32  (B r, r) = 0.0110748
   Iteration :  33  (B r, r) = 0.00967858
   Iteration :  34  (B r, r) = 0.00999052
   Iteration :  35  (B r, r) = 0.0103221
   Iteration :  36  (B r, r) = 0.00846817
   Iteration :  37  (B r, r) = 0.0072027
   Iteration :  38  (B r, r) = 0.00608947
   Iteration :  39  (B r, r) = 0.00471419
   Iteration :  40  (B r, r) = 0.00401609
   Iteration :  41  (B r, r) = 0.00338043
   Iteration :  42  (B r, r) = 0.00276942
   Iteration :  43  (B r, r) = 0.00261467
   Iteration :  44  (B r, r) = 0.0024939
   Iteration :  45  (B r, r) = 0.00231827
   Iteration :  46  (B r, r) = 0.00232162
   Iteration :  47  (B r, r) = 0.00237169
   Iteration :  48  (B r, r) = 0.00248709
   Iteration :  49  (B r, r) = 0.00269051
   Iteration :  50  (B r, r) = 0.00284388
   Iteration :  51  (B r, r) = 0.00290823
   Iteration :  52  (B r, r) = 0.00296962
   Iteration :  53  (B r, r) = 0.00288532
   Iteration :  54  (B r, r) = 0.00248894
   Iteration :  55  (B r, r) = 0.00206662
   Iteration :  56  (B r, r) = 0.00170895
   Iteration :  57  (B r, r) = 0.00129226
   Iteration :  58  (B r, r) = 0.000879272
   Iteration :  59  (B r, r) = 0.000673845
   Iteration :  60  (B r, r) = 0.000626349
   Iteration :  61  (B r, r) = 0.000640743
   Iteration :  62  (B r, r) = 0.000785116
   Iteration :  63  (B r, r) = 0.000938989
   Iteration :  64  (B r, r) = 0.000830318
   Iteration :  65  (B r, r) = 0.000704332
   Iteration :  66  (B r, r) = 0.000797835
   Iteration :  67  (B r, r) = 0.00116878
   Iteration :  68  (B r, r) = 0.00146018
   Iteration :  69  (B r, r) = 0.00124804
   Iteration :  70  (B r, r) = 0.00119765
   Iteration :  71  (B r, r) = 0.00157721
   Iteration :  72  (B r, r) = 0.00175256
   Iteration :  73  (B r, r) = 0.00140133
   Iteration :  74  (B r, r) = 0.00176468
   Iteration :  75  (B r, r) = 0.00219218
   Iteration :  76  (B r, r) = 0.00217412
   Iteration :  77  (B r, r) = 0.0020387
   Iteration :  78  (B r, r) = 0.00229931
   Iteration :  79  (B r, r) = 0.00174149
   Iteration :  80  (B r, r) = 0.00133946
   Iteration :  81  (B r, r) = 0.00115293
   Iteration :  82  (B r, r) = 0.000700893
   Iteration :  83  (B r, r) = 0.000543949
   Iteration :  84  (B r, r) = 0.000416657
   Iteration :  85  (B r, r) = 0.000273845
   Iteration :  86  (B r, r) = 0.000193387
   Iteration :  87  (B r, r) = 0.000181751
   Iteration :  88  (B r, r) = 0.000145421
   Iteration :  89  (B r, r) = 0.000155604
   Iteration :  90  (B r, r) = 0.000162104
   Iteration :  91  (B r, r) = 0.000164614
   Iteration :  92  (B r, r) = 0.000164596
   Iteration :  93  (B r, r) = 0.000111001
   Iteration :  94  (B r, r) = 9.22788e-05
   Iteration :  95  (B r, r) = 8.75542e-05
   Iteration :  96  (B r, r) = 9.16303e-05
   Iteration :  97  (B r, r) = 0.000133688
   Iteration :  98  (B r, r) = 0.000136668
   Iteration :  99  (B r, r) = 0.000119679
   Iteration : 100  (B r, r) = 0.000102467
   Iteration : 101  (B r, r) = 9.99649e-05
   Iteration : 102  (B r, r) = 0.000121564
   Iteration : 103  (B r, r) = 0.000111529
   Iteration : 104  (B r, r) = 0.000105944
   Iteration : 105  (B r, r) = 0.000103553
   Iteration : 106  (B r, r) = 0.00012508
   Iteration : 107  (B r, r) = 0.000120924
   Iteration : 108  (B r, r) = 0.000124384
   Iteration : 109  (B r, r) = 0.000145103
   Iteration : 110  (B r, r) = 0.000142377
   Iteration : 111  (B r, r) = 0.000142802
   Iteration : 112  (B r, r) = 0.00015063
   Iteration : 113  (B r, r) = 0.000179571
   Iteration : 114  (B r, r) = 0.000160907
   Iteration : 115  (B r, r) = 0.000153461
   Iteration : 116  (B r, r) = 0.000147543
   Iteration : 117  (B r, r) = 0.000117328
   Iteration : 118  (B r, r) = 9.59625e-05
   Iteration : 119  (B r, r) = 8.11391e-05
   Iteration : 120  (B r, r) = 6.83995e-05
   Iteration : 121  (B r, r) = 6.08394e-05
   Iteration : 122  (B r, r) = 5.83152e-05
   Iteration : 123  (B r, r) = 4.93252e-05
   Iteration : 124  (B r, r) = 4.01004e-05
   Iteration : 125  (B r, r) = 3.49199e-05
   Iteration : 126  (B r, r) = 3.28144e-05
   Iteration : 127  (B r, r) = 3.57722e-05
   Iteration : 128  (B r, r) = 4.39813e-05
   Iteration : 129  (B r, r) = 4.52945e-05
   Iteration : 130  (B r, r) = 3.30668e-05
   Iteration : 131  (B r, r) = 2.66192e-05
   Iteration : 132  (B r, r) = 2.36043e-05
   Iteration : 133  (B r, r) = 2.68078e-05
   Iteration : 134  (B r, r) = 2.6246e-05
   Iteration : 135  (B r, r) = 2.38698e-05
   Iteration : 136  (B r, r) = 2.41168e-05
   Iteration : 137  (B r, r) = 2.56226e-05
   Iteration : 138  (B r, r) = 3.22223e-05
   Iteration : 139  (B r, r) = 4.06899e-05
   Iteration : 140  (B r, r) = 4.73291e-05
   Iteration : 141  (B r, r) = 5.90228e-05
   Iteration : 142  (B r, r) = 6.66254e-05
   Iteration : 143  (B r, r) = 6.49707e-05
   Iteration : 144  (B r, r) = 6.49081e-05
   Iteration : 145  (B r, r) = 6.56545e-05
   Iteration : 146  (B r, r) = 6.48784e-05
   Iteration : 147  (B r, r) = 6.18679e-05
   Iteration : 148  (B r, r) = 5.6744e-05
   Iteration : 149  (B r, r) = 4.93657e-05
   Iteration : 150  (B r, r) = 3.32689e-05
   Iteration : 151  (B r, r) = 1.99481e-05
   Iteration : 152  (B r, r) = 1.13186e-05
   Iteration : 153  (B r, r) = 5.8839e-06
   Iteration : 154  (B r, r) = 3.27512e-06
   Iteration : 155  (B r, r) = 2.15341e-06
   Iteration : 156  (B r, r) = 1.64508e-06
   Iteration : 157  (B r, r) = 1.60662e-06
   Iteration : 158  (B r, r) = 1.90051e-06
   Iteration : 159  (B r, r) = 2.33625e-06
   Iteration : 160  (B r, r) = 3.1829e-06
   Iteration : 161  (B r, r) = 4.5525e-06
   Iteration : 162  (B r, r) = 5.91751e-06
   Iteration : 163  (B r, r) = 8.35651e-06
   Iteration : 164  (B r, r) = 1.23269e-05
   Iteration : 165  (B r, r) = 1.61714e-05
   Iteration : 166  (B r, r) = 1.63971e-05
   Iteration : 167  (B r, r) = 1.47947e-05
   Iteration : 168  (B r, r) = 1.28554e-05
   Iteration : 169  (B r, r) = 1.30427e-05
   Iteration : 170  (B r, r) = 1.26611e-05
   Iteration : 171  (B r, r) = 1.19329e-05
   Iteration : 172  (B r, r) = 1.02181e-05
   Iteration : 173  (B r, r) = 8.03661e-06
   Iteration : 174  (B r, r) = 7.65598e-06
   Iteration : 175  (B r, r) = 7.60395e-06
   Iteration : 176  (B r, r) = 6.16521e-06
   Iteration : 177  (B r, r) = 5.03839e-06
   Iteration : 178  (B r, r) = 4.17605e-06
   Iteration : 179  (B r, r) = 3.72979e-06
   Iteration : 180  (B r, r) = 3.46628e-06
   Iteration : 181  (B r, r) = 2.66212e-06
   Iteration : 182  (B r, r) = 2.22718e-06
   Iteration : 183  (B r, r) = 2.06506e-06
   Iteration : 184  (B r, r) = 1.81549e-06
   Iteration : 185  (B r, r) = 1.59158e-06
   Iteration : 186  (B r, r) = 1.21484e-06
   Iteration : 187  (B r, r) = 9.00648e-07
   Iteration : 188  (B r, r) = 8.15505e-07
   Iteration : 189  (B r, r) = 7.49981e-07
   Iteration : 190  (B r, r) = 8.66239e-07
   Iteration : 191  (B r, r) = 1.16838e-06
   Iteration : 192  (B r, r) = 1.49429e-06
   Iteration : 193  (B r, r) = 1.77722e-06
   Iteration : 194  (B r, r) = 1.75014e-06
   Iteration : 195  (B r, r) = 1.58512e-06
   Iteration : 196  (B r, r) = 1.45318e-06
   Iteration : 197  (B r, r) = 1.35375e-06
   Iteration : 198  (B r, r) = 1.23099e-06
   Iteration : 199  (B r, r) = 8.82691e-07
   Iteration : 200  (B r, r) = 6.09805e-07
   Iteration : 201  (B r, r) = 4.80994e-07
   Iteration : 202  (B r, r) = 4.38295e-07
   Iteration : 203  (B r, r) = 5.54366e-07
   Iteration : 204  (B r, r) = 5.49769e-07
   Iteration : 205  (B r, r) = 5.00843e-07
   Iteration : 206  (B r, r) = 5.00617e-07
   Iteration : 207  (B r, r) = 5.45258e-07
   Iteration : 208  (B r, r) = 5.43975e-07
   Iteration : 209  (B r, r) = 4.79909e-07
   Iteration : 210  (B r, r) = 5.39609e-07
   Iteration : 211  (B r, r) = 6.401e-07
   Iteration : 212  (B r, r) = 7.7573e-07
   Iteration : 213  (B r, r) = 7.89055e-07
   Iteration : 214  (B r, r) = 8.33408e-07
   Iteration : 215  (B r, r) = 8.99991e-07
   Iteration : 216  (B r, r) = 9.37108e-07
   Iteration : 217  (B r, r) = 8.93603e-07
   Iteration : 218  (B r, r) = 8.84236e-07
   Iteration : 219  (B r, r) = 7.36706e-07
   Iteration : 220  (B r, r) = 5.75869e-07
   Iteration : 221  (B r, r) = 4.68953e-07
   Iteration : 222  (B r, r) = 4.37672e-07
   Iteration : 223  (B r, r) = 4.30457e-07
   Iteration : 224  (B r, r) = 4.74177e-07
   Iteration : 225  (B r, r) = 5.69994e-07
   Iteration : 226  (B r, r) = 6.38649e-07
   Iteration : 227  (B r, r) = 6.78691e-07
   Iteration : 228  (B r, r) = 6.57341e-07
   Iteration : 229  (B r, r) = 6.5507e-07
   Iteration : 230  (B r, r) = 7.52616e-07
   Iteration : 231  (B r, r) = 8.71466e-07
   Iteration : 232  (B r, r) = 9.16843e-07
   Iteration : 233  (B r, r) = 8.39739e-07
   Iteration : 234  (B r, r) = 7.277e-07
   Iteration : 235  (B r, r) = 6.10761e-07
   Iteration : 236  (B r, r) = 5.60261e-07
   Iteration : 237  (B r, r) = 4.9881e-07
   Iteration : 238  (B r, r) = 3.76826e-07
   Iteration : 239  (B r, r) = 2.49464e-07
   Iteration : 240  (B r, r) = 1.74668e-07
   Iteration : 241  (B r, r) = 1.16734e-07
   Iteration : 242  (B r, r) = 8.62885e-08
   Iteration : 243  (B r, r) = 7.3735e-08
   Iteration : 244  (B r, r) = 6.25093e-08
   Iteration : 245  (B r, r) = 5.34241e-08
   Iteration : 246  (B r, r) = 4.61992e-08
   Iteration : 247  (B r, r) = 3.78053e-08
   Iteration : 248  (B r, r) = 3.32823e-08
   Iteration : 249  (B r, r) = 3.42847e-08
   Iteration : 250  (B r, r) = 3.80964e-08
   Iteration : 251  (B r, r) = 4.75286e-08
   Iteration : 252  (B r, r) = 5.95974e-08
   Iteration : 253  (B r, r) = 6.8942e-08
   Iteration : 254  (B r, r) = 8.16954e-08
   Iteration : 255  (B r, r) = 8.91493e-08
   Iteration : 256  (B r, r) = 8.93839e-08
   Iteration : 257  (B r, r) = 1.01737e-07
   Iteration : 258  (B r, r) = 1.28744e-07
   Iteration : 259  (B r, r) = 1.78107e-07
   Iteration : 260  (B r, r) = 2.41245e-07
   Iteration : 261  (B r, r) = 2.58917e-07
   Iteration : 262  (B r, r) = 2.4239e-07
   Iteration : 263  (B r, r) = 2.38373e-07
   Iteration : 264  (B r, r) = 2.15512e-07
   Iteration : 265  (B r, r) = 1.78365e-07
   Iteration : 266  (B r, r) = 1.6806e-07
   Iteration : 267  (B r, r) = 1.42837e-07
   Iteration : 268  (B r, r) = 1.28123e-07
   Iteration : 269  (B r, r) = 1.00447e-07
   Iteration : 270  (B r, r) = 7.28228e-08
   Iteration : 271  (B r, r) = 5.66064e-08
   Iteration : 272  (B r, r) = 4.33163e-08
   Iteration : 273  (B r, r) = 3.46818e-08
   Iteration : 274  (B r, r) = 3.07578e-08
   Iteration : 275  (B r, r) = 2.73699e-08
   Iteration : 276  (B r, r) = 2.4219e-08
   Iteration : 277  (B r, r) = 1.98216e-08
   Iteration : 278  (B r, r) = 1.73222e-08
   Iteration : 279  (B r, r) = 1.78971e-08
   Iteration : 280  (B r, r) = 1.97678e-08
   Iteration : 281  (B r, r) = 2.08144e-08
   Iteration : 282  (B r, r) = 1.84679e-08
   Iteration : 283  (B r, r) = 1.56555e-08
   Iteration : 284  (B r, r) = 1.49992e-08
   Iteration : 285  (B r, r) = 1.24746e-08
   Iteration : 286  (B r, r) = 8.05021e-09
   Iteration : 287  (B r, r) = 6.54738e-09
   Iteration : 288  (B r, r) = 5.78232e-09
   Iteration : 289  (B r, r) = 4.96398e-09
   Iteration : 290  (B r, r) = 5.06639e-09
   Iteration : 291  (B r, r) = 6.32872e-09
   Iteration : 292  (B r, r) = 8.59805e-09
   Iteration : 293  (B r, r) = 1.02392e-08
   Iteration : 294  (B r, r) = 1.17808e-08
   Iteration : 295  (B r, r) = 1.4052e-08
   Iteration : 296  (B r, r) = 1.57684e-08
   Iteration : 297  (B r, r) = 1.92373e-08
   Iteration : 298  (B r, r) = 2.11958e-08
   Iteration : 299  (B r, r) = 2.52404e-08
   Iteration : 300  (B r, r) = 2.72678e-08
   Iteration : 301  (B r, r) = 2.78145e-08
   Iteration : 302  (B r, r) = 2.72636e-08
   Iteration : 303  (B r, r) = 2.31369e-08
   Iteration : 304  (B r, r) = 2.20534e-08
   Iteration : 305  (B r, r) = 2.42588e-08
   Iteration : 306  (B r, r) = 2.57215e-08
   Iteration : 307  (B r, r) = 2.60203e-08
   Iteration : 308  (B r, r) = 2.13291e-08
   Iteration : 309  (B r, r) = 1.56426e-08
   Iteration : 310  (B r, r) = 1.10751e-08
   Iteration : 311  (B r, r) = 7.89509e-09
   Iteration : 312  (B r, r) = 5.47702e-09
   Iteration : 313  (B r, r) = 4.60683e-09
   Iteration : 314  (B r, r) = 4.42074e-09
   Iteration : 315  (B r, r) = 5.13545e-09
   Iteration : 316  (B r, r) = 5.82236e-09
   Iteration : 317  (B r, r) = 5.12891e-09
   Iteration : 318  (B r, r) = 4.02552e-09
   Iteration : 319  (B r, r) = 2.72465e-09
   Iteration : 320  (B r, r) = 1.68343e-09
   Iteration : 321  (B r, r) = 1.17335e-09
   Iteration : 322  (B r, r) = 8.70716e-10
   Iteration : 323  (B r, r) = 7.49887e-10
   Iteration : 324  (B r, r) = 8.11018e-10
   Iteration : 325  (B r, r) = 9.70573e-10
   Iteration : 326  (B r, r) = 1.28445e-09
   Iteration : 327  (B r, r) = 1.85111e-09
   Iteration : 328  (B r, r) = 2.66494e-09
   Iteration : 329  (B r, r) = 2.88423e-09
   Iteration : 330  (B r, r) = 2.99712e-09
   Iteration : 331  (B r, r) = 3.11922e-09
   Iteration : 332  (B r, r) = 3.07338e-09
   Iteration : 333  (B r, r) = 3.18219e-09
   Iteration : 334  (B r, r) = 3.2043e-09
   Iteration : 335  (B r, r) = 2.65148e-09
   Iteration : 336  (B r, r) = 2.01099e-09
   Iteration : 337  (B r, r) = 1.4988e-09
   Iteration : 338  (B r, r) = 1.24056e-09
   Iteration : 339  (B r, r) = 1.13031e-09
   Iteration : 340  (B r, r) = 1.22645e-09
   Iteration : 341  (B r, r) = 1.57742e-09
   Iteration : 342  (B r, r) = 1.93365e-09
   Iteration : 343  (B r, r) = 2.0196e-09
   Iteration : 344  (B r, r) = 1.85729e-09
   Iteration : 345  (B r, r) = 2.09197e-09
   Iteration : 346  (B r, r) = 2.23782e-09
   Iteration : 347  (B r, r) = 2.25798e-09
   Iteration : 348  (B r, r) = 2.05481e-09
   Iteration : 349  (B r, r) = 1.49603e-09
   Iteration : 350  (B r, r) = 8.16705e-10
   Iteration : 351  (B r, r) = 5.04384e-10
   Iteration : 352  (B r, r) = 4.03384e-10
   Iteration : 353  (B r, r) = 4.3295e-10
   Iteration : 354  (B r, r) = 5.30346e-10
   Iteration : 355  (B r, r) = 5.71587e-10
   Iteration : 356  (B r, r) = 6.13073e-10
   Iteration : 357  (B r, r) = 6.30233e-10
   Iteration : 358  (B r, r) = 5.44146e-10
   Iteration : 359  (B r, r) = 4.91932e-10
   Iteration : 360  (B r, r) = 5.0704e-10
   Iteration : 361  (B r, r) = 5.10995e-10
   Iteration : 362  (B r, r) = 4.80962e-10
   Iteration : 363  (B r, r) = 5.28002e-10
   Iteration : 364  (B r, r) = 5.65566e-10
   Iteration : 365  (B r, r) = 5.45422e-10
   Iteration : 366  (B r, r) = 4.5548e-10
   Iteration : 367  (B r, r) = 4.47139e-10
   Iteration : 368  (B r, r) = 5.95604e-10
   Iteration : 369  (B r, r) = 8.4355e-10
   Iteration : 370  (B r, r) = 1.09721e-09
   Iteration : 371  (B r, r) = 1.09442e-09
   Iteration : 372  (B r, r) = 1.03118e-09
   Iteration : 373  (B r, r) = 1.1489e-09
   Iteration : 374  (B r, r) = 1.14301e-09
   Iteration : 375  (B r, r) = 9.1442e-10
   Iteration : 376  (B r, r) = 6.19447e-10
   Iteration : 377  (B r, r) = 3.81174e-10
   Iteration : 378  (B r, r) = 2.86822e-10
   Iteration : 379  (B r, r) = 2.30861e-10
   Iteration : 380  (B r, r) = 1.6456e-10
   Iteration : 381  (B r, r) = 1.26272e-10
   Iteration : 382  (B r, r) = 1.09687e-10
   Iteration : 383  (B r, r) = 8.55693e-11
   Iteration : 384  (B r, r) = 6.05836e-11
   Iteration : 385  (B r, r) = 4.97372e-11
   Iteration : 386  (B r, r) = 4.9172e-11
   Iteration : 387  (B r, r) = 4.40645e-11
   Iteration : 388  (B r, r) = 4.03967e-11
   Iteration : 389  (B r, r) = 4.66078e-11
   Iteration : 390  (B r, r) = 5.55462e-11
   Iteration : 391  (B r, r) = 7.13087e-11
   Iteration : 392  (B r, r) = 1.01788e-10
   Iteration : 393  (B r, r) = 1.27767e-10
   Iteration : 394  (B r, r) = 1.35807e-10
   Iteration : 395  (B r, r) = 1.39234e-10
   Iteration : 396  (B r, r) = 1.67307e-10
   Iteration : 397  (B r, r) = 2.11145e-10
   Iteration : 398  (B r, r) = 2.55795e-10
   Iteration : 399  (B r, r) = 2.71765e-10
   Iteration : 400  (B r, r) = 2.31639e-10
   Iteration : 401  (B r, r) = 2.17992e-10
   Iteration : 402  (B r, r) = 2.26291e-10
   Iteration : 403  (B r, r) = 2.57474e-10
   Iteration : 404  (B r, r) = 2.45934e-10
   Iteration : 405  (B r, r) = 2.14128e-10
   Iteration : 406  (B r, r) = 1.97337e-10
   Iteration : 407  (B r, r) = 1.72484e-10
   Iteration : 408  (B r, r) = 1.42238e-10
   Iteration : 409  (B r, r) = 1.00418e-10
   Iteration : 410  (B r, r) = 7.82678e-11
   Iteration : 411  (B r, r) = 7.67599e-11
   Iteration : 412  (B r, r) = 6.93863e-11
   Iteration : 413  (B r, r) = 5.21299e-11
   Iteration : 414  (B r, r) = 4.23478e-11
   Iteration : 415  (B r, r) = 3.86964e-11
   Iteration : 416  (B r, r) = 3.49756e-11
   Iteration : 417  (B r, r) = 2.81289e-11
   Iteration : 418  (B r, r) = 1.79751e-11
   Iteration : 419  (B r, r) = 1.07415e-11
   Iteration : 420  (B r, r) = 7.08355e-12
   Iteration : 421  (B r, r) = 4.90016e-12
   Iteration : 422  (B r, r) = 4.58633e-12
   Iteration : 423  (B r, r) = 5.29962e-12
   Iteration : 424  (B r, r) = 6.14085e-12
   Iteration : 425  (B r, r) = 7.08266e-12
   Iteration : 426  (B r, r) = 8.47453e-12
   Iteration : 427  (B r, r) = 1.04171e-11
   Iteration : 428  (B r, r) = 1.02024e-11
   Iteration : 429  (B r, r) = 1.15261e-11
   Iteration : 430  (B r, r) = 1.70361e-11
   Iteration : 431  (B r, r) = 2.94479e-11
   Iteration : 432  (B r, r) = 4.85835e-11
   Iteration : 433  (B r, r) = 6.16241e-11
   Iteration : 434  (B r, r) = 6.32028e-11
   Iteration : 435  (B r, r) = 6.34048e-11
   Iteration : 436  (B r, r) = 5.73664e-11
   Iteration : 437  (B r, r) = 4.59304e-11
   Iteration : 438  (B r, r) = 3.04948e-11
   Iteration : 439  (B r, r) = 1.79003e-11
   Iteration : 440  (B r, r) = 9.93025e-12
   Iteration : 441  (B r, r) = 5.70514e-12
   Iteration : 442  (B r, r) = 2.93421e-12
   Iteration : 443  (B r, r) = 1.67662e-12
   Iteration : 444  (B r, r) = 1.14484e-12
   Iteration : 445  (B r, r) = 7.62176e-13
   Iteration : 446  (B r, r) = 6.0447e-13
   Iteration : 447  (B r, r) = 6.05734e-13
   Iteration : 448  (B r, r) = 6.56353e-13
   Iteration : 449  (B r, r) = 8.04148e-13
   Iteration : 450  (B r, r) = 1.08502e-12
   Iteration : 451  (B r, r) = 1.3515e-12
   Iteration : 452  (B r, r) = 2.00483e-12
   Iteration : 453  (B r, r) = 3.15257e-12
   Iteration : 454  (B r, r) = 4.81479e-12
   Iteration : 455  (B r, r) = 6.81421e-12
   Iteration : 456  (B r, r) = 9.19178e-12
   Iteration : 457  (B r, r) = 1.11801e-11
   Iteration : 458  (B r, r) = 1.18691e-11
   Iteration : 459  (B r, r) = 1.00427e-11
   Iteration : 460  (B r, r) = 7.19656e-12
   Iteration : 461  (B r, r) = 5.01188e-12
   Iteration : 462  (B r, r) = 3.44876e-12
   Iteration : 463  (B r, r) = 2.7871e-12
   Iteration : 464  (B r, r) = 2.15739e-12
   Iteration : 465  (B r, r) = 1.59718e-12
   Iteration : 466  (B r, r) = 1.16066e-12
   Iteration : 467  (B r, r) = 9.67758e-13
   Iteration : 468  (B r, r) = 8.15895e-13
   Iteration : 469  (B r, r) = 6.12691e-13
   Iteration : 470  (B r, r) = 3.81136e-13
   Iteration : 471  (B r, r) = 2.46731e-13
   Iteration : 472  (B r, r) = 1.78397e-13
   Iteration : 473  (B r, r) = 1.49377e-13
   Iteration : 474  (B r, r) = 1.36206e-13
   Iteration : 475  (B r, r) = 1.25359e-13
   Iteration : 476  (B r, r) = 1.21628e-13
   Iteration : 477  (B r, r) = 1.31783e-13
   Iteration : 478  (B r, r) = 1.76806e-13
   Iteration : 479  (B r, r) = 2.96817e-13
   Iteration : 480  (B r, r) = 5.23618e-13
   Iteration : 481  (B r, r) = 8.7647e-13
   Iteration : 482  (B r, r) = 1.2895e-12
   Iteration : 483  (B r, r) = 1.79751e-12
   Iteration : 484  (B r, r) = 2.03039e-12
   Iteration : 485  (B r, r) = 1.90734e-12
   Iteration : 486  (B r, r) = 1.86198e-12
   Iteration : 487  (B r, r) = 1.52956e-12
   Iteration : 488  (B r, r) = 9.60974e-13
   Iteration : 489  (B r, r) = 5.96354e-13
   Iteration : 490  (B r, r) = 4.00812e-13
   Iteration : 491  (B r, r) = 2.6581e-13
   Iteration : 492  (B r, r) = 1.51424e-13
   Iteration : 493  (B r, r) = 8.53977e-14
   Iteration : 494  (B r, r) = 5.74278e-14
   Iteration : 495  (B r, r) = 4.56679e-14
   Iteration : 496  (B r, r) = 3.54567e-14
   Iteration : 497  (B r, r) = 2.82264e-14
   Iteration : 498  (B r, r) = 2.33908e-14
   Iteration : 499  (B r, r) = 2.0413e-14
   Iteration : 500  (B r, r) = 1.98271e-14
   Iteration : 501  (B r, r) = 2.42974e-14
   Iteration : 502  (B r, r) = 2.86137e-14
   Iteration : 503  (B r, r) = 3.28723e-14
   Iteration : 504  (B r, r) = 4.65431e-14
   Iteration : 505  (B r, r) = 7.14109e-14
   Iteration : 506  (B r, r) = 1.12087e-13
   Iteration : 507  (B r, r) = 1.98166e-13
   Iteration : 508  (B r, r) = 3.26993e-13
   Iteration : 509  (B r, r) = 3.5469e-13
   Iteration : 510  (B r, r) = 2.72008e-13
   Iteration : 511  (B r, r) = 2.28845e-13
   Iteration : 512  (B r, r) = 2.38667e-13
   Iteration : 513  (B r, r) = 1.98944e-13
   Iteration : 514  (B r, r) = 1.28314e-13
   Iteration : 515  (B r, r) = 7.01558e-14
   Iteration : 516  (B r, r) = 3.57699e-14
   Iteration : 517  (B r, r) = 1.96262e-14
   Iteration : 518  (B r, r) = 1.15282e-14
   Iteration : 519  (B r, r) = 7.02207e-15
   Iteration : 520  (B r, r) = 4.54992e-15
   Iteration : 521  (B r, r) = 2.88977e-15
   Iteration : 522  (B r, r) = 2.17063e-15
   Iteration : 523  (B r, r) = 2.57963e-15
   Iteration : 524  (B r, r) = 3.69979e-15
   Iteration : 525  (B r, r) = 5.10713e-15
   Iteration : 526  (B r, r) = 7.30888e-15
   Iteration : 527  (B r, r) = 1.0004e-14
   Iteration : 528  (B r, r) = 1.17667e-14
   Iteration : 529  (B r, r) = 1.34513e-14
   Iteration : 530  (B r, r) = 1.70699e-14
   Iteration : 531  (B r, r) = 2.09118e-14
   Iteration : 532  (B r, r) = 2.44035e-14
   Iteration : 533  (B r, r) = 2.74157e-14
   Iteration : 534  (B r, r) = 3.02887e-14
   Iteration : 535  (B r, r) = 3.01076e-14
   Iteration : 536  (B r, r) = 3.14675e-14
   Iteration : 537  (B r, r) = 3.70374e-14
   Iteration : 538  (B r, r) = 3.99308e-14
   Iteration : 539  (B r, r) = 3.33714e-14
   Iteration : 540  (B r, r) = 2.1346e-14
   Iteration : 541  (B r, r) = 1.15763e-14
   Iteration : 542  (B r, r) = 6.15919e-15
   Iteration : 543  (B r, r) = 3.42017e-15
   Iteration : 544  (B r, r) = 2.02514e-15
   Iteration : 545  (B r, r) = 1.40513e-15
   Iteration : 546  (B r, r) = 9.2129e-16
   Iteration : 547  (B r, r) = 6.47622e-16
   Iteration : 548  (B r, r) = 5.19794e-16
   Iteration : 549  (B r, r) = 4.80598e-16
   Iteration : 550  (B r, r) = 4.62354e-16
   Iteration : 551  (B r, r) = 4.59564e-16
   Iteration : 552  (B r, r) = 6.04131e-16
   Iteration : 553  (B r, r) = 8.95194e-16
   Iteration : 554  (B r, r) = 1.2143e-15
   Iteration : 555  (B r, r) = 1.73706e-15
   Iteration : 556  (B r, r) = 2.32066e-15
   Iteration : 557  (B r, r) = 2.68823e-15
   Iteration : 558  (B r, r) = 3.37183e-15
   Iteration : 559  (B r, r) = 4.49006e-15
   Iteration : 560  (B r, r) = 6.16214e-15
   Iteration : 561  (B r, r) = 8.39404e-15
   Iteration : 562  (B r, r) = 8.17773e-15
   Iteration : 563  (B r, r) = 6.24148e-15
   Iteration : 564  (B r, r) = 4.01106e-15
   Iteration : 565  (B r, r) = 2.11149e-15
   Iteration : 566  (B r, r) = 1.19464e-15
   Iteration : 567  (B r, r) = 7.05361e-16
   Iteration : 568  (B r, r) = 3.89311e-16
   Iteration : 569  (B r, r) = 2.2521e-16
   Iteration : 570  (B r, r) = 1.23798e-16
   Iteration : 571  (B r, r) = 7.09236e-17
   Iteration : 572  (B r, r) = 5.24029e-17
   Iteration : 573  (B r, r) = 4.70844e-17
   Iteration : 574  (B r, r) = 5.55638e-17
   Iteration : 575  (B r, r) = 8.89261e-17
   Iteration : 576  (B r, r) = 1.37714e-16
   Iteration : 577  (B r, r) = 2.08004e-16
   Iteration : 578  (B r, r) = 2.81073e-16
   Iteration : 579  (B r, r) = 3.98354e-16
   Iteration : 580  (B r, r) = 6.37344e-16
   Iteration : 581  (B r, r) = 9.85255e-16
   Iteration : 582  (B r, r) = 1.35467e-15
   Iteration : 583  (B r, r) = 1.45281e-15
   Iteration : 584  (B r, r) = 1.22491e-15
   Iteration : 585  (B r, r) = 7.30435e-16
   Iteration : 586  (B r, r) = 3.78592e-16
   Iteration : 587  (B r, r) = 2.06471e-16
   Iteration : 588  (B r, r) = 9.49506e-17
   Iteration : 589  (B r, r) = 4.43197e-17
   Iteration : 590  (B r, r) = 2.51639e-17
   Iteration : 591  (B r, r) = 1.5115e-17
   Iteration : 592  (B r, r) = 1.04401e-17
   Iteration : 593  (B r, r) = 9.47594e-18
   Iteration : 594  (B r, r) = 9.50726e-18
   Iteration : 595  (B r, r) = 1.13491e-17
   Iteration : 596  (B r, r) = 1.67205e-17
   Iteration : 597  (B r, r) = 2.22646e-17
   Iteration : 598  (B r, r) = 2.86725e-17
   Iteration : 599  (B r, r) = 3.71797e-17
   Iteration : 600  (B r, r) = 4.52604e-17
   Iteration : 601  (B r, r) = 5.21411e-17
   Iteration : 602  (B r, r) = 7.55779e-17
   Iteration : 603  (B r, r) = 1.313e-16
   Iteration : 604  (B r, r) = 1.74139e-16
   Iteration : 605  (B r, r) = 1.9367e-16
   Iteration : 606  (B r, r) = 1.69373e-16
   Iteration : 607  (B r, r) = 1.28618e-16
   Iteration : 608  (B r, r) = 9.81047e-17
   Iteration : 609  (B r, r) = 6.9054e-17
   Iteration : 610  (B r, r) = 4.15712e-17
   Iteration : 611  (B r, r) = 2.12529e-17
   Iteration : 612  (B r, r) = 1.16885e-17
   Iteration : 613  (B r, r) = 7.10518e-18
   Iteration : 614  (B r, r) = 4.01259e-18
   Iteration : 615  (B r, r) = 2.443e-18
   Iteration : 616  (B r, r) = 1.72418e-18
   Iteration : 617  (B r, r) = 1.51814e-18
   Iteration : 618  (B r, r) = 1.54907e-18
   Iteration : 619  (B r, r) = 1.60823e-18
   Iteration : 620  (B r, r) = 1.72786e-18
   Iteration : 621  (B r, r) = 2.56137e-18
   Iteration : 622  (B r, r) = 4.4843e-18
   Iteration : 623  (B r, r) = 7.21239e-18
   Iteration : 624  (B r, r) = 9.56799e-18
   Iteration : 625  (B r, r) = 1.39694e-17
   Iteration : 626  (B r, r) = 2.18537e-17
   Iteration : 627  (B r, r) = 2.60289e-17
   Iteration : 628  (B r, r) = 2.34843e-17
   Iteration : 629  (B r, r) = 1.72935e-17
   Iteration : 630  (B r, r) = 1.19019e-17
   Iteration : 631  (B r, r) = 7.15771e-18
   Iteration : 632  (B r, r) = 4.59616e-18
   Iteration : 633  (B r, r) = 3.82813e-18
   Iteration : 634  (B r, r) = 3.44163e-18
   Iteration : 635  (B r, r) = 3.28951e-18
   Iteration : 636  (B r, r) = 3.35787e-18
   Iteration : 637  (B r, r) = 3.96554e-18
   Iteration : 638  (B r, r) = 4.81105e-18
   Iteration : 639  (B r, r) = 5.57708e-18
   Iteration : 640  (B r, r) = 6.02735e-18
   Iteration : 641  (B r, r) = 5.43198e-18
   Iteration : 642  (B r, r) = 4.43356e-18
   Iteration : 643  (B r, r) = 2.94834e-18
   Iteration : 644  (B r, r) = 1.63794e-18
   Iteration : 645  (B r, r) = 7.87584e-19
Average reduction factor = 0.964735

|| F_h - F ||_{L^2} = 0.0161443

